============================= test session starts =============================
platform win32 -- Python 3.14.5, pytest-9.1.0, pluggy-1.6.0
rootdir: D:\Project\ASTRA\backend
configfile: pytest.ini
plugins: anyio-4.13.0, asyncio-1.4.0, cov-7.1.0
asyncio: mode=Mode.STRICT, debug=False, asyncio_default_fixture_loop_scope=None, asyncio_default_test_loop_scope=function
collected 345 items

tests\api\test_auth.py ......                                            [  1%]
tests\api\test_automation.py F..FF                                       [  3%]
tests\api\test_cases.py FFFFFFF.EF                                       [  6%]
tests\api\test_correlations.py ......                                    [  7%]
tests\api\test_evidence_api.py ....                                      [  8%]
tests\api\test_observations.py EEEEE                                     [ 10%]
tests\api\test_policies.py ......                                        [ 12%]
tests\api\test_rbac.py .......                                           [ 14%]
tests\api\test_reports.py ....                                           [ 15%]
tests\api\test_users.py .........                                        [ 17%]
tests\crud\test_correlation_crud.py .....                                [ 19%]
tests\crud\test_evidence.py F.F                                          [ 20%]
tests\crud\test_policy.py ...F                                           [ 21%]
tests\models\test_case_model.py ..............                           [ 25%]
tests\models\test_user_model.py ....                                     [ 26%]
tests\parsers\base\test_transformer_config.py ...........                [ 29%]
tests\parsers\batch\test_batch_processor.py .......                      [ 31%]
tests\parsers\fallback\test_fallback_mapper.py ......                    [ 33%]
tests\parsers\firewall\test_firewall_parser.py ..............            [ 37%]
tests\parsers\registry\test_registry.py ..................               [ 42%]
tests\parsers\vpn\test_vpn_parser.py ..........                          [ 45%]
tests\parsers\windows\test_windows_parser.py .............               [ 49%]
tests\services\test_audit_engine.py F.                                   [ 50%]
tests\services\test_case_rbac.py ..........                              [ 53%]
tests\services\test_case_repository.py ..............                    [ 57%]
tests\services\test_case_service.py .................................    [ 66%]
tests\services\test_case_state_machine.py .............................. [ 75%]
.......                                                                  [ 77%]
tests\services\test_case_timeline_service.py ............                [ 80%]
tests\services\test_correlation_service.py ....                          [ 82%]
tests\services\test_observation_service.py ....                          [ 83%]
tests\services\test_policy_engine.py FFFFF                               [ 84%]
tests\test_ces_validation.py ............                                [ 88%]
tests\test_ces_versioning.py ......                                      [ 89%]
tests\test_coverage_gap_fill.py ...................F                     [ 95%]
tests\test_health.py .                                                   [ 95%]
tests\test_transformers.py ....                                          [ 97%]
tests\workers\test_automation_worker.py ..........                       [100%]

=================================== ERRORS ====================================
___________________ ERROR at setup of test_evidence_linking ___________________
C:\Users\Administrator\AppData\Local\Programs\Python\Python314\Lib\site-packages\sqlalchemy\dialects\postgresql\asyncpg.py:550: in _prepare_and_execute
    self._rows = deque(await prepared_stmt.fetch(*parameters))
                       ^^^^^^^^^^^^^^^^^^^^^^^^^^^^^^^^^^^^^^
C:\Users\Administrator\AppData\Local\Programs\Python\Python314\Lib\site-packages\asyncpg\prepared_stmt.py:177: in fetch
    data = await self.__bind_execute(args, 0, timeout)
           ^^^^^^^^^^^^^^^^^^^^^^^^^^^^^^^^^^^^^^^^^^^
C:\Users\Administrator\AppData\Local\Programs\Python\Python314\Lib\site-packages\asyncpg\prepared_stmt.py:268: in __bind_execute
    data, status, _ = await self.__do_execute(
C:\Users\Administrator\AppData\Local\Programs\Python\Python314\Lib\site-packages\asyncpg\prepared_stmt.py:257: in __do_execute
    return await executor(protocol)
           ^^^^^^^^^^^^^^^^^^^^^^^^
asyncpg/protocol/protocol.pyx:205: in bind_execute
    ???
E   asyncpg.exceptions.ForeignKeyViolationError: insert or update on table "observations" violates foreign key constraint "observations_correlation_id_fkey"
E   DETAIL:  Key (correlation_id)=(e35189ff-4011-42a3-832b-5fc0d9d349d4) is not present in table "correlation_matches".

The above exception was the direct cause of the following exception:
C:\Users\Administrator\AppData\Local\Programs\Python\Python314\Lib\site-packages\sqlalchemy\engine\base.py:1969: in _exec_single_context
    self.dialect.do_execute(
C:\Users\Administrator\AppData\Local\Programs\Python\Python314\Lib\site-packages\sqlalchemy\engine\default.py:952: in do_execute
    cursor.execute(statement, parameters)
C:\Users\Administrator\AppData\Local\Programs\Python\Python314\Lib\site-packages\sqlalchemy\dialects\postgresql\asyncpg.py:585: in execute
    self._adapt_connection.await_(
C:\Users\Administrator\AppData\Local\Programs\Python\Python314\Lib\site-packages\sqlalchemy\util\_concurrency_py3k.py:132: in await_only
    return current.parent.switch(awaitable)  # type: ignore[no-any-return,attr-defined] # noqa: E501
           ^^^^^^^^^^^^^^^^^^^^^^^^^^^^^^^^
C:\Users\Administrator\AppData\Local\Programs\Python\Python314\Lib\site-packages\sqlalchemy\util\_concurrency_py3k.py:196: in greenlet_spawn
    value = await result
            ^^^^^^^^^^^^
C:\Users\Administrator\AppData\Local\Programs\Python\Python314\Lib\site-packages\sqlalchemy\dialects\postgresql\asyncpg.py:563: in _prepare_and_execute
    self._handle_exception(error)
C:\Users\Administrator\AppData\Local\Programs\Python\Python314\Lib\site-packages\sqlalchemy\dialects\postgresql\asyncpg.py:513: in _handle_exception
    self._adapt_connection._handle_exception(error)
C:\Users\Administrator\AppData\Local\Programs\Python\Python314\Lib\site-packages\sqlalchemy\dialects\postgresql\asyncpg.py:797: in _handle_exception
    raise translated_error from error
E   sqlalchemy.dialects.postgresql.asyncpg.AsyncAdapt_asyncpg_dbapi.IntegrityError: <class 'asyncpg.exceptions.ForeignKeyViolationError'>: insert or update on table "observations" violates foreign key constraint "observations_correlation_id_fkey"
E   DETAIL:  Key (correlation_id)=(e35189ff-4011-42a3-832b-5fc0d9d349d4) is not present in table "correlation_matches".

The above exception was the direct cause of the following exception:
tests\api\test_cases.py:103: in mock_evidence
    await db_session.commit()
C:\Users\Administrator\AppData\Local\Programs\Python\Python314\Lib\site-packages\sqlalchemy\ext\asyncio\session.py:999: in commit
    await greenlet_spawn(self.sync_session.commit)
C:\Users\Administrator\AppData\Local\Programs\Python\Python314\Lib\site-packages\sqlalchemy\util\_concurrency_py3k.py:203: in greenlet_spawn
    result = context.switch(value)
             ^^^^^^^^^^^^^^^^^^^^^
C:\Users\Administrator\AppData\Local\Programs\Python\Python314\Lib\site-packages\sqlalchemy\orm\session.py:2034: in commit
    trans.commit(_to_root=True)
<string>:2: in commit
    ???
C:\Users\Administrator\AppData\Local\Programs\Python\Python314\Lib\site-packages\sqlalchemy\orm\state_changes.py:137: in _go
    ret_value = fn(self, *arg, **kw)
                ^^^^^^^^^^^^^^^^^^^^
C:\Users\Administrator\AppData\Local\Programs\Python\Python314\Lib\site-packages\sqlalchemy\orm\session.py:1315: in commit
    self._prepare_impl()
<string>:2: in _prepare_impl
    ???
C:\Users\Administrator\AppData\Local\Programs\Python\Python314\Lib\site-packages\sqlalchemy\orm\state_changes.py:137: in _go
    ret_value = fn(self, *arg, **kw)
                ^^^^^^^^^^^^^^^^^^^^
C:\Users\Administrator\AppData\Local\Programs\Python\Python314\Lib\site-packages\sqlalchemy\orm\session.py:1290: in _prepare_impl
    self.session.flush()
C:\Users\Administrator\AppData\Local\Programs\Python\Python314\Lib\site-packages\sqlalchemy\orm\session.py:4352: in flush
    self._flush(objects)
C:\Users\Administrator\AppData\Local\Programs\Python\Python314\Lib\site-packages\sqlalchemy\orm\session.py:4487: in _flush
    with util.safe_reraise():
         ^^^^^^^^^^^^^^^^^^^
C:\Users\Administrator\AppData\Local\Programs\Python\Python314\Lib\site-packages\sqlalchemy\util\langhelpers.py:122: in __exit__
    raise exc_value.with_traceback(exc_tb)
C:\Users\Administrator\AppData\Local\Programs\Python\Python314\Lib\site-packages\sqlalchemy\orm\session.py:4448: in _flush
    flush_context.execute()
C:\Users\Administrator\AppData\Local\Programs\Python\Python314\Lib\site-packages\sqlalchemy\orm\unitofwork.py:465: in execute
    rec.execute(self)
C:\Users\Administrator\AppData\Local\Programs\Python\Python314\Lib\site-packages\sqlalchemy\orm\unitofwork.py:641: in execute
    util.preloaded.orm_persistence.save_obj(
C:\Users\Administrator\AppData\Local\Programs\Python\Python314\Lib\site-packages\sqlalchemy\orm\persistence.py:94: in save_obj
    _emit_insert_statements(
C:\Users\Administrator\AppData\Local\Programs\Python\Python314\Lib\site-packages\sqlalchemy\orm\persistence.py:1234: in _emit_insert_statements
    result = connection.execute(
C:\Users\Administrator\AppData\Local\Programs\Python\Python314\Lib\site-packages\sqlalchemy\engine\base.py:1421: in execute
    return meth(
C:\Users\Administrator\AppData\Local\Programs\Python\Python314\Lib\site-packages\sqlalchemy\sql\elements.py:526: in _execute_on_connection
    return connection._execute_clauseelement(
C:\Users\Administrator\AppData\Local\Programs\Python\Python314\Lib\site-packages\sqlalchemy\engine\base.py:1643: in _execute_clauseelement
    ret = self._execute_context(
C:\Users\Administrator\AppData\Local\Programs\Python\Python314\Lib\site-packages\sqlalchemy\engine\base.py:1848: in _execute_context
    return self._exec_single_context(
C:\Users\Administrator\AppData\Local\Programs\Python\Python314\Lib\site-packages\sqlalchemy\engine\base.py:1988: in _exec_single_context
    self._handle_dbapi_exception(
C:\Users\Administrator\AppData\Local\Programs\Python\Python314\Lib\site-packages\sqlalchemy\engine\base.py:2365: in _handle_dbapi_exception
    raise sqlalchemy_exception.with_traceback(exc_info[2]) from e
C:\Users\Administrator\AppData\Local\Programs\Python\Python314\Lib\site-packages\sqlalchemy\engine\base.py:1969: in _exec_single_context
    self.dialect.do_execute(
C:\Users\Administrator\AppData\Local\Programs\Python\Python314\Lib\site-packages\sqlalchemy\engine\default.py:952: in do_execute
    cursor.execute(statement, parameters)
C:\Users\Administrator\AppData\Local\Programs\Python\Python314\Lib\site-packages\sqlalchemy\dialects\postgresql\asyncpg.py:585: in execute
    self._adapt_connection.await_(
C:\Users\Administrator\AppData\Local\Programs\Python\Python314\Lib\site-packages\sqlalchemy\util\_concurrency_py3k.py:132: in await_only
    return current.parent.switch(awaitable)  # type: ignore[no-any-return,attr-defined] # noqa: E501
           ^^^^^^^^^^^^^^^^^^^^^^^^^^^^^^^^
C:\Users\Administrator\AppData\Local\Programs\Python\Python314\Lib\site-packages\sqlalchemy\util\_concurrency_py3k.py:196: in greenlet_spawn
    value = await result
            ^^^^^^^^^^^^
C:\Users\Administrator\AppData\Local\Programs\Python\Python314\Lib\site-packages\sqlalchemy\dialects\postgresql\asyncpg.py:563: in _prepare_and_execute
    self._handle_exception(error)
C:\Users\Administrator\AppData\Local\Programs\Python\Python314\Lib\site-packages\sqlalchemy\dialects\postgresql\asyncpg.py:513: in _handle_exception
    self._adapt_connection._handle_exception(error)
C:\Users\Administrator\AppData\Local\Programs\Python\Python314\Lib\site-packages\sqlalchemy\dialects\postgresql\asyncpg.py:797: in _handle_exception
    raise translated_error from error
E   sqlalchemy.exc.IntegrityError: (sqlalchemy.dialects.postgresql.asyncpg.IntegrityError) <class 'asyncpg.exceptions.ForeignKeyViolationError'>: insert or update on table "observations" violates foreign key constraint "observations_correlation_id_fkey"
E   DETAIL:  Key (correlation_id)=(e35189ff-4011-42a3-832b-5fc0d9d349d4) is not present in table "correlation_matches".
E   [SQL: INSERT INTO observations (id, title, description, correlation_id, classification, status, risk_score, policy_action, evidence_count, created_at, updated_at, created_by, updated_by) VALUES ($1::UUID, $2::VARCHAR, $3::VARCHAR, $4::UUID, $5::VARCHAR, $6::observationstatus, $7::INTEGER, $8::policyaction, $9::INTEGER, $10::TIMESTAMP WITH TIME ZONE, $11::TIMESTAMP WITH TIME ZONE, $12::VARCHAR, $13::VARCHAR)]
E   [parameters: (UUID('2fb6a3e3-ecc6-4101-a273-b947411c27f6'), 'Test Obs', 'Test Desc', UUID('e35189ff-4011-42a3-832b-5fc0d9d349d4'), 'Anomaly', 'NEW', 75, None, 0, datetime.datetime(2026, 6, 16, 2, 32, 6, 358500, tzinfo=datetime.timezone.utc), datetime.datetime(2026, 6, 16, 2, 32, 6, 358503, tzinfo=datetime.timezone.utc), None, None)]
E   (Background on this error at: https://sqlalche.me/e/20/gkpj)
___________________ ERROR at setup of test_get_observations ___________________
C:\Users\Administrator\AppData\Local\Programs\Python\Python314\Lib\site-packages\sqlalchemy\dialects\postgresql\asyncpg.py:550: in _prepare_and_execute
    self._rows = deque(await prepared_stmt.fetch(*parameters))
                       ^^^^^^^^^^^^^^^^^^^^^^^^^^^^^^^^^^^^^^
C:\Users\Administrator\AppData\Local\Programs\Python\Python314\Lib\site-packages\asyncpg\prepared_stmt.py:177: in fetch
    data = await self.__bind_execute(args, 0, timeout)
           ^^^^^^^^^^^^^^^^^^^^^^^^^^^^^^^^^^^^^^^^^^^
C:\Users\Administrator\AppData\Local\Programs\Python\Python314\Lib\site-packages\asyncpg\prepared_stmt.py:268: in __bind_execute
    data, status, _ = await self.__do_execute(
C:\Users\Administrator\AppData\Local\Programs\Python\Python314\Lib\site-packages\asyncpg\prepared_stmt.py:257: in __do_execute
    return await executor(protocol)
           ^^^^^^^^^^^^^^^^^^^^^^^^
asyncpg/protocol/protocol.pyx:205: in bind_execute
    ???
E   asyncpg.exceptions.ForeignKeyViolationError: insert or update on table "observations" violates foreign key constraint "observations_correlation_id_fkey"
E   DETAIL:  Key (correlation_id)=(e48009e9-4109-47d8-be1a-39ec228a3dcc) is not present in table "correlation_matches".

The above exception was the direct cause of the following exception:
C:\Users\Administrator\AppData\Local\Programs\Python\Python314\Lib\site-packages\sqlalchemy\engine\base.py:1969: in _exec_single_context
    self.dialect.do_execute(
C:\Users\Administrator\AppData\Local\Programs\Python\Python314\Lib\site-packages\sqlalchemy\engine\default.py:952: in do_execute
    cursor.execute(statement, parameters)
C:\Users\Administrator\AppData\Local\Programs\Python\Python314\Lib\site-packages\sqlalchemy\dialects\postgresql\asyncpg.py:585: in execute
    self._adapt_connection.await_(
C:\Users\Administrator\AppData\Local\Programs\Python\Python314\Lib\site-packages\sqlalchemy\util\_concurrency_py3k.py:132: in await_only
    return current.parent.switch(awaitable)  # type: ignore[no-any-return,attr-defined] # noqa: E501
           ^^^^^^^^^^^^^^^^^^^^^^^^^^^^^^^^
C:\Users\Administrator\AppData\Local\Programs\Python\Python314\Lib\site-packages\sqlalchemy\util\_concurrency_py3k.py:196: in greenlet_spawn
    value = await result
            ^^^^^^^^^^^^
C:\Users\Administrator\AppData\Local\Programs\Python\Python314\Lib\site-packages\sqlalchemy\dialects\postgresql\asyncpg.py:563: in _prepare_and_execute
    self._handle_exception(error)
C:\Users\Administrator\AppData\Local\Programs\Python\Python314\Lib\site-packages\sqlalchemy\dialects\postgresql\asyncpg.py:513: in _handle_exception
    self._adapt_connection._handle_exception(error)
C:\Users\Administrator\AppData\Local\Programs\Python\Python314\Lib\site-packages\sqlalchemy\dialects\postgresql\asyncpg.py:797: in _handle_exception
    raise translated_error from error
E   sqlalchemy.dialects.postgresql.asyncpg.AsyncAdapt_asyncpg_dbapi.IntegrityError: <class 'asyncpg.exceptions.ForeignKeyViolationError'>: insert or update on table "observations" violates foreign key constraint "observations_correlation_id_fkey"
E   DETAIL:  Key (correlation_id)=(e48009e9-4109-47d8-be1a-39ec228a3dcc) is not present in table "correlation_matches".

The above exception was the direct cause of the following exception:
tests\api\test_observations.py:85: in mock_observation
    await db_session.commit()
C:\Users\Administrator\AppData\Local\Programs\Python\Python314\Lib\site-packages\sqlalchemy\ext\asyncio\session.py:999: in commit
    await greenlet_spawn(self.sync_session.commit)
C:\Users\Administrator\AppData\Local\Programs\Python\Python314\Lib\site-packages\sqlalchemy\util\_concurrency_py3k.py:203: in greenlet_spawn
    result = context.switch(value)
             ^^^^^^^^^^^^^^^^^^^^^
C:\Users\Administrator\AppData\Local\Programs\Python\Python314\Lib\site-packages\sqlalchemy\orm\session.py:2034: in commit
    trans.commit(_to_root=True)
<string>:2: in commit
    ???
C:\Users\Administrator\AppData\Local\Programs\Python\Python314\Lib\site-packages\sqlalchemy\orm\state_changes.py:137: in _go
    ret_value = fn(self, *arg, **kw)
                ^^^^^^^^^^^^^^^^^^^^
C:\Users\Administrator\AppData\Local\Programs\Python\Python314\Lib\site-packages\sqlalchemy\orm\session.py:1315: in commit
    self._prepare_impl()
<string>:2: in _prepare_impl
    ???
C:\Users\Administrator\AppData\Local\Programs\Python\Python314\Lib\site-packages\sqlalchemy\orm\state_changes.py:137: in _go
    ret_value = fn(self, *arg, **kw)
                ^^^^^^^^^^^^^^^^^^^^
C:\Users\Administrator\AppData\Local\Programs\Python\Python314\Lib\site-packages\sqlalchemy\orm\session.py:1290: in _prepare_impl
    self.session.flush()
C:\Users\Administrator\AppData\Local\Programs\Python\Python314\Lib\site-packages\sqlalchemy\orm\session.py:4352: in flush
    self._flush(objects)
C:\Users\Administrator\AppData\Local\Programs\Python\Python314\Lib\site-packages\sqlalchemy\orm\session.py:4487: in _flush
    with util.safe_reraise():
         ^^^^^^^^^^^^^^^^^^^
C:\Users\Administrator\AppData\Local\Programs\Python\Python314\Lib\site-packages\sqlalchemy\util\langhelpers.py:122: in __exit__
    raise exc_value.with_traceback(exc_tb)
C:\Users\Administrator\AppData\Local\Programs\Python\Python314\Lib\site-packages\sqlalchemy\orm\session.py:4448: in _flush
    flush_context.execute()
C:\Users\Administrator\AppData\Local\Programs\Python\Python314\Lib\site-packages\sqlalchemy\orm\unitofwork.py:465: in execute
    rec.execute(self)
C:\Users\Administrator\AppData\Local\Programs\Python\Python314\Lib\site-packages\sqlalchemy\orm\unitofwork.py:641: in execute
    util.preloaded.orm_persistence.save_obj(
C:\Users\Administrator\AppData\Local\Programs\Python\Python314\Lib\site-packages\sqlalchemy\orm\persistence.py:94: in save_obj
    _emit_insert_statements(
C:\Users\Administrator\AppData\Local\Programs\Python\Python314\Lib\site-packages\sqlalchemy\orm\persistence.py:1234: in _emit_insert_statements
    result = connection.execute(
C:\Users\Administrator\AppData\Local\Programs\Python\Python314\Lib\site-packages\sqlalchemy\engine\base.py:1421: in execute
    return meth(
C:\Users\Administrator\AppData\Local\Programs\Python\Python314\Lib\site-packages\sqlalchemy\sql\elements.py:526: in _execute_on_connection
    return connection._execute_clauseelement(
C:\Users\Administrator\AppData\Local\Programs\Python\Python314\Lib\site-packages\sqlalchemy\engine\base.py:1643: in _execute_clauseelement
    ret = self._execute_context(
C:\Users\Administrator\AppData\Local\Programs\Python\Python314\Lib\site-packages\sqlalchemy\engine\base.py:1848: in _execute_context
    return self._exec_single_context(
C:\Users\Administrator\AppData\Local\Programs\Python\Python314\Lib\site-packages\sqlalchemy\engine\base.py:1988: in _exec_single_context
    self._handle_dbapi_exception(
C:\Users\Administrator\AppData\Local\Programs\Python\Python314\Lib\site-packages\sqlalchemy\engine\base.py:2365: in _handle_dbapi_exception
    raise sqlalchemy_exception.with_traceback(exc_info[2]) from e
C:\Users\Administrator\AppData\Local\Programs\Python\Python314\Lib\site-packages\sqlalchemy\engine\base.py:1969: in _exec_single_context
    self.dialect.do_execute(
C:\Users\Administrator\AppData\Local\Programs\Python\Python314\Lib\site-packages\sqlalchemy\engine\default.py:952: in do_execute
    cursor.execute(statement, parameters)
C:\Users\Administrator\AppData\Local\Programs\Python\Python314\Lib\site-packages\sqlalchemy\dialects\postgresql\asyncpg.py:585: in execute
    self._adapt_connection.await_(
C:\Users\Administrator\AppData\Local\Programs\Python\Python314\Lib\site-packages\sqlalchemy\util\_concurrency_py3k.py:132: in await_only
    return current.parent.switch(awaitable)  # type: ignore[no-any-return,attr-defined] # noqa: E501
           ^^^^^^^^^^^^^^^^^^^^^^^^^^^^^^^^
C:\Users\Administrator\AppData\Local\Programs\Python\Python314\Lib\site-packages\sqlalchemy\util\_concurrency_py3k.py:196: in greenlet_spawn
    value = await result
            ^^^^^^^^^^^^
C:\Users\Administrator\AppData\Local\Programs\Python\Python314\Lib\site-packages\sqlalchemy\dialects\postgresql\asyncpg.py:563: in _prepare_and_execute
    self._handle_exception(error)
C:\Users\Administrator\AppData\Local\Programs\Python\Python314\Lib\site-packages\sqlalchemy\dialects\postgresql\asyncpg.py:513: in _handle_exception
    self._adapt_connection._handle_exception(error)
C:\Users\Administrator\AppData\Local\Programs\Python\Python314\Lib\site-packages\sqlalchemy\dialects\postgresql\asyncpg.py:797: in _handle_exception
    raise translated_error from error
E   sqlalchemy.exc.IntegrityError: (sqlalchemy.dialects.postgresql.asyncpg.IntegrityError) <class 'asyncpg.exceptions.ForeignKeyViolationError'>: insert or update on table "observations" violates foreign key constraint "observations_correlation_id_fkey"
E   DETAIL:  Key (correlation_id)=(e48009e9-4109-47d8-be1a-39ec228a3dcc) is not present in table "correlation_matches".
E   [SQL: INSERT INTO observations (id, title, description, correlation_id, classification, status, risk_score, policy_action, evidence_count, created_at, updated_at, created_by, updated_by) VALUES ($1::UUID, $2::VARCHAR, $3::VARCHAR, $4::UUID, $5::VARCHAR, $6::observationstatus, $7::INTEGER, $8::policyaction, $9::INTEGER, $10::TIMESTAMP WITH TIME ZONE, $11::TIMESTAMP WITH TIME ZONE, $12::VARCHAR, $13::VARCHAR)]
E   [parameters: (UUID('9f0b79ae-f76c-4c2d-870e-711b3a247820'), 'Test Obs', 'Test Desc', UUID('e48009e9-4109-47d8-be1a-39ec228a3dcc'), 'Anomaly', 'NEW', 75, None, 5, datetime.datetime(2026, 6, 16, 2, 32, 11, 354741, tzinfo=datetime.timezone.utc), datetime.datetime(2026, 6, 16, 2, 32, 11, 354742, tzinfo=datetime.timezone.utc), None, None)]
E   (Background on this error at: https://sqlalche.me/e/20/gkpj)
_______________ ERROR at setup of test_get_observations_filters _______________
C:\Users\Administrator\AppData\Local\Programs\Python\Python314\Lib\site-packages\sqlalchemy\dialects\postgresql\asyncpg.py:550: in _prepare_and_execute
    self._rows = deque(await prepared_stmt.fetch(*parameters))
                       ^^^^^^^^^^^^^^^^^^^^^^^^^^^^^^^^^^^^^^
C:\Users\Administrator\AppData\Local\Programs\Python\Python314\Lib\site-packages\asyncpg\prepared_stmt.py:177: in fetch
    data = await self.__bind_execute(args, 0, timeout)
           ^^^^^^^^^^^^^^^^^^^^^^^^^^^^^^^^^^^^^^^^^^^
C:\Users\Administrator\AppData\Local\Programs\Python\Python314\Lib\site-packages\asyncpg\prepared_stmt.py:268: in __bind_execute
    data, status, _ = await self.__do_execute(
C:\Users\Administrator\AppData\Local\Programs\Python\Python314\Lib\site-packages\asyncpg\prepared_stmt.py:257: in __do_execute
    return await executor(protocol)
           ^^^^^^^^^^^^^^^^^^^^^^^^
asyncpg/protocol/protocol.pyx:205: in bind_execute
    ???
E   asyncpg.exceptions.ForeignKeyViolationError: insert or update on table "observations" violates foreign key constraint "observations_correlation_id_fkey"
E   DETAIL:  Key (correlation_id)=(c2645b38-7f50-47c3-99e3-fcef99b79bfc) is not present in table "correlation_matches".

The above exception was the direct cause of the following exception:
C:\Users\Administrator\AppData\Local\Programs\Python\Python314\Lib\site-packages\sqlalchemy\engine\base.py:1969: in _exec_single_context
    self.dialect.do_execute(
C:\Users\Administrator\AppData\Local\Programs\Python\Python314\Lib\site-packages\sqlalchemy\engine\default.py:952: in do_execute
    cursor.execute(statement, parameters)
C:\Users\Administrator\AppData\Local\Programs\Python\Python314\Lib\site-packages\sqlalchemy\dialects\postgresql\asyncpg.py:585: in execute
    self._adapt_connection.await_(
C:\Users\Administrator\AppData\Local\Programs\Python\Python314\Lib\site-packages\sqlalchemy\util\_concurrency_py3k.py:132: in await_only
    return current.parent.switch(awaitable)  # type: ignore[no-any-return,attr-defined] # noqa: E501
           ^^^^^^^^^^^^^^^^^^^^^^^^^^^^^^^^
C:\Users\Administrator\AppData\Local\Programs\Python\Python314\Lib\site-packages\sqlalchemy\util\_concurrency_py3k.py:196: in greenlet_spawn
    value = await result
            ^^^^^^^^^^^^
C:\Users\Administrator\AppData\Local\Programs\Python\Python314\Lib\site-packages\sqlalchemy\dialects\postgresql\asyncpg.py:563: in _prepare_and_execute
    self._handle_exception(error)
C:\Users\Administrator\AppData\Local\Programs\Python\Python314\Lib\site-packages\sqlalchemy\dialects\postgresql\asyncpg.py:513: in _handle_exception
    self._adapt_connection._handle_exception(error)
C:\Users\Administrator\AppData\Local\Programs\Python\Python314\Lib\site-packages\sqlalchemy\dialects\postgresql\asyncpg.py:797: in _handle_exception
    raise translated_error from error
E   sqlalchemy.dialects.postgresql.asyncpg.AsyncAdapt_asyncpg_dbapi.IntegrityError: <class 'asyncpg.exceptions.ForeignKeyViolationError'>: insert or update on table "observations" violates foreign key constraint "observations_correlation_id_fkey"
E   DETAIL:  Key (correlation_id)=(c2645b38-7f50-47c3-99e3-fcef99b79bfc) is not present in table "correlation_matches".

The above exception was the direct cause of the following exception:
tests\api\test_observations.py:85: in mock_observation
    await db_session.commit()
C:\Users\Administrator\AppData\Local\Programs\Python\Python314\Lib\site-packages\sqlalchemy\ext\asyncio\session.py:999: in commit
    await greenlet_spawn(self.sync_session.commit)
C:\Users\Administrator\AppData\Local\Programs\Python\Python314\Lib\site-packages\sqlalchemy\util\_concurrency_py3k.py:203: in greenlet_spawn
    result = context.switch(value)
             ^^^^^^^^^^^^^^^^^^^^^
C:\Users\Administrator\AppData\Local\Programs\Python\Python314\Lib\site-packages\sqlalchemy\orm\session.py:2034: in commit
    trans.commit(_to_root=True)
<string>:2: in commit
    ???
C:\Users\Administrator\AppData\Local\Programs\Python\Python314\Lib\site-packages\sqlalchemy\orm\state_changes.py:137: in _go
    ret_value = fn(self, *arg, **kw)
                ^^^^^^^^^^^^^^^^^^^^
C:\Users\Administrator\AppData\Local\Programs\Python\Python314\Lib\site-packages\sqlalchemy\orm\session.py:1315: in commit
    self._prepare_impl()
<string>:2: in _prepare_impl
    ???
C:\Users\Administrator\AppData\Local\Programs\Python\Python314\Lib\site-packages\sqlalchemy\orm\state_changes.py:137: in _go
    ret_value = fn(self, *arg, **kw)
                ^^^^^^^^^^^^^^^^^^^^
C:\Users\Administrator\AppData\Local\Programs\Python\Python314\Lib\site-packages\sqlalchemy\orm\session.py:1290: in _prepare_impl
    self.session.flush()
C:\Users\Administrator\AppData\Local\Programs\Python\Python314\Lib\site-packages\sqlalchemy\orm\session.py:4352: in flush
    self._flush(objects)
C:\Users\Administrator\AppData\Local\Programs\Python\Python314\Lib\site-packages\sqlalchemy\orm\session.py:4487: in _flush
    with util.safe_reraise():
         ^^^^^^^^^^^^^^^^^^^
C:\Users\Administrator\AppData\Local\Programs\Python\Python314\Lib\site-packages\sqlalchemy\util\langhelpers.py:122: in __exit__
    raise exc_value.with_traceback(exc_tb)
C:\Users\Administrator\AppData\Local\Programs\Python\Python314\Lib\site-packages\sqlalchemy\orm\session.py:4448: in _flush
    flush_context.execute()
C:\Users\Administrator\AppData\Local\Programs\Python\Python314\Lib\site-packages\sqlalchemy\orm\unitofwork.py:465: in execute
    rec.execute(self)
C:\Users\Administrator\AppData\Local\Programs\Python\Python314\Lib\site-packages\sqlalchemy\orm\unitofwork.py:641: in execute
    util.preloaded.orm_persistence.save_obj(
C:\Users\Administrator\AppData\Local\Programs\Python\Python314\Lib\site-packages\sqlalchemy\orm\persistence.py:94: in save_obj
    _emit_insert_statements(
C:\Users\Administrator\AppData\Local\Programs\Python\Python314\Lib\site-packages\sqlalchemy\orm\persistence.py:1234: in _emit_insert_statements
    result = connection.execute(
C:\Users\Administrator\AppData\Local\Programs\Python\Python314\Lib\site-packages\sqlalchemy\engine\base.py:1421: in execute
    return meth(
C:\Users\Administrator\AppData\Local\Programs\Python\Python314\Lib\site-packages\sqlalchemy\sql\elements.py:526: in _execute_on_connection
    return connection._execute_clauseelement(
C:\Users\Administrator\AppData\Local\Programs\Python\Python314\Lib\site-packages\sqlalchemy\engine\base.py:1643: in _execute_clauseelement
    ret = self._execute_context(
C:\Users\Administrator\AppData\Local\Programs\Python\Python314\Lib\site-packages\sqlalchemy\engine\base.py:1848: in _execute_context
    return self._exec_single_context(
C:\Users\Administrator\AppData\Local\Programs\Python\Python314\Lib\site-packages\sqlalchemy\engine\base.py:1988: in _exec_single_context
    self._handle_dbapi_exception(
C:\Users\Administrator\AppData\Local\Programs\Python\Python314\Lib\site-packages\sqlalchemy\engine\base.py:2365: in _handle_dbapi_exception
    raise sqlalchemy_exception.with_traceback(exc_info[2]) from e
C:\Users\Administrator\AppData\Local\Programs\Python\Python314\Lib\site-packages\sqlalchemy\engine\base.py:1969: in _exec_single_context
    self.dialect.do_execute(
C:\Users\Administrator\AppData\Local\Programs\Python\Python314\Lib\site-packages\sqlalchemy\engine\default.py:952: in do_execute
    cursor.execute(statement, parameters)
C:\Users\Administrator\AppData\Local\Programs\Python\Python314\Lib\site-packages\sqlalchemy\dialects\postgresql\asyncpg.py:585: in execute
    self._adapt_connection.await_(
C:\Users\Administrator\AppData\Local\Programs\Python\Python314\Lib\site-packages\sqlalchemy\util\_concurrency_py3k.py:132: in await_only
    return current.parent.switch(awaitable)  # type: ignore[no-any-return,attr-defined] # noqa: E501
           ^^^^^^^^^^^^^^^^^^^^^^^^^^^^^^^^
C:\Users\Administrator\AppData\Local\Programs\Python\Python314\Lib\site-packages\sqlalchemy\util\_concurrency_py3k.py:196: in greenlet_spawn
    value = await result
            ^^^^^^^^^^^^
C:\Users\Administrator\AppData\Local\Programs\Python\Python314\Lib\site-packages\sqlalchemy\dialects\postgresql\asyncpg.py:563: in _prepare_and_execute
    self._handle_exception(error)
C:\Users\Administrator\AppData\Local\Programs\Python\Python314\Lib\site-packages\sqlalchemy\dialects\postgresql\asyncpg.py:513: in _handle_exception
    self._adapt_connection._handle_exception(error)
C:\Users\Administrator\AppData\Local\Programs\Python\Python314\Lib\site-packages\sqlalchemy\dialects\postgresql\asyncpg.py:797: in _handle_exception
    raise translated_error from error
E   sqlalchemy.exc.IntegrityError: (sqlalchemy.dialects.postgresql.asyncpg.IntegrityError) <class 'asyncpg.exceptions.ForeignKeyViolationError'>: insert or update on table "observations" violates foreign key constraint "observations_correlation_id_fkey"
E   DETAIL:  Key (correlation_id)=(c2645b38-7f50-47c3-99e3-fcef99b79bfc) is not present in table "correlation_matches".
E   [SQL: INSERT INTO observations (id, title, description, correlation_id, classification, status, risk_score, policy_action, evidence_count, created_at, updated_at, created_by, updated_by) VALUES ($1::UUID, $2::VARCHAR, $3::VARCHAR, $4::UUID, $5::VARCHAR, $6::observationstatus, $7::INTEGER, $8::policyaction, $9::INTEGER, $10::TIMESTAMP WITH TIME ZONE, $11::TIMESTAMP WITH TIME ZONE, $12::VARCHAR, $13::VARCHAR)]
E   [parameters: (UUID('b4795813-0989-4bda-9faa-a3cbdc980fe8'), 'Test Obs', 'Test Desc', UUID('c2645b38-7f50-47c3-99e3-fcef99b79bfc'), 'Anomaly', 'NEW', 75, None, 5, datetime.datetime(2026, 6, 16, 2, 32, 12, 161752, tzinfo=datetime.timezone.utc), datetime.datetime(2026, 6, 16, 2, 32, 12, 161755, tzinfo=datetime.timezone.utc), None, None)]
E   (Background on this error at: https://sqlalche.me/e/20/gkpj)
________________ ERROR at setup of test_get_observation_by_id _________________
C:\Users\Administrator\AppData\Local\Programs\Python\Python314\Lib\site-packages\sqlalchemy\dialects\postgresql\asyncpg.py:550: in _prepare_and_execute
    self._rows = deque(await prepared_stmt.fetch(*parameters))
                       ^^^^^^^^^^^^^^^^^^^^^^^^^^^^^^^^^^^^^^
C:\Users\Administrator\AppData\Local\Programs\Python\Python314\Lib\site-packages\asyncpg\prepared_stmt.py:177: in fetch
    data = await self.__bind_execute(args, 0, timeout)
           ^^^^^^^^^^^^^^^^^^^^^^^^^^^^^^^^^^^^^^^^^^^
C:\Users\Administrator\AppData\Local\Programs\Python\Python314\Lib\site-packages\asyncpg\prepared_stmt.py:268: in __bind_execute
    data, status, _ = await self.__do_execute(
C:\Users\Administrator\AppData\Local\Programs\Python\Python314\Lib\site-packages\asyncpg\prepared_stmt.py:257: in __do_execute
    return await executor(protocol)
           ^^^^^^^^^^^^^^^^^^^^^^^^
asyncpg/protocol/protocol.pyx:205: in bind_execute
    ???
E   asyncpg.exceptions.ForeignKeyViolationError: insert or update on table "observations" violates foreign key constraint "observations_correlation_id_fkey"
E   DETAIL:  Key (correlation_id)=(5c6bfd1c-56e3-4ecb-8ad8-9759b86d1828) is not present in table "correlation_matches".

The above exception was the direct cause of the following exception:
C:\Users\Administrator\AppData\Local\Programs\Python\Python314\Lib\site-packages\sqlalchemy\engine\base.py:1969: in _exec_single_context
    self.dialect.do_execute(
C:\Users\Administrator\AppData\Local\Programs\Python\Python314\Lib\site-packages\sqlalchemy\engine\default.py:952: in do_execute
    cursor.execute(statement, parameters)
C:\Users\Administrator\AppData\Local\Programs\Python\Python314\Lib\site-packages\sqlalchemy\dialects\postgresql\asyncpg.py:585: in execute
    self._adapt_connection.await_(
C:\Users\Administrator\AppData\Local\Programs\Python\Python314\Lib\site-packages\sqlalchemy\util\_concurrency_py3k.py:132: in await_only
    return current.parent.switch(awaitable)  # type: ignore[no-any-return,attr-defined] # noqa: E501
           ^^^^^^^^^^^^^^^^^^^^^^^^^^^^^^^^
C:\Users\Administrator\AppData\Local\Programs\Python\Python314\Lib\site-packages\sqlalchemy\util\_concurrency_py3k.py:196: in greenlet_spawn
    value = await result
            ^^^^^^^^^^^^
C:\Users\Administrator\AppData\Local\Programs\Python\Python314\Lib\site-packages\sqlalchemy\dialects\postgresql\asyncpg.py:563: in _prepare_and_execute
    self._handle_exception(error)
C:\Users\Administrator\AppData\Local\Programs\Python\Python314\Lib\site-packages\sqlalchemy\dialects\postgresql\asyncpg.py:513: in _handle_exception
    self._adapt_connection._handle_exception(error)
C:\Users\Administrator\AppData\Local\Programs\Python\Python314\Lib\site-packages\sqlalchemy\dialects\postgresql\asyncpg.py:797: in _handle_exception
    raise translated_error from error
E   sqlalchemy.dialects.postgresql.asyncpg.AsyncAdapt_asyncpg_dbapi.IntegrityError: <class 'asyncpg.exceptions.ForeignKeyViolationError'>: insert or update on table "observations" violates foreign key constraint "observations_correlation_id_fkey"
E   DETAIL:  Key (correlation_id)=(5c6bfd1c-56e3-4ecb-8ad8-9759b86d1828) is not present in table "correlation_matches".

The above exception was the direct cause of the following exception:
tests\api\test_observations.py:85: in mock_observation
    await db_session.commit()
C:\Users\Administrator\AppData\Local\Programs\Python\Python314\Lib\site-packages\sqlalchemy\ext\asyncio\session.py:999: in commit
    await greenlet_spawn(self.sync_session.commit)
C:\Users\Administrator\AppData\Local\Programs\Python\Python314\Lib\site-packages\sqlalchemy\util\_concurrency_py3k.py:203: in greenlet_spawn
    result = context.switch(value)
             ^^^^^^^^^^^^^^^^^^^^^
C:\Users\Administrator\AppData\Local\Programs\Python\Python314\Lib\site-packages\sqlalchemy\orm\session.py:2034: in commit
    trans.commit(_to_root=True)
<string>:2: in commit
    ???
C:\Users\Administrator\AppData\Local\Programs\Python\Python314\Lib\site-packages\sqlalchemy\orm\state_changes.py:137: in _go
    ret_value = fn(self, *arg, **kw)
                ^^^^^^^^^^^^^^^^^^^^
C:\Users\Administrator\AppData\Local\Programs\Python\Python314\Lib\site-packages\sqlalchemy\orm\session.py:1315: in commit
    self._prepare_impl()
<string>:2: in _prepare_impl
    ???
C:\Users\Administrator\AppData\Local\Programs\Python\Python314\Lib\site-packages\sqlalchemy\orm\state_changes.py:137: in _go
    ret_value = fn(self, *arg, **kw)
                ^^^^^^^^^^^^^^^^^^^^
C:\Users\Administrator\AppData\Local\Programs\Python\Python314\Lib\site-packages\sqlalchemy\orm\session.py:1290: in _prepare_impl
    self.session.flush()
C:\Users\Administrator\AppData\Local\Programs\Python\Python314\Lib\site-packages\sqlalchemy\orm\session.py:4352: in flush
    self._flush(objects)
C:\Users\Administrator\AppData\Local\Programs\Python\Python314\Lib\site-packages\sqlalchemy\orm\session.py:4487: in _flush
    with util.safe_reraise():
         ^^^^^^^^^^^^^^^^^^^
C:\Users\Administrator\AppData\Local\Programs\Python\Python314\Lib\site-packages\sqlalchemy\util\langhelpers.py:122: in __exit__
    raise exc_value.with_traceback(exc_tb)
C:\Users\Administrator\AppData\Local\Programs\Python\Python314\Lib\site-packages\sqlalchemy\orm\session.py:4448: in _flush
    flush_context.execute()
C:\Users\Administrator\AppData\Local\Programs\Python\Python314\Lib\site-packages\sqlalchemy\orm\unitofwork.py:465: in execute
    rec.execute(self)
C:\Users\Administrator\AppData\Local\Programs\Python\Python314\Lib\site-packages\sqlalchemy\orm\unitofwork.py:641: in execute
    util.preloaded.orm_persistence.save_obj(
C:\Users\Administrator\AppData\Local\Programs\Python\Python314\Lib\site-packages\sqlalchemy\orm\persistence.py:94: in save_obj
    _emit_insert_statements(
C:\Users\Administrator\AppData\Local\Programs\Python\Python314\Lib\site-packages\sqlalchemy\orm\persistence.py:1234: in _emit_insert_statements
    result = connection.execute(
C:\Users\Administrator\AppData\Local\Programs\Python\Python314\Lib\site-packages\sqlalchemy\engine\base.py:1421: in execute
    return meth(
C:\Users\Administrator\AppData\Local\Programs\Python\Python314\Lib\site-packages\sqlalchemy\sql\elements.py:526: in _execute_on_connection
    return connection._execute_clauseelement(
C:\Users\Administrator\AppData\Local\Programs\Python\Python314\Lib\site-packages\sqlalchemy\engine\base.py:1643: in _execute_clauseelement
    ret = self._execute_context(
C:\Users\Administrator\AppData\Local\Programs\Python\Python314\Lib\site-packages\sqlalchemy\engine\base.py:1848: in _execute_context
    return self._exec_single_context(
C:\Users\Administrator\AppData\Local\Programs\Python\Python314\Lib\site-packages\sqlalchemy\engine\base.py:1988: in _exec_single_context
    self._handle_dbapi_exception(
C:\Users\Administrator\AppData\Local\Programs\Python\Python314\Lib\site-packages\sqlalchemy\engine\base.py:2365: in _handle_dbapi_exception
    raise sqlalchemy_exception.with_traceback(exc_info[2]) from e
C:\Users\Administrator\AppData\Local\Programs\Python\Python314\Lib\site-packages\sqlalchemy\engine\base.py:1969: in _exec_single_context
    self.dialect.do_execute(
C:\Users\Administrator\AppData\Local\Programs\Python\Python314\Lib\site-packages\sqlalchemy\engine\default.py:952: in do_execute
    cursor.execute(statement, parameters)
C:\Users\Administrator\AppData\Local\Programs\Python\Python314\Lib\site-packages\sqlalchemy\dialects\postgresql\asyncpg.py:585: in execute
    self._adapt_connection.await_(
C:\Users\Administrator\AppData\Local\Programs\Python\Python314\Lib\site-packages\sqlalchemy\util\_concurrency_py3k.py:132: in await_only
    return current.parent.switch(awaitable)  # type: ignore[no-any-return,attr-defined] # noqa: E501
           ^^^^^^^^^^^^^^^^^^^^^^^^^^^^^^^^
C:\Users\Administrator\AppData\Local\Programs\Python\Python314\Lib\site-packages\sqlalchemy\util\_concurrency_py3k.py:196: in greenlet_spawn
    value = await result
            ^^^^^^^^^^^^
C:\Users\Administrator\AppData\Local\Programs\Python\Python314\Lib\site-packages\sqlalchemy\dialects\postgresql\asyncpg.py:563: in _prepare_and_execute
    self._handle_exception(error)
C:\Users\Administrator\AppData\Local\Programs\Python\Python314\Lib\site-packages\sqlalchemy\dialects\postgresql\asyncpg.py:513: in _handle_exception
    self._adapt_connection._handle_exception(error)
C:\Users\Administrator\AppData\Local\Programs\Python\Python314\Lib\site-packages\sqlalchemy\dialects\postgresql\asyncpg.py:797: in _handle_exception
    raise translated_error from error
E   sqlalchemy.exc.IntegrityError: (sqlalchemy.dialects.postgresql.asyncpg.IntegrityError) <class 'asyncpg.exceptions.ForeignKeyViolationError'>: insert or update on table "observations" violates foreign key constraint "observations_correlation_id_fkey"
E   DETAIL:  Key (correlation_id)=(5c6bfd1c-56e3-4ecb-8ad8-9759b86d1828) is not present in table "correlation_matches".
E   [SQL: INSERT INTO observations (id, title, description, correlation_id, classification, status, risk_score, policy_action, evidence_count, created_at, updated_at, created_by, updated_by) VALUES ($1::UUID, $2::VARCHAR, $3::VARCHAR, $4::UUID, $5::VARCHAR, $6::observationstatus, $7::INTEGER, $8::policyaction, $9::INTEGER, $10::TIMESTAMP WITH TIME ZONE, $11::TIMESTAMP WITH TIME ZONE, $12::VARCHAR, $13::VARCHAR)]
E   [parameters: (UUID('ce9faa5f-89b0-451e-aff4-29b240a59549'), 'Test Obs', 'Test Desc', UUID('5c6bfd1c-56e3-4ecb-8ad8-9759b86d1828'), 'Anomaly', 'NEW', 75, None, 5, datetime.datetime(2026, 6, 16, 2, 32, 13, 8864, tzinfo=datetime.timezone.utc), datetime.datetime(2026, 6, 16, 2, 32, 13, 8866, tzinfo=datetime.timezone.utc), None, None)]
E   (Background on this error at: https://sqlalche.me/e/20/gkpj)
___________ ERROR at setup of test_update_observation_status_admin ____________
C:\Users\Administrator\AppData\Local\Programs\Python\Python314\Lib\site-packages\sqlalchemy\dialects\postgresql\asyncpg.py:550: in _prepare_and_execute
    self._rows = deque(await prepared_stmt.fetch(*parameters))
                       ^^^^^^^^^^^^^^^^^^^^^^^^^^^^^^^^^^^^^^
C:\Users\Administrator\AppData\Local\Programs\Python\Python314\Lib\site-packages\asyncpg\prepared_stmt.py:177: in fetch
    data = await self.__bind_execute(args, 0, timeout)
           ^^^^^^^^^^^^^^^^^^^^^^^^^^^^^^^^^^^^^^^^^^^
C:\Users\Administrator\AppData\Local\Programs\Python\Python314\Lib\site-packages\asyncpg\prepared_stmt.py:268: in __bind_execute
    data, status, _ = await self.__do_execute(
C:\Users\Administrator\AppData\Local\Programs\Python\Python314\Lib\site-packages\asyncpg\prepared_stmt.py:257: in __do_execute
    return await executor(protocol)
           ^^^^^^^^^^^^^^^^^^^^^^^^
asyncpg/protocol/protocol.pyx:205: in bind_execute
    ???
E   asyncpg.exceptions.ForeignKeyViolationError: insert or update on table "observations" violates foreign key constraint "observations_correlation_id_fkey"
E   DETAIL:  Key (correlation_id)=(3d37e491-f678-4fa9-bd70-22dcc675493f) is not present in table "correlation_matches".

The above exception was the direct cause of the following exception:
C:\Users\Administrator\AppData\Local\Programs\Python\Python314\Lib\site-packages\sqlalchemy\engine\base.py:1969: in _exec_single_context
    self.dialect.do_execute(
C:\Users\Administrator\AppData\Local\Programs\Python\Python314\Lib\site-packages\sqlalchemy\engine\default.py:952: in do_execute
    cursor.execute(statement, parameters)
C:\Users\Administrator\AppData\Local\Programs\Python\Python314\Lib\site-packages\sqlalchemy\dialects\postgresql\asyncpg.py:585: in execute
    self._adapt_connection.await_(
C:\Users\Administrator\AppData\Local\Programs\Python\Python314\Lib\site-packages\sqlalchemy\util\_concurrency_py3k.py:132: in await_only
    return current.parent.switch(awaitable)  # type: ignore[no-any-return,attr-defined] # noqa: E501
           ^^^^^^^^^^^^^^^^^^^^^^^^^^^^^^^^
C:\Users\Administrator\AppData\Local\Programs\Python\Python314\Lib\site-packages\sqlalchemy\util\_concurrency_py3k.py:196: in greenlet_spawn
    value = await result
            ^^^^^^^^^^^^
C:\Users\Administrator\AppData\Local\Programs\Python\Python314\Lib\site-packages\sqlalchemy\dialects\postgresql\asyncpg.py:563: in _prepare_and_execute
    self._handle_exception(error)
C:\Users\Administrator\AppData\Local\Programs\Python\Python314\Lib\site-packages\sqlalchemy\dialects\postgresql\asyncpg.py:513: in _handle_exception
    self._adapt_connection._handle_exception(error)
C:\Users\Administrator\AppData\Local\Programs\Python\Python314\Lib\site-packages\sqlalchemy\dialects\postgresql\asyncpg.py:797: in _handle_exception
    raise translated_error from error
E   sqlalchemy.dialects.postgresql.asyncpg.AsyncAdapt_asyncpg_dbapi.IntegrityError: <class 'asyncpg.exceptions.ForeignKeyViolationError'>: insert or update on table "observations" violates foreign key constraint "observations_correlation_id_fkey"
E   DETAIL:  Key (correlation_id)=(3d37e491-f678-4fa9-bd70-22dcc675493f) is not present in table "correlation_matches".

The above exception was the direct cause of the following exception:
tests\api\test_observations.py:85: in mock_observation
    await db_session.commit()
C:\Users\Administrator\AppData\Local\Programs\Python\Python314\Lib\site-packages\sqlalchemy\ext\asyncio\session.py:999: in commit
    await greenlet_spawn(self.sync_session.commit)
C:\Users\Administrator\AppData\Local\Programs\Python\Python314\Lib\site-packages\sqlalchemy\util\_concurrency_py3k.py:203: in greenlet_spawn
    result = context.switch(value)
             ^^^^^^^^^^^^^^^^^^^^^
C:\Users\Administrator\AppData\Local\Programs\Python\Python314\Lib\site-packages\sqlalchemy\orm\session.py:2034: in commit
    trans.commit(_to_root=True)
<string>:2: in commit
    ???
C:\Users\Administrator\AppData\Local\Programs\Python\Python314\Lib\site-packages\sqlalchemy\orm\state_changes.py:137: in _go
    ret_value = fn(self, *arg, **kw)
                ^^^^^^^^^^^^^^^^^^^^
C:\Users\Administrator\AppData\Local\Programs\Python\Python314\Lib\site-packages\sqlalchemy\orm\session.py:1315: in commit
    self._prepare_impl()
<string>:2: in _prepare_impl
    ???
C:\Users\Administrator\AppData\Local\Programs\Python\Python314\Lib\site-packages\sqlalchemy\orm\state_changes.py:137: in _go
    ret_value = fn(self, *arg, **kw)
                ^^^^^^^^^^^^^^^^^^^^
C:\Users\Administrator\AppData\Local\Programs\Python\Python314\Lib\site-packages\sqlalchemy\orm\session.py:1290: in _prepare_impl
    self.session.flush()
C:\Users\Administrator\AppData\Local\Programs\Python\Python314\Lib\site-packages\sqlalchemy\orm\session.py:4352: in flush
    self._flush(objects)
C:\Users\Administrator\AppData\Local\Programs\Python\Python314\Lib\site-packages\sqlalchemy\orm\session.py:4487: in _flush
    with util.safe_reraise():
         ^^^^^^^^^^^^^^^^^^^
C:\Users\Administrator\AppData\Local\Programs\Python\Python314\Lib\site-packages\sqlalchemy\util\langhelpers.py:122: in __exit__
    raise exc_value.with_traceback(exc_tb)
C:\Users\Administrator\AppData\Local\Programs\Python\Python314\Lib\site-packages\sqlalchemy\orm\session.py:4448: in _flush
    flush_context.execute()
C:\Users\Administrator\AppData\Local\Programs\Python\Python314\Lib\site-packages\sqlalchemy\orm\unitofwork.py:465: in execute
    rec.execute(self)
C:\Users\Administrator\AppData\Local\Programs\Python\Python314\Lib\site-packages\sqlalchemy\orm\unitofwork.py:641: in execute
    util.preloaded.orm_persistence.save_obj(
C:\Users\Administrator\AppData\Local\Programs\Python\Python314\Lib\site-packages\sqlalchemy\orm\persistence.py:94: in save_obj
    _emit_insert_statements(
C:\Users\Administrator\AppData\Local\Programs\Python\Python314\Lib\site-packages\sqlalchemy\orm\persistence.py:1234: in _emit_insert_statements
    result = connection.execute(
C:\Users\Administrator\AppData\Local\Programs\Python\Python314\Lib\site-packages\sqlalchemy\engine\base.py:1421: in execute
    return meth(
C:\Users\Administrator\AppData\Local\Programs\Python\Python314\Lib\site-packages\sqlalchemy\sql\elements.py:526: in _execute_on_connection
    return connection._execute_clauseelement(
C:\Users\Administrator\AppData\Local\Programs\Python\Python314\Lib\site-packages\sqlalchemy\engine\base.py:1643: in _execute_clauseelement
    ret = self._execute_context(
C:\Users\Administrator\AppData\Local\Programs\Python\Python314\Lib\site-packages\sqlalchemy\engine\base.py:1848: in _execute_context
    return self._exec_single_context(
C:\Users\Administrator\AppData\Local\Programs\Python\Python314\Lib\site-packages\sqlalchemy\engine\base.py:1988: in _exec_single_context
    self._handle_dbapi_exception(
C:\Users\Administrator\AppData\Local\Programs\Python\Python314\Lib\site-packages\sqlalchemy\engine\base.py:2365: in _handle_dbapi_exception
    raise sqlalchemy_exception.with_traceback(exc_info[2]) from e
C:\Users\Administrator\AppData\Local\Programs\Python\Python314\Lib\site-packages\sqlalchemy\engine\base.py:1969: in _exec_single_context
    self.dialect.do_execute(
C:\Users\Administrator\AppData\Local\Programs\Python\Python314\Lib\site-packages\sqlalchemy\engine\default.py:952: in do_execute
    cursor.execute(statement, parameters)
C:\Users\Administrator\AppData\Local\Programs\Python\Python314\Lib\site-packages\sqlalchemy\dialects\postgresql\asyncpg.py:585: in execute
    self._adapt_connection.await_(
C:\Users\Administrator\AppData\Local\Programs\Python\Python314\Lib\site-packages\sqlalchemy\util\_concurrency_py3k.py:132: in await_only
    return current.parent.switch(awaitable)  # type: ignore[no-any-return,attr-defined] # noqa: E501
           ^^^^^^^^^^^^^^^^^^^^^^^^^^^^^^^^
C:\Users\Administrator\AppData\Local\Programs\Python\Python314\Lib\site-packages\sqlalchemy\util\_concurrency_py3k.py:196: in greenlet_spawn
    value = await result
            ^^^^^^^^^^^^
C:\Users\Administrator\AppData\Local\Programs\Python\Python314\Lib\site-packages\sqlalchemy\dialects\postgresql\asyncpg.py:563: in _prepare_and_execute
    self._handle_exception(error)
C:\Users\Administrator\AppData\Local\Programs\Python\Python314\Lib\site-packages\sqlalchemy\dialects\postgresql\asyncpg.py:513: in _handle_exception
    self._adapt_connection._handle_exception(error)
C:\Users\Administrator\AppData\Local\Programs\Python\Python314\Lib\site-packages\sqlalchemy\dialects\postgresql\asyncpg.py:797: in _handle_exception
    raise translated_error from error
E   sqlalchemy.exc.IntegrityError: (sqlalchemy.dialects.postgresql.asyncpg.IntegrityError) <class 'asyncpg.exceptions.ForeignKeyViolationError'>: insert or update on table "observations" violates foreign key constraint "observations_correlation_id_fkey"
E   DETAIL:  Key (correlation_id)=(3d37e491-f678-4fa9-bd70-22dcc675493f) is not present in table "correlation_matches".
E   [SQL: INSERT INTO observations (id, title, description, correlation_id, classification, status, risk_score, policy_action, evidence_count, created_at, updated_at, created_by, updated_by) VALUES ($1::UUID, $2::VARCHAR, $3::VARCHAR, $4::UUID, $5::VARCHAR, $6::observationstatus, $7::INTEGER, $8::policyaction, $9::INTEGER, $10::TIMESTAMP WITH TIME ZONE, $11::TIMESTAMP WITH TIME ZONE, $12::VARCHAR, $13::VARCHAR)]
E   [parameters: (UUID('fa972711-89b2-4548-93be-6feaa2faea8c'), 'Test Obs', 'Test Desc', UUID('3d37e491-f678-4fa9-bd70-22dcc675493f'), 'Anomaly', 'NEW', 75, None, 5, datetime.datetime(2026, 6, 16, 2, 32, 13, 837852, tzinfo=datetime.timezone.utc), datetime.datetime(2026, 6, 16, 2, 32, 13, 837854, tzinfo=datetime.timezone.utc), None, None)]
E   (Background on this error at: https://sqlalche.me/e/20/gkpj)
_________ ERROR at setup of test_update_observation_status_soc_denied _________
C:\Users\Administrator\AppData\Local\Programs\Python\Python314\Lib\site-packages\sqlalchemy\dialects\postgresql\asyncpg.py:550: in _prepare_and_execute
    self._rows = deque(await prepared_stmt.fetch(*parameters))
                       ^^^^^^^^^^^^^^^^^^^^^^^^^^^^^^^^^^^^^^
C:\Users\Administrator\AppData\Local\Programs\Python\Python314\Lib\site-packages\asyncpg\prepared_stmt.py:177: in fetch
    data = await self.__bind_execute(args, 0, timeout)
           ^^^^^^^^^^^^^^^^^^^^^^^^^^^^^^^^^^^^^^^^^^^
C:\Users\Administrator\AppData\Local\Programs\Python\Python314\Lib\site-packages\asyncpg\prepared_stmt.py:268: in __bind_execute
    data, status, _ = await self.__do_execute(
C:\Users\Administrator\AppData\Local\Programs\Python\Python314\Lib\site-packages\asyncpg\prepared_stmt.py:257: in __do_execute
    return await executor(protocol)
           ^^^^^^^^^^^^^^^^^^^^^^^^
asyncpg/protocol/protocol.pyx:205: in bind_execute
    ???
E   asyncpg.exceptions.ForeignKeyViolationError: insert or update on table "observations" violates foreign key constraint "observations_correlation_id_fkey"
E   DETAIL:  Key (correlation_id)=(ca3e3336-19f6-48b5-8b8b-eb673c816a61) is not present in table "correlation_matches".

The above exception was the direct cause of the following exception:
C:\Users\Administrator\AppData\Local\Programs\Python\Python314\Lib\site-packages\sqlalchemy\engine\base.py:1969: in _exec_single_context
    self.dialect.do_execute(
C:\Users\Administrator\AppData\Local\Programs\Python\Python314\Lib\site-packages\sqlalchemy\engine\default.py:952: in do_execute
    cursor.execute(statement, parameters)
C:\Users\Administrator\AppData\Local\Programs\Python\Python314\Lib\site-packages\sqlalchemy\dialects\postgresql\asyncpg.py:585: in execute
    self._adapt_connection.await_(
C:\Users\Administrator\AppData\Local\Programs\Python\Python314\Lib\site-packages\sqlalchemy\util\_concurrency_py3k.py:132: in await_only
    return current.parent.switch(awaitable)  # type: ignore[no-any-return,attr-defined] # noqa: E501
           ^^^^^^^^^^^^^^^^^^^^^^^^^^^^^^^^
C:\Users\Administrator\AppData\Local\Programs\Python\Python314\Lib\site-packages\sqlalchemy\util\_concurrency_py3k.py:196: in greenlet_spawn
    value = await result
            ^^^^^^^^^^^^
C:\Users\Administrator\AppData\Local\Programs\Python\Python314\Lib\site-packages\sqlalchemy\dialects\postgresql\asyncpg.py:563: in _prepare_and_execute
    self._handle_exception(error)
C:\Users\Administrator\AppData\Local\Programs\Python\Python314\Lib\site-packages\sqlalchemy\dialects\postgresql\asyncpg.py:513: in _handle_exception
    self._adapt_connection._handle_exception(error)
C:\Users\Administrator\AppData\Local\Programs\Python\Python314\Lib\site-packages\sqlalchemy\dialects\postgresql\asyncpg.py:797: in _handle_exception
    raise translated_error from error
E   sqlalchemy.dialects.postgresql.asyncpg.AsyncAdapt_asyncpg_dbapi.IntegrityError: <class 'asyncpg.exceptions.ForeignKeyViolationError'>: insert or update on table "observations" violates foreign key constraint "observations_correlation_id_fkey"
E   DETAIL:  Key (correlation_id)=(ca3e3336-19f6-48b5-8b8b-eb673c816a61) is not present in table "correlation_matches".

The above exception was the direct cause of the following exception:
tests\api\test_observations.py:85: in mock_observation
    await db_session.commit()
C:\Users\Administrator\AppData\Local\Programs\Python\Python314\Lib\site-packages\sqlalchemy\ext\asyncio\session.py:999: in commit
    await greenlet_spawn(self.sync_session.commit)
C:\Users\Administrator\AppData\Local\Programs\Python\Python314\Lib\site-packages\sqlalchemy\util\_concurrency_py3k.py:203: in greenlet_spawn
    result = context.switch(value)
             ^^^^^^^^^^^^^^^^^^^^^
C:\Users\Administrator\AppData\Local\Programs\Python\Python314\Lib\site-packages\sqlalchemy\orm\session.py:2034: in commit
    trans.commit(_to_root=True)
<string>:2: in commit
    ???
C:\Users\Administrator\AppData\Local\Programs\Python\Python314\Lib\site-packages\sqlalchemy\orm\state_changes.py:137: in _go
    ret_value = fn(self, *arg, **kw)
                ^^^^^^^^^^^^^^^^^^^^
C:\Users\Administrator\AppData\Local\Programs\Python\Python314\Lib\site-packages\sqlalchemy\orm\session.py:1315: in commit
    self._prepare_impl()
<string>:2: in _prepare_impl
    ???
C:\Users\Administrator\AppData\Local\Programs\Python\Python314\Lib\site-packages\sqlalchemy\orm\state_changes.py:137: in _go
    ret_value = fn(self, *arg, **kw)
                ^^^^^^^^^^^^^^^^^^^^
C:\Users\Administrator\AppData\Local\Programs\Python\Python314\Lib\site-packages\sqlalchemy\orm\session.py:1290: in _prepare_impl
    self.session.flush()
C:\Users\Administrator\AppData\Local\Programs\Python\Python314\Lib\site-packages\sqlalchemy\orm\session.py:4352: in flush
    self._flush(objects)
C:\Users\Administrator\AppData\Local\Programs\Python\Python314\Lib\site-packages\sqlalchemy\orm\session.py:4487: in _flush
    with util.safe_reraise():
         ^^^^^^^^^^^^^^^^^^^
C:\Users\Administrator\AppData\Local\Programs\Python\Python314\Lib\site-packages\sqlalchemy\util\langhelpers.py:122: in __exit__
    raise exc_value.with_traceback(exc_tb)
C:\Users\Administrator\AppData\Local\Programs\Python\Python314\Lib\site-packages\sqlalchemy\orm\session.py:4448: in _flush
    flush_context.execute()
C:\Users\Administrator\AppData\Local\Programs\Python\Python314\Lib\site-packages\sqlalchemy\orm\unitofwork.py:465: in execute
    rec.execute(self)
C:\Users\Administrator\AppData\Local\Programs\Python\Python314\Lib\site-packages\sqlalchemy\orm\unitofwork.py:641: in execute
    util.preloaded.orm_persistence.save_obj(
C:\Users\Administrator\AppData\Local\Programs\Python\Python314\Lib\site-packages\sqlalchemy\orm\persistence.py:94: in save_obj
    _emit_insert_statements(
C:\Users\Administrator\AppData\Local\Programs\Python\Python314\Lib\site-packages\sqlalchemy\orm\persistence.py:1234: in _emit_insert_statements
    result = connection.execute(
C:\Users\Administrator\AppData\Local\Programs\Python\Python314\Lib\site-packages\sqlalchemy\engine\base.py:1421: in execute
    return meth(
C:\Users\Administrator\AppData\Local\Programs\Python\Python314\Lib\site-packages\sqlalchemy\sql\elements.py:526: in _execute_on_connection
    return connection._execute_clauseelement(
C:\Users\Administrator\AppData\Local\Programs\Python\Python314\Lib\site-packages\sqlalchemy\engine\base.py:1643: in _execute_clauseelement
    ret = self._execute_context(
C:\Users\Administrator\AppData\Local\Programs\Python\Python314\Lib\site-packages\sqlalchemy\engine\base.py:1848: in _execute_context
    return self._exec_single_context(
C:\Users\Administrator\AppData\Local\Programs\Python\Python314\Lib\site-packages\sqlalchemy\engine\base.py:1988: in _exec_single_context
    self._handle_dbapi_exception(
C:\Users\Administrator\AppData\Local\Programs\Python\Python314\Lib\site-packages\sqlalchemy\engine\base.py:2365: in _handle_dbapi_exception
    raise sqlalchemy_exception.with_traceback(exc_info[2]) from e
C:\Users\Administrator\AppData\Local\Programs\Python\Python314\Lib\site-packages\sqlalchemy\engine\base.py:1969: in _exec_single_context
    self.dialect.do_execute(
C:\Users\Administrator\AppData\Local\Programs\Python\Python314\Lib\site-packages\sqlalchemy\engine\default.py:952: in do_execute
    cursor.execute(statement, parameters)
C:\Users\Administrator\AppData\Local\Programs\Python\Python314\Lib\site-packages\sqlalchemy\dialects\postgresql\asyncpg.py:585: in execute
    self._adapt_connection.await_(
C:\Users\Administrator\AppData\Local\Programs\Python\Python314\Lib\site-packages\sqlalchemy\util\_concurrency_py3k.py:132: in await_only
    return current.parent.switch(awaitable)  # type: ignore[no-any-return,attr-defined] # noqa: E501
           ^^^^^^^^^^^^^^^^^^^^^^^^^^^^^^^^
C:\Users\Administrator\AppData\Local\Programs\Python\Python314\Lib\site-packages\sqlalchemy\util\_concurrency_py3k.py:196: in greenlet_spawn
    value = await result
            ^^^^^^^^^^^^
C:\Users\Administrator\AppData\Local\Programs\Python\Python314\Lib\site-packages\sqlalchemy\dialects\postgresql\asyncpg.py:563: in _prepare_and_execute
    self._handle_exception(error)
C:\Users\Administrator\AppData\Local\Programs\Python\Python314\Lib\site-packages\sqlalchemy\dialects\postgresql\asyncpg.py:513: in _handle_exception
    self._adapt_connection._handle_exception(error)
C:\Users\Administrator\AppData\Local\Programs\Python\Python314\Lib\site-packages\sqlalchemy\dialects\postgresql\asyncpg.py:797: in _handle_exception
    raise translated_error from error
E   sqlalchemy.exc.IntegrityError: (sqlalchemy.dialects.postgresql.asyncpg.IntegrityError) <class 'asyncpg.exceptions.ForeignKeyViolationError'>: insert or update on table "observations" violates foreign key constraint "observations_correlation_id_fkey"
E   DETAIL:  Key (correlation_id)=(ca3e3336-19f6-48b5-8b8b-eb673c816a61) is not present in table "correlation_matches".
E   [SQL: INSERT INTO observations (id, title, description, correlation_id, classification, status, risk_score, policy_action, evidence_count, created_at, updated_at, created_by, updated_by) VALUES ($1::UUID, $2::VARCHAR, $3::VARCHAR, $4::UUID, $5::VARCHAR, $6::observationstatus, $7::INTEGER, $8::policyaction, $9::INTEGER, $10::TIMESTAMP WITH TIME ZONE, $11::TIMESTAMP WITH TIME ZONE, $12::VARCHAR, $13::VARCHAR)]
E   [parameters: (UUID('037fbfe5-4ccc-49eb-b733-e737c044bda3'), 'Test Obs', 'Test Desc', UUID('ca3e3336-19f6-48b5-8b8b-eb673c816a61'), 'Anomaly', 'NEW', 75, None, 5, datetime.datetime(2026, 6, 16, 2, 32, 14, 659547, tzinfo=datetime.timezone.utc), datetime.datetime(2026, 6, 16, 2, 32, 14, 659549, tzinfo=datetime.timezone.utc), None, None)]
E   (Background on this error at: https://sqlalche.me/e/20/gkpj)
================================== FAILURES ===================================
____________________ test_create_automation_request_admin _____________________
C:\Users\Administrator\AppData\Local\Programs\Python\Python314\Lib\site-packages\sqlalchemy\dialects\postgresql\asyncpg.py:550: in _prepare_and_execute
    self._rows = deque(await prepared_stmt.fetch(*parameters))
                       ^^^^^^^^^^^^^^^^^^^^^^^^^^^^^^^^^^^^^^
C:\Users\Administrator\AppData\Local\Programs\Python\Python314\Lib\site-packages\asyncpg\prepared_stmt.py:177: in fetch
    data = await self.__bind_execute(args, 0, timeout)
           ^^^^^^^^^^^^^^^^^^^^^^^^^^^^^^^^^^^^^^^^^^^
C:\Users\Administrator\AppData\Local\Programs\Python\Python314\Lib\site-packages\asyncpg\prepared_stmt.py:268: in __bind_execute
    data, status, _ = await self.__do_execute(
C:\Users\Administrator\AppData\Local\Programs\Python\Python314\Lib\site-packages\asyncpg\prepared_stmt.py:257: in __do_execute
    return await executor(protocol)
           ^^^^^^^^^^^^^^^^^^^^^^^^
asyncpg/protocol/protocol.pyx:205: in bind_execute
    ???
E   asyncpg.exceptions.ForeignKeyViolationError: insert or update on table "automation_requests" violates foreign key constraint "automation_requests_policy_id_fkey"
E   DETAIL:  Key (policy_id)=(1c5e7e5b-e3d4-4df7-b404-4603c343189b) is not present in table "policies".

The above exception was the direct cause of the following exception:
C:\Users\Administrator\AppData\Local\Programs\Python\Python314\Lib\site-packages\sqlalchemy\engine\base.py:1969: in _exec_single_context
    self.dialect.do_execute(
C:\Users\Administrator\AppData\Local\Programs\Python\Python314\Lib\site-packages\sqlalchemy\engine\default.py:952: in do_execute
    cursor.execute(statement, parameters)
C:\Users\Administrator\AppData\Local\Programs\Python\Python314\Lib\site-packages\sqlalchemy\dialects\postgresql\asyncpg.py:585: in execute
    self._adapt_connection.await_(
C:\Users\Administrator\AppData\Local\Programs\Python\Python314\Lib\site-packages\sqlalchemy\util\_concurrency_py3k.py:132: in await_only
    return current.parent.switch(awaitable)  # type: ignore[no-any-return,attr-defined] # noqa: E501
           ^^^^^^^^^^^^^^^^^^^^^^^^^^^^^^^^
C:\Users\Administrator\AppData\Local\Programs\Python\Python314\Lib\site-packages\sqlalchemy\util\_concurrency_py3k.py:196: in greenlet_spawn
    value = await result
            ^^^^^^^^^^^^
C:\Users\Administrator\AppData\Local\Programs\Python\Python314\Lib\site-packages\sqlalchemy\dialects\postgresql\asyncpg.py:563: in _prepare_and_execute
    self._handle_exception(error)
C:\Users\Administrator\AppData\Local\Programs\Python\Python314\Lib\site-packages\sqlalchemy\dialects\postgresql\asyncpg.py:513: in _handle_exception
    self._adapt_connection._handle_exception(error)
C:\Users\Administrator\AppData\Local\Programs\Python\Python314\Lib\site-packages\sqlalchemy\dialects\postgresql\asyncpg.py:797: in _handle_exception
    raise translated_error from error
E   sqlalchemy.dialects.postgresql.asyncpg.AsyncAdapt_asyncpg_dbapi.IntegrityError: <class 'asyncpg.exceptions.ForeignKeyViolationError'>: insert or update on table "automation_requests" violates foreign key constraint "automation_requests_policy_id_fkey"
E   DETAIL:  Key (policy_id)=(1c5e7e5b-e3d4-4df7-b404-4603c343189b) is not present in table "policies".

The above exception was the direct cause of the following exception:
tests\api\test_automation.py:85: in test_create_automation_request_admin
    response = await client.post(
C:\Users\Administrator\AppData\Local\Programs\Python\Python314\Lib\site-packages\httpx\_client.py:1859: in post
    return await self.request(
C:\Users\Administrator\AppData\Local\Programs\Python\Python314\Lib\site-packages\httpx\_client.py:1540: in request
    return await self.send(request, auth=auth, follow_redirects=follow_redirects)
           ^^^^^^^^^^^^^^^^^^^^^^^^^^^^^^^^^^^^^^^^^^^^^^^^^^^^^^^^^^^^^^^^^^^^^^
C:\Users\Administrator\AppData\Local\Programs\Python\Python314\Lib\site-packages\httpx\_client.py:1629: in send
    response = await self._send_handling_auth(
C:\Users\Administrator\AppData\Local\Programs\Python\Python314\Lib\site-packages\httpx\_client.py:1657: in _send_handling_auth
    response = await self._send_handling_redirects(
C:\Users\Administrator\AppData\Local\Programs\Python\Python314\Lib\site-packages\httpx\_client.py:1694: in _send_handling_redirects
    response = await self._send_single_request(request)
               ^^^^^^^^^^^^^^^^^^^^^^^^^^^^^^^^^^^^^^^^
C:\Users\Administrator\AppData\Local\Programs\Python\Python314\Lib\site-packages\httpx\_client.py:1730: in _send_single_request
    response = await transport.handle_async_request(request)
               ^^^^^^^^^^^^^^^^^^^^^^^^^^^^^^^^^^^^^^^^^^^^^
C:\Users\Administrator\AppData\Local\Programs\Python\Python314\Lib\site-packages\httpx\_transports\asgi.py:170: in handle_async_request
    await self.app(scope, receive, send)
C:\Users\Administrator\AppData\Local\Programs\Python\Python314\Lib\site-packages\fastapi\applications.py:1162: in __call__
    await super().__call__(scope, receive, send)
C:\Users\Administrator\AppData\Local\Programs\Python\Python314\Lib\site-packages\starlette\applications.py:90: in __call__
    await self.middleware_stack(scope, receive, send)
C:\Users\Administrator\AppData\Local\Programs\Python\Python314\Lib\site-packages\starlette\middleware\errors.py:186: in __call__
    raise exc
C:\Users\Administrator\AppData\Local\Programs\Python\Python314\Lib\site-packages\starlette\middleware\errors.py:164: in __call__
    await self.app(scope, receive, _send)
C:\Users\Administrator\AppData\Local\Programs\Python\Python314\Lib\site-packages\starlette\middleware\cors.py:88: in __call__
    await self.app(scope, receive, send)
C:\Users\Administrator\AppData\Local\Programs\Python\Python314\Lib\site-packages\starlette\middleware\exceptions.py:63: in __call__
    await wrap_app_handling_exceptions(self.app, conn)(scope, receive, send)
C:\Users\Administrator\AppData\Local\Programs\Python\Python314\Lib\site-packages\starlette\_exception_handler.py:53: in wrapped_app
    raise exc
C:\Users\Administrator\AppData\Local\Programs\Python\Python314\Lib\site-packages\starlette\_exception_handler.py:42: in wrapped_app
    await app(scope, receive, sender)
C:\Users\Administrator\AppData\Local\Programs\Python\Python314\Lib\site-packages\fastapi\middleware\asyncexitstack.py:18: in __call__
    await self.app(scope, receive, send)
C:\Users\Administrator\AppData\Local\Programs\Python\Python314\Lib\site-packages\starlette\routing.py:660: in __call__
    await self.middleware_stack(scope, receive, send)
C:\Users\Administrator\AppData\Local\Programs\Python\Python314\Lib\site-packages\starlette\routing.py:680: in app
    await route.handle(scope, receive, send)
C:\Users\Administrator\AppData\Local\Programs\Python\Python314\Lib\site-packages\fastapi\routing.py:1609: in handle
    await self.original_router.handle(scope, receive, send)
C:\Users\Administrator\AppData\Local\Programs\Python\Python314\Lib\site-packages\fastapi\routing.py:2047: in handle
    await included_router._handle_selected(scope, receive, send)
C:\Users\Administrator\AppData\Local\Programs\Python\Python314\Lib\site-packages\fastapi\routing.py:1629: in _handle_selected
    await original_route.handle(scope, receive, send)
C:\Users\Administrator\AppData\Local\Programs\Python\Python314\Lib\site-packages\fastapi\routing.py:1218: in handle
    await app(scope, receive, send)
C:\Users\Administrator\AppData\Local\Programs\Python\Python314\Lib\site-packages\fastapi\routing.py:143: in app
    await wrap_app_handling_exceptions(app, request)(scope, receive, send)
C:\Users\Administrator\AppData\Local\Programs\Python\Python314\Lib\site-packages\starlette\_exception_handler.py:53: in wrapped_app
    raise exc
C:\Users\Administrator\AppData\Local\Programs\Python\Python314\Lib\site-packages\starlette\_exception_handler.py:42: in wrapped_app
    await app(scope, receive, sender)
C:\Users\Administrator\AppData\Local\Programs\Python\Python314\Lib\site-packages\fastapi\routing.py:129: in app
    response = await f(request)
               ^^^^^^^^^^^^^^^^
C:\Users\Administrator\AppData\Local\Programs\Python\Python314\Lib\site-packages\fastapi\routing.py:683: in app
    raw_response = await run_endpoint_function(
C:\Users\Administrator\AppData\Local\Programs\Python\Python314\Lib\site-packages\fastapi\routing.py:337: in run_endpoint_function
    return await dependant.call(**values)
           ^^^^^^^^^^^^^^^^^^^^^^^^^^^^^^
api\v1\automation.py:41: in create_automation
    new_request = await service.create_automation_request(request, user_id=str(current_user.id))
                  ^^^^^^^^^^^^^^^^^^^^^^^^^^^^^^^^^^^^^^^^^^^^^^^^^^^^^^^^^^^^^^^^^^^^^^^^^^^^^^
services\automation.py:15: in create_automation_request
    request, execution = await self.repo.create_request(request_data, user_id)
                         ^^^^^^^^^^^^^^^^^^^^^^^^^^^^^^^^^^^^^^^^^^^^^^^^^^^^^
repositories\automation.py:24: in create_request
    await self.session.flush()
C:\Users\Administrator\AppData\Local\Programs\Python\Python314\Lib\site-packages\sqlalchemy\ext\asyncio\session.py:786: in flush
    await greenlet_spawn(self.sync_session.flush, objects=objects)
C:\Users\Administrator\AppData\Local\Programs\Python\Python314\Lib\site-packages\sqlalchemy\util\_concurrency_py3k.py:203: in greenlet_spawn
    result = context.switch(value)
             ^^^^^^^^^^^^^^^^^^^^^
C:\Users\Administrator\AppData\Local\Programs\Python\Python314\Lib\site-packages\sqlalchemy\orm\session.py:4352: in flush
    self._flush(objects)
C:\Users\Administrator\AppData\Local\Programs\Python\Python314\Lib\site-packages\sqlalchemy\orm\session.py:4487: in _flush
    with util.safe_reraise():
         ^^^^^^^^^^^^^^^^^^^
C:\Users\Administrator\AppData\Local\Programs\Python\Python314\Lib\site-packages\sqlalchemy\util\langhelpers.py:122: in __exit__
    raise exc_value.with_traceback(exc_tb)
C:\Users\Administrator\AppData\Local\Programs\Python\Python314\Lib\site-packages\sqlalchemy\orm\session.py:4448: in _flush
    flush_context.execute()
C:\Users\Administrator\AppData\Local\Programs\Python\Python314\Lib\site-packages\sqlalchemy\orm\unitofwork.py:465: in execute
    rec.execute(self)
C:\Users\Administrator\AppData\Local\Programs\Python\Python314\Lib\site-packages\sqlalchemy\orm\unitofwork.py:641: in execute
    util.preloaded.orm_persistence.save_obj(
C:\Users\Administrator\AppData\Local\Programs\Python\Python314\Lib\site-packages\sqlalchemy\orm\persistence.py:94: in save_obj
    _emit_insert_statements(
C:\Users\Administrator\AppData\Local\Programs\Python\Python314\Lib\site-packages\sqlalchemy\orm\persistence.py:1234: in _emit_insert_statements
    result = connection.execute(
C:\Users\Administrator\AppData\Local\Programs\Python\Python314\Lib\site-packages\sqlalchemy\engine\base.py:1421: in execute
    return meth(
C:\Users\Administrator\AppData\Local\Programs\Python\Python314\Lib\site-packages\sqlalchemy\sql\elements.py:526: in _execute_on_connection
    return connection._execute_clauseelement(
C:\Users\Administrator\AppData\Local\Programs\Python\Python314\Lib\site-packages\sqlalchemy\engine\base.py:1643: in _execute_clauseelement
    ret = self._execute_context(
C:\Users\Administrator\AppData\Local\Programs\Python\Python314\Lib\site-packages\sqlalchemy\engine\base.py:1848: in _execute_context
    return self._exec_single_context(
C:\Users\Administrator\AppData\Local\Programs\Python\Python314\Lib\site-packages\sqlalchemy\engine\base.py:1988: in _exec_single_context
    self._handle_dbapi_exception(
C:\Users\Administrator\AppData\Local\Programs\Python\Python314\Lib\site-packages\sqlalchemy\engine\base.py:2365: in _handle_dbapi_exception
    raise sqlalchemy_exception.with_traceback(exc_info[2]) from e
C:\Users\Administrator\AppData\Local\Programs\Python\Python314\Lib\site-packages\sqlalchemy\engine\base.py:1969: in _exec_single_context
    self.dialect.do_execute(
C:\Users\Administrator\AppData\Local\Programs\Python\Python314\Lib\site-packages\sqlalchemy\engine\default.py:952: in do_execute
    cursor.execute(statement, parameters)
C:\Users\Administrator\AppData\Local\Programs\Python\Python314\Lib\site-packages\sqlalchemy\dialects\postgresql\asyncpg.py:585: in execute
    self._adapt_connection.await_(
C:\Users\Administrator\AppData\Local\Programs\Python\Python314\Lib\site-packages\sqlalchemy\util\_concurrency_py3k.py:132: in await_only
    return current.parent.switch(awaitable)  # type: ignore[no-any-return,attr-defined] # noqa: E501
           ^^^^^^^^^^^^^^^^^^^^^^^^^^^^^^^^
C:\Users\Administrator\AppData\Local\Programs\Python\Python314\Lib\site-packages\sqlalchemy\util\_concurrency_py3k.py:196: in greenlet_spawn
    value = await result
            ^^^^^^^^^^^^
C:\Users\Administrator\AppData\Local\Programs\Python\Python314\Lib\site-packages\sqlalchemy\dialects\postgresql\asyncpg.py:563: in _prepare_and_execute
    self._handle_exception(error)
C:\Users\Administrator\AppData\Local\Programs\Python\Python314\Lib\site-packages\sqlalchemy\dialects\postgresql\asyncpg.py:513: in _handle_exception
    self._adapt_connection._handle_exception(error)
C:\Users\Administrator\AppData\Local\Programs\Python\Python314\Lib\site-packages\sqlalchemy\dialects\postgresql\asyncpg.py:797: in _handle_exception
    raise translated_error from error
E   sqlalchemy.exc.IntegrityError: (sqlalchemy.dialects.postgresql.asyncpg.IntegrityError) <class 'asyncpg.exceptions.ForeignKeyViolationError'>: insert or update on table "automation_requests" violates foreign key constraint "automation_requests_policy_id_fkey"
E   DETAIL:  Key (policy_id)=(1c5e7e5b-e3d4-4df7-b404-4603c343189b) is not present in table "policies".
E   [SQL: INSERT INTO automation_requests (id, policy_id, action, parameters, state, created_by) VALUES ($1::UUID, $2::UUID, $3::automationaction, $4::JSON, $5::automationstate, $6::VARCHAR) RETURNING automation_requests.created_at]
E   [parameters: (UUID('c009d0a1-27bd-41d2-b0b6-3c4366faab54'), UUID('1c5e7e5b-e3d4-4df7-b404-4603c343189b'), 'NOTIFY_WEBHOOK', '{"url": "http://example.com/webhook"}', 'PENDING', '5b62cb45-9ec4-4817-a2eb-49844c7bf65b')]
E   (Background on this error at: https://sqlalche.me/e/20/gkpj)
______________________ test_automation_worker_processing ______________________
C:\Users\Administrator\AppData\Local\Programs\Python\Python314\Lib\site-packages\sqlalchemy\dialects\postgresql\asyncpg.py:550: in _prepare_and_execute
    self._rows = deque(await prepared_stmt.fetch(*parameters))
                       ^^^^^^^^^^^^^^^^^^^^^^^^^^^^^^^^^^^^^^
C:\Users\Administrator\AppData\Local\Programs\Python\Python314\Lib\site-packages\asyncpg\prepared_stmt.py:177: in fetch
    data = await self.__bind_execute(args, 0, timeout)
           ^^^^^^^^^^^^^^^^^^^^^^^^^^^^^^^^^^^^^^^^^^^
C:\Users\Administrator\AppData\Local\Programs\Python\Python314\Lib\site-packages\asyncpg\prepared_stmt.py:268: in __bind_execute
    data, status, _ = await self.__do_execute(
C:\Users\Administrator\AppData\Local\Programs\Python\Python314\Lib\site-packages\asyncpg\prepared_stmt.py:257: in __do_execute
    return await executor(protocol)
           ^^^^^^^^^^^^^^^^^^^^^^^^
asyncpg/protocol/protocol.pyx:205: in bind_execute
    ???
E   asyncpg.exceptions.ForeignKeyViolationError: insert or update on table "automation_requests" violates foreign key constraint "automation_requests_policy_id_fkey"
E   DETAIL:  Key (policy_id)=(0449224f-3b9e-4371-93c4-ebf852678cf9) is not present in table "policies".

The above exception was the direct cause of the following exception:
C:\Users\Administrator\AppData\Local\Programs\Python\Python314\Lib\site-packages\sqlalchemy\engine\base.py:1969: in _exec_single_context
    self.dialect.do_execute(
C:\Users\Administrator\AppData\Local\Programs\Python\Python314\Lib\site-packages\sqlalchemy\engine\default.py:952: in do_execute
    cursor.execute(statement, parameters)
C:\Users\Administrator\AppData\Local\Programs\Python\Python314\Lib\site-packages\sqlalchemy\dialects\postgresql\asyncpg.py:585: in execute
    self._adapt_connection.await_(
C:\Users\Administrator\AppData\Local\Programs\Python\Python314\Lib\site-packages\sqlalchemy\util\_concurrency_py3k.py:132: in await_only
    return current.parent.switch(awaitable)  # type: ignore[no-any-return,attr-defined] # noqa: E501
           ^^^^^^^^^^^^^^^^^^^^^^^^^^^^^^^^
C:\Users\Administrator\AppData\Local\Programs\Python\Python314\Lib\site-packages\sqlalchemy\util\_concurrency_py3k.py:196: in greenlet_spawn
    value = await result
            ^^^^^^^^^^^^
C:\Users\Administrator\AppData\Local\Programs\Python\Python314\Lib\site-packages\sqlalchemy\dialects\postgresql\asyncpg.py:563: in _prepare_and_execute
    self._handle_exception(error)
C:\Users\Administrator\AppData\Local\Programs\Python\Python314\Lib\site-packages\sqlalchemy\dialects\postgresql\asyncpg.py:513: in _handle_exception
    self._adapt_connection._handle_exception(error)
C:\Users\Administrator\AppData\Local\Programs\Python\Python314\Lib\site-packages\sqlalchemy\dialects\postgresql\asyncpg.py:797: in _handle_exception
    raise translated_error from error
E   sqlalchemy.dialects.postgresql.asyncpg.AsyncAdapt_asyncpg_dbapi.IntegrityError: <class 'asyncpg.exceptions.ForeignKeyViolationError'>: insert or update on table "automation_requests" violates foreign key constraint "automation_requests_policy_id_fkey"
E   DETAIL:  Key (policy_id)=(0449224f-3b9e-4371-93c4-ebf852678cf9) is not present in table "policies".

The above exception was the direct cause of the following exception:
tests\api\test_automation.py:136: in test_automation_worker_processing
    response = await client.post(
C:\Users\Administrator\AppData\Local\Programs\Python\Python314\Lib\site-packages\httpx\_client.py:1859: in post
    return await self.request(
C:\Users\Administrator\AppData\Local\Programs\Python\Python314\Lib\site-packages\httpx\_client.py:1540: in request
    return await self.send(request, auth=auth, follow_redirects=follow_redirects)
           ^^^^^^^^^^^^^^^^^^^^^^^^^^^^^^^^^^^^^^^^^^^^^^^^^^^^^^^^^^^^^^^^^^^^^^
C:\Users\Administrator\AppData\Local\Programs\Python\Python314\Lib\site-packages\httpx\_client.py:1629: in send
    response = await self._send_handling_auth(
C:\Users\Administrator\AppData\Local\Programs\Python\Python314\Lib\site-packages\httpx\_client.py:1657: in _send_handling_auth
    response = await self._send_handling_redirects(
C:\Users\Administrator\AppData\Local\Programs\Python\Python314\Lib\site-packages\httpx\_client.py:1694: in _send_handling_redirects
    response = await self._send_single_request(request)
               ^^^^^^^^^^^^^^^^^^^^^^^^^^^^^^^^^^^^^^^^
C:\Users\Administrator\AppData\Local\Programs\Python\Python314\Lib\site-packages\httpx\_client.py:1730: in _send_single_request
    response = await transport.handle_async_request(request)
               ^^^^^^^^^^^^^^^^^^^^^^^^^^^^^^^^^^^^^^^^^^^^^
C:\Users\Administrator\AppData\Local\Programs\Python\Python314\Lib\site-packages\httpx\_transports\asgi.py:170: in handle_async_request
    await self.app(scope, receive, send)
C:\Users\Administrator\AppData\Local\Programs\Python\Python314\Lib\site-packages\fastapi\applications.py:1162: in __call__
    await super().__call__(scope, receive, send)
C:\Users\Administrator\AppData\Local\Programs\Python\Python314\Lib\site-packages\starlette\applications.py:90: in __call__
    await self.middleware_stack(scope, receive, send)
C:\Users\Administrator\AppData\Local\Programs\Python\Python314\Lib\site-packages\starlette\middleware\errors.py:186: in __call__
    raise exc
C:\Users\Administrator\AppData\Local\Programs\Python\Python314\Lib\site-packages\starlette\middleware\errors.py:164: in __call__
    await self.app(scope, receive, _send)
C:\Users\Administrator\AppData\Local\Programs\Python\Python314\Lib\site-packages\starlette\middleware\cors.py:88: in __call__
    await self.app(scope, receive, send)
C:\Users\Administrator\AppData\Local\Programs\Python\Python314\Lib\site-packages\starlette\middleware\exceptions.py:63: in __call__
    await wrap_app_handling_exceptions(self.app, conn)(scope, receive, send)
C:\Users\Administrator\AppData\Local\Programs\Python\Python314\Lib\site-packages\starlette\_exception_handler.py:53: in wrapped_app
    raise exc
C:\Users\Administrator\AppData\Local\Programs\Python\Python314\Lib\site-packages\starlette\_exception_handler.py:42: in wrapped_app
    await app(scope, receive, sender)
C:\Users\Administrator\AppData\Local\Programs\Python\Python314\Lib\site-packages\fastapi\middleware\asyncexitstack.py:18: in __call__
    await self.app(scope, receive, send)
C:\Users\Administrator\AppData\Local\Programs\Python\Python314\Lib\site-packages\starlette\routing.py:660: in __call__
    await self.middleware_stack(scope, receive, send)
C:\Users\Administrator\AppData\Local\Programs\Python\Python314\Lib\site-packages\starlette\routing.py:680: in app
    await route.handle(scope, receive, send)
C:\Users\Administrator\AppData\Local\Programs\Python\Python314\Lib\site-packages\fastapi\routing.py:1609: in handle
    await self.original_router.handle(scope, receive, send)
C:\Users\Administrator\AppData\Local\Programs\Python\Python314\Lib\site-packages\fastapi\routing.py:2047: in handle
    await included_router._handle_selected(scope, receive, send)
C:\Users\Administrator\AppData\Local\Programs\Python\Python314\Lib\site-packages\fastapi\routing.py:1629: in _handle_selected
    await original_route.handle(scope, receive, send)
C:\Users\Administrator\AppData\Local\Programs\Python\Python314\Lib\site-packages\fastapi\routing.py:1218: in handle
    await app(scope, receive, send)
C:\Users\Administrator\AppData\Local\Programs\Python\Python314\Lib\site-packages\fastapi\routing.py:143: in app
    await wrap_app_handling_exceptions(app, request)(scope, receive, send)
C:\Users\Administrator\AppData\Local\Programs\Python\Python314\Lib\site-packages\starlette\_exception_handler.py:53: in wrapped_app
    raise exc
C:\Users\Administrator\AppData\Local\Programs\Python\Python314\Lib\site-packages\starlette\_exception_handler.py:42: in wrapped_app
    await app(scope, receive, sender)
C:\Users\Administrator\AppData\Local\Programs\Python\Python314\Lib\site-packages\fastapi\routing.py:129: in app
    response = await f(request)
               ^^^^^^^^^^^^^^^^
C:\Users\Administrator\AppData\Local\Programs\Python\Python314\Lib\site-packages\fastapi\routing.py:683: in app
    raw_response = await run_endpoint_function(
C:\Users\Administrator\AppData\Local\Programs\Python\Python314\Lib\site-packages\fastapi\routing.py:337: in run_endpoint_function
    return await dependant.call(**values)
           ^^^^^^^^^^^^^^^^^^^^^^^^^^^^^^
api\v1\automation.py:41: in create_automation
    new_request = await service.create_automation_request(request, user_id=str(current_user.id))
                  ^^^^^^^^^^^^^^^^^^^^^^^^^^^^^^^^^^^^^^^^^^^^^^^^^^^^^^^^^^^^^^^^^^^^^^^^^^^^^^
services\automation.py:15: in create_automation_request
    request, execution = await self.repo.create_request(request_data, user_id)
                         ^^^^^^^^^^^^^^^^^^^^^^^^^^^^^^^^^^^^^^^^^^^^^^^^^^^^^
repositories\automation.py:24: in create_request
    await self.session.flush()
C:\Users\Administrator\AppData\Local\Programs\Python\Python314\Lib\site-packages\sqlalchemy\ext\asyncio\session.py:786: in flush
    await greenlet_spawn(self.sync_session.flush, objects=objects)
C:\Users\Administrator\AppData\Local\Programs\Python\Python314\Lib\site-packages\sqlalchemy\util\_concurrency_py3k.py:203: in greenlet_spawn
    result = context.switch(value)
             ^^^^^^^^^^^^^^^^^^^^^
C:\Users\Administrator\AppData\Local\Programs\Python\Python314\Lib\site-packages\sqlalchemy\orm\session.py:4352: in flush
    self._flush(objects)
C:\Users\Administrator\AppData\Local\Programs\Python\Python314\Lib\site-packages\sqlalchemy\orm\session.py:4487: in _flush
    with util.safe_reraise():
         ^^^^^^^^^^^^^^^^^^^
C:\Users\Administrator\AppData\Local\Programs\Python\Python314\Lib\site-packages\sqlalchemy\util\langhelpers.py:122: in __exit__
    raise exc_value.with_traceback(exc_tb)
C:\Users\Administrator\AppData\Local\Programs\Python\Python314\Lib\site-packages\sqlalchemy\orm\session.py:4448: in _flush
    flush_context.execute()
C:\Users\Administrator\AppData\Local\Programs\Python\Python314\Lib\site-packages\sqlalchemy\orm\unitofwork.py:465: in execute
    rec.execute(self)
C:\Users\Administrator\AppData\Local\Programs\Python\Python314\Lib\site-packages\sqlalchemy\orm\unitofwork.py:641: in execute
    util.preloaded.orm_persistence.save_obj(
C:\Users\Administrator\AppData\Local\Programs\Python\Python314\Lib\site-packages\sqlalchemy\orm\persistence.py:94: in save_obj
    _emit_insert_statements(
C:\Users\Administrator\AppData\Local\Programs\Python\Python314\Lib\site-packages\sqlalchemy\orm\persistence.py:1234: in _emit_insert_statements
    result = connection.execute(
C:\Users\Administrator\AppData\Local\Programs\Python\Python314\Lib\site-packages\sqlalchemy\engine\base.py:1421: in execute
    return meth(
C:\Users\Administrator\AppData\Local\Programs\Python\Python314\Lib\site-packages\sqlalchemy\sql\elements.py:526: in _execute_on_connection
    return connection._execute_clauseelement(
C:\Users\Administrator\AppData\Local\Programs\Python\Python314\Lib\site-packages\sqlalchemy\engine\base.py:1643: in _execute_clauseelement
    ret = self._execute_context(
C:\Users\Administrator\AppData\Local\Programs\Python\Python314\Lib\site-packages\sqlalchemy\engine\base.py:1848: in _execute_context
    return self._exec_single_context(
C:\Users\Administrator\AppData\Local\Programs\Python\Python314\Lib\site-packages\sqlalchemy\engine\base.py:1988: in _exec_single_context
    self._handle_dbapi_exception(
C:\Users\Administrator\AppData\Local\Programs\Python\Python314\Lib\site-packages\sqlalchemy\engine\base.py:2365: in _handle_dbapi_exception
    raise sqlalchemy_exception.with_traceback(exc_info[2]) from e
C:\Users\Administrator\AppData\Local\Programs\Python\Python314\Lib\site-packages\sqlalchemy\engine\base.py:1969: in _exec_single_context
    self.dialect.do_execute(
C:\Users\Administrator\AppData\Local\Programs\Python\Python314\Lib\site-packages\sqlalchemy\engine\default.py:952: in do_execute
    cursor.execute(statement, parameters)
C:\Users\Administrator\AppData\Local\Programs\Python\Python314\Lib\site-packages\sqlalchemy\dialects\postgresql\asyncpg.py:585: in execute
    self._adapt_connection.await_(
C:\Users\Administrator\AppData\Local\Programs\Python\Python314\Lib\site-packages\sqlalchemy\util\_concurrency_py3k.py:132: in await_only
    return current.parent.switch(awaitable)  # type: ignore[no-any-return,attr-defined] # noqa: E501
           ^^^^^^^^^^^^^^^^^^^^^^^^^^^^^^^^
C:\Users\Administrator\AppData\Local\Programs\Python\Python314\Lib\site-packages\sqlalchemy\util\_concurrency_py3k.py:196: in greenlet_spawn
    value = await result
            ^^^^^^^^^^^^
C:\Users\Administrator\AppData\Local\Programs\Python\Python314\Lib\site-packages\sqlalchemy\dialects\postgresql\asyncpg.py:563: in _prepare_and_execute
    self._handle_exception(error)
C:\Users\Administrator\AppData\Local\Programs\Python\Python314\Lib\site-packages\sqlalchemy\dialects\postgresql\asyncpg.py:513: in _handle_exception
    self._adapt_connection._handle_exception(error)
C:\Users\Administrator\AppData\Local\Programs\Python\Python314\Lib\site-packages\sqlalchemy\dialects\postgresql\asyncpg.py:797: in _handle_exception
    raise translated_error from error
E   sqlalchemy.exc.IntegrityError: (sqlalchemy.dialects.postgresql.asyncpg.IntegrityError) <class 'asyncpg.exceptions.ForeignKeyViolationError'>: insert or update on table "automation_requests" violates foreign key constraint "automation_requests_policy_id_fkey"
E   DETAIL:  Key (policy_id)=(0449224f-3b9e-4371-93c4-ebf852678cf9) is not present in table "policies".
E   [SQL: INSERT INTO automation_requests (id, policy_id, action, parameters, state, created_by) VALUES ($1::UUID, $2::UUID, $3::automationaction, $4::JSON, $5::automationstate, $6::VARCHAR) RETURNING automation_requests.created_at]
E   [parameters: (UUID('5c6b84c3-f395-4c24-abe5-5da368fbe565'), UUID('0449224f-3b9e-4371-93c4-ebf852678cf9'), 'LOG_ACTION', '{"message": "test"}', 'PENDING', '3a0d9f51-ae9b-459d-9152-9f75febde565')]
E   (Background on this error at: https://sqlalche.me/e/20/gkpj)
________________________ test_performance_no_blocking _________________________
C:\Users\Administrator\AppData\Local\Programs\Python\Python314\Lib\site-packages\sqlalchemy\dialects\postgresql\asyncpg.py:550: in _prepare_and_execute
    self._rows = deque(await prepared_stmt.fetch(*parameters))
                       ^^^^^^^^^^^^^^^^^^^^^^^^^^^^^^^^^^^^^^
C:\Users\Administrator\AppData\Local\Programs\Python\Python314\Lib\site-packages\asyncpg\prepared_stmt.py:177: in fetch
    data = await self.__bind_execute(args, 0, timeout)
           ^^^^^^^^^^^^^^^^^^^^^^^^^^^^^^^^^^^^^^^^^^^
C:\Users\Administrator\AppData\Local\Programs\Python\Python314\Lib\site-packages\asyncpg\prepared_stmt.py:268: in __bind_execute
    data, status, _ = await self.__do_execute(
C:\Users\Administrator\AppData\Local\Programs\Python\Python314\Lib\site-packages\asyncpg\prepared_stmt.py:257: in __do_execute
    return await executor(protocol)
           ^^^^^^^^^^^^^^^^^^^^^^^^
asyncpg/protocol/protocol.pyx:205: in bind_execute
    ???
E   asyncpg.exceptions.ForeignKeyViolationError: insert or update on table "automation_requests" violates foreign key constraint "automation_requests_policy_id_fkey"
E   DETAIL:  Key (policy_id)=(89ed0a3b-d7f3-468b-ab9d-447e76bff6b9) is not present in table "policies".

The above exception was the direct cause of the following exception:
C:\Users\Administrator\AppData\Local\Programs\Python\Python314\Lib\site-packages\sqlalchemy\engine\base.py:1969: in _exec_single_context
    self.dialect.do_execute(
C:\Users\Administrator\AppData\Local\Programs\Python\Python314\Lib\site-packages\sqlalchemy\engine\default.py:952: in do_execute
    cursor.execute(statement, parameters)
C:\Users\Administrator\AppData\Local\Programs\Python\Python314\Lib\site-packages\sqlalchemy\dialects\postgresql\asyncpg.py:585: in execute
    self._adapt_connection.await_(
C:\Users\Administrator\AppData\Local\Programs\Python\Python314\Lib\site-packages\sqlalchemy\util\_concurrency_py3k.py:132: in await_only
    return current.parent.switch(awaitable)  # type: ignore[no-any-return,attr-defined] # noqa: E501
           ^^^^^^^^^^^^^^^^^^^^^^^^^^^^^^^^
C:\Users\Administrator\AppData\Local\Programs\Python\Python314\Lib\site-packages\sqlalchemy\util\_concurrency_py3k.py:196: in greenlet_spawn
    value = await result
            ^^^^^^^^^^^^
C:\Users\Administrator\AppData\Local\Programs\Python\Python314\Lib\site-packages\sqlalchemy\dialects\postgresql\asyncpg.py:563: in _prepare_and_execute
    self._handle_exception(error)
C:\Users\Administrator\AppData\Local\Programs\Python\Python314\Lib\site-packages\sqlalchemy\dialects\postgresql\asyncpg.py:513: in _handle_exception
    self._adapt_connection._handle_exception(error)
C:\Users\Administrator\AppData\Local\Programs\Python\Python314\Lib\site-packages\sqlalchemy\dialects\postgresql\asyncpg.py:797: in _handle_exception
    raise translated_error from error
E   sqlalchemy.dialects.postgresql.asyncpg.AsyncAdapt_asyncpg_dbapi.IntegrityError: <class 'asyncpg.exceptions.ForeignKeyViolationError'>: insert or update on table "automation_requests" violates foreign key constraint "automation_requests_policy_id_fkey"
E   DETAIL:  Key (policy_id)=(89ed0a3b-d7f3-468b-ab9d-447e76bff6b9) is not present in table "policies".

The above exception was the direct cause of the following exception:
tests\api\test_automation.py:164: in test_performance_no_blocking
    resp = await client.post("/api/v1/automation", headers=admin_headers, json=payload)
           ^^^^^^^^^^^^^^^^^^^^^^^^^^^^^^^^^^^^^^^^^^^^^^^^^^^^^^^^^^^^^^^^^^^^^^^^^^^^
C:\Users\Administrator\AppData\Local\Programs\Python\Python314\Lib\site-packages\httpx\_client.py:1859: in post
    return await self.request(
C:\Users\Administrator\AppData\Local\Programs\Python\Python314\Lib\site-packages\httpx\_client.py:1540: in request
    return await self.send(request, auth=auth, follow_redirects=follow_redirects)
           ^^^^^^^^^^^^^^^^^^^^^^^^^^^^^^^^^^^^^^^^^^^^^^^^^^^^^^^^^^^^^^^^^^^^^^
C:\Users\Administrator\AppData\Local\Programs\Python\Python314\Lib\site-packages\httpx\_client.py:1629: in send
    response = await self._send_handling_auth(
C:\Users\Administrator\AppData\Local\Programs\Python\Python314\Lib\site-packages\httpx\_client.py:1657: in _send_handling_auth
    response = await self._send_handling_redirects(
C:\Users\Administrator\AppData\Local\Programs\Python\Python314\Lib\site-packages\httpx\_client.py:1694: in _send_handling_redirects
    response = await self._send_single_request(request)
               ^^^^^^^^^^^^^^^^^^^^^^^^^^^^^^^^^^^^^^^^
C:\Users\Administrator\AppData\Local\Programs\Python\Python314\Lib\site-packages\httpx\_client.py:1730: in _send_single_request
    response = await transport.handle_async_request(request)
               ^^^^^^^^^^^^^^^^^^^^^^^^^^^^^^^^^^^^^^^^^^^^^
C:\Users\Administrator\AppData\Local\Programs\Python\Python314\Lib\site-packages\httpx\_transports\asgi.py:170: in handle_async_request
    await self.app(scope, receive, send)
C:\Users\Administrator\AppData\Local\Programs\Python\Python314\Lib\site-packages\fastapi\applications.py:1162: in __call__
    await super().__call__(scope, receive, send)
C:\Users\Administrator\AppData\Local\Programs\Python\Python314\Lib\site-packages\starlette\applications.py:90: in __call__
    await self.middleware_stack(scope, receive, send)
C:\Users\Administrator\AppData\Local\Programs\Python\Python314\Lib\site-packages\starlette\middleware\errors.py:186: in __call__
    raise exc
C:\Users\Administrator\AppData\Local\Programs\Python\Python314\Lib\site-packages\starlette\middleware\errors.py:164: in __call__
    await self.app(scope, receive, _send)
C:\Users\Administrator\AppData\Local\Programs\Python\Python314\Lib\site-packages\starlette\middleware\cors.py:88: in __call__
    await self.app(scope, receive, send)
C:\Users\Administrator\AppData\Local\Programs\Python\Python314\Lib\site-packages\starlette\middleware\exceptions.py:63: in __call__
    await wrap_app_handling_exceptions(self.app, conn)(scope, receive, send)
C:\Users\Administrator\AppData\Local\Programs\Python\Python314\Lib\site-packages\starlette\_exception_handler.py:53: in wrapped_app
    raise exc
C:\Users\Administrator\AppData\Local\Programs\Python\Python314\Lib\site-packages\starlette\_exception_handler.py:42: in wrapped_app
    await app(scope, receive, sender)
C:\Users\Administrator\AppData\Local\Programs\Python\Python314\Lib\site-packages\fastapi\middleware\asyncexitstack.py:18: in __call__
    await self.app(scope, receive, send)
C:\Users\Administrator\AppData\Local\Programs\Python\Python314\Lib\site-packages\starlette\routing.py:660: in __call__
    await self.middleware_stack(scope, receive, send)
C:\Users\Administrator\AppData\Local\Programs\Python\Python314\Lib\site-packages\starlette\routing.py:680: in app
    await route.handle(scope, receive, send)
C:\Users\Administrator\AppData\Local\Programs\Python\Python314\Lib\site-packages\fastapi\routing.py:1609: in handle
    await self.original_router.handle(scope, receive, send)
C:\Users\Administrator\AppData\Local\Programs\Python\Python314\Lib\site-packages\fastapi\routing.py:2047: in handle
    await included_router._handle_selected(scope, receive, send)
C:\Users\Administrator\AppData\Local\Programs\Python\Python314\Lib\site-packages\fastapi\routing.py:1629: in _handle_selected
    await original_route.handle(scope, receive, send)
C:\Users\Administrator\AppData\Local\Programs\Python\Python314\Lib\site-packages\fastapi\routing.py:1218: in handle
    await app(scope, receive, send)
C:\Users\Administrator\AppData\Local\Programs\Python\Python314\Lib\site-packages\fastapi\routing.py:143: in app
    await wrap_app_handling_exceptions(app, request)(scope, receive, send)
C:\Users\Administrator\AppData\Local\Programs\Python\Python314\Lib\site-packages\starlette\_exception_handler.py:53: in wrapped_app
    raise exc
C:\Users\Administrator\AppData\Local\Programs\Python\Python314\Lib\site-packages\starlette\_exception_handler.py:42: in wrapped_app
    await app(scope, receive, sender)
C:\Users\Administrator\AppData\Local\Programs\Python\Python314\Lib\site-packages\fastapi\routing.py:129: in app
    response = await f(request)
               ^^^^^^^^^^^^^^^^
C:\Users\Administrator\AppData\Local\Programs\Python\Python314\Lib\site-packages\fastapi\routing.py:683: in app
    raw_response = await run_endpoint_function(
C:\Users\Administrator\AppData\Local\Programs\Python\Python314\Lib\site-packages\fastapi\routing.py:337: in run_endpoint_function
    return await dependant.call(**values)
           ^^^^^^^^^^^^^^^^^^^^^^^^^^^^^^
api\v1\automation.py:41: in create_automation
    new_request = await service.create_automation_request(request, user_id=str(current_user.id))
                  ^^^^^^^^^^^^^^^^^^^^^^^^^^^^^^^^^^^^^^^^^^^^^^^^^^^^^^^^^^^^^^^^^^^^^^^^^^^^^^
services\automation.py:15: in create_automation_request
    request, execution = await self.repo.create_request(request_data, user_id)
                         ^^^^^^^^^^^^^^^^^^^^^^^^^^^^^^^^^^^^^^^^^^^^^^^^^^^^^
repositories\automation.py:24: in create_request
    await self.session.flush()
C:\Users\Administrator\AppData\Local\Programs\Python\Python314\Lib\site-packages\sqlalchemy\ext\asyncio\session.py:786: in flush
    await greenlet_spawn(self.sync_session.flush, objects=objects)
C:\Users\Administrator\AppData\Local\Programs\Python\Python314\Lib\site-packages\sqlalchemy\util\_concurrency_py3k.py:203: in greenlet_spawn
    result = context.switch(value)
             ^^^^^^^^^^^^^^^^^^^^^
C:\Users\Administrator\AppData\Local\Programs\Python\Python314\Lib\site-packages\sqlalchemy\orm\session.py:4352: in flush
    self._flush(objects)
C:\Users\Administrator\AppData\Local\Programs\Python\Python314\Lib\site-packages\sqlalchemy\orm\session.py:4487: in _flush
    with util.safe_reraise():
         ^^^^^^^^^^^^^^^^^^^
C:\Users\Administrator\AppData\Local\Programs\Python\Python314\Lib\site-packages\sqlalchemy\util\langhelpers.py:122: in __exit__
    raise exc_value.with_traceback(exc_tb)
C:\Users\Administrator\AppData\Local\Programs\Python\Python314\Lib\site-packages\sqlalchemy\orm\session.py:4448: in _flush
    flush_context.execute()
C:\Users\Administrator\AppData\Local\Programs\Python\Python314\Lib\site-packages\sqlalchemy\orm\unitofwork.py:465: in execute
    rec.execute(self)
C:\Users\Administrator\AppData\Local\Programs\Python\Python314\Lib\site-packages\sqlalchemy\orm\unitofwork.py:641: in execute
    util.preloaded.orm_persistence.save_obj(
C:\Users\Administrator\AppData\Local\Programs\Python\Python314\Lib\site-packages\sqlalchemy\orm\persistence.py:94: in save_obj
    _emit_insert_statements(
C:\Users\Administrator\AppData\Local\Programs\Python\Python314\Lib\site-packages\sqlalchemy\orm\persistence.py:1234: in _emit_insert_statements
    result = connection.execute(
C:\Users\Administrator\AppData\Local\Programs\Python\Python314\Lib\site-packages\sqlalchemy\engine\base.py:1421: in execute
    return meth(
C:\Users\Administrator\AppData\Local\Programs\Python\Python314\Lib\site-packages\sqlalchemy\sql\elements.py:526: in _execute_on_connection
    return connection._execute_clauseelement(
C:\Users\Administrator\AppData\Local\Programs\Python\Python314\Lib\site-packages\sqlalchemy\engine\base.py:1643: in _execute_clauseelement
    ret = self._execute_context(
C:\Users\Administrator\AppData\Local\Programs\Python\Python314\Lib\site-packages\sqlalchemy\engine\base.py:1848: in _execute_context
    return self._exec_single_context(
C:\Users\Administrator\AppData\Local\Programs\Python\Python314\Lib\site-packages\sqlalchemy\engine\base.py:1988: in _exec_single_context
    self._handle_dbapi_exception(
C:\Users\Administrator\AppData\Local\Programs\Python\Python314\Lib\site-packages\sqlalchemy\engine\base.py:2365: in _handle_dbapi_exception
    raise sqlalchemy_exception.with_traceback(exc_info[2]) from e
C:\Users\Administrator\AppData\Local\Programs\Python\Python314\Lib\site-packages\sqlalchemy\engine\base.py:1969: in _exec_single_context
    self.dialect.do_execute(
C:\Users\Administrator\AppData\Local\Programs\Python\Python314\Lib\site-packages\sqlalchemy\engine\default.py:952: in do_execute
    cursor.execute(statement, parameters)
C:\Users\Administrator\AppData\Local\Programs\Python\Python314\Lib\site-packages\sqlalchemy\dialects\postgresql\asyncpg.py:585: in execute
    self._adapt_connection.await_(
C:\Users\Administrator\AppData\Local\Programs\Python\Python314\Lib\site-packages\sqlalchemy\util\_concurrency_py3k.py:132: in await_only
    return current.parent.switch(awaitable)  # type: ignore[no-any-return,attr-defined] # noqa: E501
           ^^^^^^^^^^^^^^^^^^^^^^^^^^^^^^^^
C:\Users\Administrator\AppData\Local\Programs\Python\Python314\Lib\site-packages\sqlalchemy\util\_concurrency_py3k.py:196: in greenlet_spawn
    value = await result
            ^^^^^^^^^^^^
C:\Users\Administrator\AppData\Local\Programs\Python\Python314\Lib\site-packages\sqlalchemy\dialects\postgresql\asyncpg.py:563: in _prepare_and_execute
    self._handle_exception(error)
C:\Users\Administrator\AppData\Local\Programs\Python\Python314\Lib\site-packages\sqlalchemy\dialects\postgresql\asyncpg.py:513: in _handle_exception
    self._adapt_connection._handle_exception(error)
C:\Users\Administrator\AppData\Local\Programs\Python\Python314\Lib\site-packages\sqlalchemy\dialects\postgresql\asyncpg.py:797: in _handle_exception
    raise translated_error from error
E   sqlalchemy.exc.IntegrityError: (sqlalchemy.dialects.postgresql.asyncpg.IntegrityError) <class 'asyncpg.exceptions.ForeignKeyViolationError'>: insert or update on table "automation_requests" violates foreign key constraint "automation_requests_policy_id_fkey"
E   DETAIL:  Key (policy_id)=(89ed0a3b-d7f3-468b-ab9d-447e76bff6b9) is not present in table "policies".
E   [SQL: INSERT INTO automation_requests (id, policy_id, action, parameters, state, created_by) VALUES ($1::UUID, $2::UUID, $3::automationaction, $4::JSON, $5::automationstate, $6::VARCHAR) RETURNING automation_requests.created_at]
E   [parameters: (UUID('f7356fd4-f2cc-4e62-9bcd-c765534de6b0'), UUID('89ed0a3b-d7f3-468b-ab9d-447e76bff6b9'), 'LOG_ACTION', '{"test": "perf"}', 'PENDING', 'f3720cf5-a079-4fb7-8caa-f0da35d5b77c')]
E   (Background on this error at: https://sqlalche.me/e/20/gkpj)
______________________________ test_create_case _______________________________
tests\api\test_cases.py:127: in test_create_case
    assert response.status_code == 201
E   assert 403 == 201
E    +  where 403 = <Response [403 Forbidden]>.status_code
---------------------------- Captured stderr call -----------------------------
--- Logging error ---
Traceback (most recent call last):
  File "C:\Users\Administrator\AppData\Local\Programs\Python\Python314\Lib\logging\__init__.py", line 1151, in emit
    msg = self.format(record)
  File "C:\Users\Administrator\AppData\Local\Programs\Python\Python314\Lib\logging\__init__.py", line 999, in format
    return fmt.format(record)
           ~~~~~~~~~~^^^^^^^^
  File "C:\Users\Administrator\AppData\Local\Programs\Python\Python314\Lib\site-packages\pythonjsonlogger\jsonlogger.py", line 243, in format
    self.add_fields(log_record, record, message_dict)
    ~~~~~~~~~~~~~~~^^^^^^^^^^^^^^^^^^^^^^^^^^^^^^^^^^
  File "C:\Users\Administrator\AppData\Local\Programs\Python\Python314\Lib\site-packages\pythonjsonlogger\jsonlogger.py", line 191, in add_fields
    self._perform_rename_log_fields(log_record)
    ~~~~~~~~~~~~~~~~~~~~~~~~~~~~~~~^^^^^^^^^^^^
  File "C:\Users\Administrator\AppData\Local\Programs\Python\Python314\Lib\site-packages\pythonjsonlogger\jsonlogger.py", line 195, in _perform_rename_log_fields
    log_record[new_field_name] = log_record[old_field_name]
                                 ~~~~~~~~~~^^^^^^^^^^^^^^^^
KeyError: 'levelname'
Call stack:
  File "<frozen runpy>", line 203, in _run_module_as_main
  File "<frozen runpy>", line 88, in _run_code
  File "C:\Users\Administrator\AppData\Local\Programs\Python\Python314\Scripts\pytest.exe\__main__.py", line 5, in <module>
    sys.exit(_console_main())
  File "C:\Users\Administrator\AppData\Local\Programs\Python\Python314\Lib\site-packages\_pytest\config\__init__.py", line 253, in _console_main
    code = _main(prog=_get_prog_name(sys.argv))
  File "C:\Users\Administrator\AppData\Local\Programs\Python\Python314\Lib\site-packages\_pytest\config\__init__.py", line 229, in _main
    ret: ExitCode | int = config.hook.pytest_cmdline_main(config=config)
  File "C:\Users\Administrator\AppData\Local\Programs\Python\Python314\Lib\site-packages\pluggy\_hooks.py", line 512, in __call__
    return self._hookexec(self.name, self._hookimpls.copy(), kwargs, firstresult)
  File "C:\Users\Administrator\AppData\Local\Programs\Python\Python314\Lib\site-packages\pluggy\_manager.py", line 120, in _hookexec
    return self._inner_hookexec(hook_name, methods, kwargs, firstresult)
  File "C:\Users\Administrator\AppData\Local\Programs\Python\Python314\Lib\site-packages\pluggy\_callers.py", line 121, in _multicall
    res = hook_impl.function(*args)
  File "C:\Users\Administrator\AppData\Local\Programs\Python\Python314\Lib\site-packages\_pytest\main.py", line 377, in pytest_cmdline_main
    return wrap_session(config, _main)
  File "C:\Users\Administrator\AppData\Local\Programs\Python\Python314\Lib\site-packages\_pytest\main.py", line 330, in wrap_session
    session.exitstatus = doit(config, session) or 0
  File "C:\Users\Administrator\AppData\Local\Programs\Python\Python314\Lib\site-packages\_pytest\main.py", line 384, in _main
    config.hook.pytest_runtestloop(session=session)
  File "C:\Users\Administrator\AppData\Local\Programs\Python\Python314\Lib\site-packages\pluggy\_hooks.py", line 512, in __call__
    return self._hookexec(self.name, self._hookimpls.copy(), kwargs, firstresult)
  File "C:\Users\Administrator\AppData\Local\Programs\Python\Python314\Lib\site-packages\pluggy\_manager.py", line 120, in _hookexec
    return self._inner_hookexec(hook_name, methods, kwargs, firstresult)
  File "C:\Users\Administrator\AppData\Local\Programs\Python\Python314\Lib\site-packages\pluggy\_callers.py", line 121, in _multicall
    res = hook_impl.function(*args)
  File "C:\Users\Administrator\AppData\Local\Programs\Python\Python314\Lib\site-packages\_pytest\main.py", line 408, in pytest_runtestloop
    item.config.hook.pytest_runtest_protocol(item=item, nextitem=nextitem)
  File "C:\Users\Administrator\AppData\Local\Programs\Python\Python314\Lib\site-packages\pluggy\_hooks.py", line 512, in __call__
    return self._hookexec(self.name, self._hookimpls.copy(), kwargs, firstresult)
  File "C:\Users\Administrator\AppData\Local\Programs\Python\Python314\Lib\site-packages\pluggy\_manager.py", line 120, in _hookexec
    return self._inner_hookexec(hook_name, methods, kwargs, firstresult)
  File "C:\Users\Administrator\AppData\Local\Programs\Python\Python314\Lib\site-packages\pluggy\_callers.py", line 121, in _multicall
    res = hook_impl.function(*args)
  File "C:\Users\Administrator\AppData\Local\Programs\Python\Python314\Lib\site-packages\_pytest\runner.py", line 118, in pytest_runtest_protocol
    runtestprotocol(item, nextitem=nextitem)
  File "C:\Users\Administrator\AppData\Local\Programs\Python\Python314\Lib\site-packages\_pytest\runner.py", line 139, in runtestprotocol
    reports.append(call_and_report(item, "call", log))
  File "C:\Users\Administrator\AppData\Local\Programs\Python\Python314\Lib\site-packages\_pytest\runner.py", line 249, in call_and_report
    call = CallInfo.from_call(
  File "C:\Users\Administrator\AppData\Local\Programs\Python\Python314\Lib\site-packages\_pytest\runner.py", line 361, in from_call
    result: TResult | None = func()
  File "C:\Users\Administrator\AppData\Local\Programs\Python\Python314\Lib\site-packages\_pytest\runner.py", line 250, in <lambda>
    lambda: runtest_hook(item=item, **kwds),
  File "C:\Users\Administrator\AppData\Local\Programs\Python\Python314\Lib\site-packages\pluggy\_hooks.py", line 512, in __call__
    return self._hookexec(self.name, self._hookimpls.copy(), kwargs, firstresult)
  File "C:\Users\Administrator\AppData\Local\Programs\Python\Python314\Lib\site-packages\pluggy\_manager.py", line 120, in _hookexec
    return self._inner_hookexec(hook_name, methods, kwargs, firstresult)
  File "C:\Users\Administrator\AppData\Local\Programs\Python\Python314\Lib\site-packages\pluggy\_callers.py", line 121, in _multicall
    res = hook_impl.function(*args)
  File "C:\Users\Administrator\AppData\Local\Programs\Python\Python314\Lib\site-packages\_pytest\runner.py", line 184, in pytest_runtest_call
    item.runtest()
  File "C:\Users\Administrator\AppData\Local\Programs\Python\Python314\Lib\site-packages\pytest_asyncio\plugin.py", line 569, in runtest
    super().runtest()
  File "C:\Users\Administrator\AppData\Local\Programs\Python\Python314\Lib\site-packages\_pytest\python.py", line 1707, in runtest
    self.ihook.pytest_pyfunc_call(pyfuncitem=self)
  File "C:\Users\Administrator\AppData\Local\Programs\Python\Python314\Lib\site-packages\pluggy\_hooks.py", line 512, in __call__
    return self._hookexec(self.name, self._hookimpls.copy(), kwargs, firstresult)
  File "C:\Users\Administrator\AppData\Local\Programs\Python\Python314\Lib\site-packages\pluggy\_manager.py", line 120, in _hookexec
    return self._inner_hookexec(hook_name, methods, kwargs, firstresult)
  File "C:\Users\Administrator\AppData\Local\Programs\Python\Python314\Lib\site-packages\pluggy\_callers.py", line 121, in _multicall
    res = hook_impl.function(*args)
  File "C:\Users\Administrator\AppData\Local\Programs\Python\Python314\Lib\site-packages\_pytest\python.py", line 167, in pytest_pyfunc_call
    result = testfunction(**testargs)
  File "C:\Users\Administrator\AppData\Local\Programs\Python\Python314\Lib\site-packages\pytest_asyncio\plugin.py", line 905, in inner
    runner.run(coro, context=context)
  File "C:\Users\Administrator\AppData\Local\Programs\Python\Python314\Lib\asyncio\runners.py", line 127, in run
    return self._loop.run_until_complete(task)
  File "C:\Users\Administrator\AppData\Local\Programs\Python\Python314\Lib\asyncio\base_events.py", line 706, in run_until_complete
    self.run_forever()
  File "C:\Users\Administrator\AppData\Local\Programs\Python\Python314\Lib\asyncio\base_events.py", line 677, in run_forever
    self._run_once()
  File "C:\Users\Administrator\AppData\Local\Programs\Python\Python314\Lib\asyncio\base_events.py", line 2057, in _run_once
    handle._run()
  File "C:\Users\Administrator\AppData\Local\Programs\Python\Python314\Lib\asyncio\events.py", line 94, in _run
    self._context.run(self._callback, *self._args)
  File "D:\Project\ASTRA\backend\tests\api\test_cases.py", line 122, in test_create_case
    response = await client.post(
  File "C:\Users\Administrator\AppData\Local\Programs\Python\Python314\Lib\site-packages\httpx\_client.py", line 1859, in post
    return await self.request(
  File "C:\Users\Administrator\AppData\Local\Programs\Python\Python314\Lib\site-packages\httpx\_client.py", line 1540, in request
    return await self.send(request, auth=auth, follow_redirects=follow_redirects)
  File "C:\Users\Administrator\AppData\Local\Programs\Python\Python314\Lib\site-packages\httpx\_client.py", line 1629, in send
    response = await self._send_handling_auth(
  File "C:\Users\Administrator\AppData\Local\Programs\Python\Python314\Lib\site-packages\httpx\_client.py", line 1657, in _send_handling_auth
    response = await self._send_handling_redirects(
  File "C:\Users\Administrator\AppData\Local\Programs\Python\Python314\Lib\site-packages\httpx\_client.py", line 1694, in _send_handling_redirects
    response = await self._send_single_request(request)
  File "C:\Users\Administrator\AppData\Local\Programs\Python\Python314\Lib\site-packages\httpx\_client.py", line 1730, in _send_single_request
    response = await transport.handle_async_request(request)
  File "C:\Users\Administrator\AppData\Local\Programs\Python\Python314\Lib\site-packages\httpx\_transports\asgi.py", line 170, in handle_async_request
    await self.app(scope, receive, send)
  File "C:\Users\Administrator\AppData\Local\Programs\Python\Python314\Lib\site-packages\fastapi\applications.py", line 1162, in __call__
    await super().__call__(scope, receive, send)
  File "C:\Users\Administrator\AppData\Local\Programs\Python\Python314\Lib\site-packages\starlette\applications.py", line 90, in __call__
    await self.middleware_stack(scope, receive, send)
  File "C:\Users\Administrator\AppData\Local\Programs\Python\Python314\Lib\site-packages\starlette\middleware\errors.py", line 164, in __call__
    await self.app(scope, receive, _send)
  File "C:\Users\Administrator\AppData\Local\Programs\Python\Python314\Lib\site-packages\starlette\middleware\cors.py", line 88, in __call__
    await self.app(scope, receive, send)
  File "C:\Users\Administrator\AppData\Local\Programs\Python\Python314\Lib\site-packages\starlette\middleware\exceptions.py", line 63, in __call__
    await wrap_app_handling_exceptions(self.app, conn)(scope, receive, send)
  File "C:\Users\Administrator\AppData\Local\Programs\Python\Python314\Lib\site-packages\starlette\_exception_handler.py", line 42, in wrapped_app
    await app(scope, receive, sender)
  File "C:\Users\Administrator\AppData\Local\Programs\Python\Python314\Lib\site-packages\fastapi\middleware\asyncexitstack.py", line 18, in __call__
    await self.app(scope, receive, send)
  File "C:\Users\Administrator\AppData\Local\Programs\Python\Python314\Lib\site-packages\starlette\routing.py", line 660, in __call__
    await self.middleware_stack(scope, receive, send)
  File "C:\Users\Administrator\AppData\Local\Programs\Python\Python314\Lib\site-packages\starlette\routing.py", line 680, in app
    await route.handle(scope, receive, send)
  File "C:\Users\Administrator\AppData\Local\Programs\Python\Python314\Lib\site-packages\fastapi\routing.py", line 1609, in handle
    await self.original_router.handle(scope, receive, send)
  File "C:\Users\Administrator\AppData\Local\Programs\Python\Python314\Lib\site-packages\fastapi\routing.py", line 2047, in handle
    await included_router._handle_selected(scope, receive, send)
  File "C:\Users\Administrator\AppData\Local\Programs\Python\Python314\Lib\site-packages\fastapi\routing.py", line 1629, in _handle_selected
    await original_route.handle(scope, receive, send)
  File "C:\Users\Administrator\AppData\Local\Programs\Python\Python314\Lib\site-packages\fastapi\routing.py", line 1218, in handle
    await app(scope, receive, send)
  File "C:\Users\Administrator\AppData\Local\Programs\Python\Python314\Lib\site-packages\fastapi\routing.py", line 143, in app
    await wrap_app_handling_exceptions(app, request)(scope, receive, send)
  File "C:\Users\Administrator\AppData\Local\Programs\Python\Python314\Lib\site-packages\starlette\_exception_handler.py", line 42, in wrapped_app
    await app(scope, receive, sender)
  File "C:\Users\Administrator\AppData\Local\Programs\Python\Python314\Lib\site-packages\fastapi\routing.py", line 129, in app
    response = await f(request)
  File "C:\Users\Administrator\AppData\Local\Programs\Python\Python314\Lib\site-packages\fastapi\routing.py", line 466, in app
    solved_result = await solve_dependencies(
  File "C:\Users\Administrator\AppData\Local\Programs\Python\Python314\Lib\site-packages\fastapi\dependencies\utils.py", line 678, in solve_dependencies
    solved = await call(**solved_result.values)
  File "D:\Project\ASTRA\backend\core\rbac.py", line 54, in enforce_deny_by_default
    log_unauthorized_access(request, user_id="system", role="unprotected_route")
  File "D:\Project\ASTRA\backend\core\rbac.py", line 16, in log_unauthorized_access
    logger.warning("Unauthorized access attempt", extra=log_data)
Message: 'Unauthorized access attempt'
Arguments: ()
--- Logging error ---
Traceback (most recent call last):
  File "C:\Users\Administrator\AppData\Local\Programs\Python\Python314\Lib\logging\__init__.py", line 1151, in emit
    msg = self.format(record)
  File "C:\Users\Administrator\AppData\Local\Programs\Python\Python314\Lib\logging\__init__.py", line 999, in format
    return fmt.format(record)
           ~~~~~~~~~~^^^^^^^^
  File "C:\Users\Administrator\AppData\Local\Programs\Python\Python314\Lib\site-packages\pythonjsonlogger\jsonlogger.py", line 243, in format
    self.add_fields(log_record, record, message_dict)
    ~~~~~~~~~~~~~~~^^^^^^^^^^^^^^^^^^^^^^^^^^^^^^^^^^
  File "C:\Users\Administrator\AppData\Local\Programs\Python\Python314\Lib\site-packages\pythonjsonlogger\jsonlogger.py", line 191, in add_fields
    self._perform_rename_log_fields(log_record)
    ~~~~~~~~~~~~~~~~~~~~~~~~~~~~~~~^^^^^^^^^^^^
  File "C:\Users\Administrator\AppData\Local\Programs\Python\Python314\Lib\site-packages\pythonjsonlogger\jsonlogger.py", line 195, in _perform_rename_log_fields
    log_record[new_field_name] = log_record[old_field_name]
                                 ~~~~~~~~~~^^^^^^^^^^^^^^^^
KeyError: 'levelname'
Call stack:
  File "<frozen runpy>", line 203, in _run_module_as_main
  File "<frozen runpy>", line 88, in _run_code
  File "C:\Users\Administrator\AppData\Local\Programs\Python\Python314\Scripts\pytest.exe\__main__.py", line 5, in <module>
    sys.exit(_console_main())
  File "C:\Users\Administrator\AppData\Local\Programs\Python\Python314\Lib\site-packages\_pytest\config\__init__.py", line 253, in _console_main
    code = _main(prog=_get_prog_name(sys.argv))
  File "C:\Users\Administrator\AppData\Local\Programs\Python\Python314\Lib\site-packages\_pytest\config\__init__.py", line 229, in _main
    ret: ExitCode | int = config.hook.pytest_cmdline_main(config=config)
  File "C:\Users\Administrator\AppData\Local\Programs\Python\Python314\Lib\site-packages\pluggy\_hooks.py", line 512, in __call__
    return self._hookexec(self.name, self._hookimpls.copy(), kwargs, firstresult)
  File "C:\Users\Administrator\AppData\Local\Programs\Python\Python314\Lib\site-packages\pluggy\_manager.py", line 120, in _hookexec
    return self._inner_hookexec(hook_name, methods, kwargs, firstresult)
  File "C:\Users\Administrator\AppData\Local\Programs\Python\Python314\Lib\site-packages\pluggy\_callers.py", line 121, in _multicall
    res = hook_impl.function(*args)
  File "C:\Users\Administrator\AppData\Local\Programs\Python\Python314\Lib\site-packages\_pytest\main.py", line 377, in pytest_cmdline_main
    return wrap_session(config, _main)
  File "C:\Users\Administrator\AppData\Local\Programs\Python\Python314\Lib\site-packages\_pytest\main.py", line 330, in wrap_session
    session.exitstatus = doit(config, session) or 0
  File "C:\Users\Administrator\AppData\Local\Programs\Python\Python314\Lib\site-packages\_pytest\main.py", line 384, in _main
    config.hook.pytest_runtestloop(session=session)
  File "C:\Users\Administrator\AppData\Local\Programs\Python\Python314\Lib\site-packages\pluggy\_hooks.py", line 512, in __call__
    return self._hookexec(self.name, self._hookimpls.copy(), kwargs, firstresult)
  File "C:\Users\Administrator\AppData\Local\Programs\Python\Python314\Lib\site-packages\pluggy\_manager.py", line 120, in _hookexec
    return self._inner_hookexec(hook_name, methods, kwargs, firstresult)
  File "C:\Users\Administrator\AppData\Local\Programs\Python\Python314\Lib\site-packages\pluggy\_callers.py", line 121, in _multicall
    res = hook_impl.function(*args)
  File "C:\Users\Administrator\AppData\Local\Programs\Python\Python314\Lib\site-packages\_pytest\main.py", line 408, in pytest_runtestloop
    item.config.hook.pytest_runtest_protocol(item=item, nextitem=nextitem)
  File "C:\Users\Administrator\AppData\Local\Programs\Python\Python314\Lib\site-packages\pluggy\_hooks.py", line 512, in __call__
    return self._hookexec(self.name, self._hookimpls.copy(), kwargs, firstresult)
  File "C:\Users\Administrator\AppData\Local\Programs\Python\Python314\Lib\site-packages\pluggy\_manager.py", line 120, in _hookexec
    return self._inner_hookexec(hook_name, methods, kwargs, firstresult)
  File "C:\Users\Administrator\AppData\Local\Programs\Python\Python314\Lib\site-packages\pluggy\_callers.py", line 121, in _multicall
    res = hook_impl.function(*args)
  File "C:\Users\Administrator\AppData\Local\Programs\Python\Python314\Lib\site-packages\_pytest\runner.py", line 118, in pytest_runtest_protocol
    runtestprotocol(item, nextitem=nextitem)
  File "C:\Users\Administrator\AppData\Local\Programs\Python\Python314\Lib\site-packages\_pytest\runner.py", line 139, in runtestprotocol
    reports.append(call_and_report(item, "call", log))
  File "C:\Users\Administrator\AppData\Local\Programs\Python\Python314\Lib\site-packages\_pytest\runner.py", line 249, in call_and_report
    call = CallInfo.from_call(
  File "C:\Users\Administrator\AppData\Local\Programs\Python\Python314\Lib\site-packages\_pytest\runner.py", line 361, in from_call
    result: TResult | None = func()
  File "C:\Users\Administrator\AppData\Local\Programs\Python\Python314\Lib\site-packages\_pytest\runner.py", line 250, in <lambda>
    lambda: runtest_hook(item=item, **kwds),
  File "C:\Users\Administrator\AppData\Local\Programs\Python\Python314\Lib\site-packages\pluggy\_hooks.py", line 512, in __call__
    return self._hookexec(self.name, self._hookimpls.copy(), kwargs, firstresult)
  File "C:\Users\Administrator\AppData\Local\Programs\Python\Python314\Lib\site-packages\pluggy\_manager.py", line 120, in _hookexec
    return self._inner_hookexec(hook_name, methods, kwargs, firstresult)
  File "C:\Users\Administrator\AppData\Local\Programs\Python\Python314\Lib\site-packages\pluggy\_callers.py", line 121, in _multicall
    res = hook_impl.function(*args)
  File "C:\Users\Administrator\AppData\Local\Programs\Python\Python314\Lib\site-packages\_pytest\runner.py", line 184, in pytest_runtest_call
    item.runtest()
  File "C:\Users\Administrator\AppData\Local\Programs\Python\Python314\Lib\site-packages\pytest_asyncio\plugin.py", line 569, in runtest
    super().runtest()
  File "C:\Users\Administrator\AppData\Local\Programs\Python\Python314\Lib\site-packages\_pytest\python.py", line 1707, in runtest
    self.ihook.pytest_pyfunc_call(pyfuncitem=self)
  File "C:\Users\Administrator\AppData\Local\Programs\Python\Python314\Lib\site-packages\pluggy\_hooks.py", line 512, in __call__
    return self._hookexec(self.name, self._hookimpls.copy(), kwargs, firstresult)
  File "C:\Users\Administrator\AppData\Local\Programs\Python\Python314\Lib\site-packages\pluggy\_manager.py", line 120, in _hookexec
    return self._inner_hookexec(hook_name, methods, kwargs, firstresult)
  File "C:\Users\Administrator\AppData\Local\Programs\Python\Python314\Lib\site-packages\pluggy\_callers.py", line 121, in _multicall
    res = hook_impl.function(*args)
  File "C:\Users\Administrator\AppData\Local\Programs\Python\Python314\Lib\site-packages\_pytest\python.py", line 167, in pytest_pyfunc_call
    result = testfunction(**testargs)
  File "C:\Users\Administrator\AppData\Local\Programs\Python\Python314\Lib\site-packages\pytest_asyncio\plugin.py", line 905, in inner
    runner.run(coro, context=context)
  File "C:\Users\Administrator\AppData\Local\Programs\Python\Python314\Lib\asyncio\runners.py", line 127, in run
    return self._loop.run_until_complete(task)
  File "C:\Users\Administrator\AppData\Local\Programs\Python\Python314\Lib\asyncio\base_events.py", line 706, in run_until_complete
    self.run_forever()
  File "C:\Users\Administrator\AppData\Local\Programs\Python\Python314\Lib\asyncio\base_events.py", line 677, in run_forever
    self._run_once()
  File "C:\Users\Administrator\AppData\Local\Programs\Python\Python314\Lib\asyncio\base_events.py", line 2057, in _run_once
    handle._run()
  File "C:\Users\Administrator\AppData\Local\Programs\Python\Python314\Lib\asyncio\events.py", line 94, in _run
    self._context.run(self._callback, *self._args)
  File "D:\Project\ASTRA\backend\tests\api\test_cases.py", line 122, in test_create_case
    response = await client.post(
  File "C:\Users\Administrator\AppData\Local\Programs\Python\Python314\Lib\site-packages\httpx\_client.py", line 1859, in post
    return await self.request(
  File "C:\Users\Administrator\AppData\Local\Programs\Python\Python314\Lib\site-packages\httpx\_client.py", line 1540, in request
    return await self.send(request, auth=auth, follow_redirects=follow_redirects)
  File "C:\Users\Administrator\AppData\Local\Programs\Python\Python314\Lib\site-packages\httpx\_client.py", line 1629, in send
    response = await self._send_handling_auth(
  File "C:\Users\Administrator\AppData\Local\Programs\Python\Python314\Lib\site-packages\httpx\_client.py", line 1657, in _send_handling_auth
    response = await self._send_handling_redirects(
  File "C:\Users\Administrator\AppData\Local\Programs\Python\Python314\Lib\site-packages\httpx\_client.py", line 1694, in _send_handling_redirects
    response = await self._send_single_request(request)
  File "C:\Users\Administrator\AppData\Local\Programs\Python\Python314\Lib\site-packages\httpx\_client.py", line 1740, in _send_single_request
    logger.info(
Message: 'HTTP Request: %s %s "%s %d %s"'
Arguments: ('POST', URL('http://test/api/v1/cases'), 'HTTP/1.1', 403, 'Forbidden')
------------------------------ Captured log call ------------------------------
WARNING  root:rbac.py:16 Unauthorized access attempt
INFO     httpx:_client.py:1740 HTTP Request: POST http://test/api/v1/cases "HTTP/1.1 403 Forbidden"
_______________________________ test_list_cases _______________________________
tests\api\test_cases.py:135: in test_list_cases
    assert response.status_code == 200
E   assert 403 == 200
E    +  where 403 = <Response [403 Forbidden]>.status_code
---------------------------- Captured stderr call -----------------------------
--- Logging error ---
Traceback (most recent call last):
  File "C:\Users\Administrator\AppData\Local\Programs\Python\Python314\Lib\logging\__init__.py", line 1151, in emit
    msg = self.format(record)
  File "C:\Users\Administrator\AppData\Local\Programs\Python\Python314\Lib\logging\__init__.py", line 999, in format
    return fmt.format(record)
           ~~~~~~~~~~^^^^^^^^
  File "C:\Users\Administrator\AppData\Local\Programs\Python\Python314\Lib\site-packages\pythonjsonlogger\jsonlogger.py", line 243, in format
    self.add_fields(log_record, record, message_dict)
    ~~~~~~~~~~~~~~~^^^^^^^^^^^^^^^^^^^^^^^^^^^^^^^^^^
  File "C:\Users\Administrator\AppData\Local\Programs\Python\Python314\Lib\site-packages\pythonjsonlogger\jsonlogger.py", line 191, in add_fields
    self._perform_rename_log_fields(log_record)
    ~~~~~~~~~~~~~~~~~~~~~~~~~~~~~~~^^^^^^^^^^^^
  File "C:\Users\Administrator\AppData\Local\Programs\Python\Python314\Lib\site-packages\pythonjsonlogger\jsonlogger.py", line 195, in _perform_rename_log_fields
    log_record[new_field_name] = log_record[old_field_name]
                                 ~~~~~~~~~~^^^^^^^^^^^^^^^^
KeyError: 'levelname'
Call stack:
  File "<frozen runpy>", line 203, in _run_module_as_main
  File "<frozen runpy>", line 88, in _run_code
  File "C:\Users\Administrator\AppData\Local\Programs\Python\Python314\Scripts\pytest.exe\__main__.py", line 5, in <module>
    sys.exit(_console_main())
  File "C:\Users\Administrator\AppData\Local\Programs\Python\Python314\Lib\site-packages\_pytest\config\__init__.py", line 253, in _console_main
    code = _main(prog=_get_prog_name(sys.argv))
  File "C:\Users\Administrator\AppData\Local\Programs\Python\Python314\Lib\site-packages\_pytest\config\__init__.py", line 229, in _main
    ret: ExitCode | int = config.hook.pytest_cmdline_main(config=config)
  File "C:\Users\Administrator\AppData\Local\Programs\Python\Python314\Lib\site-packages\pluggy\_hooks.py", line 512, in __call__
    return self._hookexec(self.name, self._hookimpls.copy(), kwargs, firstresult)
  File "C:\Users\Administrator\AppData\Local\Programs\Python\Python314\Lib\site-packages\pluggy\_manager.py", line 120, in _hookexec
    return self._inner_hookexec(hook_name, methods, kwargs, firstresult)
  File "C:\Users\Administrator\AppData\Local\Programs\Python\Python314\Lib\site-packages\pluggy\_callers.py", line 121, in _multicall
    res = hook_impl.function(*args)
  File "C:\Users\Administrator\AppData\Local\Programs\Python\Python314\Lib\site-packages\_pytest\main.py", line 377, in pytest_cmdline_main
    return wrap_session(config, _main)
  File "C:\Users\Administrator\AppData\Local\Programs\Python\Python314\Lib\site-packages\_pytest\main.py", line 330, in wrap_session
    session.exitstatus = doit(config, session) or 0
  File "C:\Users\Administrator\AppData\Local\Programs\Python\Python314\Lib\site-packages\_pytest\main.py", line 384, in _main
    config.hook.pytest_runtestloop(session=session)
  File "C:\Users\Administrator\AppData\Local\Programs\Python\Python314\Lib\site-packages\pluggy\_hooks.py", line 512, in __call__
    return self._hookexec(self.name, self._hookimpls.copy(), kwargs, firstresult)
  File "C:\Users\Administrator\AppData\Local\Programs\Python\Python314\Lib\site-packages\pluggy\_manager.py", line 120, in _hookexec
    return self._inner_hookexec(hook_name, methods, kwargs, firstresult)
  File "C:\Users\Administrator\AppData\Local\Programs\Python\Python314\Lib\site-packages\pluggy\_callers.py", line 121, in _multicall
    res = hook_impl.function(*args)
  File "C:\Users\Administrator\AppData\Local\Programs\Python\Python314\Lib\site-packages\_pytest\main.py", line 408, in pytest_runtestloop
    item.config.hook.pytest_runtest_protocol(item=item, nextitem=nextitem)
  File "C:\Users\Administrator\AppData\Local\Programs\Python\Python314\Lib\site-packages\pluggy\_hooks.py", line 512, in __call__
    return self._hookexec(self.name, self._hookimpls.copy(), kwargs, firstresult)
  File "C:\Users\Administrator\AppData\Local\Programs\Python\Python314\Lib\site-packages\pluggy\_manager.py", line 120, in _hookexec
    return self._inner_hookexec(hook_name, methods, kwargs, firstresult)
  File "C:\Users\Administrator\AppData\Local\Programs\Python\Python314\Lib\site-packages\pluggy\_callers.py", line 121, in _multicall
    res = hook_impl.function(*args)
  File "C:\Users\Administrator\AppData\Local\Programs\Python\Python314\Lib\site-packages\_pytest\runner.py", line 118, in pytest_runtest_protocol
    runtestprotocol(item, nextitem=nextitem)
  File "C:\Users\Administrator\AppData\Local\Programs\Python\Python314\Lib\site-packages\_pytest\runner.py", line 139, in runtestprotocol
    reports.append(call_and_report(item, "call", log))
  File "C:\Users\Administrator\AppData\Local\Programs\Python\Python314\Lib\site-packages\_pytest\runner.py", line 249, in call_and_report
    call = CallInfo.from_call(
  File "C:\Users\Administrator\AppData\Local\Programs\Python\Python314\Lib\site-packages\_pytest\runner.py", line 361, in from_call
    result: TResult | None = func()
  File "C:\Users\Administrator\AppData\Local\Programs\Python\Python314\Lib\site-packages\_pytest\runner.py", line 250, in <lambda>
    lambda: runtest_hook(item=item, **kwds),
  File "C:\Users\Administrator\AppData\Local\Programs\Python\Python314\Lib\site-packages\pluggy\_hooks.py", line 512, in __call__
    return self._hookexec(self.name, self._hookimpls.copy(), kwargs, firstresult)
  File "C:\Users\Administrator\AppData\Local\Programs\Python\Python314\Lib\site-packages\pluggy\_manager.py", line 120, in _hookexec
    return self._inner_hookexec(hook_name, methods, kwargs, firstresult)
  File "C:\Users\Administrator\AppData\Local\Programs\Python\Python314\Lib\site-packages\pluggy\_callers.py", line 121, in _multicall
    res = hook_impl.function(*args)
  File "C:\Users\Administrator\AppData\Local\Programs\Python\Python314\Lib\site-packages\_pytest\runner.py", line 184, in pytest_runtest_call
    item.runtest()
  File "C:\Users\Administrator\AppData\Local\Programs\Python\Python314\Lib\site-packages\pytest_asyncio\plugin.py", line 569, in runtest
    super().runtest()
  File "C:\Users\Administrator\AppData\Local\Programs\Python\Python314\Lib\site-packages\_pytest\python.py", line 1707, in runtest
    self.ihook.pytest_pyfunc_call(pyfuncitem=self)
  File "C:\Users\Administrator\AppData\Local\Programs\Python\Python314\Lib\site-packages\pluggy\_hooks.py", line 512, in __call__
    return self._hookexec(self.name, self._hookimpls.copy(), kwargs, firstresult)
  File "C:\Users\Administrator\AppData\Local\Programs\Python\Python314\Lib\site-packages\pluggy\_manager.py", line 120, in _hookexec
    return self._inner_hookexec(hook_name, methods, kwargs, firstresult)
  File "C:\Users\Administrator\AppData\Local\Programs\Python\Python314\Lib\site-packages\pluggy\_callers.py", line 121, in _multicall
    res = hook_impl.function(*args)
  File "C:\Users\Administrator\AppData\Local\Programs\Python\Python314\Lib\site-packages\_pytest\python.py", line 167, in pytest_pyfunc_call
    result = testfunction(**testargs)
  File "C:\Users\Administrator\AppData\Local\Programs\Python\Python314\Lib\site-packages\pytest_asyncio\plugin.py", line 905, in inner
    runner.run(coro, context=context)
  File "C:\Users\Administrator\AppData\Local\Programs\Python\Python314\Lib\asyncio\runners.py", line 127, in run
    return self._loop.run_until_complete(task)
  File "C:\Users\Administrator\AppData\Local\Programs\Python\Python314\Lib\asyncio\base_events.py", line 706, in run_until_complete
    self.run_forever()
  File "C:\Users\Administrator\AppData\Local\Programs\Python\Python314\Lib\asyncio\base_events.py", line 677, in run_forever
    self._run_once()
  File "C:\Users\Administrator\AppData\Local\Programs\Python\Python314\Lib\asyncio\base_events.py", line 2057, in _run_once
    handle._run()
  File "C:\Users\Administrator\AppData\Local\Programs\Python\Python314\Lib\asyncio\events.py", line 94, in _run
    self._context.run(self._callback, *self._args)
  File "D:\Project\ASTRA\backend\tests\api\test_cases.py", line 134, in test_list_cases
    response = await client.get("/api/v1/cases", headers=admin_headers)
  File "C:\Users\Administrator\AppData\Local\Programs\Python\Python314\Lib\site-packages\httpx\_client.py", line 1768, in get
    return await self.request(
  File "C:\Users\Administrator\AppData\Local\Programs\Python\Python314\Lib\site-packages\httpx\_client.py", line 1540, in request
    return await self.send(request, auth=auth, follow_redirects=follow_redirects)
  File "C:\Users\Administrator\AppData\Local\Programs\Python\Python314\Lib\site-packages\httpx\_client.py", line 1629, in send
    response = await self._send_handling_auth(
  File "C:\Users\Administrator\AppData\Local\Programs\Python\Python314\Lib\site-packages\httpx\_client.py", line 1657, in _send_handling_auth
    response = await self._send_handling_redirects(
  File "C:\Users\Administrator\AppData\Local\Programs\Python\Python314\Lib\site-packages\httpx\_client.py", line 1694, in _send_handling_redirects
    response = await self._send_single_request(request)
  File "C:\Users\Administrator\AppData\Local\Programs\Python\Python314\Lib\site-packages\httpx\_client.py", line 1730, in _send_single_request
    response = await transport.handle_async_request(request)
  File "C:\Users\Administrator\AppData\Local\Programs\Python\Python314\Lib\site-packages\httpx\_transports\asgi.py", line 170, in handle_async_request
    await self.app(scope, receive, send)
  File "C:\Users\Administrator\AppData\Local\Programs\Python\Python314\Lib\site-packages\fastapi\applications.py", line 1162, in __call__
    await super().__call__(scope, receive, send)
  File "C:\Users\Administrator\AppData\Local\Programs\Python\Python314\Lib\site-packages\starlette\applications.py", line 90, in __call__
    await self.middleware_stack(scope, receive, send)
  File "C:\Users\Administrator\AppData\Local\Programs\Python\Python314\Lib\site-packages\starlette\middleware\errors.py", line 164, in __call__
    await self.app(scope, receive, _send)
  File "C:\Users\Administrator\AppData\Local\Programs\Python\Python314\Lib\site-packages\starlette\middleware\cors.py", line 88, in __call__
    await self.app(scope, receive, send)
  File "C:\Users\Administrator\AppData\Local\Programs\Python\Python314\Lib\site-packages\starlette\middleware\exceptions.py", line 63, in __call__
    await wrap_app_handling_exceptions(self.app, conn)(scope, receive, send)
  File "C:\Users\Administrator\AppData\Local\Programs\Python\Python314\Lib\site-packages\starlette\_exception_handler.py", line 42, in wrapped_app
    await app(scope, receive, sender)
  File "C:\Users\Administrator\AppData\Local\Programs\Python\Python314\Lib\site-packages\fastapi\middleware\asyncexitstack.py", line 18, in __call__
    await self.app(scope, receive, send)
  File "C:\Users\Administrator\AppData\Local\Programs\Python\Python314\Lib\site-packages\starlette\routing.py", line 660, in __call__
    await self.middleware_stack(scope, receive, send)
  File "C:\Users\Administrator\AppData\Local\Programs\Python\Python314\Lib\site-packages\starlette\routing.py", line 680, in app
    await route.handle(scope, receive, send)
  File "C:\Users\Administrator\AppData\Local\Programs\Python\Python314\Lib\site-packages\fastapi\routing.py", line 1609, in handle
    await self.original_router.handle(scope, receive, send)
  File "C:\Users\Administrator\AppData\Local\Programs\Python\Python314\Lib\site-packages\fastapi\routing.py", line 2047, in handle
    await included_router._handle_selected(scope, receive, send)
  File "C:\Users\Administrator\AppData\Local\Programs\Python\Python314\Lib\site-packages\fastapi\routing.py", line 1629, in _handle_selected
    await original_route.handle(scope, receive, send)
  File "C:\Users\Administrator\AppData\Local\Programs\Python\Python314\Lib\site-packages\fastapi\routing.py", line 1218, in handle
    await app(scope, receive, send)
  File "C:\Users\Administrator\AppData\Local\Programs\Python\Python314\Lib\site-packages\fastapi\routing.py", line 143, in app
    await wrap_app_handling_exceptions(app, request)(scope, receive, send)
  File "C:\Users\Administrator\AppData\Local\Programs\Python\Python314\Lib\site-packages\starlette\_exception_handler.py", line 42, in wrapped_app
    await app(scope, receive, sender)
  File "C:\Users\Administrator\AppData\Local\Programs\Python\Python314\Lib\site-packages\fastapi\routing.py", line 129, in app
    response = await f(request)
  File "C:\Users\Administrator\AppData\Local\Programs\Python\Python314\Lib\site-packages\fastapi\routing.py", line 466, in app
    solved_result = await solve_dependencies(
  File "C:\Users\Administrator\AppData\Local\Programs\Python\Python314\Lib\site-packages\fastapi\dependencies\utils.py", line 678, in solve_dependencies
    solved = await call(**solved_result.values)
  File "D:\Project\ASTRA\backend\core\rbac.py", line 54, in enforce_deny_by_default
    log_unauthorized_access(request, user_id="system", role="unprotected_route")
  File "D:\Project\ASTRA\backend\core\rbac.py", line 16, in log_unauthorized_access
    logger.warning("Unauthorized access attempt", extra=log_data)
Message: 'Unauthorized access attempt'
Arguments: ()
--- Logging error ---
Traceback (most recent call last):
  File "C:\Users\Administrator\AppData\Local\Programs\Python\Python314\Lib\logging\__init__.py", line 1151, in emit
    msg = self.format(record)
  File "C:\Users\Administrator\AppData\Local\Programs\Python\Python314\Lib\logging\__init__.py", line 999, in format
    return fmt.format(record)
           ~~~~~~~~~~^^^^^^^^
  File "C:\Users\Administrator\AppData\Local\Programs\Python\Python314\Lib\site-packages\pythonjsonlogger\jsonlogger.py", line 243, in format
    self.add_fields(log_record, record, message_dict)
    ~~~~~~~~~~~~~~~^^^^^^^^^^^^^^^^^^^^^^^^^^^^^^^^^^
  File "C:\Users\Administrator\AppData\Local\Programs\Python\Python314\Lib\site-packages\pythonjsonlogger\jsonlogger.py", line 191, in add_fields
    self._perform_rename_log_fields(log_record)
    ~~~~~~~~~~~~~~~~~~~~~~~~~~~~~~~^^^^^^^^^^^^
  File "C:\Users\Administrator\AppData\Local\Programs\Python\Python314\Lib\site-packages\pythonjsonlogger\jsonlogger.py", line 195, in _perform_rename_log_fields
    log_record[new_field_name] = log_record[old_field_name]
                                 ~~~~~~~~~~^^^^^^^^^^^^^^^^
KeyError: 'levelname'
Call stack:
  File "<frozen runpy>", line 203, in _run_module_as_main
  File "<frozen runpy>", line 88, in _run_code
  File "C:\Users\Administrator\AppData\Local\Programs\Python\Python314\Scripts\pytest.exe\__main__.py", line 5, in <module>
    sys.exit(_console_main())
  File "C:\Users\Administrator\AppData\Local\Programs\Python\Python314\Lib\site-packages\_pytest\config\__init__.py", line 253, in _console_main
    code = _main(prog=_get_prog_name(sys.argv))
  File "C:\Users\Administrator\AppData\Local\Programs\Python\Python314\Lib\site-packages\_pytest\config\__init__.py", line 229, in _main
    ret: ExitCode | int = config.hook.pytest_cmdline_main(config=config)
  File "C:\Users\Administrator\AppData\Local\Programs\Python\Python314\Lib\site-packages\pluggy\_hooks.py", line 512, in __call__
    return self._hookexec(self.name, self._hookimpls.copy(), kwargs, firstresult)
  File "C:\Users\Administrator\AppData\Local\Programs\Python\Python314\Lib\site-packages\pluggy\_manager.py", line 120, in _hookexec
    return self._inner_hookexec(hook_name, methods, kwargs, firstresult)
  File "C:\Users\Administrator\AppData\Local\Programs\Python\Python314\Lib\site-packages\pluggy\_callers.py", line 121, in _multicall
    res = hook_impl.function(*args)
  File "C:\Users\Administrator\AppData\Local\Programs\Python\Python314\Lib\site-packages\_pytest\main.py", line 377, in pytest_cmdline_main
    return wrap_session(config, _main)
  File "C:\Users\Administrator\AppData\Local\Programs\Python\Python314\Lib\site-packages\_pytest\main.py", line 330, in wrap_session
    session.exitstatus = doit(config, session) or 0
  File "C:\Users\Administrator\AppData\Local\Programs\Python\Python314\Lib\site-packages\_pytest\main.py", line 384, in _main
    config.hook.pytest_runtestloop(session=session)
  File "C:\Users\Administrator\AppData\Local\Programs\Python\Python314\Lib\site-packages\pluggy\_hooks.py", line 512, in __call__
    return self._hookexec(self.name, self._hookimpls.copy(), kwargs, firstresult)
  File "C:\Users\Administrator\AppData\Local\Programs\Python\Python314\Lib\site-packages\pluggy\_manager.py", line 120, in _hookexec
    return self._inner_hookexec(hook_name, methods, kwargs, firstresult)
  File "C:\Users\Administrator\AppData\Local\Programs\Python\Python314\Lib\site-packages\pluggy\_callers.py", line 121, in _multicall
    res = hook_impl.function(*args)
  File "C:\Users\Administrator\AppData\Local\Programs\Python\Python314\Lib\site-packages\_pytest\main.py", line 408, in pytest_runtestloop
    item.config.hook.pytest_runtest_protocol(item=item, nextitem=nextitem)
  File "C:\Users\Administrator\AppData\Local\Programs\Python\Python314\Lib\site-packages\pluggy\_hooks.py", line 512, in __call__
    return self._hookexec(self.name, self._hookimpls.copy(), kwargs, firstresult)
  File "C:\Users\Administrator\AppData\Local\Programs\Python\Python314\Lib\site-packages\pluggy\_manager.py", line 120, in _hookexec
    return self._inner_hookexec(hook_name, methods, kwargs, firstresult)
  File "C:\Users\Administrator\AppData\Local\Programs\Python\Python314\Lib\site-packages\pluggy\_callers.py", line 121, in _multicall
    res = hook_impl.function(*args)
  File "C:\Users\Administrator\AppData\Local\Programs\Python\Python314\Lib\site-packages\_pytest\runner.py", line 118, in pytest_runtest_protocol
    runtestprotocol(item, nextitem=nextitem)
  File "C:\Users\Administrator\AppData\Local\Programs\Python\Python314\Lib\site-packages\_pytest\runner.py", line 139, in runtestprotocol
    reports.append(call_and_report(item, "call", log))
  File "C:\Users\Administrator\AppData\Local\Programs\Python\Python314\Lib\site-packages\_pytest\runner.py", line 249, in call_and_report
    call = CallInfo.from_call(
  File "C:\Users\Administrator\AppData\Local\Programs\Python\Python314\Lib\site-packages\_pytest\runner.py", line 361, in from_call
    result: TResult | None = func()
  File "C:\Users\Administrator\AppData\Local\Programs\Python\Python314\Lib\site-packages\_pytest\runner.py", line 250, in <lambda>
    lambda: runtest_hook(item=item, **kwds),
  File "C:\Users\Administrator\AppData\Local\Programs\Python\Python314\Lib\site-packages\pluggy\_hooks.py", line 512, in __call__
    return self._hookexec(self.name, self._hookimpls.copy(), kwargs, firstresult)
  File "C:\Users\Administrator\AppData\Local\Programs\Python\Python314\Lib\site-packages\pluggy\_manager.py", line 120, in _hookexec
    return self._inner_hookexec(hook_name, methods, kwargs, firstresult)
  File "C:\Users\Administrator\AppData\Local\Programs\Python\Python314\Lib\site-packages\pluggy\_callers.py", line 121, in _multicall
    res = hook_impl.function(*args)
  File "C:\Users\Administrator\AppData\Local\Programs\Python\Python314\Lib\site-packages\_pytest\runner.py", line 184, in pytest_runtest_call
    item.runtest()
  File "C:\Users\Administrator\AppData\Local\Programs\Python\Python314\Lib\site-packages\pytest_asyncio\plugin.py", line 569, in runtest
    super().runtest()
  File "C:\Users\Administrator\AppData\Local\Programs\Python\Python314\Lib\site-packages\_pytest\python.py", line 1707, in runtest
    self.ihook.pytest_pyfunc_call(pyfuncitem=self)
  File "C:\Users\Administrator\AppData\Local\Programs\Python\Python314\Lib\site-packages\pluggy\_hooks.py", line 512, in __call__
    return self._hookexec(self.name, self._hookimpls.copy(), kwargs, firstresult)
  File "C:\Users\Administrator\AppData\Local\Programs\Python\Python314\Lib\site-packages\pluggy\_manager.py", line 120, in _hookexec
    return self._inner_hookexec(hook_name, methods, kwargs, firstresult)
  File "C:\Users\Administrator\AppData\Local\Programs\Python\Python314\Lib\site-packages\pluggy\_callers.py", line 121, in _multicall
    res = hook_impl.function(*args)
  File "C:\Users\Administrator\AppData\Local\Programs\Python\Python314\Lib\site-packages\_pytest\python.py", line 167, in pytest_pyfunc_call
    result = testfunction(**testargs)
  File "C:\Users\Administrator\AppData\Local\Programs\Python\Python314\Lib\site-packages\pytest_asyncio\plugin.py", line 905, in inner
    runner.run(coro, context=context)
  File "C:\Users\Administrator\AppData\Local\Programs\Python\Python314\Lib\asyncio\runners.py", line 127, in run
    return self._loop.run_until_complete(task)
  File "C:\Users\Administrator\AppData\Local\Programs\Python\Python314\Lib\asyncio\base_events.py", line 706, in run_until_complete
    self.run_forever()
  File "C:\Users\Administrator\AppData\Local\Programs\Python\Python314\Lib\asyncio\base_events.py", line 677, in run_forever
    self._run_once()
  File "C:\Users\Administrator\AppData\Local\Programs\Python\Python314\Lib\asyncio\base_events.py", line 2057, in _run_once
    handle._run()
  File "C:\Users\Administrator\AppData\Local\Programs\Python\Python314\Lib\asyncio\events.py", line 94, in _run
    self._context.run(self._callback, *self._args)
  File "D:\Project\ASTRA\backend\tests\api\test_cases.py", line 134, in test_list_cases
    response = await client.get("/api/v1/cases", headers=admin_headers)
  File "C:\Users\Administrator\AppData\Local\Programs\Python\Python314\Lib\site-packages\httpx\_client.py", line 1768, in get
    return await self.request(
  File "C:\Users\Administrator\AppData\Local\Programs\Python\Python314\Lib\site-packages\httpx\_client.py", line 1540, in request
    return await self.send(request, auth=auth, follow_redirects=follow_redirects)
  File "C:\Users\Administrator\AppData\Local\Programs\Python\Python314\Lib\site-packages\httpx\_client.py", line 1629, in send
    response = await self._send_handling_auth(
  File "C:\Users\Administrator\AppData\Local\Programs\Python\Python314\Lib\site-packages\httpx\_client.py", line 1657, in _send_handling_auth
    response = await self._send_handling_redirects(
  File "C:\Users\Administrator\AppData\Local\Programs\Python\Python314\Lib\site-packages\httpx\_client.py", line 1694, in _send_handling_redirects
    response = await self._send_single_request(request)
  File "C:\Users\Administrator\AppData\Local\Programs\Python\Python314\Lib\site-packages\httpx\_client.py", line 1740, in _send_single_request
    logger.info(
Message: 'HTTP Request: %s %s "%s %d %s"'
Arguments: ('GET', URL('http://test/api/v1/cases'), 'HTTP/1.1', 403, 'Forbidden')
------------------------------ Captured log call ------------------------------
WARNING  root:rbac.py:16 Unauthorized access attempt
INFO     httpx:_client.py:1740 HTTP Request: GET http://test/api/v1/cases "HTTP/1.1 403 Forbidden"
________________________________ test_get_case ________________________________
tests\api\test_cases.py:143: in test_get_case
    assert response.status_code == 200
E   assert 403 == 200
E    +  where 403 = <Response [403 Forbidden]>.status_code
---------------------------- Captured stderr call -----------------------------
--- Logging error ---
Traceback (most recent call last):
  File "C:\Users\Administrator\AppData\Local\Programs\Python\Python314\Lib\logging\__init__.py", line 1151, in emit
    msg = self.format(record)
  File "C:\Users\Administrator\AppData\Local\Programs\Python\Python314\Lib\logging\__init__.py", line 999, in format
    return fmt.format(record)
           ~~~~~~~~~~^^^^^^^^
  File "C:\Users\Administrator\AppData\Local\Programs\Python\Python314\Lib\site-packages\pythonjsonlogger\jsonlogger.py", line 243, in format
    self.add_fields(log_record, record, message_dict)
    ~~~~~~~~~~~~~~~^^^^^^^^^^^^^^^^^^^^^^^^^^^^^^^^^^
  File "C:\Users\Administrator\AppData\Local\Programs\Python\Python314\Lib\site-packages\pythonjsonlogger\jsonlogger.py", line 191, in add_fields
    self._perform_rename_log_fields(log_record)
    ~~~~~~~~~~~~~~~~~~~~~~~~~~~~~~~^^^^^^^^^^^^
  File "C:\Users\Administrator\AppData\Local\Programs\Python\Python314\Lib\site-packages\pythonjsonlogger\jsonlogger.py", line 195, in _perform_rename_log_fields
    log_record[new_field_name] = log_record[old_field_name]
                                 ~~~~~~~~~~^^^^^^^^^^^^^^^^
KeyError: 'levelname'
Call stack:
  File "<frozen runpy>", line 203, in _run_module_as_main
  File "<frozen runpy>", line 88, in _run_code
  File "C:\Users\Administrator\AppData\Local\Programs\Python\Python314\Scripts\pytest.exe\__main__.py", line 5, in <module>
    sys.exit(_console_main())
  File "C:\Users\Administrator\AppData\Local\Programs\Python\Python314\Lib\site-packages\_pytest\config\__init__.py", line 253, in _console_main
    code = _main(prog=_get_prog_name(sys.argv))
  File "C:\Users\Administrator\AppData\Local\Programs\Python\Python314\Lib\site-packages\_pytest\config\__init__.py", line 229, in _main
    ret: ExitCode | int = config.hook.pytest_cmdline_main(config=config)
  File "C:\Users\Administrator\AppData\Local\Programs\Python\Python314\Lib\site-packages\pluggy\_hooks.py", line 512, in __call__
    return self._hookexec(self.name, self._hookimpls.copy(), kwargs, firstresult)
  File "C:\Users\Administrator\AppData\Local\Programs\Python\Python314\Lib\site-packages\pluggy\_manager.py", line 120, in _hookexec
    return self._inner_hookexec(hook_name, methods, kwargs, firstresult)
  File "C:\Users\Administrator\AppData\Local\Programs\Python\Python314\Lib\site-packages\pluggy\_callers.py", line 121, in _multicall
    res = hook_impl.function(*args)
  File "C:\Users\Administrator\AppData\Local\Programs\Python\Python314\Lib\site-packages\_pytest\main.py", line 377, in pytest_cmdline_main
    return wrap_session(config, _main)
  File "C:\Users\Administrator\AppData\Local\Programs\Python\Python314\Lib\site-packages\_pytest\main.py", line 330, in wrap_session
    session.exitstatus = doit(config, session) or 0
  File "C:\Users\Administrator\AppData\Local\Programs\Python\Python314\Lib\site-packages\_pytest\main.py", line 384, in _main
    config.hook.pytest_runtestloop(session=session)
  File "C:\Users\Administrator\AppData\Local\Programs\Python\Python314\Lib\site-packages\pluggy\_hooks.py", line 512, in __call__
    return self._hookexec(self.name, self._hookimpls.copy(), kwargs, firstresult)
  File "C:\Users\Administrator\AppData\Local\Programs\Python\Python314\Lib\site-packages\pluggy\_manager.py", line 120, in _hookexec
    return self._inner_hookexec(hook_name, methods, kwargs, firstresult)
  File "C:\Users\Administrator\AppData\Local\Programs\Python\Python314\Lib\site-packages\pluggy\_callers.py", line 121, in _multicall
    res = hook_impl.function(*args)
  File "C:\Users\Administrator\AppData\Local\Programs\Python\Python314\Lib\site-packages\_pytest\main.py", line 408, in pytest_runtestloop
    item.config.hook.pytest_runtest_protocol(item=item, nextitem=nextitem)
  File "C:\Users\Administrator\AppData\Local\Programs\Python\Python314\Lib\site-packages\pluggy\_hooks.py", line 512, in __call__
    return self._hookexec(self.name, self._hookimpls.copy(), kwargs, firstresult)
  File "C:\Users\Administrator\AppData\Local\Programs\Python\Python314\Lib\site-packages\pluggy\_manager.py", line 120, in _hookexec
    return self._inner_hookexec(hook_name, methods, kwargs, firstresult)
  File "C:\Users\Administrator\AppData\Local\Programs\Python\Python314\Lib\site-packages\pluggy\_callers.py", line 121, in _multicall
    res = hook_impl.function(*args)
  File "C:\Users\Administrator\AppData\Local\Programs\Python\Python314\Lib\site-packages\_pytest\runner.py", line 118, in pytest_runtest_protocol
    runtestprotocol(item, nextitem=nextitem)
  File "C:\Users\Administrator\AppData\Local\Programs\Python\Python314\Lib\site-packages\_pytest\runner.py", line 139, in runtestprotocol
    reports.append(call_and_report(item, "call", log))
  File "C:\Users\Administrator\AppData\Local\Programs\Python\Python314\Lib\site-packages\_pytest\runner.py", line 249, in call_and_report
    call = CallInfo.from_call(
  File "C:\Users\Administrator\AppData\Local\Programs\Python\Python314\Lib\site-packages\_pytest\runner.py", line 361, in from_call
    result: TResult | None = func()
  File "C:\Users\Administrator\AppData\Local\Programs\Python\Python314\Lib\site-packages\_pytest\runner.py", line 250, in <lambda>
    lambda: runtest_hook(item=item, **kwds),
  File "C:\Users\Administrator\AppData\Local\Programs\Python\Python314\Lib\site-packages\pluggy\_hooks.py", line 512, in __call__
    return self._hookexec(self.name, self._hookimpls.copy(), kwargs, firstresult)
  File "C:\Users\Administrator\AppData\Local\Programs\Python\Python314\Lib\site-packages\pluggy\_manager.py", line 120, in _hookexec
    return self._inner_hookexec(hook_name, methods, kwargs, firstresult)
  File "C:\Users\Administrator\AppData\Local\Programs\Python\Python314\Lib\site-packages\pluggy\_callers.py", line 121, in _multicall
    res = hook_impl.function(*args)
  File "C:\Users\Administrator\AppData\Local\Programs\Python\Python314\Lib\site-packages\_pytest\runner.py", line 184, in pytest_runtest_call
    item.runtest()
  File "C:\Users\Administrator\AppData\Local\Programs\Python\Python314\Lib\site-packages\pytest_asyncio\plugin.py", line 569, in runtest
    super().runtest()
  File "C:\Users\Administrator\AppData\Local\Programs\Python\Python314\Lib\site-packages\_pytest\python.py", line 1707, in runtest
    self.ihook.pytest_pyfunc_call(pyfuncitem=self)
  File "C:\Users\Administrator\AppData\Local\Programs\Python\Python314\Lib\site-packages\pluggy\_hooks.py", line 512, in __call__
    return self._hookexec(self.name, self._hookimpls.copy(), kwargs, firstresult)
  File "C:\Users\Administrator\AppData\Local\Programs\Python\Python314\Lib\site-packages\pluggy\_manager.py", line 120, in _hookexec
    return self._inner_hookexec(hook_name, methods, kwargs, firstresult)
  File "C:\Users\Administrator\AppData\Local\Programs\Python\Python314\Lib\site-packages\pluggy\_callers.py", line 121, in _multicall
    res = hook_impl.function(*args)
  File "C:\Users\Administrator\AppData\Local\Programs\Python\Python314\Lib\site-packages\_pytest\python.py", line 167, in pytest_pyfunc_call
    result = testfunction(**testargs)
  File "C:\Users\Administrator\AppData\Local\Programs\Python\Python314\Lib\site-packages\pytest_asyncio\plugin.py", line 905, in inner
    runner.run(coro, context=context)
  File "C:\Users\Administrator\AppData\Local\Programs\Python\Python314\Lib\asyncio\runners.py", line 127, in run
    return self._loop.run_until_complete(task)
  File "C:\Users\Administrator\AppData\Local\Programs\Python\Python314\Lib\asyncio\base_events.py", line 706, in run_until_complete
    self.run_forever()
  File "C:\Users\Administrator\AppData\Local\Programs\Python\Python314\Lib\asyncio\base_events.py", line 677, in run_forever
    self._run_once()
  File "C:\Users\Administrator\AppData\Local\Programs\Python\Python314\Lib\asyncio\base_events.py", line 2057, in _run_once
    handle._run()
  File "C:\Users\Administrator\AppData\Local\Programs\Python\Python314\Lib\asyncio\events.py", line 94, in _run
    self._context.run(self._callback, *self._args)
  File "D:\Project\ASTRA\backend\tests\api\test_cases.py", line 142, in test_get_case
    response = await client.get(f"/api/v1/cases/{mock_case.id}", headers=admin_headers)
  File "C:\Users\Administrator\AppData\Local\Programs\Python\Python314\Lib\site-packages\httpx\_client.py", line 1768, in get
    return await self.request(
  File "C:\Users\Administrator\AppData\Local\Programs\Python\Python314\Lib\site-packages\httpx\_client.py", line 1540, in request
    return await self.send(request, auth=auth, follow_redirects=follow_redirects)
  File "C:\Users\Administrator\AppData\Local\Programs\Python\Python314\Lib\site-packages\httpx\_client.py", line 1629, in send
    response = await self._send_handling_auth(
  File "C:\Users\Administrator\AppData\Local\Programs\Python\Python314\Lib\site-packages\httpx\_client.py", line 1657, in _send_handling_auth
    response = await self._send_handling_redirects(
  File "C:\Users\Administrator\AppData\Local\Programs\Python\Python314\Lib\site-packages\httpx\_client.py", line 1694, in _send_handling_redirects
    response = await self._send_single_request(request)
  File "C:\Users\Administrator\AppData\Local\Programs\Python\Python314\Lib\site-packages\httpx\_client.py", line 1730, in _send_single_request
    response = await transport.handle_async_request(request)
  File "C:\Users\Administrator\AppData\Local\Programs\Python\Python314\Lib\site-packages\httpx\_transports\asgi.py", line 170, in handle_async_request
    await self.app(scope, receive, send)
  File "C:\Users\Administrator\AppData\Local\Programs\Python\Python314\Lib\site-packages\fastapi\applications.py", line 1162, in __call__
    await super().__call__(scope, receive, send)
  File "C:\Users\Administrator\AppData\Local\Programs\Python\Python314\Lib\site-packages\starlette\applications.py", line 90, in __call__
    await self.middleware_stack(scope, receive, send)
  File "C:\Users\Administrator\AppData\Local\Programs\Python\Python314\Lib\site-packages\starlette\middleware\errors.py", line 164, in __call__
    await self.app(scope, receive, _send)
  File "C:\Users\Administrator\AppData\Local\Programs\Python\Python314\Lib\site-packages\starlette\middleware\cors.py", line 88, in __call__
    await self.app(scope, receive, send)
  File "C:\Users\Administrator\AppData\Local\Programs\Python\Python314\Lib\site-packages\starlette\middleware\exceptions.py", line 63, in __call__
    await wrap_app_handling_exceptions(self.app, conn)(scope, receive, send)
  File "C:\Users\Administrator\AppData\Local\Programs\Python\Python314\Lib\site-packages\starlette\_exception_handler.py", line 42, in wrapped_app
    await app(scope, receive, sender)
  File "C:\Users\Administrator\AppData\Local\Programs\Python\Python314\Lib\site-packages\fastapi\middleware\asyncexitstack.py", line 18, in __call__
    await self.app(scope, receive, send)
  File "C:\Users\Administrator\AppData\Local\Programs\Python\Python314\Lib\site-packages\starlette\routing.py", line 660, in __call__
    await self.middleware_stack(scope, receive, send)
  File "C:\Users\Administrator\AppData\Local\Programs\Python\Python314\Lib\site-packages\starlette\routing.py", line 680, in app
    await route.handle(scope, receive, send)
  File "C:\Users\Administrator\AppData\Local\Programs\Python\Python314\Lib\site-packages\fastapi\routing.py", line 1609, in handle
    await self.original_router.handle(scope, receive, send)
  File "C:\Users\Administrator\AppData\Local\Programs\Python\Python314\Lib\site-packages\fastapi\routing.py", line 2047, in handle
    await included_router._handle_selected(scope, receive, send)
  File "C:\Users\Administrator\AppData\Local\Programs\Python\Python314\Lib\site-packages\fastapi\routing.py", line 1629, in _handle_selected
    await original_route.handle(scope, receive, send)
  File "C:\Users\Administrator\AppData\Local\Programs\Python\Python314\Lib\site-packages\fastapi\routing.py", line 1218, in handle
    await app(scope, receive, send)
  File "C:\Users\Administrator\AppData\Local\Programs\Python\Python314\Lib\site-packages\fastapi\routing.py", line 143, in app
    await wrap_app_handling_exceptions(app, request)(scope, receive, send)
  File "C:\Users\Administrator\AppData\Local\Programs\Python\Python314\Lib\site-packages\starlette\_exception_handler.py", line 42, in wrapped_app
    await app(scope, receive, sender)
  File "C:\Users\Administrator\AppData\Local\Programs\Python\Python314\Lib\site-packages\fastapi\routing.py", line 129, in app
    response = await f(request)
  File "C:\Users\Administrator\AppData\Local\Programs\Python\Python314\Lib\site-packages\fastapi\routing.py", line 466, in app
    solved_result = await solve_dependencies(
  File "C:\Users\Administrator\AppData\Local\Programs\Python\Python314\Lib\site-packages\fastapi\dependencies\utils.py", line 678, in solve_dependencies
    solved = await call(**solved_result.values)
  File "D:\Project\ASTRA\backend\core\rbac.py", line 54, in enforce_deny_by_default
    log_unauthorized_access(request, user_id="system", role="unprotected_route")
  File "D:\Project\ASTRA\backend\core\rbac.py", line 16, in log_unauthorized_access
    logger.warning("Unauthorized access attempt", extra=log_data)
Message: 'Unauthorized access attempt'
Arguments: ()
--- Logging error ---
Traceback (most recent call last):
  File "C:\Users\Administrator\AppData\Local\Programs\Python\Python314\Lib\logging\__init__.py", line 1151, in emit
    msg = self.format(record)
  File "C:\Users\Administrator\AppData\Local\Programs\Python\Python314\Lib\logging\__init__.py", line 999, in format
    return fmt.format(record)
           ~~~~~~~~~~^^^^^^^^
  File "C:\Users\Administrator\AppData\Local\Programs\Python\Python314\Lib\site-packages\pythonjsonlogger\jsonlogger.py", line 243, in format
    self.add_fields(log_record, record, message_dict)
    ~~~~~~~~~~~~~~~^^^^^^^^^^^^^^^^^^^^^^^^^^^^^^^^^^
  File "C:\Users\Administrator\AppData\Local\Programs\Python\Python314\Lib\site-packages\pythonjsonlogger\jsonlogger.py", line 191, in add_fields
    self._perform_rename_log_fields(log_record)
    ~~~~~~~~~~~~~~~~~~~~~~~~~~~~~~~^^^^^^^^^^^^
  File "C:\Users\Administrator\AppData\Local\Programs\Python\Python314\Lib\site-packages\pythonjsonlogger\jsonlogger.py", line 195, in _perform_rename_log_fields
    log_record[new_field_name] = log_record[old_field_name]
                                 ~~~~~~~~~~^^^^^^^^^^^^^^^^
KeyError: 'levelname'
Call stack:
  File "<frozen runpy>", line 203, in _run_module_as_main
  File "<frozen runpy>", line 88, in _run_code
  File "C:\Users\Administrator\AppData\Local\Programs\Python\Python314\Scripts\pytest.exe\__main__.py", line 5, in <module>
    sys.exit(_console_main())
  File "C:\Users\Administrator\AppData\Local\Programs\Python\Python314\Lib\site-packages\_pytest\config\__init__.py", line 253, in _console_main
    code = _main(prog=_get_prog_name(sys.argv))
  File "C:\Users\Administrator\AppData\Local\Programs\Python\Python314\Lib\site-packages\_pytest\config\__init__.py", line 229, in _main
    ret: ExitCode | int = config.hook.pytest_cmdline_main(config=config)
  File "C:\Users\Administrator\AppData\Local\Programs\Python\Python314\Lib\site-packages\pluggy\_hooks.py", line 512, in __call__
    return self._hookexec(self.name, self._hookimpls.copy(), kwargs, firstresult)
  File "C:\Users\Administrator\AppData\Local\Programs\Python\Python314\Lib\site-packages\pluggy\_manager.py", line 120, in _hookexec
    return self._inner_hookexec(hook_name, methods, kwargs, firstresult)
  File "C:\Users\Administrator\AppData\Local\Programs\Python\Python314\Lib\site-packages\pluggy\_callers.py", line 121, in _multicall
    res = hook_impl.function(*args)
  File "C:\Users\Administrator\AppData\Local\Programs\Python\Python314\Lib\site-packages\_pytest\main.py", line 377, in pytest_cmdline_main
    return wrap_session(config, _main)
  File "C:\Users\Administrator\AppData\Local\Programs\Python\Python314\Lib\site-packages\_pytest\main.py", line 330, in wrap_session
    session.exitstatus = doit(config, session) or 0
  File "C:\Users\Administrator\AppData\Local\Programs\Python\Python314\Lib\site-packages\_pytest\main.py", line 384, in _main
    config.hook.pytest_runtestloop(session=session)
  File "C:\Users\Administrator\AppData\Local\Programs\Python\Python314\Lib\site-packages\pluggy\_hooks.py", line 512, in __call__
    return self._hookexec(self.name, self._hookimpls.copy(), kwargs, firstresult)
  File "C:\Users\Administrator\AppData\Local\Programs\Python\Python314\Lib\site-packages\pluggy\_manager.py", line 120, in _hookexec
    return self._inner_hookexec(hook_name, methods, kwargs, firstresult)
  File "C:\Users\Administrator\AppData\Local\Programs\Python\Python314\Lib\site-packages\pluggy\_callers.py", line 121, in _multicall
    res = hook_impl.function(*args)
  File "C:\Users\Administrator\AppData\Local\Programs\Python\Python314\Lib\site-packages\_pytest\main.py", line 408, in pytest_runtestloop
    item.config.hook.pytest_runtest_protocol(item=item, nextitem=nextitem)
  File "C:\Users\Administrator\AppData\Local\Programs\Python\Python314\Lib\site-packages\pluggy\_hooks.py", line 512, in __call__
    return self._hookexec(self.name, self._hookimpls.copy(), kwargs, firstresult)
  File "C:\Users\Administrator\AppData\Local\Programs\Python\Python314\Lib\site-packages\pluggy\_manager.py", line 120, in _hookexec
    return self._inner_hookexec(hook_name, methods, kwargs, firstresult)
  File "C:\Users\Administrator\AppData\Local\Programs\Python\Python314\Lib\site-packages\pluggy\_callers.py", line 121, in _multicall
    res = hook_impl.function(*args)
  File "C:\Users\Administrator\AppData\Local\Programs\Python\Python314\Lib\site-packages\_pytest\runner.py", line 118, in pytest_runtest_protocol
    runtestprotocol(item, nextitem=nextitem)
  File "C:\Users\Administrator\AppData\Local\Programs\Python\Python314\Lib\site-packages\_pytest\runner.py", line 139, in runtestprotocol
    reports.append(call_and_report(item, "call", log))
  File "C:\Users\Administrator\AppData\Local\Programs\Python\Python314\Lib\site-packages\_pytest\runner.py", line 249, in call_and_report
    call = CallInfo.from_call(
  File "C:\Users\Administrator\AppData\Local\Programs\Python\Python314\Lib\site-packages\_pytest\runner.py", line 361, in from_call
    result: TResult | None = func()
  File "C:\Users\Administrator\AppData\Local\Programs\Python\Python314\Lib\site-packages\_pytest\runner.py", line 250, in <lambda>
    lambda: runtest_hook(item=item, **kwds),
  File "C:\Users\Administrator\AppData\Local\Programs\Python\Python314\Lib\site-packages\pluggy\_hooks.py", line 512, in __call__
    return self._hookexec(self.name, self._hookimpls.copy(), kwargs, firstresult)
  File "C:\Users\Administrator\AppData\Local\Programs\Python\Python314\Lib\site-packages\pluggy\_manager.py", line 120, in _hookexec
    return self._inner_hookexec(hook_name, methods, kwargs, firstresult)
  File "C:\Users\Administrator\AppData\Local\Programs\Python\Python314\Lib\site-packages\pluggy\_callers.py", line 121, in _multicall
    res = hook_impl.function(*args)
  File "C:\Users\Administrator\AppData\Local\Programs\Python\Python314\Lib\site-packages\_pytest\runner.py", line 184, in pytest_runtest_call
    item.runtest()
  File "C:\Users\Administrator\AppData\Local\Programs\Python\Python314\Lib\site-packages\pytest_asyncio\plugin.py", line 569, in runtest
    super().runtest()
  File "C:\Users\Administrator\AppData\Local\Programs\Python\Python314\Lib\site-packages\_pytest\python.py", line 1707, in runtest
    self.ihook.pytest_pyfunc_call(pyfuncitem=self)
  File "C:\Users\Administrator\AppData\Local\Programs\Python\Python314\Lib\site-packages\pluggy\_hooks.py", line 512, in __call__
    return self._hookexec(self.name, self._hookimpls.copy(), kwargs, firstresult)
  File "C:\Users\Administrator\AppData\Local\Programs\Python\Python314\Lib\site-packages\pluggy\_manager.py", line 120, in _hookexec
    return self._inner_hookexec(hook_name, methods, kwargs, firstresult)
  File "C:\Users\Administrator\AppData\Local\Programs\Python\Python314\Lib\site-packages\pluggy\_callers.py", line 121, in _multicall
    res = hook_impl.function(*args)
  File "C:\Users\Administrator\AppData\Local\Programs\Python\Python314\Lib\site-packages\_pytest\python.py", line 167, in pytest_pyfunc_call
    result = testfunction(**testargs)
  File "C:\Users\Administrator\AppData\Local\Programs\Python\Python314\Lib\site-packages\pytest_asyncio\plugin.py", line 905, in inner
    runner.run(coro, context=context)
  File "C:\Users\Administrator\AppData\Local\Programs\Python\Python314\Lib\asyncio\runners.py", line 127, in run
    return self._loop.run_until_complete(task)
  File "C:\Users\Administrator\AppData\Local\Programs\Python\Python314\Lib\asyncio\base_events.py", line 706, in run_until_complete
    self.run_forever()
  File "C:\Users\Administrator\AppData\Local\Programs\Python\Python314\Lib\asyncio\base_events.py", line 677, in run_forever
    self._run_once()
  File "C:\Users\Administrator\AppData\Local\Programs\Python\Python314\Lib\asyncio\base_events.py", line 2057, in _run_once
    handle._run()
  File "C:\Users\Administrator\AppData\Local\Programs\Python\Python314\Lib\asyncio\events.py", line 94, in _run
    self._context.run(self._callback, *self._args)
  File "D:\Project\ASTRA\backend\tests\api\test_cases.py", line 142, in test_get_case
    response = await client.get(f"/api/v1/cases/{mock_case.id}", headers=admin_headers)
  File "C:\Users\Administrator\AppData\Local\Programs\Python\Python314\Lib\site-packages\httpx\_client.py", line 1768, in get
    return await self.request(
  File "C:\Users\Administrator\AppData\Local\Programs\Python\Python314\Lib\site-packages\httpx\_client.py", line 1540, in request
    return await self.send(request, auth=auth, follow_redirects=follow_redirects)
  File "C:\Users\Administrator\AppData\Local\Programs\Python\Python314\Lib\site-packages\httpx\_client.py", line 1629, in send
    response = await self._send_handling_auth(
  File "C:\Users\Administrator\AppData\Local\Programs\Python\Python314\Lib\site-packages\httpx\_client.py", line 1657, in _send_handling_auth
    response = await self._send_handling_redirects(
  File "C:\Users\Administrator\AppData\Local\Programs\Python\Python314\Lib\site-packages\httpx\_client.py", line 1694, in _send_handling_redirects
    response = await self._send_single_request(request)
  File "C:\Users\Administrator\AppData\Local\Programs\Python\Python314\Lib\site-packages\httpx\_client.py", line 1740, in _send_single_request
    logger.info(
Message: 'HTTP Request: %s %s "%s %d %s"'
Arguments: ('GET', URL('http://test/api/v1/cases/b9cf6977-f14c-40fa-8e0e-16cde1041278'), 'HTTP/1.1', 403, 'Forbidden')
------------------------------ Captured log call ------------------------------
WARNING  root:rbac.py:16 Unauthorized access attempt
INFO     httpx:_client.py:1740 HTTP Request: GET http://test/api/v1/cases/b9cf6977-f14c-40fa-8e0e-16cde1041278 "HTTP/1.1 403 Forbidden"
______________________________ test_update_case _______________________________
tests\api\test_cases.py:153: in test_update_case
    assert response.status_code == 200
E   assert 403 == 200
E    +  where 403 = <Response [403 Forbidden]>.status_code
---------------------------- Captured stderr call -----------------------------
--- Logging error ---
Traceback (most recent call last):
  File "C:\Users\Administrator\AppData\Local\Programs\Python\Python314\Lib\logging\__init__.py", line 1151, in emit
    msg = self.format(record)
  File "C:\Users\Administrator\AppData\Local\Programs\Python\Python314\Lib\logging\__init__.py", line 999, in format
    return fmt.format(record)
           ~~~~~~~~~~^^^^^^^^
  File "C:\Users\Administrator\AppData\Local\Programs\Python\Python314\Lib\site-packages\pythonjsonlogger\jsonlogger.py", line 243, in format
    self.add_fields(log_record, record, message_dict)
    ~~~~~~~~~~~~~~~^^^^^^^^^^^^^^^^^^^^^^^^^^^^^^^^^^
  File "C:\Users\Administrator\AppData\Local\Programs\Python\Python314\Lib\site-packages\pythonjsonlogger\jsonlogger.py", line 191, in add_fields
    self._perform_rename_log_fields(log_record)
    ~~~~~~~~~~~~~~~~~~~~~~~~~~~~~~~^^^^^^^^^^^^
  File "C:\Users\Administrator\AppData\Local\Programs\Python\Python314\Lib\site-packages\pythonjsonlogger\jsonlogger.py", line 195, in _perform_rename_log_fields
    log_record[new_field_name] = log_record[old_field_name]
                                 ~~~~~~~~~~^^^^^^^^^^^^^^^^
KeyError: 'levelname'
Call stack:
  File "<frozen runpy>", line 203, in _run_module_as_main
  File "<frozen runpy>", line 88, in _run_code
  File "C:\Users\Administrator\AppData\Local\Programs\Python\Python314\Scripts\pytest.exe\__main__.py", line 5, in <module>
    sys.exit(_console_main())
  File "C:\Users\Administrator\AppData\Local\Programs\Python\Python314\Lib\site-packages\_pytest\config\__init__.py", line 253, in _console_main
    code = _main(prog=_get_prog_name(sys.argv))
  File "C:\Users\Administrator\AppData\Local\Programs\Python\Python314\Lib\site-packages\_pytest\config\__init__.py", line 229, in _main
    ret: ExitCode | int = config.hook.pytest_cmdline_main(config=config)
  File "C:\Users\Administrator\AppData\Local\Programs\Python\Python314\Lib\site-packages\pluggy\_hooks.py", line 512, in __call__
    return self._hookexec(self.name, self._hookimpls.copy(), kwargs, firstresult)
  File "C:\Users\Administrator\AppData\Local\Programs\Python\Python314\Lib\site-packages\pluggy\_manager.py", line 120, in _hookexec
    return self._inner_hookexec(hook_name, methods, kwargs, firstresult)
  File "C:\Users\Administrator\AppData\Local\Programs\Python\Python314\Lib\site-packages\pluggy\_callers.py", line 121, in _multicall
    res = hook_impl.function(*args)
  File "C:\Users\Administrator\AppData\Local\Programs\Python\Python314\Lib\site-packages\_pytest\main.py", line 377, in pytest_cmdline_main
    return wrap_session(config, _main)
  File "C:\Users\Administrator\AppData\Local\Programs\Python\Python314\Lib\site-packages\_pytest\main.py", line 330, in wrap_session
    session.exitstatus = doit(config, session) or 0
  File "C:\Users\Administrator\AppData\Local\Programs\Python\Python314\Lib\site-packages\_pytest\main.py", line 384, in _main
    config.hook.pytest_runtestloop(session=session)
  File "C:\Users\Administrator\AppData\Local\Programs\Python\Python314\Lib\site-packages\pluggy\_hooks.py", line 512, in __call__
    return self._hookexec(self.name, self._hookimpls.copy(), kwargs, firstresult)
  File "C:\Users\Administrator\AppData\Local\Programs\Python\Python314\Lib\site-packages\pluggy\_manager.py", line 120, in _hookexec
    return self._inner_hookexec(hook_name, methods, kwargs, firstresult)
  File "C:\Users\Administrator\AppData\Local\Programs\Python\Python314\Lib\site-packages\pluggy\_callers.py", line 121, in _multicall
    res = hook_impl.function(*args)
  File "C:\Users\Administrator\AppData\Local\Programs\Python\Python314\Lib\site-packages\_pytest\main.py", line 408, in pytest_runtestloop
    item.config.hook.pytest_runtest_protocol(item=item, nextitem=nextitem)
  File "C:\Users\Administrator\AppData\Local\Programs\Python\Python314\Lib\site-packages\pluggy\_hooks.py", line 512, in __call__
    return self._hookexec(self.name, self._hookimpls.copy(), kwargs, firstresult)
  File "C:\Users\Administrator\AppData\Local\Programs\Python\Python314\Lib\site-packages\pluggy\_manager.py", line 120, in _hookexec
    return self._inner_hookexec(hook_name, methods, kwargs, firstresult)
  File "C:\Users\Administrator\AppData\Local\Programs\Python\Python314\Lib\site-packages\pluggy\_callers.py", line 121, in _multicall
    res = hook_impl.function(*args)
  File "C:\Users\Administrator\AppData\Local\Programs\Python\Python314\Lib\site-packages\_pytest\runner.py", line 118, in pytest_runtest_protocol
    runtestprotocol(item, nextitem=nextitem)
  File "C:\Users\Administrator\AppData\Local\Programs\Python\Python314\Lib\site-packages\_pytest\runner.py", line 139, in runtestprotocol
    reports.append(call_and_report(item, "call", log))
  File "C:\Users\Administrator\AppData\Local\Programs\Python\Python314\Lib\site-packages\_pytest\runner.py", line 249, in call_and_report
    call = CallInfo.from_call(
  File "C:\Users\Administrator\AppData\Local\Programs\Python\Python314\Lib\site-packages\_pytest\runner.py", line 361, in from_call
    result: TResult | None = func()
  File "C:\Users\Administrator\AppData\Local\Programs\Python\Python314\Lib\site-packages\_pytest\runner.py", line 250, in <lambda>
    lambda: runtest_hook(item=item, **kwds),
  File "C:\Users\Administrator\AppData\Local\Programs\Python\Python314\Lib\site-packages\pluggy\_hooks.py", line 512, in __call__
    return self._hookexec(self.name, self._hookimpls.copy(), kwargs, firstresult)
  File "C:\Users\Administrator\AppData\Local\Programs\Python\Python314\Lib\site-packages\pluggy\_manager.py", line 120, in _hookexec
    return self._inner_hookexec(hook_name, methods, kwargs, firstresult)
  File "C:\Users\Administrator\AppData\Local\Programs\Python\Python314\Lib\site-packages\pluggy\_callers.py", line 121, in _multicall
    res = hook_impl.function(*args)
  File "C:\Users\Administrator\AppData\Local\Programs\Python\Python314\Lib\site-packages\_pytest\runner.py", line 184, in pytest_runtest_call
    item.runtest()
  File "C:\Users\Administrator\AppData\Local\Programs\Python\Python314\Lib\site-packages\pytest_asyncio\plugin.py", line 569, in runtest
    super().runtest()
  File "C:\Users\Administrator\AppData\Local\Programs\Python\Python314\Lib\site-packages\_pytest\python.py", line 1707, in runtest
    self.ihook.pytest_pyfunc_call(pyfuncitem=self)
  File "C:\Users\Administrator\AppData\Local\Programs\Python\Python314\Lib\site-packages\pluggy\_hooks.py", line 512, in __call__
    return self._hookexec(self.name, self._hookimpls.copy(), kwargs, firstresult)
  File "C:\Users\Administrator\AppData\Local\Programs\Python\Python314\Lib\site-packages\pluggy\_manager.py", line 120, in _hookexec
    return self._inner_hookexec(hook_name, methods, kwargs, firstresult)
  File "C:\Users\Administrator\AppData\Local\Programs\Python\Python314\Lib\site-packages\pluggy\_callers.py", line 121, in _multicall
    res = hook_impl.function(*args)
  File "C:\Users\Administrator\AppData\Local\Programs\Python\Python314\Lib\site-packages\_pytest\python.py", line 167, in pytest_pyfunc_call
    result = testfunction(**testargs)
  File "C:\Users\Administrator\AppData\Local\Programs\Python\Python314\Lib\site-packages\pytest_asyncio\plugin.py", line 905, in inner
    runner.run(coro, context=context)
  File "C:\Users\Administrator\AppData\Local\Programs\Python\Python314\Lib\asyncio\runners.py", line 127, in run
    return self._loop.run_until_complete(task)
  File "C:\Users\Administrator\AppData\Local\Programs\Python\Python314\Lib\asyncio\base_events.py", line 706, in run_until_complete
    self.run_forever()
  File "C:\Users\Administrator\AppData\Local\Programs\Python\Python314\Lib\asyncio\base_events.py", line 677, in run_forever
    self._run_once()
  File "C:\Users\Administrator\AppData\Local\Programs\Python\Python314\Lib\asyncio\base_events.py", line 2057, in _run_once
    handle._run()
  File "C:\Users\Administrator\AppData\Local\Programs\Python\Python314\Lib\asyncio\events.py", line 94, in _run
    self._context.run(self._callback, *self._args)
  File "D:\Project\ASTRA\backend\tests\api\test_cases.py", line 148, in test_update_case
    response = await client.patch(
  File "C:\Users\Administrator\AppData\Local\Programs\Python\Python314\Lib\site-packages\httpx\_client.py", line 1933, in patch
    return await self.request(
  File "C:\Users\Administrator\AppData\Local\Programs\Python\Python314\Lib\site-packages\httpx\_client.py", line 1540, in request
    return await self.send(request, auth=auth, follow_redirects=follow_redirects)
  File "C:\Users\Administrator\AppData\Local\Programs\Python\Python314\Lib\site-packages\httpx\_client.py", line 1629, in send
    response = await self._send_handling_auth(
  File "C:\Users\Administrator\AppData\Local\Programs\Python\Python314\Lib\site-packages\httpx\_client.py", line 1657, in _send_handling_auth
    response = await self._send_handling_redirects(
  File "C:\Users\Administrator\AppData\Local\Programs\Python\Python314\Lib\site-packages\httpx\_client.py", line 1694, in _send_handling_redirects
    response = await self._send_single_request(request)
  File "C:\Users\Administrator\AppData\Local\Programs\Python\Python314\Lib\site-packages\httpx\_client.py", line 1730, in _send_single_request
    response = await transport.handle_async_request(request)
  File "C:\Users\Administrator\AppData\Local\Programs\Python\Python314\Lib\site-packages\httpx\_transports\asgi.py", line 170, in handle_async_request
    await self.app(scope, receive, send)
  File "C:\Users\Administrator\AppData\Local\Programs\Python\Python314\Lib\site-packages\fastapi\applications.py", line 1162, in __call__
    await super().__call__(scope, receive, send)
  File "C:\Users\Administrator\AppData\Local\Programs\Python\Python314\Lib\site-packages\starlette\applications.py", line 90, in __call__
    await self.middleware_stack(scope, receive, send)
  File "C:\Users\Administrator\AppData\Local\Programs\Python\Python314\Lib\site-packages\starlette\middleware\errors.py", line 164, in __call__
    await self.app(scope, receive, _send)
  File "C:\Users\Administrator\AppData\Local\Programs\Python\Python314\Lib\site-packages\starlette\middleware\cors.py", line 88, in __call__
    await self.app(scope, receive, send)
  File "C:\Users\Administrator\AppData\Local\Programs\Python\Python314\Lib\site-packages\starlette\middleware\exceptions.py", line 63, in __call__
    await wrap_app_handling_exceptions(self.app, conn)(scope, receive, send)
  File "C:\Users\Administrator\AppData\Local\Programs\Python\Python314\Lib\site-packages\starlette\_exception_handler.py", line 42, in wrapped_app
    await app(scope, receive, sender)
  File "C:\Users\Administrator\AppData\Local\Programs\Python\Python314\Lib\site-packages\fastapi\middleware\asyncexitstack.py", line 18, in __call__
    await self.app(scope, receive, send)
  File "C:\Users\Administrator\AppData\Local\Programs\Python\Python314\Lib\site-packages\starlette\routing.py", line 660, in __call__
    await self.middleware_stack(scope, receive, send)
  File "C:\Users\Administrator\AppData\Local\Programs\Python\Python314\Lib\site-packages\starlette\routing.py", line 680, in app
    await route.handle(scope, receive, send)
  File "C:\Users\Administrator\AppData\Local\Programs\Python\Python314\Lib\site-packages\fastapi\routing.py", line 1609, in handle
    await self.original_router.handle(scope, receive, send)
  File "C:\Users\Administrator\AppData\Local\Programs\Python\Python314\Lib\site-packages\fastapi\routing.py", line 2047, in handle
    await included_router._handle_selected(scope, receive, send)
  File "C:\Users\Administrator\AppData\Local\Programs\Python\Python314\Lib\site-packages\fastapi\routing.py", line 1629, in _handle_selected
    await original_route.handle(scope, receive, send)
  File "C:\Users\Administrator\AppData\Local\Programs\Python\Python314\Lib\site-packages\fastapi\routing.py", line 1218, in handle
    await app(scope, receive, send)
  File "C:\Users\Administrator\AppData\Local\Programs\Python\Python314\Lib\site-packages\fastapi\routing.py", line 143, in app
    await wrap_app_handling_exceptions(app, request)(scope, receive, send)
  File "C:\Users\Administrator\AppData\Local\Programs\Python\Python314\Lib\site-packages\starlette\_exception_handler.py", line 42, in wrapped_app
    await app(scope, receive, sender)
  File "C:\Users\Administrator\AppData\Local\Programs\Python\Python314\Lib\site-packages\fastapi\routing.py", line 129, in app
    response = await f(request)
  File "C:\Users\Administrator\AppData\Local\Programs\Python\Python314\Lib\site-packages\fastapi\routing.py", line 466, in app
    solved_result = await solve_dependencies(
  File "C:\Users\Administrator\AppData\Local\Programs\Python\Python314\Lib\site-packages\fastapi\dependencies\utils.py", line 678, in solve_dependencies
    solved = await call(**solved_result.values)
  File "D:\Project\ASTRA\backend\core\rbac.py", line 54, in enforce_deny_by_default
    log_unauthorized_access(request, user_id="system", role="unprotected_route")
  File "D:\Project\ASTRA\backend\core\rbac.py", line 16, in log_unauthorized_access
    logger.warning("Unauthorized access attempt", extra=log_data)
Message: 'Unauthorized access attempt'
Arguments: ()
--- Logging error ---
Traceback (most recent call last):
  File "C:\Users\Administrator\AppData\Local\Programs\Python\Python314\Lib\logging\__init__.py", line 1151, in emit
    msg = self.format(record)
  File "C:\Users\Administrator\AppData\Local\Programs\Python\Python314\Lib\logging\__init__.py", line 999, in format
    return fmt.format(record)
           ~~~~~~~~~~^^^^^^^^
  File "C:\Users\Administrator\AppData\Local\Programs\Python\Python314\Lib\site-packages\pythonjsonlogger\jsonlogger.py", line 243, in format
    self.add_fields(log_record, record, message_dict)
    ~~~~~~~~~~~~~~~^^^^^^^^^^^^^^^^^^^^^^^^^^^^^^^^^^
  File "C:\Users\Administrator\AppData\Local\Programs\Python\Python314\Lib\site-packages\pythonjsonlogger\jsonlogger.py", line 191, in add_fields
    self._perform_rename_log_fields(log_record)
    ~~~~~~~~~~~~~~~~~~~~~~~~~~~~~~~^^^^^^^^^^^^
  File "C:\Users\Administrator\AppData\Local\Programs\Python\Python314\Lib\site-packages\pythonjsonlogger\jsonlogger.py", line 195, in _perform_rename_log_fields
    log_record[new_field_name] = log_record[old_field_name]
                                 ~~~~~~~~~~^^^^^^^^^^^^^^^^
KeyError: 'levelname'
Call stack:
  File "<frozen runpy>", line 203, in _run_module_as_main
  File "<frozen runpy>", line 88, in _run_code
  File "C:\Users\Administrator\AppData\Local\Programs\Python\Python314\Scripts\pytest.exe\__main__.py", line 5, in <module>
    sys.exit(_console_main())
  File "C:\Users\Administrator\AppData\Local\Programs\Python\Python314\Lib\site-packages\_pytest\config\__init__.py", line 253, in _console_main
    code = _main(prog=_get_prog_name(sys.argv))
  File "C:\Users\Administrator\AppData\Local\Programs\Python\Python314\Lib\site-packages\_pytest\config\__init__.py", line 229, in _main
    ret: ExitCode | int = config.hook.pytest_cmdline_main(config=config)
  File "C:\Users\Administrator\AppData\Local\Programs\Python\Python314\Lib\site-packages\pluggy\_hooks.py", line 512, in __call__
    return self._hookexec(self.name, self._hookimpls.copy(), kwargs, firstresult)
  File "C:\Users\Administrator\AppData\Local\Programs\Python\Python314\Lib\site-packages\pluggy\_manager.py", line 120, in _hookexec
    return self._inner_hookexec(hook_name, methods, kwargs, firstresult)
  File "C:\Users\Administrator\AppData\Local\Programs\Python\Python314\Lib\site-packages\pluggy\_callers.py", line 121, in _multicall
    res = hook_impl.function(*args)
  File "C:\Users\Administrator\AppData\Local\Programs\Python\Python314\Lib\site-packages\_pytest\main.py", line 377, in pytest_cmdline_main
    return wrap_session(config, _main)
  File "C:\Users\Administrator\AppData\Local\Programs\Python\Python314\Lib\site-packages\_pytest\main.py", line 330, in wrap_session
    session.exitstatus = doit(config, session) or 0
  File "C:\Users\Administrator\AppData\Local\Programs\Python\Python314\Lib\site-packages\_pytest\main.py", line 384, in _main
    config.hook.pytest_runtestloop(session=session)
  File "C:\Users\Administrator\AppData\Local\Programs\Python\Python314\Lib\site-packages\pluggy\_hooks.py", line 512, in __call__
    return self._hookexec(self.name, self._hookimpls.copy(), kwargs, firstresult)
  File "C:\Users\Administrator\AppData\Local\Programs\Python\Python314\Lib\site-packages\pluggy\_manager.py", line 120, in _hookexec
    return self._inner_hookexec(hook_name, methods, kwargs, firstresult)
  File "C:\Users\Administrator\AppData\Local\Programs\Python\Python314\Lib\site-packages\pluggy\_callers.py", line 121, in _multicall
    res = hook_impl.function(*args)
  File "C:\Users\Administrator\AppData\Local\Programs\Python\Python314\Lib\site-packages\_pytest\main.py", line 408, in pytest_runtestloop
    item.config.hook.pytest_runtest_protocol(item=item, nextitem=nextitem)
  File "C:\Users\Administrator\AppData\Local\Programs\Python\Python314\Lib\site-packages\pluggy\_hooks.py", line 512, in __call__
    return self._hookexec(self.name, self._hookimpls.copy(), kwargs, firstresult)
  File "C:\Users\Administrator\AppData\Local\Programs\Python\Python314\Lib\site-packages\pluggy\_manager.py", line 120, in _hookexec
    return self._inner_hookexec(hook_name, methods, kwargs, firstresult)
  File "C:\Users\Administrator\AppData\Local\Programs\Python\Python314\Lib\site-packages\pluggy\_callers.py", line 121, in _multicall
    res = hook_impl.function(*args)
  File "C:\Users\Administrator\AppData\Local\Programs\Python\Python314\Lib\site-packages\_pytest\runner.py", line 118, in pytest_runtest_protocol
    runtestprotocol(item, nextitem=nextitem)
  File "C:\Users\Administrator\AppData\Local\Programs\Python\Python314\Lib\site-packages\_pytest\runner.py", line 139, in runtestprotocol
    reports.append(call_and_report(item, "call", log))
  File "C:\Users\Administrator\AppData\Local\Programs\Python\Python314\Lib\site-packages\_pytest\runner.py", line 249, in call_and_report
    call = CallInfo.from_call(
  File "C:\Users\Administrator\AppData\Local\Programs\Python\Python314\Lib\site-packages\_pytest\runner.py", line 361, in from_call
    result: TResult | None = func()
  File "C:\Users\Administrator\AppData\Local\Programs\Python\Python314\Lib\site-packages\_pytest\runner.py", line 250, in <lambda>
    lambda: runtest_hook(item=item, **kwds),
  File "C:\Users\Administrator\AppData\Local\Programs\Python\Python314\Lib\site-packages\pluggy\_hooks.py", line 512, in __call__
    return self._hookexec(self.name, self._hookimpls.copy(), kwargs, firstresult)
  File "C:\Users\Administrator\AppData\Local\Programs\Python\Python314\Lib\site-packages\pluggy\_manager.py", line 120, in _hookexec
    return self._inner_hookexec(hook_name, methods, kwargs, firstresult)
  File "C:\Users\Administrator\AppData\Local\Programs\Python\Python314\Lib\site-packages\pluggy\_callers.py", line 121, in _multicall
    res = hook_impl.function(*args)
  File "C:\Users\Administrator\AppData\Local\Programs\Python\Python314\Lib\site-packages\_pytest\runner.py", line 184, in pytest_runtest_call
    item.runtest()
  File "C:\Users\Administrator\AppData\Local\Programs\Python\Python314\Lib\site-packages\pytest_asyncio\plugin.py", line 569, in runtest
    super().runtest()
  File "C:\Users\Administrator\AppData\Local\Programs\Python\Python314\Lib\site-packages\_pytest\python.py", line 1707, in runtest
    self.ihook.pytest_pyfunc_call(pyfuncitem=self)
  File "C:\Users\Administrator\AppData\Local\Programs\Python\Python314\Lib\site-packages\pluggy\_hooks.py", line 512, in __call__
    return self._hookexec(self.name, self._hookimpls.copy(), kwargs, firstresult)
  File "C:\Users\Administrator\AppData\Local\Programs\Python\Python314\Lib\site-packages\pluggy\_manager.py", line 120, in _hookexec
    return self._inner_hookexec(hook_name, methods, kwargs, firstresult)
  File "C:\Users\Administrator\AppData\Local\Programs\Python\Python314\Lib\site-packages\pluggy\_callers.py", line 121, in _multicall
    res = hook_impl.function(*args)
  File "C:\Users\Administrator\AppData\Local\Programs\Python\Python314\Lib\site-packages\_pytest\python.py", line 167, in pytest_pyfunc_call
    result = testfunction(**testargs)
  File "C:\Users\Administrator\AppData\Local\Programs\Python\Python314\Lib\site-packages\pytest_asyncio\plugin.py", line 905, in inner
    runner.run(coro, context=context)
  File "C:\Users\Administrator\AppData\Local\Programs\Python\Python314\Lib\asyncio\runners.py", line 127, in run
    return self._loop.run_until_complete(task)
  File "C:\Users\Administrator\AppData\Local\Programs\Python\Python314\Lib\asyncio\base_events.py", line 706, in run_until_complete
    self.run_forever()
  File "C:\Users\Administrator\AppData\Local\Programs\Python\Python314\Lib\asyncio\base_events.py", line 677, in run_forever
    self._run_once()
  File "C:\Users\Administrator\AppData\Local\Programs\Python\Python314\Lib\asyncio\base_events.py", line 2057, in _run_once
    handle._run()
  File "C:\Users\Administrator\AppData\Local\Programs\Python\Python314\Lib\asyncio\events.py", line 94, in _run
    self._context.run(self._callback, *self._args)
  File "D:\Project\ASTRA\backend\tests\api\test_cases.py", line 148, in test_update_case
    response = await client.patch(
  File "C:\Users\Administrator\AppData\Local\Programs\Python\Python314\Lib\site-packages\httpx\_client.py", line 1933, in patch
    return await self.request(
  File "C:\Users\Administrator\AppData\Local\Programs\Python\Python314\Lib\site-packages\httpx\_client.py", line 1540, in request
    return await self.send(request, auth=auth, follow_redirects=follow_redirects)
  File "C:\Users\Administrator\AppData\Local\Programs\Python\Python314\Lib\site-packages\httpx\_client.py", line 1629, in send
    response = await self._send_handling_auth(
  File "C:\Users\Administrator\AppData\Local\Programs\Python\Python314\Lib\site-packages\httpx\_client.py", line 1657, in _send_handling_auth
    response = await self._send_handling_redirects(
  File "C:\Users\Administrator\AppData\Local\Programs\Python\Python314\Lib\site-packages\httpx\_client.py", line 1694, in _send_handling_redirects
    response = await self._send_single_request(request)
  File "C:\Users\Administrator\AppData\Local\Programs\Python\Python314\Lib\site-packages\httpx\_client.py", line 1740, in _send_single_request
    logger.info(
Message: 'HTTP Request: %s %s "%s %d %s"'
Arguments: ('PATCH', URL('http://test/api/v1/cases/23065803-8c3c-4722-a32e-fe4ad25ba845'), 'HTTP/1.1', 403, 'Forbidden')
------------------------------ Captured log call ------------------------------
WARNING  root:rbac.py:16 Unauthorized access attempt
INFO     httpx:_client.py:1740 HTTP Request: PATCH http://test/api/v1/cases/23065803-8c3c-4722-a32e-fe4ad25ba845 "HTTP/1.1 403 Forbidden"
______________________________ test_assign_case _______________________________
tests\api\test_cases.py:163: in test_assign_case
    assert response.status_code == 200
E   assert 403 == 200
E    +  where 403 = <Response [403 Forbidden]>.status_code
---------------------------- Captured stderr call -----------------------------
--- Logging error ---
Traceback (most recent call last):
  File "C:\Users\Administrator\AppData\Local\Programs\Python\Python314\Lib\logging\__init__.py", line 1151, in emit
    msg = self.format(record)
  File "C:\Users\Administrator\AppData\Local\Programs\Python\Python314\Lib\logging\__init__.py", line 999, in format
    return fmt.format(record)
           ~~~~~~~~~~^^^^^^^^
  File "C:\Users\Administrator\AppData\Local\Programs\Python\Python314\Lib\site-packages\pythonjsonlogger\jsonlogger.py", line 243, in format
    self.add_fields(log_record, record, message_dict)
    ~~~~~~~~~~~~~~~^^^^^^^^^^^^^^^^^^^^^^^^^^^^^^^^^^
  File "C:\Users\Administrator\AppData\Local\Programs\Python\Python314\Lib\site-packages\pythonjsonlogger\jsonlogger.py", line 191, in add_fields
    self._perform_rename_log_fields(log_record)
    ~~~~~~~~~~~~~~~~~~~~~~~~~~~~~~~^^^^^^^^^^^^
  File "C:\Users\Administrator\AppData\Local\Programs\Python\Python314\Lib\site-packages\pythonjsonlogger\jsonlogger.py", line 195, in _perform_rename_log_fields
    log_record[new_field_name] = log_record[old_field_name]
                                 ~~~~~~~~~~^^^^^^^^^^^^^^^^
KeyError: 'levelname'
Call stack:
  File "<frozen runpy>", line 203, in _run_module_as_main
  File "<frozen runpy>", line 88, in _run_code
  File "C:\Users\Administrator\AppData\Local\Programs\Python\Python314\Scripts\pytest.exe\__main__.py", line 5, in <module>
    sys.exit(_console_main())
  File "C:\Users\Administrator\AppData\Local\Programs\Python\Python314\Lib\site-packages\_pytest\config\__init__.py", line 253, in _console_main
    code = _main(prog=_get_prog_name(sys.argv))
  File "C:\Users\Administrator\AppData\Local\Programs\Python\Python314\Lib\site-packages\_pytest\config\__init__.py", line 229, in _main
    ret: ExitCode | int = config.hook.pytest_cmdline_main(config=config)
  File "C:\Users\Administrator\AppData\Local\Programs\Python\Python314\Lib\site-packages\pluggy\_hooks.py", line 512, in __call__
    return self._hookexec(self.name, self._hookimpls.copy(), kwargs, firstresult)
  File "C:\Users\Administrator\AppData\Local\Programs\Python\Python314\Lib\site-packages\pluggy\_manager.py", line 120, in _hookexec
    return self._inner_hookexec(hook_name, methods, kwargs, firstresult)
  File "C:\Users\Administrator\AppData\Local\Programs\Python\Python314\Lib\site-packages\pluggy\_callers.py", line 121, in _multicall
    res = hook_impl.function(*args)
  File "C:\Users\Administrator\AppData\Local\Programs\Python\Python314\Lib\site-packages\_pytest\main.py", line 377, in pytest_cmdline_main
    return wrap_session(config, _main)
  File "C:\Users\Administrator\AppData\Local\Programs\Python\Python314\Lib\site-packages\_pytest\main.py", line 330, in wrap_session
    session.exitstatus = doit(config, session) or 0
  File "C:\Users\Administrator\AppData\Local\Programs\Python\Python314\Lib\site-packages\_pytest\main.py", line 384, in _main
    config.hook.pytest_runtestloop(session=session)
  File "C:\Users\Administrator\AppData\Local\Programs\Python\Python314\Lib\site-packages\pluggy\_hooks.py", line 512, in __call__
    return self._hookexec(self.name, self._hookimpls.copy(), kwargs, firstresult)
  File "C:\Users\Administrator\AppData\Local\Programs\Python\Python314\Lib\site-packages\pluggy\_manager.py", line 120, in _hookexec
    return self._inner_hookexec(hook_name, methods, kwargs, firstresult)
  File "C:\Users\Administrator\AppData\Local\Programs\Python\Python314\Lib\site-packages\pluggy\_callers.py", line 121, in _multicall
    res = hook_impl.function(*args)
  File "C:\Users\Administrator\AppData\Local\Programs\Python\Python314\Lib\site-packages\_pytest\main.py", line 408, in pytest_runtestloop
    item.config.hook.pytest_runtest_protocol(item=item, nextitem=nextitem)
  File "C:\Users\Administrator\AppData\Local\Programs\Python\Python314\Lib\site-packages\pluggy\_hooks.py", line 512, in __call__
    return self._hookexec(self.name, self._hookimpls.copy(), kwargs, firstresult)
  File "C:\Users\Administrator\AppData\Local\Programs\Python\Python314\Lib\site-packages\pluggy\_manager.py", line 120, in _hookexec
    return self._inner_hookexec(hook_name, methods, kwargs, firstresult)
  File "C:\Users\Administrator\AppData\Local\Programs\Python\Python314\Lib\site-packages\pluggy\_callers.py", line 121, in _multicall
    res = hook_impl.function(*args)
  File "C:\Users\Administrator\AppData\Local\Programs\Python\Python314\Lib\site-packages\_pytest\runner.py", line 118, in pytest_runtest_protocol
    runtestprotocol(item, nextitem=nextitem)
  File "C:\Users\Administrator\AppData\Local\Programs\Python\Python314\Lib\site-packages\_pytest\runner.py", line 139, in runtestprotocol
    reports.append(call_and_report(item, "call", log))
  File "C:\Users\Administrator\AppData\Local\Programs\Python\Python314\Lib\site-packages\_pytest\runner.py", line 249, in call_and_report
    call = CallInfo.from_call(
  File "C:\Users\Administrator\AppData\Local\Programs\Python\Python314\Lib\site-packages\_pytest\runner.py", line 361, in from_call
    result: TResult | None = func()
  File "C:\Users\Administrator\AppData\Local\Programs\Python\Python314\Lib\site-packages\_pytest\runner.py", line 250, in <lambda>
    lambda: runtest_hook(item=item, **kwds),
  File "C:\Users\Administrator\AppData\Local\Programs\Python\Python314\Lib\site-packages\pluggy\_hooks.py", line 512, in __call__
    return self._hookexec(self.name, self._hookimpls.copy(), kwargs, firstresult)
  File "C:\Users\Administrator\AppData\Local\Programs\Python\Python314\Lib\site-packages\pluggy\_manager.py", line 120, in _hookexec
    return self._inner_hookexec(hook_name, methods, kwargs, firstresult)
  File "C:\Users\Administrator\AppData\Local\Programs\Python\Python314\Lib\site-packages\pluggy\_callers.py", line 121, in _multicall
    res = hook_impl.function(*args)
  File "C:\Users\Administrator\AppData\Local\Programs\Python\Python314\Lib\site-packages\_pytest\runner.py", line 184, in pytest_runtest_call
    item.runtest()
  File "C:\Users\Administrator\AppData\Local\Programs\Python\Python314\Lib\site-packages\pytest_asyncio\plugin.py", line 569, in runtest
    super().runtest()
  File "C:\Users\Administrator\AppData\Local\Programs\Python\Python314\Lib\site-packages\_pytest\python.py", line 1707, in runtest
    self.ihook.pytest_pyfunc_call(pyfuncitem=self)
  File "C:\Users\Administrator\AppData\Local\Programs\Python\Python314\Lib\site-packages\pluggy\_hooks.py", line 512, in __call__
    return self._hookexec(self.name, self._hookimpls.copy(), kwargs, firstresult)
  File "C:\Users\Administrator\AppData\Local\Programs\Python\Python314\Lib\site-packages\pluggy\_manager.py", line 120, in _hookexec
    return self._inner_hookexec(hook_name, methods, kwargs, firstresult)
  File "C:\Users\Administrator\AppData\Local\Programs\Python\Python314\Lib\site-packages\pluggy\_callers.py", line 121, in _multicall
    res = hook_impl.function(*args)
  File "C:\Users\Administrator\AppData\Local\Programs\Python\Python314\Lib\site-packages\_pytest\python.py", line 167, in pytest_pyfunc_call
    result = testfunction(**testargs)
  File "C:\Users\Administrator\AppData\Local\Programs\Python\Python314\Lib\site-packages\pytest_asyncio\plugin.py", line 905, in inner
    runner.run(coro, context=context)
  File "C:\Users\Administrator\AppData\Local\Programs\Python\Python314\Lib\asyncio\runners.py", line 127, in run
    return self._loop.run_until_complete(task)
  File "C:\Users\Administrator\AppData\Local\Programs\Python\Python314\Lib\asyncio\base_events.py", line 706, in run_until_complete
    self.run_forever()
  File "C:\Users\Administrator\AppData\Local\Programs\Python\Python314\Lib\asyncio\base_events.py", line 677, in run_forever
    self._run_once()
  File "C:\Users\Administrator\AppData\Local\Programs\Python\Python314\Lib\asyncio\base_events.py", line 2057, in _run_once
    handle._run()
  File "C:\Users\Administrator\AppData\Local\Programs\Python\Python314\Lib\asyncio\events.py", line 94, in _run
    self._context.run(self._callback, *self._args)
  File "D:\Project\ASTRA\backend\tests\api\test_cases.py", line 158, in test_assign_case
    response = await client.post(
  File "C:\Users\Administrator\AppData\Local\Programs\Python\Python314\Lib\site-packages\httpx\_client.py", line 1859, in post
    return await self.request(
  File "C:\Users\Administrator\AppData\Local\Programs\Python\Python314\Lib\site-packages\httpx\_client.py", line 1540, in request
    return await self.send(request, auth=auth, follow_redirects=follow_redirects)
  File "C:\Users\Administrator\AppData\Local\Programs\Python\Python314\Lib\site-packages\httpx\_client.py", line 1629, in send
    response = await self._send_handling_auth(
  File "C:\Users\Administrator\AppData\Local\Programs\Python\Python314\Lib\site-packages\httpx\_client.py", line 1657, in _send_handling_auth
    response = await self._send_handling_redirects(
  File "C:\Users\Administrator\AppData\Local\Programs\Python\Python314\Lib\site-packages\httpx\_client.py", line 1694, in _send_handling_redirects
    response = await self._send_single_request(request)
  File "C:\Users\Administrator\AppData\Local\Programs\Python\Python314\Lib\site-packages\httpx\_client.py", line 1730, in _send_single_request
    response = await transport.handle_async_request(request)
  File "C:\Users\Administrator\AppData\Local\Programs\Python\Python314\Lib\site-packages\httpx\_transports\asgi.py", line 170, in handle_async_request
    await self.app(scope, receive, send)
  File "C:\Users\Administrator\AppData\Local\Programs\Python\Python314\Lib\site-packages\fastapi\applications.py", line 1162, in __call__
    await super().__call__(scope, receive, send)
  File "C:\Users\Administrator\AppData\Local\Programs\Python\Python314\Lib\site-packages\starlette\applications.py", line 90, in __call__
    await self.middleware_stack(scope, receive, send)
  File "C:\Users\Administrator\AppData\Local\Programs\Python\Python314\Lib\site-packages\starlette\middleware\errors.py", line 164, in __call__
    await self.app(scope, receive, _send)
  File "C:\Users\Administrator\AppData\Local\Programs\Python\Python314\Lib\site-packages\starlette\middleware\cors.py", line 88, in __call__
    await self.app(scope, receive, send)
  File "C:\Users\Administrator\AppData\Local\Programs\Python\Python314\Lib\site-packages\starlette\middleware\exceptions.py", line 63, in __call__
    await wrap_app_handling_exceptions(self.app, conn)(scope, receive, send)
  File "C:\Users\Administrator\AppData\Local\Programs\Python\Python314\Lib\site-packages\starlette\_exception_handler.py", line 42, in wrapped_app
    await app(scope, receive, sender)
  File "C:\Users\Administrator\AppData\Local\Programs\Python\Python314\Lib\site-packages\fastapi\middleware\asyncexitstack.py", line 18, in __call__
    await self.app(scope, receive, send)
  File "C:\Users\Administrator\AppData\Local\Programs\Python\Python314\Lib\site-packages\starlette\routing.py", line 660, in __call__
    await self.middleware_stack(scope, receive, send)
  File "C:\Users\Administrator\AppData\Local\Programs\Python\Python314\Lib\site-packages\starlette\routing.py", line 680, in app
    await route.handle(scope, receive, send)
  File "C:\Users\Administrator\AppData\Local\Programs\Python\Python314\Lib\site-packages\fastapi\routing.py", line 1609, in handle
    await self.original_router.handle(scope, receive, send)
  File "C:\Users\Administrator\AppData\Local\Programs\Python\Python314\Lib\site-packages\fastapi\routing.py", line 2047, in handle
    await included_router._handle_selected(scope, receive, send)
  File "C:\Users\Administrator\AppData\Local\Programs\Python\Python314\Lib\site-packages\fastapi\routing.py", line 1629, in _handle_selected
    await original_route.handle(scope, receive, send)
  File "C:\Users\Administrator\AppData\Local\Programs\Python\Python314\Lib\site-packages\fastapi\routing.py", line 1218, in handle
    await app(scope, receive, send)
  File "C:\Users\Administrator\AppData\Local\Programs\Python\Python314\Lib\site-packages\fastapi\routing.py", line 143, in app
    await wrap_app_handling_exceptions(app, request)(scope, receive, send)
  File "C:\Users\Administrator\AppData\Local\Programs\Python\Python314\Lib\site-packages\starlette\_exception_handler.py", line 42, in wrapped_app
    await app(scope, receive, sender)
  File "C:\Users\Administrator\AppData\Local\Programs\Python\Python314\Lib\site-packages\fastapi\routing.py", line 129, in app
    response = await f(request)
  File "C:\Users\Administrator\AppData\Local\Programs\Python\Python314\Lib\site-packages\fastapi\routing.py", line 466, in app
    solved_result = await solve_dependencies(
  File "C:\Users\Administrator\AppData\Local\Programs\Python\Python314\Lib\site-packages\fastapi\dependencies\utils.py", line 678, in solve_dependencies
    solved = await call(**solved_result.values)
  File "D:\Project\ASTRA\backend\core\rbac.py", line 54, in enforce_deny_by_default
    log_unauthorized_access(request, user_id="system", role="unprotected_route")
  File "D:\Project\ASTRA\backend\core\rbac.py", line 16, in log_unauthorized_access
    logger.warning("Unauthorized access attempt", extra=log_data)
Message: 'Unauthorized access attempt'
Arguments: ()
--- Logging error ---
Traceback (most recent call last):
  File "C:\Users\Administrator\AppData\Local\Programs\Python\Python314\Lib\logging\__init__.py", line 1151, in emit
    msg = self.format(record)
  File "C:\Users\Administrator\AppData\Local\Programs\Python\Python314\Lib\logging\__init__.py", line 999, in format
    return fmt.format(record)
           ~~~~~~~~~~^^^^^^^^
  File "C:\Users\Administrator\AppData\Local\Programs\Python\Python314\Lib\site-packages\pythonjsonlogger\jsonlogger.py", line 243, in format
    self.add_fields(log_record, record, message_dict)
    ~~~~~~~~~~~~~~~^^^^^^^^^^^^^^^^^^^^^^^^^^^^^^^^^^
  File "C:\Users\Administrator\AppData\Local\Programs\Python\Python314\Lib\site-packages\pythonjsonlogger\jsonlogger.py", line 191, in add_fields
    self._perform_rename_log_fields(log_record)
    ~~~~~~~~~~~~~~~~~~~~~~~~~~~~~~~^^^^^^^^^^^^
  File "C:\Users\Administrator\AppData\Local\Programs\Python\Python314\Lib\site-packages\pythonjsonlogger\jsonlogger.py", line 195, in _perform_rename_log_fields
    log_record[new_field_name] = log_record[old_field_name]
                                 ~~~~~~~~~~^^^^^^^^^^^^^^^^
KeyError: 'levelname'
Call stack:
  File "<frozen runpy>", line 203, in _run_module_as_main
  File "<frozen runpy>", line 88, in _run_code
  File "C:\Users\Administrator\AppData\Local\Programs\Python\Python314\Scripts\pytest.exe\__main__.py", line 5, in <module>
    sys.exit(_console_main())
  File "C:\Users\Administrator\AppData\Local\Programs\Python\Python314\Lib\site-packages\_pytest\config\__init__.py", line 253, in _console_main
    code = _main(prog=_get_prog_name(sys.argv))
  File "C:\Users\Administrator\AppData\Local\Programs\Python\Python314\Lib\site-packages\_pytest\config\__init__.py", line 229, in _main
    ret: ExitCode | int = config.hook.pytest_cmdline_main(config=config)
  File "C:\Users\Administrator\AppData\Local\Programs\Python\Python314\Lib\site-packages\pluggy\_hooks.py", line 512, in __call__
    return self._hookexec(self.name, self._hookimpls.copy(), kwargs, firstresult)
  File "C:\Users\Administrator\AppData\Local\Programs\Python\Python314\Lib\site-packages\pluggy\_manager.py", line 120, in _hookexec
    return self._inner_hookexec(hook_name, methods, kwargs, firstresult)
  File "C:\Users\Administrator\AppData\Local\Programs\Python\Python314\Lib\site-packages\pluggy\_callers.py", line 121, in _multicall
    res = hook_impl.function(*args)
  File "C:\Users\Administrator\AppData\Local\Programs\Python\Python314\Lib\site-packages\_pytest\main.py", line 377, in pytest_cmdline_main
    return wrap_session(config, _main)
  File "C:\Users\Administrator\AppData\Local\Programs\Python\Python314\Lib\site-packages\_pytest\main.py", line 330, in wrap_session
    session.exitstatus = doit(config, session) or 0
  File "C:\Users\Administrator\AppData\Local\Programs\Python\Python314\Lib\site-packages\_pytest\main.py", line 384, in _main
    config.hook.pytest_runtestloop(session=session)
  File "C:\Users\Administrator\AppData\Local\Programs\Python\Python314\Lib\site-packages\pluggy\_hooks.py", line 512, in __call__
    return self._hookexec(self.name, self._hookimpls.copy(), kwargs, firstresult)
  File "C:\Users\Administrator\AppData\Local\Programs\Python\Python314\Lib\site-packages\pluggy\_manager.py", line 120, in _hookexec
    return self._inner_hookexec(hook_name, methods, kwargs, firstresult)
  File "C:\Users\Administrator\AppData\Local\Programs\Python\Python314\Lib\site-packages\pluggy\_callers.py", line 121, in _multicall
    res = hook_impl.function(*args)
  File "C:\Users\Administrator\AppData\Local\Programs\Python\Python314\Lib\site-packages\_pytest\main.py", line 408, in pytest_runtestloop
    item.config.hook.pytest_runtest_protocol(item=item, nextitem=nextitem)
  File "C:\Users\Administrator\AppData\Local\Programs\Python\Python314\Lib\site-packages\pluggy\_hooks.py", line 512, in __call__
    return self._hookexec(self.name, self._hookimpls.copy(), kwargs, firstresult)
  File "C:\Users\Administrator\AppData\Local\Programs\Python\Python314\Lib\site-packages\pluggy\_manager.py", line 120, in _hookexec
    return self._inner_hookexec(hook_name, methods, kwargs, firstresult)
  File "C:\Users\Administrator\AppData\Local\Programs\Python\Python314\Lib\site-packages\pluggy\_callers.py", line 121, in _multicall
    res = hook_impl.function(*args)
  File "C:\Users\Administrator\AppData\Local\Programs\Python\Python314\Lib\site-packages\_pytest\runner.py", line 118, in pytest_runtest_protocol
    runtestprotocol(item, nextitem=nextitem)
  File "C:\Users\Administrator\AppData\Local\Programs\Python\Python314\Lib\site-packages\_pytest\runner.py", line 139, in runtestprotocol
    reports.append(call_and_report(item, "call", log))
  File "C:\Users\Administrator\AppData\Local\Programs\Python\Python314\Lib\site-packages\_pytest\runner.py", line 249, in call_and_report
    call = CallInfo.from_call(
  File "C:\Users\Administrator\AppData\Local\Programs\Python\Python314\Lib\site-packages\_pytest\runner.py", line 361, in from_call
    result: TResult | None = func()
  File "C:\Users\Administrator\AppData\Local\Programs\Python\Python314\Lib\site-packages\_pytest\runner.py", line 250, in <lambda>
    lambda: runtest_hook(item=item, **kwds),
  File "C:\Users\Administrator\AppData\Local\Programs\Python\Python314\Lib\site-packages\pluggy\_hooks.py", line 512, in __call__
    return self._hookexec(self.name, self._hookimpls.copy(), kwargs, firstresult)
  File "C:\Users\Administrator\AppData\Local\Programs\Python\Python314\Lib\site-packages\pluggy\_manager.py", line 120, in _hookexec
    return self._inner_hookexec(hook_name, methods, kwargs, firstresult)
  File "C:\Users\Administrator\AppData\Local\Programs\Python\Python314\Lib\site-packages\pluggy\_callers.py", line 121, in _multicall
    res = hook_impl.function(*args)
  File "C:\Users\Administrator\AppData\Local\Programs\Python\Python314\Lib\site-packages\_pytest\runner.py", line 184, in pytest_runtest_call
    item.runtest()
  File "C:\Users\Administrator\AppData\Local\Programs\Python\Python314\Lib\site-packages\pytest_asyncio\plugin.py", line 569, in runtest
    super().runtest()
  File "C:\Users\Administrator\AppData\Local\Programs\Python\Python314\Lib\site-packages\_pytest\python.py", line 1707, in runtest
    self.ihook.pytest_pyfunc_call(pyfuncitem=self)
  File "C:\Users\Administrator\AppData\Local\Programs\Python\Python314\Lib\site-packages\pluggy\_hooks.py", line 512, in __call__
    return self._hookexec(self.name, self._hookimpls.copy(), kwargs, firstresult)
  File "C:\Users\Administrator\AppData\Local\Programs\Python\Python314\Lib\site-packages\pluggy\_manager.py", line 120, in _hookexec
    return self._inner_hookexec(hook_name, methods, kwargs, firstresult)
  File "C:\Users\Administrator\AppData\Local\Programs\Python\Python314\Lib\site-packages\pluggy\_callers.py", line 121, in _multicall
    res = hook_impl.function(*args)
  File "C:\Users\Administrator\AppData\Local\Programs\Python\Python314\Lib\site-packages\_pytest\python.py", line 167, in pytest_pyfunc_call
    result = testfunction(**testargs)
  File "C:\Users\Administrator\AppData\Local\Programs\Python\Python314\Lib\site-packages\pytest_asyncio\plugin.py", line 905, in inner
    runner.run(coro, context=context)
  File "C:\Users\Administrator\AppData\Local\Programs\Python\Python314\Lib\asyncio\runners.py", line 127, in run
    return self._loop.run_until_complete(task)
  File "C:\Users\Administrator\AppData\Local\Programs\Python\Python314\Lib\asyncio\base_events.py", line 706, in run_until_complete
    self.run_forever()
  File "C:\Users\Administrator\AppData\Local\Programs\Python\Python314\Lib\asyncio\base_events.py", line 677, in run_forever
    self._run_once()
  File "C:\Users\Administrator\AppData\Local\Programs\Python\Python314\Lib\asyncio\base_events.py", line 2057, in _run_once
    handle._run()
  File "C:\Users\Administrator\AppData\Local\Programs\Python\Python314\Lib\asyncio\events.py", line 94, in _run
    self._context.run(self._callback, *self._args)
  File "D:\Project\ASTRA\backend\tests\api\test_cases.py", line 158, in test_assign_case
    response = await client.post(
  File "C:\Users\Administrator\AppData\Local\Programs\Python\Python314\Lib\site-packages\httpx\_client.py", line 1859, in post
    return await self.request(
  File "C:\Users\Administrator\AppData\Local\Programs\Python\Python314\Lib\site-packages\httpx\_client.py", line 1540, in request
    return await self.send(request, auth=auth, follow_redirects=follow_redirects)
  File "C:\Users\Administrator\AppData\Local\Programs\Python\Python314\Lib\site-packages\httpx\_client.py", line 1629, in send
    response = await self._send_handling_auth(
  File "C:\Users\Administrator\AppData\Local\Programs\Python\Python314\Lib\site-packages\httpx\_client.py", line 1657, in _send_handling_auth
    response = await self._send_handling_redirects(
  File "C:\Users\Administrator\AppData\Local\Programs\Python\Python314\Lib\site-packages\httpx\_client.py", line 1694, in _send_handling_redirects
    response = await self._send_single_request(request)
  File "C:\Users\Administrator\AppData\Local\Programs\Python\Python314\Lib\site-packages\httpx\_client.py", line 1740, in _send_single_request
    logger.info(
Message: 'HTTP Request: %s %s "%s %d %s"'
Arguments: ('POST', URL('http://test/api/v1/cases/a00e51b2-8491-4590-ae03-f6bd6472bd72/assign'), 'HTTP/1.1', 403, 'Forbidden')
------------------------------ Captured log call ------------------------------
WARNING  root:rbac.py:16 Unauthorized access attempt
INFO     httpx:_client.py:1740 HTTP Request: POST http://test/api/v1/cases/a00e51b2-8491-4590-ae03-f6bd6472bd72/assign "HTTP/1.1 403 Forbidden"
______________________ test_assign_case_soc_restriction _______________________
tests\api\test_cases.py:182: in test_assign_case_soc_restriction
    assert response.status_code == 200
E   assert 403 == 200
E    +  where 403 = <Response [403 Forbidden]>.status_code
---------------------------- Captured stderr call -----------------------------
--- Logging error ---
Traceback (most recent call last):
  File "C:\Users\Administrator\AppData\Local\Programs\Python\Python314\Lib\logging\__init__.py", line 1151, in emit
    msg = self.format(record)
  File "C:\Users\Administrator\AppData\Local\Programs\Python\Python314\Lib\logging\__init__.py", line 999, in format
    return fmt.format(record)
           ~~~~~~~~~~^^^^^^^^
  File "C:\Users\Administrator\AppData\Local\Programs\Python\Python314\Lib\site-packages\pythonjsonlogger\jsonlogger.py", line 243, in format
    self.add_fields(log_record, record, message_dict)
    ~~~~~~~~~~~~~~~^^^^^^^^^^^^^^^^^^^^^^^^^^^^^^^^^^
  File "C:\Users\Administrator\AppData\Local\Programs\Python\Python314\Lib\site-packages\pythonjsonlogger\jsonlogger.py", line 191, in add_fields
    self._perform_rename_log_fields(log_record)
    ~~~~~~~~~~~~~~~~~~~~~~~~~~~~~~~^^^^^^^^^^^^
  File "C:\Users\Administrator\AppData\Local\Programs\Python\Python314\Lib\site-packages\pythonjsonlogger\jsonlogger.py", line 195, in _perform_rename_log_fields
    log_record[new_field_name] = log_record[old_field_name]
                                 ~~~~~~~~~~^^^^^^^^^^^^^^^^
KeyError: 'levelname'
Call stack:
  File "<frozen runpy>", line 203, in _run_module_as_main
  File "<frozen runpy>", line 88, in _run_code
  File "C:\Users\Administrator\AppData\Local\Programs\Python\Python314\Scripts\pytest.exe\__main__.py", line 5, in <module>
    sys.exit(_console_main())
  File "C:\Users\Administrator\AppData\Local\Programs\Python\Python314\Lib\site-packages\_pytest\config\__init__.py", line 253, in _console_main
    code = _main(prog=_get_prog_name(sys.argv))
  File "C:\Users\Administrator\AppData\Local\Programs\Python\Python314\Lib\site-packages\_pytest\config\__init__.py", line 229, in _main
    ret: ExitCode | int = config.hook.pytest_cmdline_main(config=config)
  File "C:\Users\Administrator\AppData\Local\Programs\Python\Python314\Lib\site-packages\pluggy\_hooks.py", line 512, in __call__
    return self._hookexec(self.name, self._hookimpls.copy(), kwargs, firstresult)
  File "C:\Users\Administrator\AppData\Local\Programs\Python\Python314\Lib\site-packages\pluggy\_manager.py", line 120, in _hookexec
    return self._inner_hookexec(hook_name, methods, kwargs, firstresult)
  File "C:\Users\Administrator\AppData\Local\Programs\Python\Python314\Lib\site-packages\pluggy\_callers.py", line 121, in _multicall
    res = hook_impl.function(*args)
  File "C:\Users\Administrator\AppData\Local\Programs\Python\Python314\Lib\site-packages\_pytest\main.py", line 377, in pytest_cmdline_main
    return wrap_session(config, _main)
  File "C:\Users\Administrator\AppData\Local\Programs\Python\Python314\Lib\site-packages\_pytest\main.py", line 330, in wrap_session
    session.exitstatus = doit(config, session) or 0
  File "C:\Users\Administrator\AppData\Local\Programs\Python\Python314\Lib\site-packages\_pytest\main.py", line 384, in _main
    config.hook.pytest_runtestloop(session=session)
  File "C:\Users\Administrator\AppData\Local\Programs\Python\Python314\Lib\site-packages\pluggy\_hooks.py", line 512, in __call__
    return self._hookexec(self.name, self._hookimpls.copy(), kwargs, firstresult)
  File "C:\Users\Administrator\AppData\Local\Programs\Python\Python314\Lib\site-packages\pluggy\_manager.py", line 120, in _hookexec
    return self._inner_hookexec(hook_name, methods, kwargs, firstresult)
  File "C:\Users\Administrator\AppData\Local\Programs\Python\Python314\Lib\site-packages\pluggy\_callers.py", line 121, in _multicall
    res = hook_impl.function(*args)
  File "C:\Users\Administrator\AppData\Local\Programs\Python\Python314\Lib\site-packages\_pytest\main.py", line 408, in pytest_runtestloop
    item.config.hook.pytest_runtest_protocol(item=item, nextitem=nextitem)
  File "C:\Users\Administrator\AppData\Local\Programs\Python\Python314\Lib\site-packages\pluggy\_hooks.py", line 512, in __call__
    return self._hookexec(self.name, self._hookimpls.copy(), kwargs, firstresult)
  File "C:\Users\Administrator\AppData\Local\Programs\Python\Python314\Lib\site-packages\pluggy\_manager.py", line 120, in _hookexec
    return self._inner_hookexec(hook_name, methods, kwargs, firstresult)
  File "C:\Users\Administrator\AppData\Local\Programs\Python\Python314\Lib\site-packages\pluggy\_callers.py", line 121, in _multicall
    res = hook_impl.function(*args)
  File "C:\Users\Administrator\AppData\Local\Programs\Python\Python314\Lib\site-packages\_pytest\runner.py", line 118, in pytest_runtest_protocol
    runtestprotocol(item, nextitem=nextitem)
  File "C:\Users\Administrator\AppData\Local\Programs\Python\Python314\Lib\site-packages\_pytest\runner.py", line 139, in runtestprotocol
    reports.append(call_and_report(item, "call", log))
  File "C:\Users\Administrator\AppData\Local\Programs\Python\Python314\Lib\site-packages\_pytest\runner.py", line 249, in call_and_report
    call = CallInfo.from_call(
  File "C:\Users\Administrator\AppData\Local\Programs\Python\Python314\Lib\site-packages\_pytest\runner.py", line 361, in from_call
    result: TResult | None = func()
  File "C:\Users\Administrator\AppData\Local\Programs\Python\Python314\Lib\site-packages\_pytest\runner.py", line 250, in <lambda>
    lambda: runtest_hook(item=item, **kwds),
  File "C:\Users\Administrator\AppData\Local\Programs\Python\Python314\Lib\site-packages\pluggy\_hooks.py", line 512, in __call__
    return self._hookexec(self.name, self._hookimpls.copy(), kwargs, firstresult)
  File "C:\Users\Administrator\AppData\Local\Programs\Python\Python314\Lib\site-packages\pluggy\_manager.py", line 120, in _hookexec
    return self._inner_hookexec(hook_name, methods, kwargs, firstresult)
  File "C:\Users\Administrator\AppData\Local\Programs\Python\Python314\Lib\site-packages\pluggy\_callers.py", line 121, in _multicall
    res = hook_impl.function(*args)
  File "C:\Users\Administrator\AppData\Local\Programs\Python\Python314\Lib\site-packages\_pytest\runner.py", line 184, in pytest_runtest_call
    item.runtest()
  File "C:\Users\Administrator\AppData\Local\Programs\Python\Python314\Lib\site-packages\pytest_asyncio\plugin.py", line 569, in runtest
    super().runtest()
  File "C:\Users\Administrator\AppData\Local\Programs\Python\Python314\Lib\site-packages\_pytest\python.py", line 1707, in runtest
    self.ihook.pytest_pyfunc_call(pyfuncitem=self)
  File "C:\Users\Administrator\AppData\Local\Programs\Python\Python314\Lib\site-packages\pluggy\_hooks.py", line 512, in __call__
    return self._hookexec(self.name, self._hookimpls.copy(), kwargs, firstresult)
  File "C:\Users\Administrator\AppData\Local\Programs\Python\Python314\Lib\site-packages\pluggy\_manager.py", line 120, in _hookexec
    return self._inner_hookexec(hook_name, methods, kwargs, firstresult)
  File "C:\Users\Administrator\AppData\Local\Programs\Python\Python314\Lib\site-packages\pluggy\_callers.py", line 121, in _multicall
    res = hook_impl.function(*args)
  File "C:\Users\Administrator\AppData\Local\Programs\Python\Python314\Lib\site-packages\_pytest\python.py", line 167, in pytest_pyfunc_call
    result = testfunction(**testargs)
  File "C:\Users\Administrator\AppData\Local\Programs\Python\Python314\Lib\site-packages\pytest_asyncio\plugin.py", line 905, in inner
    runner.run(coro, context=context)
  File "C:\Users\Administrator\AppData\Local\Programs\Python\Python314\Lib\asyncio\runners.py", line 127, in run
    return self._loop.run_until_complete(task)
  File "C:\Users\Administrator\AppData\Local\Programs\Python\Python314\Lib\asyncio\base_events.py", line 706, in run_until_complete
    self.run_forever()
  File "C:\Users\Administrator\AppData\Local\Programs\Python\Python314\Lib\asyncio\base_events.py", line 677, in run_forever
    self._run_once()
  File "C:\Users\Administrator\AppData\Local\Programs\Python\Python314\Lib\asyncio\base_events.py", line 2057, in _run_once
    handle._run()
  File "C:\Users\Administrator\AppData\Local\Programs\Python\Python314\Lib\asyncio\events.py", line 94, in _run
    self._context.run(self._callback, *self._args)
  File "D:\Project\ASTRA\backend\tests\api\test_cases.py", line 169, in test_assign_case_soc_restriction
    response = await client.post(
  File "C:\Users\Administrator\AppData\Local\Programs\Python\Python314\Lib\site-packages\httpx\_client.py", line 1859, in post
    return await self.request(
  File "C:\Users\Administrator\AppData\Local\Programs\Python\Python314\Lib\site-packages\httpx\_client.py", line 1540, in request
    return await self.send(request, auth=auth, follow_redirects=follow_redirects)
  File "C:\Users\Administrator\AppData\Local\Programs\Python\Python314\Lib\site-packages\httpx\_client.py", line 1629, in send
    response = await self._send_handling_auth(
  File "C:\Users\Administrator\AppData\Local\Programs\Python\Python314\Lib\site-packages\httpx\_client.py", line 1657, in _send_handling_auth
    response = await self._send_handling_redirects(
  File "C:\Users\Administrator\AppData\Local\Programs\Python\Python314\Lib\site-packages\httpx\_client.py", line 1694, in _send_handling_redirects
    response = await self._send_single_request(request)
  File "C:\Users\Administrator\AppData\Local\Programs\Python\Python314\Lib\site-packages\httpx\_client.py", line 1730, in _send_single_request
    response = await transport.handle_async_request(request)
  File "C:\Users\Administrator\AppData\Local\Programs\Python\Python314\Lib\site-packages\httpx\_transports\asgi.py", line 170, in handle_async_request
    await self.app(scope, receive, send)
  File "C:\Users\Administrator\AppData\Local\Programs\Python\Python314\Lib\site-packages\fastapi\applications.py", line 1162, in __call__
    await super().__call__(scope, receive, send)
  File "C:\Users\Administrator\AppData\Local\Programs\Python\Python314\Lib\site-packages\starlette\applications.py", line 90, in __call__
    await self.middleware_stack(scope, receive, send)
  File "C:\Users\Administrator\AppData\Local\Programs\Python\Python314\Lib\site-packages\starlette\middleware\errors.py", line 164, in __call__
    await self.app(scope, receive, _send)
  File "C:\Users\Administrator\AppData\Local\Programs\Python\Python314\Lib\site-packages\starlette\middleware\cors.py", line 88, in __call__
    await self.app(scope, receive, send)
  File "C:\Users\Administrator\AppData\Local\Programs\Python\Python314\Lib\site-packages\starlette\middleware\exceptions.py", line 63, in __call__
    await wrap_app_handling_exceptions(self.app, conn)(scope, receive, send)
  File "C:\Users\Administrator\AppData\Local\Programs\Python\Python314\Lib\site-packages\starlette\_exception_handler.py", line 42, in wrapped_app
    await app(scope, receive, sender)
  File "C:\Users\Administrator\AppData\Local\Programs\Python\Python314\Lib\site-packages\fastapi\middleware\asyncexitstack.py", line 18, in __call__
    await self.app(scope, receive, send)
  File "C:\Users\Administrator\AppData\Local\Programs\Python\Python314\Lib\site-packages\starlette\routing.py", line 660, in __call__
    await self.middleware_stack(scope, receive, send)
  File "C:\Users\Administrator\AppData\Local\Programs\Python\Python314\Lib\site-packages\starlette\routing.py", line 680, in app
    await route.handle(scope, receive, send)
  File "C:\Users\Administrator\AppData\Local\Programs\Python\Python314\Lib\site-packages\fastapi\routing.py", line 1609, in handle
    await self.original_router.handle(scope, receive, send)
  File "C:\Users\Administrator\AppData\Local\Programs\Python\Python314\Lib\site-packages\fastapi\routing.py", line 2047, in handle
    await included_router._handle_selected(scope, receive, send)
  File "C:\Users\Administrator\AppData\Local\Programs\Python\Python314\Lib\site-packages\fastapi\routing.py", line 1629, in _handle_selected
    await original_route.handle(scope, receive, send)
  File "C:\Users\Administrator\AppData\Local\Programs\Python\Python314\Lib\site-packages\fastapi\routing.py", line 1218, in handle
    await app(scope, receive, send)
  File "C:\Users\Administrator\AppData\Local\Programs\Python\Python314\Lib\site-packages\fastapi\routing.py", line 143, in app
    await wrap_app_handling_exceptions(app, request)(scope, receive, send)
  File "C:\Users\Administrator\AppData\Local\Programs\Python\Python314\Lib\site-packages\starlette\_exception_handler.py", line 42, in wrapped_app
    await app(scope, receive, sender)
  File "C:\Users\Administrator\AppData\Local\Programs\Python\Python314\Lib\site-packages\fastapi\routing.py", line 129, in app
    response = await f(request)
  File "C:\Users\Administrator\AppData\Local\Programs\Python\Python314\Lib\site-packages\fastapi\routing.py", line 466, in app
    solved_result = await solve_dependencies(
  File "C:\Users\Administrator\AppData\Local\Programs\Python\Python314\Lib\site-packages\fastapi\dependencies\utils.py", line 678, in solve_dependencies
    solved = await call(**solved_result.values)
  File "D:\Project\ASTRA\backend\core\rbac.py", line 54, in enforce_deny_by_default
    log_unauthorized_access(request, user_id="system", role="unprotected_route")
  File "D:\Project\ASTRA\backend\core\rbac.py", line 16, in log_unauthorized_access
    logger.warning("Unauthorized access attempt", extra=log_data)
Message: 'Unauthorized access attempt'
Arguments: ()
--- Logging error ---
Traceback (most recent call last):
  File "C:\Users\Administrator\AppData\Local\Programs\Python\Python314\Lib\logging\__init__.py", line 1151, in emit
    msg = self.format(record)
  File "C:\Users\Administrator\AppData\Local\Programs\Python\Python314\Lib\logging\__init__.py", line 999, in format
    return fmt.format(record)
           ~~~~~~~~~~^^^^^^^^
  File "C:\Users\Administrator\AppData\Local\Programs\Python\Python314\Lib\site-packages\pythonjsonlogger\jsonlogger.py", line 243, in format
    self.add_fields(log_record, record, message_dict)
    ~~~~~~~~~~~~~~~^^^^^^^^^^^^^^^^^^^^^^^^^^^^^^^^^^
  File "C:\Users\Administrator\AppData\Local\Programs\Python\Python314\Lib\site-packages\pythonjsonlogger\jsonlogger.py", line 191, in add_fields
    self._perform_rename_log_fields(log_record)
    ~~~~~~~~~~~~~~~~~~~~~~~~~~~~~~~^^^^^^^^^^^^
  File "C:\Users\Administrator\AppData\Local\Programs\Python\Python314\Lib\site-packages\pythonjsonlogger\jsonlogger.py", line 195, in _perform_rename_log_fields
    log_record[new_field_name] = log_record[old_field_name]
                                 ~~~~~~~~~~^^^^^^^^^^^^^^^^
KeyError: 'levelname'
Call stack:
  File "<frozen runpy>", line 203, in _run_module_as_main
  File "<frozen runpy>", line 88, in _run_code
  File "C:\Users\Administrator\AppData\Local\Programs\Python\Python314\Scripts\pytest.exe\__main__.py", line 5, in <module>
    sys.exit(_console_main())
  File "C:\Users\Administrator\AppData\Local\Programs\Python\Python314\Lib\site-packages\_pytest\config\__init__.py", line 253, in _console_main
    code = _main(prog=_get_prog_name(sys.argv))
  File "C:\Users\Administrator\AppData\Local\Programs\Python\Python314\Lib\site-packages\_pytest\config\__init__.py", line 229, in _main
    ret: ExitCode | int = config.hook.pytest_cmdline_main(config=config)
  File "C:\Users\Administrator\AppData\Local\Programs\Python\Python314\Lib\site-packages\pluggy\_hooks.py", line 512, in __call__
    return self._hookexec(self.name, self._hookimpls.copy(), kwargs, firstresult)
  File "C:\Users\Administrator\AppData\Local\Programs\Python\Python314\Lib\site-packages\pluggy\_manager.py", line 120, in _hookexec
    return self._inner_hookexec(hook_name, methods, kwargs, firstresult)
  File "C:\Users\Administrator\AppData\Local\Programs\Python\Python314\Lib\site-packages\pluggy\_callers.py", line 121, in _multicall
    res = hook_impl.function(*args)
  File "C:\Users\Administrator\AppData\Local\Programs\Python\Python314\Lib\site-packages\_pytest\main.py", line 377, in pytest_cmdline_main
    return wrap_session(config, _main)
  File "C:\Users\Administrator\AppData\Local\Programs\Python\Python314\Lib\site-packages\_pytest\main.py", line 330, in wrap_session
    session.exitstatus = doit(config, session) or 0
  File "C:\Users\Administrator\AppData\Local\Programs\Python\Python314\Lib\site-packages\_pytest\main.py", line 384, in _main
    config.hook.pytest_runtestloop(session=session)
  File "C:\Users\Administrator\AppData\Local\Programs\Python\Python314\Lib\site-packages\pluggy\_hooks.py", line 512, in __call__
    return self._hookexec(self.name, self._hookimpls.copy(), kwargs, firstresult)
  File "C:\Users\Administrator\AppData\Local\Programs\Python\Python314\Lib\site-packages\pluggy\_manager.py", line 120, in _hookexec
    return self._inner_hookexec(hook_name, methods, kwargs, firstresult)
  File "C:\Users\Administrator\AppData\Local\Programs\Python\Python314\Lib\site-packages\pluggy\_callers.py", line 121, in _multicall
    res = hook_impl.function(*args)
  File "C:\Users\Administrator\AppData\Local\Programs\Python\Python314\Lib\site-packages\_pytest\main.py", line 408, in pytest_runtestloop
    item.config.hook.pytest_runtest_protocol(item=item, nextitem=nextitem)
  File "C:\Users\Administrator\AppData\Local\Programs\Python\Python314\Lib\site-packages\pluggy\_hooks.py", line 512, in __call__
    return self._hookexec(self.name, self._hookimpls.copy(), kwargs, firstresult)
  File "C:\Users\Administrator\AppData\Local\Programs\Python\Python314\Lib\site-packages\pluggy\_manager.py", line 120, in _hookexec
    return self._inner_hookexec(hook_name, methods, kwargs, firstresult)
  File "C:\Users\Administrator\AppData\Local\Programs\Python\Python314\Lib\site-packages\pluggy\_callers.py", line 121, in _multicall
    res = hook_impl.function(*args)
  File "C:\Users\Administrator\AppData\Local\Programs\Python\Python314\Lib\site-packages\_pytest\runner.py", line 118, in pytest_runtest_protocol
    runtestprotocol(item, nextitem=nextitem)
  File "C:\Users\Administrator\AppData\Local\Programs\Python\Python314\Lib\site-packages\_pytest\runner.py", line 139, in runtestprotocol
    reports.append(call_and_report(item, "call", log))
  File "C:\Users\Administrator\AppData\Local\Programs\Python\Python314\Lib\site-packages\_pytest\runner.py", line 249, in call_and_report
    call = CallInfo.from_call(
  File "C:\Users\Administrator\AppData\Local\Programs\Python\Python314\Lib\site-packages\_pytest\runner.py", line 361, in from_call
    result: TResult | None = func()
  File "C:\Users\Administrator\AppData\Local\Programs\Python\Python314\Lib\site-packages\_pytest\runner.py", line 250, in <lambda>
    lambda: runtest_hook(item=item, **kwds),
  File "C:\Users\Administrator\AppData\Local\Programs\Python\Python314\Lib\site-packages\pluggy\_hooks.py", line 512, in __call__
    return self._hookexec(self.name, self._hookimpls.copy(), kwargs, firstresult)
  File "C:\Users\Administrator\AppData\Local\Programs\Python\Python314\Lib\site-packages\pluggy\_manager.py", line 120, in _hookexec
    return self._inner_hookexec(hook_name, methods, kwargs, firstresult)
  File "C:\Users\Administrator\AppData\Local\Programs\Python\Python314\Lib\site-packages\pluggy\_callers.py", line 121, in _multicall
    res = hook_impl.function(*args)
  File "C:\Users\Administrator\AppData\Local\Programs\Python\Python314\Lib\site-packages\_pytest\runner.py", line 184, in pytest_runtest_call
    item.runtest()
  File "C:\Users\Administrator\AppData\Local\Programs\Python\Python314\Lib\site-packages\pytest_asyncio\plugin.py", line 569, in runtest
    super().runtest()
  File "C:\Users\Administrator\AppData\Local\Programs\Python\Python314\Lib\site-packages\_pytest\python.py", line 1707, in runtest
    self.ihook.pytest_pyfunc_call(pyfuncitem=self)
  File "C:\Users\Administrator\AppData\Local\Programs\Python\Python314\Lib\site-packages\pluggy\_hooks.py", line 512, in __call__
    return self._hookexec(self.name, self._hookimpls.copy(), kwargs, firstresult)
  File "C:\Users\Administrator\AppData\Local\Programs\Python\Python314\Lib\site-packages\pluggy\_manager.py", line 120, in _hookexec
    return self._inner_hookexec(hook_name, methods, kwargs, firstresult)
  File "C:\Users\Administrator\AppData\Local\Programs\Python\Python314\Lib\site-packages\pluggy\_callers.py", line 121, in _multicall
    res = hook_impl.function(*args)
  File "C:\Users\Administrator\AppData\Local\Programs\Python\Python314\Lib\site-packages\_pytest\python.py", line 167, in pytest_pyfunc_call
    result = testfunction(**testargs)
  File "C:\Users\Administrator\AppData\Local\Programs\Python\Python314\Lib\site-packages\pytest_asyncio\plugin.py", line 905, in inner
    runner.run(coro, context=context)
  File "C:\Users\Administrator\AppData\Local\Programs\Python\Python314\Lib\asyncio\runners.py", line 127, in run
    return self._loop.run_until_complete(task)
  File "C:\Users\Administrator\AppData\Local\Programs\Python\Python314\Lib\asyncio\base_events.py", line 706, in run_until_complete
    self.run_forever()
  File "C:\Users\Administrator\AppData\Local\Programs\Python\Python314\Lib\asyncio\base_events.py", line 677, in run_forever
    self._run_once()
  File "C:\Users\Administrator\AppData\Local\Programs\Python\Python314\Lib\asyncio\base_events.py", line 2057, in _run_once
    handle._run()
  File "C:\Users\Administrator\AppData\Local\Programs\Python\Python314\Lib\asyncio\events.py", line 94, in _run
    self._context.run(self._callback, *self._args)
  File "D:\Project\ASTRA\backend\tests\api\test_cases.py", line 169, in test_assign_case_soc_restriction
    response = await client.post(
  File "C:\Users\Administrator\AppData\Local\Programs\Python\Python314\Lib\site-packages\httpx\_client.py", line 1859, in post
    return await self.request(
  File "C:\Users\Administrator\AppData\Local\Programs\Python\Python314\Lib\site-packages\httpx\_client.py", line 1540, in request
    return await self.send(request, auth=auth, follow_redirects=follow_redirects)
  File "C:\Users\Administrator\AppData\Local\Programs\Python\Python314\Lib\site-packages\httpx\_client.py", line 1629, in send
    response = await self._send_handling_auth(
  File "C:\Users\Administrator\AppData\Local\Programs\Python\Python314\Lib\site-packages\httpx\_client.py", line 1657, in _send_handling_auth
    response = await self._send_handling_redirects(
  File "C:\Users\Administrator\AppData\Local\Programs\Python\Python314\Lib\site-packages\httpx\_client.py", line 1694, in _send_handling_redirects
    response = await self._send_single_request(request)
  File "C:\Users\Administrator\AppData\Local\Programs\Python\Python314\Lib\site-packages\httpx\_client.py", line 1740, in _send_single_request
    logger.info(
Message: 'HTTP Request: %s %s "%s %d %s"'
Arguments: ('POST', URL('http://test/api/v1/cases/97925fa7-fad5-4063-b628-8079ecf7a921/assign'), 'HTTP/1.1', 403, 'Forbidden')
--- Logging error ---
Traceback (most recent call last):
  File "C:\Users\Administrator\AppData\Local\Programs\Python\Python314\Lib\logging\__init__.py", line 1151, in emit
    msg = self.format(record)
  File "C:\Users\Administrator\AppData\Local\Programs\Python\Python314\Lib\logging\__init__.py", line 999, in format
    return fmt.format(record)
           ~~~~~~~~~~^^^^^^^^
  File "C:\Users\Administrator\AppData\Local\Programs\Python\Python314\Lib\site-packages\pythonjsonlogger\jsonlogger.py", line 243, in format
    self.add_fields(log_record, record, message_dict)
    ~~~~~~~~~~~~~~~^^^^^^^^^^^^^^^^^^^^^^^^^^^^^^^^^^
  File "C:\Users\Administrator\AppData\Local\Programs\Python\Python314\Lib\site-packages\pythonjsonlogger\jsonlogger.py", line 191, in add_fields
    self._perform_rename_log_fields(log_record)
    ~~~~~~~~~~~~~~~~~~~~~~~~~~~~~~~^^^^^^^^^^^^
  File "C:\Users\Administrator\AppData\Local\Programs\Python\Python314\Lib\site-packages\pythonjsonlogger\jsonlogger.py", line 195, in _perform_rename_log_fields
    log_record[new_field_name] = log_record[old_field_name]
                                 ~~~~~~~~~~^^^^^^^^^^^^^^^^
KeyError: 'levelname'
Call stack:
  File "<frozen runpy>", line 203, in _run_module_as_main
  File "<frozen runpy>", line 88, in _run_code
  File "C:\Users\Administrator\AppData\Local\Programs\Python\Python314\Scripts\pytest.exe\__main__.py", line 5, in <module>
    sys.exit(_console_main())
  File "C:\Users\Administrator\AppData\Local\Programs\Python\Python314\Lib\site-packages\_pytest\config\__init__.py", line 253, in _console_main
    code = _main(prog=_get_prog_name(sys.argv))
  File "C:\Users\Administrator\AppData\Local\Programs\Python\Python314\Lib\site-packages\_pytest\config\__init__.py", line 229, in _main
    ret: ExitCode | int = config.hook.pytest_cmdline_main(config=config)
  File "C:\Users\Administrator\AppData\Local\Programs\Python\Python314\Lib\site-packages\pluggy\_hooks.py", line 512, in __call__
    return self._hookexec(self.name, self._hookimpls.copy(), kwargs, firstresult)
  File "C:\Users\Administrator\AppData\Local\Programs\Python\Python314\Lib\site-packages\pluggy\_manager.py", line 120, in _hookexec
    return self._inner_hookexec(hook_name, methods, kwargs, firstresult)
  File "C:\Users\Administrator\AppData\Local\Programs\Python\Python314\Lib\site-packages\pluggy\_callers.py", line 121, in _multicall
    res = hook_impl.function(*args)
  File "C:\Users\Administrator\AppData\Local\Programs\Python\Python314\Lib\site-packages\_pytest\main.py", line 377, in pytest_cmdline_main
    return wrap_session(config, _main)
  File "C:\Users\Administrator\AppData\Local\Programs\Python\Python314\Lib\site-packages\_pytest\main.py", line 330, in wrap_session
    session.exitstatus = doit(config, session) or 0
  File "C:\Users\Administrator\AppData\Local\Programs\Python\Python314\Lib\site-packages\_pytest\main.py", line 384, in _main
    config.hook.pytest_runtestloop(session=session)
  File "C:\Users\Administrator\AppData\Local\Programs\Python\Python314\Lib\site-packages\pluggy\_hooks.py", line 512, in __call__
    return self._hookexec(self.name, self._hookimpls.copy(), kwargs, firstresult)
  File "C:\Users\Administrator\AppData\Local\Programs\Python\Python314\Lib\site-packages\pluggy\_manager.py", line 120, in _hookexec
    return self._inner_hookexec(hook_name, methods, kwargs, firstresult)
  File "C:\Users\Administrator\AppData\Local\Programs\Python\Python314\Lib\site-packages\pluggy\_callers.py", line 121, in _multicall
    res = hook_impl.function(*args)
  File "C:\Users\Administrator\AppData\Local\Programs\Python\Python314\Lib\site-packages\_pytest\main.py", line 408, in pytest_runtestloop
    item.config.hook.pytest_runtest_protocol(item=item, nextitem=nextitem)
  File "C:\Users\Administrator\AppData\Local\Programs\Python\Python314\Lib\site-packages\pluggy\_hooks.py", line 512, in __call__
    return self._hookexec(self.name, self._hookimpls.copy(), kwargs, firstresult)
  File "C:\Users\Administrator\AppData\Local\Programs\Python\Python314\Lib\site-packages\pluggy\_manager.py", line 120, in _hookexec
    return self._inner_hookexec(hook_name, methods, kwargs, firstresult)
  File "C:\Users\Administrator\AppData\Local\Programs\Python\Python314\Lib\site-packages\pluggy\_callers.py", line 121, in _multicall
    res = hook_impl.function(*args)
  File "C:\Users\Administrator\AppData\Local\Programs\Python\Python314\Lib\site-packages\_pytest\runner.py", line 118, in pytest_runtest_protocol
    runtestprotocol(item, nextitem=nextitem)
  File "C:\Users\Administrator\AppData\Local\Programs\Python\Python314\Lib\site-packages\_pytest\runner.py", line 139, in runtestprotocol
    reports.append(call_and_report(item, "call", log))
  File "C:\Users\Administrator\AppData\Local\Programs\Python\Python314\Lib\site-packages\_pytest\runner.py", line 249, in call_and_report
    call = CallInfo.from_call(
  File "C:\Users\Administrator\AppData\Local\Programs\Python\Python314\Lib\site-packages\_pytest\runner.py", line 361, in from_call
    result: TResult | None = func()
  File "C:\Users\Administrator\AppData\Local\Programs\Python\Python314\Lib\site-packages\_pytest\runner.py", line 250, in <lambda>
    lambda: runtest_hook(item=item, **kwds),
  File "C:\Users\Administrator\AppData\Local\Programs\Python\Python314\Lib\site-packages\pluggy\_hooks.py", line 512, in __call__
    return self._hookexec(self.name, self._hookimpls.copy(), kwargs, firstresult)
  File "C:\Users\Administrator\AppData\Local\Programs\Python\Python314\Lib\site-packages\pluggy\_manager.py", line 120, in _hookexec
    return self._inner_hookexec(hook_name, methods, kwargs, firstresult)
  File "C:\Users\Administrator\AppData\Local\Programs\Python\Python314\Lib\site-packages\pluggy\_callers.py", line 121, in _multicall
    res = hook_impl.function(*args)
  File "C:\Users\Administrator\AppData\Local\Programs\Python\Python314\Lib\site-packages\_pytest\runner.py", line 184, in pytest_runtest_call
    item.runtest()
  File "C:\Users\Administrator\AppData\Local\Programs\Python\Python314\Lib\site-packages\pytest_asyncio\plugin.py", line 569, in runtest
    super().runtest()
  File "C:\Users\Administrator\AppData\Local\Programs\Python\Python314\Lib\site-packages\_pytest\python.py", line 1707, in runtest
    self.ihook.pytest_pyfunc_call(pyfuncitem=self)
  File "C:\Users\Administrator\AppData\Local\Programs\Python\Python314\Lib\site-packages\pluggy\_hooks.py", line 512, in __call__
    return self._hookexec(self.name, self._hookimpls.copy(), kwargs, firstresult)
  File "C:\Users\Administrator\AppData\Local\Programs\Python\Python314\Lib\site-packages\pluggy\_manager.py", line 120, in _hookexec
    return self._inner_hookexec(hook_name, methods, kwargs, firstresult)
  File "C:\Users\Administrator\AppData\Local\Programs\Python\Python314\Lib\site-packages\pluggy\_callers.py", line 121, in _multicall
    res = hook_impl.function(*args)
  File "C:\Users\Administrator\AppData\Local\Programs\Python\Python314\Lib\site-packages\_pytest\python.py", line 167, in pytest_pyfunc_call
    result = testfunction(**testargs)
  File "C:\Users\Administrator\AppData\Local\Programs\Python\Python314\Lib\site-packages\pytest_asyncio\plugin.py", line 905, in inner
    runner.run(coro, context=context)
  File "C:\Users\Administrator\AppData\Local\Programs\Python\Python314\Lib\asyncio\runners.py", line 127, in run
    return self._loop.run_until_complete(task)
  File "C:\Users\Administrator\AppData\Local\Programs\Python\Python314\Lib\asyncio\base_events.py", line 706, in run_until_complete
    self.run_forever()
  File "C:\Users\Administrator\AppData\Local\Programs\Python\Python314\Lib\asyncio\base_events.py", line 677, in run_forever
    self._run_once()
  File "C:\Users\Administrator\AppData\Local\Programs\Python\Python314\Lib\asyncio\base_events.py", line 2057, in _run_once
    handle._run()
  File "C:\Users\Administrator\AppData\Local\Programs\Python\Python314\Lib\asyncio\events.py", line 94, in _run
    self._context.run(self._callback, *self._args)
  File "D:\Project\ASTRA\backend\tests\api\test_cases.py", line 177, in test_assign_case_soc_restriction
    response = await client.post(
  File "C:\Users\Administrator\AppData\Local\Programs\Python\Python314\Lib\site-packages\httpx\_client.py", line 1859, in post
    return await self.request(
  File "C:\Users\Administrator\AppData\Local\Programs\Python\Python314\Lib\site-packages\httpx\_client.py", line 1540, in request
    return await self.send(request, auth=auth, follow_redirects=follow_redirects)
  File "C:\Users\Administrator\AppData\Local\Programs\Python\Python314\Lib\site-packages\httpx\_client.py", line 1629, in send
    response = await self._send_handling_auth(
  File "C:\Users\Administrator\AppData\Local\Programs\Python\Python314\Lib\site-packages\httpx\_client.py", line 1657, in _send_handling_auth
    response = await self._send_handling_redirects(
  File "C:\Users\Administrator\AppData\Local\Programs\Python\Python314\Lib\site-packages\httpx\_client.py", line 1694, in _send_handling_redirects
    response = await self._send_single_request(request)
  File "C:\Users\Administrator\AppData\Local\Programs\Python\Python314\Lib\site-packages\httpx\_client.py", line 1730, in _send_single_request
    response = await transport.handle_async_request(request)
  File "C:\Users\Administrator\AppData\Local\Programs\Python\Python314\Lib\site-packages\httpx\_transports\asgi.py", line 170, in handle_async_request
    await self.app(scope, receive, send)
  File "C:\Users\Administrator\AppData\Local\Programs\Python\Python314\Lib\site-packages\fastapi\applications.py", line 1162, in __call__
    await super().__call__(scope, receive, send)
  File "C:\Users\Administrator\AppData\Local\Programs\Python\Python314\Lib\site-packages\starlette\applications.py", line 90, in __call__
    await self.middleware_stack(scope, receive, send)
  File "C:\Users\Administrator\AppData\Local\Programs\Python\Python314\Lib\site-packages\starlette\middleware\errors.py", line 164, in __call__
    await self.app(scope, receive, _send)
  File "C:\Users\Administrator\AppData\Local\Programs\Python\Python314\Lib\site-packages\starlette\middleware\cors.py", line 88, in __call__
    await self.app(scope, receive, send)
  File "C:\Users\Administrator\AppData\Local\Programs\Python\Python314\Lib\site-packages\starlette\middleware\exceptions.py", line 63, in __call__
    await wrap_app_handling_exceptions(self.app, conn)(scope, receive, send)
  File "C:\Users\Administrator\AppData\Local\Programs\Python\Python314\Lib\site-packages\starlette\_exception_handler.py", line 42, in wrapped_app
    await app(scope, receive, sender)
  File "C:\Users\Administrator\AppData\Local\Programs\Python\Python314\Lib\site-packages\fastapi\middleware\asyncexitstack.py", line 18, in __call__
    await self.app(scope, receive, send)
  File "C:\Users\Administrator\AppData\Local\Programs\Python\Python314\Lib\site-packages\starlette\routing.py", line 660, in __call__
    await self.middleware_stack(scope, receive, send)
  File "C:\Users\Administrator\AppData\Local\Programs\Python\Python314\Lib\site-packages\starlette\routing.py", line 680, in app
    await route.handle(scope, receive, send)
  File "C:\Users\Administrator\AppData\Local\Programs\Python\Python314\Lib\site-packages\fastapi\routing.py", line 1609, in handle
    await self.original_router.handle(scope, receive, send)
  File "C:\Users\Administrator\AppData\Local\Programs\Python\Python314\Lib\site-packages\fastapi\routing.py", line 2047, in handle
    await included_router._handle_selected(scope, receive, send)
  File "C:\Users\Administrator\AppData\Local\Programs\Python\Python314\Lib\site-packages\fastapi\routing.py", line 1629, in _handle_selected
    await original_route.handle(scope, receive, send)
  File "C:\Users\Administrator\AppData\Local\Programs\Python\Python314\Lib\site-packages\fastapi\routing.py", line 1218, in handle
    await app(scope, receive, send)
  File "C:\Users\Administrator\AppData\Local\Programs\Python\Python314\Lib\site-packages\fastapi\routing.py", line 143, in app
    await wrap_app_handling_exceptions(app, request)(scope, receive, send)
  File "C:\Users\Administrator\AppData\Local\Programs\Python\Python314\Lib\site-packages\starlette\_exception_handler.py", line 42, in wrapped_app
    await app(scope, receive, sender)
  File "C:\Users\Administrator\AppData\Local\Programs\Python\Python314\Lib\site-packages\fastapi\routing.py", line 129, in app
    response = await f(request)
  File "C:\Users\Administrator\AppData\Local\Programs\Python\Python314\Lib\site-packages\fastapi\routing.py", line 466, in app
    solved_result = await solve_dependencies(
  File "C:\Users\Administrator\AppData\Local\Programs\Python\Python314\Lib\site-packages\fastapi\dependencies\utils.py", line 678, in solve_dependencies
    solved = await call(**solved_result.values)
  File "D:\Project\ASTRA\backend\core\rbac.py", line 54, in enforce_deny_by_default
    log_unauthorized_access(request, user_id="system", role="unprotected_route")
  File "D:\Project\ASTRA\backend\core\rbac.py", line 16, in log_unauthorized_access
    logger.warning("Unauthorized access attempt", extra=log_data)
Message: 'Unauthorized access attempt'
Arguments: ()
--- Logging error ---
Traceback (most recent call last):
  File "C:\Users\Administrator\AppData\Local\Programs\Python\Python314\Lib\logging\__init__.py", line 1151, in emit
    msg = self.format(record)
  File "C:\Users\Administrator\AppData\Local\Programs\Python\Python314\Lib\logging\__init__.py", line 999, in format
    return fmt.format(record)
           ~~~~~~~~~~^^^^^^^^
  File "C:\Users\Administrator\AppData\Local\Programs\Python\Python314\Lib\site-packages\pythonjsonlogger\jsonlogger.py", line 243, in format
    self.add_fields(log_record, record, message_dict)
    ~~~~~~~~~~~~~~~^^^^^^^^^^^^^^^^^^^^^^^^^^^^^^^^^^
  File "C:\Users\Administrator\AppData\Local\Programs\Python\Python314\Lib\site-packages\pythonjsonlogger\jsonlogger.py", line 191, in add_fields
    self._perform_rename_log_fields(log_record)
    ~~~~~~~~~~~~~~~~~~~~~~~~~~~~~~~^^^^^^^^^^^^
  File "C:\Users\Administrator\AppData\Local\Programs\Python\Python314\Lib\site-packages\pythonjsonlogger\jsonlogger.py", line 195, in _perform_rename_log_fields
    log_record[new_field_name] = log_record[old_field_name]
                                 ~~~~~~~~~~^^^^^^^^^^^^^^^^
KeyError: 'levelname'
Call stack:
  File "<frozen runpy>", line 203, in _run_module_as_main
  File "<frozen runpy>", line 88, in _run_code
  File "C:\Users\Administrator\AppData\Local\Programs\Python\Python314\Scripts\pytest.exe\__main__.py", line 5, in <module>
    sys.exit(_console_main())
  File "C:\Users\Administrator\AppData\Local\Programs\Python\Python314\Lib\site-packages\_pytest\config\__init__.py", line 253, in _console_main
    code = _main(prog=_get_prog_name(sys.argv))
  File "C:\Users\Administrator\AppData\Local\Programs\Python\Python314\Lib\site-packages\_pytest\config\__init__.py", line 229, in _main
    ret: ExitCode | int = config.hook.pytest_cmdline_main(config=config)
  File "C:\Users\Administrator\AppData\Local\Programs\Python\Python314\Lib\site-packages\pluggy\_hooks.py", line 512, in __call__
    return self._hookexec(self.name, self._hookimpls.copy(), kwargs, firstresult)
  File "C:\Users\Administrator\AppData\Local\Programs\Python\Python314\Lib\site-packages\pluggy\_manager.py", line 120, in _hookexec
    return self._inner_hookexec(hook_name, methods, kwargs, firstresult)
  File "C:\Users\Administrator\AppData\Local\Programs\Python\Python314\Lib\site-packages\pluggy\_callers.py", line 121, in _multicall
    res = hook_impl.function(*args)
  File "C:\Users\Administrator\AppData\Local\Programs\Python\Python314\Lib\site-packages\_pytest\main.py", line 377, in pytest_cmdline_main
    return wrap_session(config, _main)
  File "C:\Users\Administrator\AppData\Local\Programs\Python\Python314\Lib\site-packages\_pytest\main.py", line 330, in wrap_session
    session.exitstatus = doit(config, session) or 0
  File "C:\Users\Administrator\AppData\Local\Programs\Python\Python314\Lib\site-packages\_pytest\main.py", line 384, in _main
    config.hook.pytest_runtestloop(session=session)
  File "C:\Users\Administrator\AppData\Local\Programs\Python\Python314\Lib\site-packages\pluggy\_hooks.py", line 512, in __call__
    return self._hookexec(self.name, self._hookimpls.copy(), kwargs, firstresult)
  File "C:\Users\Administrator\AppData\Local\Programs\Python\Python314\Lib\site-packages\pluggy\_manager.py", line 120, in _hookexec
    return self._inner_hookexec(hook_name, methods, kwargs, firstresult)
  File "C:\Users\Administrator\AppData\Local\Programs\Python\Python314\Lib\site-packages\pluggy\_callers.py", line 121, in _multicall
    res = hook_impl.function(*args)
  File "C:\Users\Administrator\AppData\Local\Programs\Python\Python314\Lib\site-packages\_pytest\main.py", line 408, in pytest_runtestloop
    item.config.hook.pytest_runtest_protocol(item=item, nextitem=nextitem)
  File "C:\Users\Administrator\AppData\Local\Programs\Python\Python314\Lib\site-packages\pluggy\_hooks.py", line 512, in __call__
    return self._hookexec(self.name, self._hookimpls.copy(), kwargs, firstresult)
  File "C:\Users\Administrator\AppData\Local\Programs\Python\Python314\Lib\site-packages\pluggy\_manager.py", line 120, in _hookexec
    return self._inner_hookexec(hook_name, methods, kwargs, firstresult)
  File "C:\Users\Administrator\AppData\Local\Programs\Python\Python314\Lib\site-packages\pluggy\_callers.py", line 121, in _multicall
    res = hook_impl.function(*args)
  File "C:\Users\Administrator\AppData\Local\Programs\Python\Python314\Lib\site-packages\_pytest\runner.py", line 118, in pytest_runtest_protocol
    runtestprotocol(item, nextitem=nextitem)
  File "C:\Users\Administrator\AppData\Local\Programs\Python\Python314\Lib\site-packages\_pytest\runner.py", line 139, in runtestprotocol
    reports.append(call_and_report(item, "call", log))
  File "C:\Users\Administrator\AppData\Local\Programs\Python\Python314\Lib\site-packages\_pytest\runner.py", line 249, in call_and_report
    call = CallInfo.from_call(
  File "C:\Users\Administrator\AppData\Local\Programs\Python\Python314\Lib\site-packages\_pytest\runner.py", line 361, in from_call
    result: TResult | None = func()
  File "C:\Users\Administrator\AppData\Local\Programs\Python\Python314\Lib\site-packages\_pytest\runner.py", line 250, in <lambda>
    lambda: runtest_hook(item=item, **kwds),
  File "C:\Users\Administrator\AppData\Local\Programs\Python\Python314\Lib\site-packages\pluggy\_hooks.py", line 512, in __call__
    return self._hookexec(self.name, self._hookimpls.copy(), kwargs, firstresult)
  File "C:\Users\Administrator\AppData\Local\Programs\Python\Python314\Lib\site-packages\pluggy\_manager.py", line 120, in _hookexec
    return self._inner_hookexec(hook_name, methods, kwargs, firstresult)
  File "C:\Users\Administrator\AppData\Local\Programs\Python\Python314\Lib\site-packages\pluggy\_callers.py", line 121, in _multicall
    res = hook_impl.function(*args)
  File "C:\Users\Administrator\AppData\Local\Programs\Python\Python314\Lib\site-packages\_pytest\runner.py", line 184, in pytest_runtest_call
    item.runtest()
  File "C:\Users\Administrator\AppData\Local\Programs\Python\Python314\Lib\site-packages\pytest_asyncio\plugin.py", line 569, in runtest
    super().runtest()
  File "C:\Users\Administrator\AppData\Local\Programs\Python\Python314\Lib\site-packages\_pytest\python.py", line 1707, in runtest
    self.ihook.pytest_pyfunc_call(pyfuncitem=self)
  File "C:\Users\Administrator\AppData\Local\Programs\Python\Python314\Lib\site-packages\pluggy\_hooks.py", line 512, in __call__
    return self._hookexec(self.name, self._hookimpls.copy(), kwargs, firstresult)
  File "C:\Users\Administrator\AppData\Local\Programs\Python\Python314\Lib\site-packages\pluggy\_manager.py", line 120, in _hookexec
    return self._inner_hookexec(hook_name, methods, kwargs, firstresult)
  File "C:\Users\Administrator\AppData\Local\Programs\Python\Python314\Lib\site-packages\pluggy\_callers.py", line 121, in _multicall
    res = hook_impl.function(*args)
  File "C:\Users\Administrator\AppData\Local\Programs\Python\Python314\Lib\site-packages\_pytest\python.py", line 167, in pytest_pyfunc_call
    result = testfunction(**testargs)
  File "C:\Users\Administrator\AppData\Local\Programs\Python\Python314\Lib\site-packages\pytest_asyncio\plugin.py", line 905, in inner
    runner.run(coro, context=context)
  File "C:\Users\Administrator\AppData\Local\Programs\Python\Python314\Lib\asyncio\runners.py", line 127, in run
    return self._loop.run_until_complete(task)
  File "C:\Users\Administrator\AppData\Local\Programs\Python\Python314\Lib\asyncio\base_events.py", line 706, in run_until_complete
    self.run_forever()
  File "C:\Users\Administrator\AppData\Local\Programs\Python\Python314\Lib\asyncio\base_events.py", line 677, in run_forever
    self._run_once()
  File "C:\Users\Administrator\AppData\Local\Programs\Python\Python314\Lib\asyncio\base_events.py", line 2057, in _run_once
    handle._run()
  File "C:\Users\Administrator\AppData\Local\Programs\Python\Python314\Lib\asyncio\events.py", line 94, in _run
    self._context.run(self._callback, *self._args)
  File "D:\Project\ASTRA\backend\tests\api\test_cases.py", line 177, in test_assign_case_soc_restriction
    response = await client.post(
  File "C:\Users\Administrator\AppData\Local\Programs\Python\Python314\Lib\site-packages\httpx\_client.py", line 1859, in post
    return await self.request(
  File "C:\Users\Administrator\AppData\Local\Programs\Python\Python314\Lib\site-packages\httpx\_client.py", line 1540, in request
    return await self.send(request, auth=auth, follow_redirects=follow_redirects)
  File "C:\Users\Administrator\AppData\Local\Programs\Python\Python314\Lib\site-packages\httpx\_client.py", line 1629, in send
    response = await self._send_handling_auth(
  File "C:\Users\Administrator\AppData\Local\Programs\Python\Python314\Lib\site-packages\httpx\_client.py", line 1657, in _send_handling_auth
    response = await self._send_handling_redirects(
  File "C:\Users\Administrator\AppData\Local\Programs\Python\Python314\Lib\site-packages\httpx\_client.py", line 1694, in _send_handling_redirects
    response = await self._send_single_request(request)
  File "C:\Users\Administrator\AppData\Local\Programs\Python\Python314\Lib\site-packages\httpx\_client.py", line 1740, in _send_single_request
    logger.info(
Message: 'HTTP Request: %s %s "%s %d %s"'
Arguments: ('POST', URL('http://test/api/v1/cases/97925fa7-fad5-4063-b628-8079ecf7a921/assign'), 'HTTP/1.1', 403, 'Forbidden')
------------------------------ Captured log call ------------------------------
WARNING  root:rbac.py:16 Unauthorized access attempt
INFO     httpx:_client.py:1740 HTTP Request: POST http://test/api/v1/cases/97925fa7-fad5-4063-b628-8079ecf7a921/assign "HTTP/1.1 403 Forbidden"
WARNING  root:rbac.py:16 Unauthorized access attempt
INFO     httpx:_client.py:1740 HTTP Request: POST http://test/api/v1/cases/97925fa7-fad5-4063-b628-8079ecf7a921/assign "HTTP/1.1 403 Forbidden"
_____________________________ test_change_status ______________________________
tests\api\test_cases.py:191: in test_change_status
    assert response.status_code == 200
E   assert 403 == 200
E    +  where 403 = <Response [403 Forbidden]>.status_code
---------------------------- Captured stderr call -----------------------------
--- Logging error ---
Traceback (most recent call last):
  File "C:\Users\Administrator\AppData\Local\Programs\Python\Python314\Lib\logging\__init__.py", line 1151, in emit
    msg = self.format(record)
  File "C:\Users\Administrator\AppData\Local\Programs\Python\Python314\Lib\logging\__init__.py", line 999, in format
    return fmt.format(record)
           ~~~~~~~~~~^^^^^^^^
  File "C:\Users\Administrator\AppData\Local\Programs\Python\Python314\Lib\site-packages\pythonjsonlogger\jsonlogger.py", line 243, in format
    self.add_fields(log_record, record, message_dict)
    ~~~~~~~~~~~~~~~^^^^^^^^^^^^^^^^^^^^^^^^^^^^^^^^^^
  File "C:\Users\Administrator\AppData\Local\Programs\Python\Python314\Lib\site-packages\pythonjsonlogger\jsonlogger.py", line 191, in add_fields
    self._perform_rename_log_fields(log_record)
    ~~~~~~~~~~~~~~~~~~~~~~~~~~~~~~~^^^^^^^^^^^^
  File "C:\Users\Administrator\AppData\Local\Programs\Python\Python314\Lib\site-packages\pythonjsonlogger\jsonlogger.py", line 195, in _perform_rename_log_fields
    log_record[new_field_name] = log_record[old_field_name]
                                 ~~~~~~~~~~^^^^^^^^^^^^^^^^
KeyError: 'levelname'
Call stack:
  File "<frozen runpy>", line 203, in _run_module_as_main
  File "<frozen runpy>", line 88, in _run_code
  File "C:\Users\Administrator\AppData\Local\Programs\Python\Python314\Scripts\pytest.exe\__main__.py", line 5, in <module>
    sys.exit(_console_main())
  File "C:\Users\Administrator\AppData\Local\Programs\Python\Python314\Lib\site-packages\_pytest\config\__init__.py", line 253, in _console_main
    code = _main(prog=_get_prog_name(sys.argv))
  File "C:\Users\Administrator\AppData\Local\Programs\Python\Python314\Lib\site-packages\_pytest\config\__init__.py", line 229, in _main
    ret: ExitCode | int = config.hook.pytest_cmdline_main(config=config)
  File "C:\Users\Administrator\AppData\Local\Programs\Python\Python314\Lib\site-packages\pluggy\_hooks.py", line 512, in __call__
    return self._hookexec(self.name, self._hookimpls.copy(), kwargs, firstresult)
  File "C:\Users\Administrator\AppData\Local\Programs\Python\Python314\Lib\site-packages\pluggy\_manager.py", line 120, in _hookexec
    return self._inner_hookexec(hook_name, methods, kwargs, firstresult)
  File "C:\Users\Administrator\AppData\Local\Programs\Python\Python314\Lib\site-packages\pluggy\_callers.py", line 121, in _multicall
    res = hook_impl.function(*args)
  File "C:\Users\Administrator\AppData\Local\Programs\Python\Python314\Lib\site-packages\_pytest\main.py", line 377, in pytest_cmdline_main
    return wrap_session(config, _main)
  File "C:\Users\Administrator\AppData\Local\Programs\Python\Python314\Lib\site-packages\_pytest\main.py", line 330, in wrap_session
    session.exitstatus = doit(config, session) or 0
  File "C:\Users\Administrator\AppData\Local\Programs\Python\Python314\Lib\site-packages\_pytest\main.py", line 384, in _main
    config.hook.pytest_runtestloop(session=session)
  File "C:\Users\Administrator\AppData\Local\Programs\Python\Python314\Lib\site-packages\pluggy\_hooks.py", line 512, in __call__
    return self._hookexec(self.name, self._hookimpls.copy(), kwargs, firstresult)
  File "C:\Users\Administrator\AppData\Local\Programs\Python\Python314\Lib\site-packages\pluggy\_manager.py", line 120, in _hookexec
    return self._inner_hookexec(hook_name, methods, kwargs, firstresult)
  File "C:\Users\Administrator\AppData\Local\Programs\Python\Python314\Lib\site-packages\pluggy\_callers.py", line 121, in _multicall
    res = hook_impl.function(*args)
  File "C:\Users\Administrator\AppData\Local\Programs\Python\Python314\Lib\site-packages\_pytest\main.py", line 408, in pytest_runtestloop
    item.config.hook.pytest_runtest_protocol(item=item, nextitem=nextitem)
  File "C:\Users\Administrator\AppData\Local\Programs\Python\Python314\Lib\site-packages\pluggy\_hooks.py", line 512, in __call__
    return self._hookexec(self.name, self._hookimpls.copy(), kwargs, firstresult)
  File "C:\Users\Administrator\AppData\Local\Programs\Python\Python314\Lib\site-packages\pluggy\_manager.py", line 120, in _hookexec
    return self._inner_hookexec(hook_name, methods, kwargs, firstresult)
  File "C:\Users\Administrator\AppData\Local\Programs\Python\Python314\Lib\site-packages\pluggy\_callers.py", line 121, in _multicall
    res = hook_impl.function(*args)
  File "C:\Users\Administrator\AppData\Local\Programs\Python\Python314\Lib\site-packages\_pytest\runner.py", line 118, in pytest_runtest_protocol
    runtestprotocol(item, nextitem=nextitem)
  File "C:\Users\Administrator\AppData\Local\Programs\Python\Python314\Lib\site-packages\_pytest\runner.py", line 139, in runtestprotocol
    reports.append(call_and_report(item, "call", log))
  File "C:\Users\Administrator\AppData\Local\Programs\Python\Python314\Lib\site-packages\_pytest\runner.py", line 249, in call_and_report
    call = CallInfo.from_call(
  File "C:\Users\Administrator\AppData\Local\Programs\Python\Python314\Lib\site-packages\_pytest\runner.py", line 361, in from_call
    result: TResult | None = func()
  File "C:\Users\Administrator\AppData\Local\Programs\Python\Python314\Lib\site-packages\_pytest\runner.py", line 250, in <lambda>
    lambda: runtest_hook(item=item, **kwds),
  File "C:\Users\Administrator\AppData\Local\Programs\Python\Python314\Lib\site-packages\pluggy\_hooks.py", line 512, in __call__
    return self._hookexec(self.name, self._hookimpls.copy(), kwargs, firstresult)
  File "C:\Users\Administrator\AppData\Local\Programs\Python\Python314\Lib\site-packages\pluggy\_manager.py", line 120, in _hookexec
    return self._inner_hookexec(hook_name, methods, kwargs, firstresult)
  File "C:\Users\Administrator\AppData\Local\Programs\Python\Python314\Lib\site-packages\pluggy\_callers.py", line 121, in _multicall
    res = hook_impl.function(*args)
  File "C:\Users\Administrator\AppData\Local\Programs\Python\Python314\Lib\site-packages\_pytest\runner.py", line 184, in pytest_runtest_call
    item.runtest()
  File "C:\Users\Administrator\AppData\Local\Programs\Python\Python314\Lib\site-packages\pytest_asyncio\plugin.py", line 569, in runtest
    super().runtest()
  File "C:\Users\Administrator\AppData\Local\Programs\Python\Python314\Lib\site-packages\_pytest\python.py", line 1707, in runtest
    self.ihook.pytest_pyfunc_call(pyfuncitem=self)
  File "C:\Users\Administrator\AppData\Local\Programs\Python\Python314\Lib\site-packages\pluggy\_hooks.py", line 512, in __call__
    return self._hookexec(self.name, self._hookimpls.copy(), kwargs, firstresult)
  File "C:\Users\Administrator\AppData\Local\Programs\Python\Python314\Lib\site-packages\pluggy\_manager.py", line 120, in _hookexec
    return self._inner_hookexec(hook_name, methods, kwargs, firstresult)
  File "C:\Users\Administrator\AppData\Local\Programs\Python\Python314\Lib\site-packages\pluggy\_callers.py", line 121, in _multicall
    res = hook_impl.function(*args)
  File "C:\Users\Administrator\AppData\Local\Programs\Python\Python314\Lib\site-packages\_pytest\python.py", line 167, in pytest_pyfunc_call
    result = testfunction(**testargs)
  File "C:\Users\Administrator\AppData\Local\Programs\Python\Python314\Lib\site-packages\pytest_asyncio\plugin.py", line 905, in inner
    runner.run(coro, context=context)
  File "C:\Users\Administrator\AppData\Local\Programs\Python\Python314\Lib\asyncio\runners.py", line 127, in run
    return self._loop.run_until_complete(task)
  File "C:\Users\Administrator\AppData\Local\Programs\Python\Python314\Lib\asyncio\base_events.py", line 706, in run_until_complete
    self.run_forever()
  File "C:\Users\Administrator\AppData\Local\Programs\Python\Python314\Lib\asyncio\base_events.py", line 677, in run_forever
    self._run_once()
  File "C:\Users\Administrator\AppData\Local\Programs\Python\Python314\Lib\asyncio\base_events.py", line 2057, in _run_once
    handle._run()
  File "C:\Users\Administrator\AppData\Local\Programs\Python\Python314\Lib\asyncio\events.py", line 94, in _run
    self._context.run(self._callback, *self._args)
  File "D:\Project\ASTRA\backend\tests\api\test_cases.py", line 186, in test_change_status
    response = await client.post(
  File "C:\Users\Administrator\AppData\Local\Programs\Python\Python314\Lib\site-packages\httpx\_client.py", line 1859, in post
    return await self.request(
  File "C:\Users\Administrator\AppData\Local\Programs\Python\Python314\Lib\site-packages\httpx\_client.py", line 1540, in request
    return await self.send(request, auth=auth, follow_redirects=follow_redirects)
  File "C:\Users\Administrator\AppData\Local\Programs\Python\Python314\Lib\site-packages\httpx\_client.py", line 1629, in send
    response = await self._send_handling_auth(
  File "C:\Users\Administrator\AppData\Local\Programs\Python\Python314\Lib\site-packages\httpx\_client.py", line 1657, in _send_handling_auth
    response = await self._send_handling_redirects(
  File "C:\Users\Administrator\AppData\Local\Programs\Python\Python314\Lib\site-packages\httpx\_client.py", line 1694, in _send_handling_redirects
    response = await self._send_single_request(request)
  File "C:\Users\Administrator\AppData\Local\Programs\Python\Python314\Lib\site-packages\httpx\_client.py", line 1730, in _send_single_request
    response = await transport.handle_async_request(request)
  File "C:\Users\Administrator\AppData\Local\Programs\Python\Python314\Lib\site-packages\httpx\_transports\asgi.py", line 170, in handle_async_request
    await self.app(scope, receive, send)
  File "C:\Users\Administrator\AppData\Local\Programs\Python\Python314\Lib\site-packages\fastapi\applications.py", line 1162, in __call__
    await super().__call__(scope, receive, send)
  File "C:\Users\Administrator\AppData\Local\Programs\Python\Python314\Lib\site-packages\starlette\applications.py", line 90, in __call__
    await self.middleware_stack(scope, receive, send)
  File "C:\Users\Administrator\AppData\Local\Programs\Python\Python314\Lib\site-packages\starlette\middleware\errors.py", line 164, in __call__
    await self.app(scope, receive, _send)
  File "C:\Users\Administrator\AppData\Local\Programs\Python\Python314\Lib\site-packages\starlette\middleware\cors.py", line 88, in __call__
    await self.app(scope, receive, send)
  File "C:\Users\Administrator\AppData\Local\Programs\Python\Python314\Lib\site-packages\starlette\middleware\exceptions.py", line 63, in __call__
    await wrap_app_handling_exceptions(self.app, conn)(scope, receive, send)
  File "C:\Users\Administrator\AppData\Local\Programs\Python\Python314\Lib\site-packages\starlette\_exception_handler.py", line 42, in wrapped_app
    await app(scope, receive, sender)
  File "C:\Users\Administrator\AppData\Local\Programs\Python\Python314\Lib\site-packages\fastapi\middleware\asyncexitstack.py", line 18, in __call__
    await self.app(scope, receive, send)
  File "C:\Users\Administrator\AppData\Local\Programs\Python\Python314\Lib\site-packages\starlette\routing.py", line 660, in __call__
    await self.middleware_stack(scope, receive, send)
  File "C:\Users\Administrator\AppData\Local\Programs\Python\Python314\Lib\site-packages\starlette\routing.py", line 680, in app
    await route.handle(scope, receive, send)
  File "C:\Users\Administrator\AppData\Local\Programs\Python\Python314\Lib\site-packages\fastapi\routing.py", line 1609, in handle
    await self.original_router.handle(scope, receive, send)
  File "C:\Users\Administrator\AppData\Local\Programs\Python\Python314\Lib\site-packages\fastapi\routing.py", line 2047, in handle
    await included_router._handle_selected(scope, receive, send)
  File "C:\Users\Administrator\AppData\Local\Programs\Python\Python314\Lib\site-packages\fastapi\routing.py", line 1629, in _handle_selected
    await original_route.handle(scope, receive, send)
  File "C:\Users\Administrator\AppData\Local\Programs\Python\Python314\Lib\site-packages\fastapi\routing.py", line 1218, in handle
    await app(scope, receive, send)
  File "C:\Users\Administrator\AppData\Local\Programs\Python\Python314\Lib\site-packages\fastapi\routing.py", line 143, in app
    await wrap_app_handling_exceptions(app, request)(scope, receive, send)
  File "C:\Users\Administrator\AppData\Local\Programs\Python\Python314\Lib\site-packages\starlette\_exception_handler.py", line 42, in wrapped_app
    await app(scope, receive, sender)
  File "C:\Users\Administrator\AppData\Local\Programs\Python\Python314\Lib\site-packages\fastapi\routing.py", line 129, in app
    response = await f(request)
  File "C:\Users\Administrator\AppData\Local\Programs\Python\Python314\Lib\site-packages\fastapi\routing.py", line 466, in app
    solved_result = await solve_dependencies(
  File "C:\Users\Administrator\AppData\Local\Programs\Python\Python314\Lib\site-packages\fastapi\dependencies\utils.py", line 678, in solve_dependencies
    solved = await call(**solved_result.values)
  File "D:\Project\ASTRA\backend\core\rbac.py", line 54, in enforce_deny_by_default
    log_unauthorized_access(request, user_id="system", role="unprotected_route")
  File "D:\Project\ASTRA\backend\core\rbac.py", line 16, in log_unauthorized_access
    logger.warning("Unauthorized access attempt", extra=log_data)
Message: 'Unauthorized access attempt'
Arguments: ()
--- Logging error ---
Traceback (most recent call last):
  File "C:\Users\Administrator\AppData\Local\Programs\Python\Python314\Lib\logging\__init__.py", line 1151, in emit
    msg = self.format(record)
  File "C:\Users\Administrator\AppData\Local\Programs\Python\Python314\Lib\logging\__init__.py", line 999, in format
    return fmt.format(record)
           ~~~~~~~~~~^^^^^^^^
  File "C:\Users\Administrator\AppData\Local\Programs\Python\Python314\Lib\site-packages\pythonjsonlogger\jsonlogger.py", line 243, in format
    self.add_fields(log_record, record, message_dict)
    ~~~~~~~~~~~~~~~^^^^^^^^^^^^^^^^^^^^^^^^^^^^^^^^^^
  File "C:\Users\Administrator\AppData\Local\Programs\Python\Python314\Lib\site-packages\pythonjsonlogger\jsonlogger.py", line 191, in add_fields
    self._perform_rename_log_fields(log_record)
    ~~~~~~~~~~~~~~~~~~~~~~~~~~~~~~~^^^^^^^^^^^^
  File "C:\Users\Administrator\AppData\Local\Programs\Python\Python314\Lib\site-packages\pythonjsonlogger\jsonlogger.py", line 195, in _perform_rename_log_fields
    log_record[new_field_name] = log_record[old_field_name]
                                 ~~~~~~~~~~^^^^^^^^^^^^^^^^
KeyError: 'levelname'
Call stack:
  File "<frozen runpy>", line 203, in _run_module_as_main
  File "<frozen runpy>", line 88, in _run_code
  File "C:\Users\Administrator\AppData\Local\Programs\Python\Python314\Scripts\pytest.exe\__main__.py", line 5, in <module>
    sys.exit(_console_main())
  File "C:\Users\Administrator\AppData\Local\Programs\Python\Python314\Lib\site-packages\_pytest\config\__init__.py", line 253, in _console_main
    code = _main(prog=_get_prog_name(sys.argv))
  File "C:\Users\Administrator\AppData\Local\Programs\Python\Python314\Lib\site-packages\_pytest\config\__init__.py", line 229, in _main
    ret: ExitCode | int = config.hook.pytest_cmdline_main(config=config)
  File "C:\Users\Administrator\AppData\Local\Programs\Python\Python314\Lib\site-packages\pluggy\_hooks.py", line 512, in __call__
    return self._hookexec(self.name, self._hookimpls.copy(), kwargs, firstresult)
  File "C:\Users\Administrator\AppData\Local\Programs\Python\Python314\Lib\site-packages\pluggy\_manager.py", line 120, in _hookexec
    return self._inner_hookexec(hook_name, methods, kwargs, firstresult)
  File "C:\Users\Administrator\AppData\Local\Programs\Python\Python314\Lib\site-packages\pluggy\_callers.py", line 121, in _multicall
    res = hook_impl.function(*args)
  File "C:\Users\Administrator\AppData\Local\Programs\Python\Python314\Lib\site-packages\_pytest\main.py", line 377, in pytest_cmdline_main
    return wrap_session(config, _main)
  File "C:\Users\Administrator\AppData\Local\Programs\Python\Python314\Lib\site-packages\_pytest\main.py", line 330, in wrap_session
    session.exitstatus = doit(config, session) or 0
  File "C:\Users\Administrator\AppData\Local\Programs\Python\Python314\Lib\site-packages\_pytest\main.py", line 384, in _main
    config.hook.pytest_runtestloop(session=session)
  File "C:\Users\Administrator\AppData\Local\Programs\Python\Python314\Lib\site-packages\pluggy\_hooks.py", line 512, in __call__
    return self._hookexec(self.name, self._hookimpls.copy(), kwargs, firstresult)
  File "C:\Users\Administrator\AppData\Local\Programs\Python\Python314\Lib\site-packages\pluggy\_manager.py", line 120, in _hookexec
    return self._inner_hookexec(hook_name, methods, kwargs, firstresult)
  File "C:\Users\Administrator\AppData\Local\Programs\Python\Python314\Lib\site-packages\pluggy\_callers.py", line 121, in _multicall
    res = hook_impl.function(*args)
  File "C:\Users\Administrator\AppData\Local\Programs\Python\Python314\Lib\site-packages\_pytest\main.py", line 408, in pytest_runtestloop
    item.config.hook.pytest_runtest_protocol(item=item, nextitem=nextitem)
  File "C:\Users\Administrator\AppData\Local\Programs\Python\Python314\Lib\site-packages\pluggy\_hooks.py", line 512, in __call__
    return self._hookexec(self.name, self._hookimpls.copy(), kwargs, firstresult)
  File "C:\Users\Administrator\AppData\Local\Programs\Python\Python314\Lib\site-packages\pluggy\_manager.py", line 120, in _hookexec
    return self._inner_hookexec(hook_name, methods, kwargs, firstresult)
  File "C:\Users\Administrator\AppData\Local\Programs\Python\Python314\Lib\site-packages\pluggy\_callers.py", line 121, in _multicall
    res = hook_impl.function(*args)
  File "C:\Users\Administrator\AppData\Local\Programs\Python\Python314\Lib\site-packages\_pytest\runner.py", line 118, in pytest_runtest_protocol
    runtestprotocol(item, nextitem=nextitem)
  File "C:\Users\Administrator\AppData\Local\Programs\Python\Python314\Lib\site-packages\_pytest\runner.py", line 139, in runtestprotocol
    reports.append(call_and_report(item, "call", log))
  File "C:\Users\Administrator\AppData\Local\Programs\Python\Python314\Lib\site-packages\_pytest\runner.py", line 249, in call_and_report
    call = CallInfo.from_call(
  File "C:\Users\Administrator\AppData\Local\Programs\Python\Python314\Lib\site-packages\_pytest\runner.py", line 361, in from_call
    result: TResult | None = func()
  File "C:\Users\Administrator\AppData\Local\Programs\Python\Python314\Lib\site-packages\_pytest\runner.py", line 250, in <lambda>
    lambda: runtest_hook(item=item, **kwds),
  File "C:\Users\Administrator\AppData\Local\Programs\Python\Python314\Lib\site-packages\pluggy\_hooks.py", line 512, in __call__
    return self._hookexec(self.name, self._hookimpls.copy(), kwargs, firstresult)
  File "C:\Users\Administrator\AppData\Local\Programs\Python\Python314\Lib\site-packages\pluggy\_manager.py", line 120, in _hookexec
    return self._inner_hookexec(hook_name, methods, kwargs, firstresult)
  File "C:\Users\Administrator\AppData\Local\Programs\Python\Python314\Lib\site-packages\pluggy\_callers.py", line 121, in _multicall
    res = hook_impl.function(*args)
  File "C:\Users\Administrator\AppData\Local\Programs\Python\Python314\Lib\site-packages\_pytest\runner.py", line 184, in pytest_runtest_call
    item.runtest()
  File "C:\Users\Administrator\AppData\Local\Programs\Python\Python314\Lib\site-packages\pytest_asyncio\plugin.py", line 569, in runtest
    super().runtest()
  File "C:\Users\Administrator\AppData\Local\Programs\Python\Python314\Lib\site-packages\_pytest\python.py", line 1707, in runtest
    self.ihook.pytest_pyfunc_call(pyfuncitem=self)
  File "C:\Users\Administrator\AppData\Local\Programs\Python\Python314\Lib\site-packages\pluggy\_hooks.py", line 512, in __call__
    return self._hookexec(self.name, self._hookimpls.copy(), kwargs, firstresult)
  File "C:\Users\Administrator\AppData\Local\Programs\Python\Python314\Lib\site-packages\pluggy\_manager.py", line 120, in _hookexec
    return self._inner_hookexec(hook_name, methods, kwargs, firstresult)
  File "C:\Users\Administrator\AppData\Local\Programs\Python\Python314\Lib\site-packages\pluggy\_callers.py", line 121, in _multicall
    res = hook_impl.function(*args)
  File "C:\Users\Administrator\AppData\Local\Programs\Python\Python314\Lib\site-packages\_pytest\python.py", line 167, in pytest_pyfunc_call
    result = testfunction(**testargs)
  File "C:\Users\Administrator\AppData\Local\Programs\Python\Python314\Lib\site-packages\pytest_asyncio\plugin.py", line 905, in inner
    runner.run(coro, context=context)
  File "C:\Users\Administrator\AppData\Local\Programs\Python\Python314\Lib\asyncio\runners.py", line 127, in run
    return self._loop.run_until_complete(task)
  File "C:\Users\Administrator\AppData\Local\Programs\Python\Python314\Lib\asyncio\base_events.py", line 706, in run_until_complete
    self.run_forever()
  File "C:\Users\Administrator\AppData\Local\Programs\Python\Python314\Lib\asyncio\base_events.py", line 677, in run_forever
    self._run_once()
  File "C:\Users\Administrator\AppData\Local\Programs\Python\Python314\Lib\asyncio\base_events.py", line 2057, in _run_once
    handle._run()
  File "C:\Users\Administrator\AppData\Local\Programs\Python\Python314\Lib\asyncio\events.py", line 94, in _run
    self._context.run(self._callback, *self._args)
  File "D:\Project\ASTRA\backend\tests\api\test_cases.py", line 186, in test_change_status
    response = await client.post(
  File "C:\Users\Administrator\AppData\Local\Programs\Python\Python314\Lib\site-packages\httpx\_client.py", line 1859, in post
    return await self.request(
  File "C:\Users\Administrator\AppData\Local\Programs\Python\Python314\Lib\site-packages\httpx\_client.py", line 1540, in request
    return await self.send(request, auth=auth, follow_redirects=follow_redirects)
  File "C:\Users\Administrator\AppData\Local\Programs\Python\Python314\Lib\site-packages\httpx\_client.py", line 1629, in send
    response = await self._send_handling_auth(
  File "C:\Users\Administrator\AppData\Local\Programs\Python\Python314\Lib\site-packages\httpx\_client.py", line 1657, in _send_handling_auth
    response = await self._send_handling_redirects(
  File "C:\Users\Administrator\AppData\Local\Programs\Python\Python314\Lib\site-packages\httpx\_client.py", line 1694, in _send_handling_redirects
    response = await self._send_single_request(request)
  File "C:\Users\Administrator\AppData\Local\Programs\Python\Python314\Lib\site-packages\httpx\_client.py", line 1740, in _send_single_request
    logger.info(
Message: 'HTTP Request: %s %s "%s %d %s"'
Arguments: ('POST', URL('http://test/api/v1/cases/810ee6f0-71dd-462b-b354-33d1ffc10cc9/status'), 'HTTP/1.1', 403, 'Forbidden')
------------------------------ Captured log call ------------------------------
WARNING  root:rbac.py:16 Unauthorized access attempt
INFO     httpx:_client.py:1740 HTTP Request: POST http://test/api/v1/cases/810ee6f0-71dd-462b-b354-33d1ffc10cc9/status "HTTP/1.1 403 Forbidden"
______________________________ test_get_timeline ______________________________
tests\api\test_cases.py:245: in test_get_timeline
    assert response.status_code == 200
E   assert 403 == 200
E    +  where 403 = <Response [403 Forbidden]>.status_code
---------------------------- Captured stderr call -----------------------------
--- Logging error ---
Traceback (most recent call last):
  File "C:\Users\Administrator\AppData\Local\Programs\Python\Python314\Lib\logging\__init__.py", line 1151, in emit
    msg = self.format(record)
  File "C:\Users\Administrator\AppData\Local\Programs\Python\Python314\Lib\logging\__init__.py", line 999, in format
    return fmt.format(record)
           ~~~~~~~~~~^^^^^^^^
  File "C:\Users\Administrator\AppData\Local\Programs\Python\Python314\Lib\site-packages\pythonjsonlogger\jsonlogger.py", line 243, in format
    self.add_fields(log_record, record, message_dict)
    ~~~~~~~~~~~~~~~^^^^^^^^^^^^^^^^^^^^^^^^^^^^^^^^^^
  File "C:\Users\Administrator\AppData\Local\Programs\Python\Python314\Lib\site-packages\pythonjsonlogger\jsonlogger.py", line 191, in add_fields
    self._perform_rename_log_fields(log_record)
    ~~~~~~~~~~~~~~~~~~~~~~~~~~~~~~~^^^^^^^^^^^^
  File "C:\Users\Administrator\AppData\Local\Programs\Python\Python314\Lib\site-packages\pythonjsonlogger\jsonlogger.py", line 195, in _perform_rename_log_fields
    log_record[new_field_name] = log_record[old_field_name]
                                 ~~~~~~~~~~^^^^^^^^^^^^^^^^
KeyError: 'levelname'
Call stack:
  File "<frozen runpy>", line 203, in _run_module_as_main
  File "<frozen runpy>", line 88, in _run_code
  File "C:\Users\Administrator\AppData\Local\Programs\Python\Python314\Scripts\pytest.exe\__main__.py", line 5, in <module>
    sys.exit(_console_main())
  File "C:\Users\Administrator\AppData\Local\Programs\Python\Python314\Lib\site-packages\_pytest\config\__init__.py", line 253, in _console_main
    code = _main(prog=_get_prog_name(sys.argv))
  File "C:\Users\Administrator\AppData\Local\Programs\Python\Python314\Lib\site-packages\_pytest\config\__init__.py", line 229, in _main
    ret: ExitCode | int = config.hook.pytest_cmdline_main(config=config)
  File "C:\Users\Administrator\AppData\Local\Programs\Python\Python314\Lib\site-packages\pluggy\_hooks.py", line 512, in __call__
    return self._hookexec(self.name, self._hookimpls.copy(), kwargs, firstresult)
  File "C:\Users\Administrator\AppData\Local\Programs\Python\Python314\Lib\site-packages\pluggy\_manager.py", line 120, in _hookexec
    return self._inner_hookexec(hook_name, methods, kwargs, firstresult)
  File "C:\Users\Administrator\AppData\Local\Programs\Python\Python314\Lib\site-packages\pluggy\_callers.py", line 121, in _multicall
    res = hook_impl.function(*args)
  File "C:\Users\Administrator\AppData\Local\Programs\Python\Python314\Lib\site-packages\_pytest\main.py", line 377, in pytest_cmdline_main
    return wrap_session(config, _main)
  File "C:\Users\Administrator\AppData\Local\Programs\Python\Python314\Lib\site-packages\_pytest\main.py", line 330, in wrap_session
    session.exitstatus = doit(config, session) or 0
  File "C:\Users\Administrator\AppData\Local\Programs\Python\Python314\Lib\site-packages\_pytest\main.py", line 384, in _main
    config.hook.pytest_runtestloop(session=session)
  File "C:\Users\Administrator\AppData\Local\Programs\Python\Python314\Lib\site-packages\pluggy\_hooks.py", line 512, in __call__
    return self._hookexec(self.name, self._hookimpls.copy(), kwargs, firstresult)
  File "C:\Users\Administrator\AppData\Local\Programs\Python\Python314\Lib\site-packages\pluggy\_manager.py", line 120, in _hookexec
    return self._inner_hookexec(hook_name, methods, kwargs, firstresult)
  File "C:\Users\Administrator\AppData\Local\Programs\Python\Python314\Lib\site-packages\pluggy\_callers.py", line 121, in _multicall
    res = hook_impl.function(*args)
  File "C:\Users\Administrator\AppData\Local\Programs\Python\Python314\Lib\site-packages\_pytest\main.py", line 408, in pytest_runtestloop
    item.config.hook.pytest_runtest_protocol(item=item, nextitem=nextitem)
  File "C:\Users\Administrator\AppData\Local\Programs\Python\Python314\Lib\site-packages\pluggy\_hooks.py", line 512, in __call__
    return self._hookexec(self.name, self._hookimpls.copy(), kwargs, firstresult)
  File "C:\Users\Administrator\AppData\Local\Programs\Python\Python314\Lib\site-packages\pluggy\_manager.py", line 120, in _hookexec
    return self._inner_hookexec(hook_name, methods, kwargs, firstresult)
  File "C:\Users\Administrator\AppData\Local\Programs\Python\Python314\Lib\site-packages\pluggy\_callers.py", line 121, in _multicall
    res = hook_impl.function(*args)
  File "C:\Users\Administrator\AppData\Local\Programs\Python\Python314\Lib\site-packages\_pytest\runner.py", line 118, in pytest_runtest_protocol
    runtestprotocol(item, nextitem=nextitem)
  File "C:\Users\Administrator\AppData\Local\Programs\Python\Python314\Lib\site-packages\_pytest\runner.py", line 139, in runtestprotocol
    reports.append(call_and_report(item, "call", log))
  File "C:\Users\Administrator\AppData\Local\Programs\Python\Python314\Lib\site-packages\_pytest\runner.py", line 249, in call_and_report
    call = CallInfo.from_call(
  File "C:\Users\Administrator\AppData\Local\Programs\Python\Python314\Lib\site-packages\_pytest\runner.py", line 361, in from_call
    result: TResult | None = func()
  File "C:\Users\Administrator\AppData\Local\Programs\Python\Python314\Lib\site-packages\_pytest\runner.py", line 250, in <lambda>
    lambda: runtest_hook(item=item, **kwds),
  File "C:\Users\Administrator\AppData\Local\Programs\Python\Python314\Lib\site-packages\pluggy\_hooks.py", line 512, in __call__
    return self._hookexec(self.name, self._hookimpls.copy(), kwargs, firstresult)
  File "C:\Users\Administrator\AppData\Local\Programs\Python\Python314\Lib\site-packages\pluggy\_manager.py", line 120, in _hookexec
    return self._inner_hookexec(hook_name, methods, kwargs, firstresult)
  File "C:\Users\Administrator\AppData\Local\Programs\Python\Python314\Lib\site-packages\pluggy\_callers.py", line 121, in _multicall
    res = hook_impl.function(*args)
  File "C:\Users\Administrator\AppData\Local\Programs\Python\Python314\Lib\site-packages\_pytest\runner.py", line 184, in pytest_runtest_call
    item.runtest()
  File "C:\Users\Administrator\AppData\Local\Programs\Python\Python314\Lib\site-packages\pytest_asyncio\plugin.py", line 569, in runtest
    super().runtest()
  File "C:\Users\Administrator\AppData\Local\Programs\Python\Python314\Lib\site-packages\_pytest\python.py", line 1707, in runtest
    self.ihook.pytest_pyfunc_call(pyfuncitem=self)
  File "C:\Users\Administrator\AppData\Local\Programs\Python\Python314\Lib\site-packages\pluggy\_hooks.py", line 512, in __call__
    return self._hookexec(self.name, self._hookimpls.copy(), kwargs, firstresult)
  File "C:\Users\Administrator\AppData\Local\Programs\Python\Python314\Lib\site-packages\pluggy\_manager.py", line 120, in _hookexec
    return self._inner_hookexec(hook_name, methods, kwargs, firstresult)
  File "C:\Users\Administrator\AppData\Local\Programs\Python\Python314\Lib\site-packages\pluggy\_callers.py", line 121, in _multicall
    res = hook_impl.function(*args)
  File "C:\Users\Administrator\AppData\Local\Programs\Python\Python314\Lib\site-packages\_pytest\python.py", line 167, in pytest_pyfunc_call
    result = testfunction(**testargs)
  File "C:\Users\Administrator\AppData\Local\Programs\Python\Python314\Lib\site-packages\pytest_asyncio\plugin.py", line 905, in inner
    runner.run(coro, context=context)
  File "C:\Users\Administrator\AppData\Local\Programs\Python\Python314\Lib\asyncio\runners.py", line 127, in run
    return self._loop.run_until_complete(task)
  File "C:\Users\Administrator\AppData\Local\Programs\Python\Python314\Lib\asyncio\base_events.py", line 706, in run_until_complete
    self.run_forever()
  File "C:\Users\Administrator\AppData\Local\Programs\Python\Python314\Lib\asyncio\base_events.py", line 677, in run_forever
    self._run_once()
  File "C:\Users\Administrator\AppData\Local\Programs\Python\Python314\Lib\asyncio\base_events.py", line 2057, in _run_once
    handle._run()
  File "C:\Users\Administrator\AppData\Local\Programs\Python\Python314\Lib\asyncio\events.py", line 94, in _run
    self._context.run(self._callback, *self._args)
  File "D:\Project\ASTRA\backend\tests\api\test_cases.py", line 238, in test_get_timeline
    await client.post(
  File "C:\Users\Administrator\AppData\Local\Programs\Python\Python314\Lib\site-packages\httpx\_client.py", line 1859, in post
    return await self.request(
  File "C:\Users\Administrator\AppData\Local\Programs\Python\Python314\Lib\site-packages\httpx\_client.py", line 1540, in request
    return await self.send(request, auth=auth, follow_redirects=follow_redirects)
  File "C:\Users\Administrator\AppData\Local\Programs\Python\Python314\Lib\site-packages\httpx\_client.py", line 1629, in send
    response = await self._send_handling_auth(
  File "C:\Users\Administrator\AppData\Local\Programs\Python\Python314\Lib\site-packages\httpx\_client.py", line 1657, in _send_handling_auth
    response = await self._send_handling_redirects(
  File "C:\Users\Administrator\AppData\Local\Programs\Python\Python314\Lib\site-packages\httpx\_client.py", line 1694, in _send_handling_redirects
    response = await self._send_single_request(request)
  File "C:\Users\Administrator\AppData\Local\Programs\Python\Python314\Lib\site-packages\httpx\_client.py", line 1730, in _send_single_request
    response = await transport.handle_async_request(request)
  File "C:\Users\Administrator\AppData\Local\Programs\Python\Python314\Lib\site-packages\httpx\_transports\asgi.py", line 170, in handle_async_request
    await self.app(scope, receive, send)
  File "C:\Users\Administrator\AppData\Local\Programs\Python\Python314\Lib\site-packages\fastapi\applications.py", line 1162, in __call__
    await super().__call__(scope, receive, send)
  File "C:\Users\Administrator\AppData\Local\Programs\Python\Python314\Lib\site-packages\starlette\applications.py", line 90, in __call__
    await self.middleware_stack(scope, receive, send)
  File "C:\Users\Administrator\AppData\Local\Programs\Python\Python314\Lib\site-packages\starlette\middleware\errors.py", line 164, in __call__
    await self.app(scope, receive, _send)
  File "C:\Users\Administrator\AppData\Local\Programs\Python\Python314\Lib\site-packages\starlette\middleware\cors.py", line 88, in __call__
    await self.app(scope, receive, send)
  File "C:\Users\Administrator\AppData\Local\Programs\Python\Python314\Lib\site-packages\starlette\middleware\exceptions.py", line 63, in __call__
    await wrap_app_handling_exceptions(self.app, conn)(scope, receive, send)
  File "C:\Users\Administrator\AppData\Local\Programs\Python\Python314\Lib\site-packages\starlette\_exception_handler.py", line 42, in wrapped_app
    await app(scope, receive, sender)
  File "C:\Users\Administrator\AppData\Local\Programs\Python\Python314\Lib\site-packages\fastapi\middleware\asyncexitstack.py", line 18, in __call__
    await self.app(scope, receive, send)
  File "C:\Users\Administrator\AppData\Local\Programs\Python\Python314\Lib\site-packages\starlette\routing.py", line 660, in __call__
    await self.middleware_stack(scope, receive, send)
  File "C:\Users\Administrator\AppData\Local\Programs\Python\Python314\Lib\site-packages\starlette\routing.py", line 680, in app
    await route.handle(scope, receive, send)
  File "C:\Users\Administrator\AppData\Local\Programs\Python\Python314\Lib\site-packages\fastapi\routing.py", line 1609, in handle
    await self.original_router.handle(scope, receive, send)
  File "C:\Users\Administrator\AppData\Local\Programs\Python\Python314\Lib\site-packages\fastapi\routing.py", line 2047, in handle
    await included_router._handle_selected(scope, receive, send)
  File "C:\Users\Administrator\AppData\Local\Programs\Python\Python314\Lib\site-packages\fastapi\routing.py", line 1629, in _handle_selected
    await original_route.handle(scope, receive, send)
  File "C:\Users\Administrator\AppData\Local\Programs\Python\Python314\Lib\site-packages\fastapi\routing.py", line 1218, in handle
    await app(scope, receive, send)
  File "C:\Users\Administrator\AppData\Local\Programs\Python\Python314\Lib\site-packages\fastapi\routing.py", line 143, in app
    await wrap_app_handling_exceptions(app, request)(scope, receive, send)
  File "C:\Users\Administrator\AppData\Local\Programs\Python\Python314\Lib\site-packages\starlette\_exception_handler.py", line 42, in wrapped_app
    await app(scope, receive, sender)
  File "C:\Users\Administrator\AppData\Local\Programs\Python\Python314\Lib\site-packages\fastapi\routing.py", line 129, in app
    response = await f(request)
  File "C:\Users\Administrator\AppData\Local\Programs\Python\Python314\Lib\site-packages\fastapi\routing.py", line 466, in app
    solved_result = await solve_dependencies(
  File "C:\Users\Administrator\AppData\Local\Programs\Python\Python314\Lib\site-packages\fastapi\dependencies\utils.py", line 678, in solve_dependencies
    solved = await call(**solved_result.values)
  File "D:\Project\ASTRA\backend\core\rbac.py", line 54, in enforce_deny_by_default
    log_unauthorized_access(request, user_id="system", role="unprotected_route")
  File "D:\Project\ASTRA\backend\core\rbac.py", line 16, in log_unauthorized_access
    logger.warning("Unauthorized access attempt", extra=log_data)
Message: 'Unauthorized access attempt'
Arguments: ()
--- Logging error ---
Traceback (most recent call last):
  File "C:\Users\Administrator\AppData\Local\Programs\Python\Python314\Lib\logging\__init__.py", line 1151, in emit
    msg = self.format(record)
  File "C:\Users\Administrator\AppData\Local\Programs\Python\Python314\Lib\logging\__init__.py", line 999, in format
    return fmt.format(record)
           ~~~~~~~~~~^^^^^^^^
  File "C:\Users\Administrator\AppData\Local\Programs\Python\Python314\Lib\site-packages\pythonjsonlogger\jsonlogger.py", line 243, in format
    self.add_fields(log_record, record, message_dict)
    ~~~~~~~~~~~~~~~^^^^^^^^^^^^^^^^^^^^^^^^^^^^^^^^^^
  File "C:\Users\Administrator\AppData\Local\Programs\Python\Python314\Lib\site-packages\pythonjsonlogger\jsonlogger.py", line 191, in add_fields
    self._perform_rename_log_fields(log_record)
    ~~~~~~~~~~~~~~~~~~~~~~~~~~~~~~~^^^^^^^^^^^^
  File "C:\Users\Administrator\AppData\Local\Programs\Python\Python314\Lib\site-packages\pythonjsonlogger\jsonlogger.py", line 195, in _perform_rename_log_fields
    log_record[new_field_name] = log_record[old_field_name]
                                 ~~~~~~~~~~^^^^^^^^^^^^^^^^
KeyError: 'levelname'
Call stack:
  File "<frozen runpy>", line 203, in _run_module_as_main
  File "<frozen runpy>", line 88, in _run_code
  File "C:\Users\Administrator\AppData\Local\Programs\Python\Python314\Scripts\pytest.exe\__main__.py", line 5, in <module>
    sys.exit(_console_main())
  File "C:\Users\Administrator\AppData\Local\Programs\Python\Python314\Lib\site-packages\_pytest\config\__init__.py", line 253, in _console_main
    code = _main(prog=_get_prog_name(sys.argv))
  File "C:\Users\Administrator\AppData\Local\Programs\Python\Python314\Lib\site-packages\_pytest\config\__init__.py", line 229, in _main
    ret: ExitCode | int = config.hook.pytest_cmdline_main(config=config)
  File "C:\Users\Administrator\AppData\Local\Programs\Python\Python314\Lib\site-packages\pluggy\_hooks.py", line 512, in __call__
    return self._hookexec(self.name, self._hookimpls.copy(), kwargs, firstresult)
  File "C:\Users\Administrator\AppData\Local\Programs\Python\Python314\Lib\site-packages\pluggy\_manager.py", line 120, in _hookexec
    return self._inner_hookexec(hook_name, methods, kwargs, firstresult)
  File "C:\Users\Administrator\AppData\Local\Programs\Python\Python314\Lib\site-packages\pluggy\_callers.py", line 121, in _multicall
    res = hook_impl.function(*args)
  File "C:\Users\Administrator\AppData\Local\Programs\Python\Python314\Lib\site-packages\_pytest\main.py", line 377, in pytest_cmdline_main
    return wrap_session(config, _main)
  File "C:\Users\Administrator\AppData\Local\Programs\Python\Python314\Lib\site-packages\_pytest\main.py", line 330, in wrap_session
    session.exitstatus = doit(config, session) or 0
  File "C:\Users\Administrator\AppData\Local\Programs\Python\Python314\Lib\site-packages\_pytest\main.py", line 384, in _main
    config.hook.pytest_runtestloop(session=session)
  File "C:\Users\Administrator\AppData\Local\Programs\Python\Python314\Lib\site-packages\pluggy\_hooks.py", line 512, in __call__
    return self._hookexec(self.name, self._hookimpls.copy(), kwargs, firstresult)
  File "C:\Users\Administrator\AppData\Local\Programs\Python\Python314\Lib\site-packages\pluggy\_manager.py", line 120, in _hookexec
    return self._inner_hookexec(hook_name, methods, kwargs, firstresult)
  File "C:\Users\Administrator\AppData\Local\Programs\Python\Python314\Lib\site-packages\pluggy\_callers.py", line 121, in _multicall
    res = hook_impl.function(*args)
  File "C:\Users\Administrator\AppData\Local\Programs\Python\Python314\Lib\site-packages\_pytest\main.py", line 408, in pytest_runtestloop
    item.config.hook.pytest_runtest_protocol(item=item, nextitem=nextitem)
  File "C:\Users\Administrator\AppData\Local\Programs\Python\Python314\Lib\site-packages\pluggy\_hooks.py", line 512, in __call__
    return self._hookexec(self.name, self._hookimpls.copy(), kwargs, firstresult)
  File "C:\Users\Administrator\AppData\Local\Programs\Python\Python314\Lib\site-packages\pluggy\_manager.py", line 120, in _hookexec
    return self._inner_hookexec(hook_name, methods, kwargs, firstresult)
  File "C:\Users\Administrator\AppData\Local\Programs\Python\Python314\Lib\site-packages\pluggy\_callers.py", line 121, in _multicall
    res = hook_impl.function(*args)
  File "C:\Users\Administrator\AppData\Local\Programs\Python\Python314\Lib\site-packages\_pytest\runner.py", line 118, in pytest_runtest_protocol
    runtestprotocol(item, nextitem=nextitem)
  File "C:\Users\Administrator\AppData\Local\Programs\Python\Python314\Lib\site-packages\_pytest\runner.py", line 139, in runtestprotocol
    reports.append(call_and_report(item, "call", log))
  File "C:\Users\Administrator\AppData\Local\Programs\Python\Python314\Lib\site-packages\_pytest\runner.py", line 249, in call_and_report
    call = CallInfo.from_call(
  File "C:\Users\Administrator\AppData\Local\Programs\Python\Python314\Lib\site-packages\_pytest\runner.py", line 361, in from_call
    result: TResult | None = func()
  File "C:\Users\Administrator\AppData\Local\Programs\Python\Python314\Lib\site-packages\_pytest\runner.py", line 250, in <lambda>
    lambda: runtest_hook(item=item, **kwds),
  File "C:\Users\Administrator\AppData\Local\Programs\Python\Python314\Lib\site-packages\pluggy\_hooks.py", line 512, in __call__
    return self._hookexec(self.name, self._hookimpls.copy(), kwargs, firstresult)
  File "C:\Users\Administrator\AppData\Local\Programs\Python\Python314\Lib\site-packages\pluggy\_manager.py", line 120, in _hookexec
    return self._inner_hookexec(hook_name, methods, kwargs, firstresult)
  File "C:\Users\Administrator\AppData\Local\Programs\Python\Python314\Lib\site-packages\pluggy\_callers.py", line 121, in _multicall
    res = hook_impl.function(*args)
  File "C:\Users\Administrator\AppData\Local\Programs\Python\Python314\Lib\site-packages\_pytest\runner.py", line 184, in pytest_runtest_call
    item.runtest()
  File "C:\Users\Administrator\AppData\Local\Programs\Python\Python314\Lib\site-packages\pytest_asyncio\plugin.py", line 569, in runtest
    super().runtest()
  File "C:\Users\Administrator\AppData\Local\Programs\Python\Python314\Lib\site-packages\_pytest\python.py", line 1707, in runtest
    self.ihook.pytest_pyfunc_call(pyfuncitem=self)
  File "C:\Users\Administrator\AppData\Local\Programs\Python\Python314\Lib\site-packages\pluggy\_hooks.py", line 512, in __call__
    return self._hookexec(self.name, self._hookimpls.copy(), kwargs, firstresult)
  File "C:\Users\Administrator\AppData\Local\Programs\Python\Python314\Lib\site-packages\pluggy\_manager.py", line 120, in _hookexec
    return self._inner_hookexec(hook_name, methods, kwargs, firstresult)
  File "C:\Users\Administrator\AppData\Local\Programs\Python\Python314\Lib\site-packages\pluggy\_callers.py", line 121, in _multicall
    res = hook_impl.function(*args)
  File "C:\Users\Administrator\AppData\Local\Programs\Python\Python314\Lib\site-packages\_pytest\python.py", line 167, in pytest_pyfunc_call
    result = testfunction(**testargs)
  File "C:\Users\Administrator\AppData\Local\Programs\Python\Python314\Lib\site-packages\pytest_asyncio\plugin.py", line 905, in inner
    runner.run(coro, context=context)
  File "C:\Users\Administrator\AppData\Local\Programs\Python\Python314\Lib\asyncio\runners.py", line 127, in run
    return self._loop.run_until_complete(task)
  File "C:\Users\Administrator\AppData\Local\Programs\Python\Python314\Lib\asyncio\base_events.py", line 706, in run_until_complete
    self.run_forever()
  File "C:\Users\Administrator\AppData\Local\Programs\Python\Python314\Lib\asyncio\base_events.py", line 677, in run_forever
    self._run_once()
  File "C:\Users\Administrator\AppData\Local\Programs\Python\Python314\Lib\asyncio\base_events.py", line 2057, in _run_once
    handle._run()
  File "C:\Users\Administrator\AppData\Local\Programs\Python\Python314\Lib\asyncio\events.py", line 94, in _run
    self._context.run(self._callback, *self._args)
  File "D:\Project\ASTRA\backend\tests\api\test_cases.py", line 238, in test_get_timeline
    await client.post(
  File "C:\Users\Administrator\AppData\Local\Programs\Python\Python314\Lib\site-packages\httpx\_client.py", line 1859, in post
    return await self.request(
  File "C:\Users\Administrator\AppData\Local\Programs\Python\Python314\Lib\site-packages\httpx\_client.py", line 1540, in request
    return await self.send(request, auth=auth, follow_redirects=follow_redirects)
  File "C:\Users\Administrator\AppData\Local\Programs\Python\Python314\Lib\site-packages\httpx\_client.py", line 1629, in send
    response = await self._send_handling_auth(
  File "C:\Users\Administrator\AppData\Local\Programs\Python\Python314\Lib\site-packages\httpx\_client.py", line 1657, in _send_handling_auth
    response = await self._send_handling_redirects(
  File "C:\Users\Administrator\AppData\Local\Programs\Python\Python314\Lib\site-packages\httpx\_client.py", line 1694, in _send_handling_redirects
    response = await self._send_single_request(request)
  File "C:\Users\Administrator\AppData\Local\Programs\Python\Python314\Lib\site-packages\httpx\_client.py", line 1740, in _send_single_request
    logger.info(
Message: 'HTTP Request: %s %s "%s %d %s"'
Arguments: ('POST', URL('http://test/api/v1/cases/dca20742-2b73-4e5c-9f2e-9109679aab0b/status'), 'HTTP/1.1', 403, 'Forbidden')
--- Logging error ---
Traceback (most recent call last):
  File "C:\Users\Administrator\AppData\Local\Programs\Python\Python314\Lib\logging\__init__.py", line 1151, in emit
    msg = self.format(record)
  File "C:\Users\Administrator\AppData\Local\Programs\Python\Python314\Lib\logging\__init__.py", line 999, in format
    return fmt.format(record)
           ~~~~~~~~~~^^^^^^^^
  File "C:\Users\Administrator\AppData\Local\Programs\Python\Python314\Lib\site-packages\pythonjsonlogger\jsonlogger.py", line 243, in format
    self.add_fields(log_record, record, message_dict)
    ~~~~~~~~~~~~~~~^^^^^^^^^^^^^^^^^^^^^^^^^^^^^^^^^^
  File "C:\Users\Administrator\AppData\Local\Programs\Python\Python314\Lib\site-packages\pythonjsonlogger\jsonlogger.py", line 191, in add_fields
    self._perform_rename_log_fields(log_record)
    ~~~~~~~~~~~~~~~~~~~~~~~~~~~~~~~^^^^^^^^^^^^
  File "C:\Users\Administrator\AppData\Local\Programs\Python\Python314\Lib\site-packages\pythonjsonlogger\jsonlogger.py", line 195, in _perform_rename_log_fields
    log_record[new_field_name] = log_record[old_field_name]
                                 ~~~~~~~~~~^^^^^^^^^^^^^^^^
KeyError: 'levelname'
Call stack:
  File "<frozen runpy>", line 203, in _run_module_as_main
  File "<frozen runpy>", line 88, in _run_code
  File "C:\Users\Administrator\AppData\Local\Programs\Python\Python314\Scripts\pytest.exe\__main__.py", line 5, in <module>
    sys.exit(_console_main())
  File "C:\Users\Administrator\AppData\Local\Programs\Python\Python314\Lib\site-packages\_pytest\config\__init__.py", line 253, in _console_main
    code = _main(prog=_get_prog_name(sys.argv))
  File "C:\Users\Administrator\AppData\Local\Programs\Python\Python314\Lib\site-packages\_pytest\config\__init__.py", line 229, in _main
    ret: ExitCode | int = config.hook.pytest_cmdline_main(config=config)
  File "C:\Users\Administrator\AppData\Local\Programs\Python\Python314\Lib\site-packages\pluggy\_hooks.py", line 512, in __call__
    return self._hookexec(self.name, self._hookimpls.copy(), kwargs, firstresult)
  File "C:\Users\Administrator\AppData\Local\Programs\Python\Python314\Lib\site-packages\pluggy\_manager.py", line 120, in _hookexec
    return self._inner_hookexec(hook_name, methods, kwargs, firstresult)
  File "C:\Users\Administrator\AppData\Local\Programs\Python\Python314\Lib\site-packages\pluggy\_callers.py", line 121, in _multicall
    res = hook_impl.function(*args)
  File "C:\Users\Administrator\AppData\Local\Programs\Python\Python314\Lib\site-packages\_pytest\main.py", line 377, in pytest_cmdline_main
    return wrap_session(config, _main)
  File "C:\Users\Administrator\AppData\Local\Programs\Python\Python314\Lib\site-packages\_pytest\main.py", line 330, in wrap_session
    session.exitstatus = doit(config, session) or 0
  File "C:\Users\Administrator\AppData\Local\Programs\Python\Python314\Lib\site-packages\_pytest\main.py", line 384, in _main
    config.hook.pytest_runtestloop(session=session)
  File "C:\Users\Administrator\AppData\Local\Programs\Python\Python314\Lib\site-packages\pluggy\_hooks.py", line 512, in __call__
    return self._hookexec(self.name, self._hookimpls.copy(), kwargs, firstresult)
  File "C:\Users\Administrator\AppData\Local\Programs\Python\Python314\Lib\site-packages\pluggy\_manager.py", line 120, in _hookexec
    return self._inner_hookexec(hook_name, methods, kwargs, firstresult)
  File "C:\Users\Administrator\AppData\Local\Programs\Python\Python314\Lib\site-packages\pluggy\_callers.py", line 121, in _multicall
    res = hook_impl.function(*args)
  File "C:\Users\Administrator\AppData\Local\Programs\Python\Python314\Lib\site-packages\_pytest\main.py", line 408, in pytest_runtestloop
    item.config.hook.pytest_runtest_protocol(item=item, nextitem=nextitem)
  File "C:\Users\Administrator\AppData\Local\Programs\Python\Python314\Lib\site-packages\pluggy\_hooks.py", line 512, in __call__
    return self._hookexec(self.name, self._hookimpls.copy(), kwargs, firstresult)
  File "C:\Users\Administrator\AppData\Local\Programs\Python\Python314\Lib\site-packages\pluggy\_manager.py", line 120, in _hookexec
    return self._inner_hookexec(hook_name, methods, kwargs, firstresult)
  File "C:\Users\Administrator\AppData\Local\Programs\Python\Python314\Lib\site-packages\pluggy\_callers.py", line 121, in _multicall
    res = hook_impl.function(*args)
  File "C:\Users\Administrator\AppData\Local\Programs\Python\Python314\Lib\site-packages\_pytest\runner.py", line 118, in pytest_runtest_protocol
    runtestprotocol(item, nextitem=nextitem)
  File "C:\Users\Administrator\AppData\Local\Programs\Python\Python314\Lib\site-packages\_pytest\runner.py", line 139, in runtestprotocol
    reports.append(call_and_report(item, "call", log))
  File "C:\Users\Administrator\AppData\Local\Programs\Python\Python314\Lib\site-packages\_pytest\runner.py", line 249, in call_and_report
    call = CallInfo.from_call(
  File "C:\Users\Administrator\AppData\Local\Programs\Python\Python314\Lib\site-packages\_pytest\runner.py", line 361, in from_call
    result: TResult | None = func()
  File "C:\Users\Administrator\AppData\Local\Programs\Python\Python314\Lib\site-packages\_pytest\runner.py", line 250, in <lambda>
    lambda: runtest_hook(item=item, **kwds),
  File "C:\Users\Administrator\AppData\Local\Programs\Python\Python314\Lib\site-packages\pluggy\_hooks.py", line 512, in __call__
    return self._hookexec(self.name, self._hookimpls.copy(), kwargs, firstresult)
  File "C:\Users\Administrator\AppData\Local\Programs\Python\Python314\Lib\site-packages\pluggy\_manager.py", line 120, in _hookexec
    return self._inner_hookexec(hook_name, methods, kwargs, firstresult)
  File "C:\Users\Administrator\AppData\Local\Programs\Python\Python314\Lib\site-packages\pluggy\_callers.py", line 121, in _multicall
    res = hook_impl.function(*args)
  File "C:\Users\Administrator\AppData\Local\Programs\Python\Python314\Lib\site-packages\_pytest\runner.py", line 184, in pytest_runtest_call
    item.runtest()
  File "C:\Users\Administrator\AppData\Local\Programs\Python\Python314\Lib\site-packages\pytest_asyncio\plugin.py", line 569, in runtest
    super().runtest()
  File "C:\Users\Administrator\AppData\Local\Programs\Python\Python314\Lib\site-packages\_pytest\python.py", line 1707, in runtest
    self.ihook.pytest_pyfunc_call(pyfuncitem=self)
  File "C:\Users\Administrator\AppData\Local\Programs\Python\Python314\Lib\site-packages\pluggy\_hooks.py", line 512, in __call__
    return self._hookexec(self.name, self._hookimpls.copy(), kwargs, firstresult)
  File "C:\Users\Administrator\AppData\Local\Programs\Python\Python314\Lib\site-packages\pluggy\_manager.py", line 120, in _hookexec
    return self._inner_hookexec(hook_name, methods, kwargs, firstresult)
  File "C:\Users\Administrator\AppData\Local\Programs\Python\Python314\Lib\site-packages\pluggy\_callers.py", line 121, in _multicall
    res = hook_impl.function(*args)
  File "C:\Users\Administrator\AppData\Local\Programs\Python\Python314\Lib\site-packages\_pytest\python.py", line 167, in pytest_pyfunc_call
    result = testfunction(**testargs)
  File "C:\Users\Administrator\AppData\Local\Programs\Python\Python314\Lib\site-packages\pytest_asyncio\plugin.py", line 905, in inner
    runner.run(coro, context=context)
  File "C:\Users\Administrator\AppData\Local\Programs\Python\Python314\Lib\asyncio\runners.py", line 127, in run
    return self._loop.run_until_complete(task)
  File "C:\Users\Administrator\AppData\Local\Programs\Python\Python314\Lib\asyncio\base_events.py", line 706, in run_until_complete
    self.run_forever()
  File "C:\Users\Administrator\AppData\Local\Programs\Python\Python314\Lib\asyncio\base_events.py", line 677, in run_forever
    self._run_once()
  File "C:\Users\Administrator\AppData\Local\Programs\Python\Python314\Lib\asyncio\base_events.py", line 2057, in _run_once
    handle._run()
  File "C:\Users\Administrator\AppData\Local\Programs\Python\Python314\Lib\asyncio\events.py", line 94, in _run
    self._context.run(self._callback, *self._args)
  File "D:\Project\ASTRA\backend\tests\api\test_cases.py", line 244, in test_get_timeline
    response = await client.get(f"/api/v1/cases/{mock_case.id}/timeline", headers=admin_headers)
  File "C:\Users\Administrator\AppData\Local\Programs\Python\Python314\Lib\site-packages\httpx\_client.py", line 1768, in get
    return await self.request(
  File "C:\Users\Administrator\AppData\Local\Programs\Python\Python314\Lib\site-packages\httpx\_client.py", line 1540, in request
    return await self.send(request, auth=auth, follow_redirects=follow_redirects)
  File "C:\Users\Administrator\AppData\Local\Programs\Python\Python314\Lib\site-packages\httpx\_client.py", line 1629, in send
    response = await self._send_handling_auth(
  File "C:\Users\Administrator\AppData\Local\Programs\Python\Python314\Lib\site-packages\httpx\_client.py", line 1657, in _send_handling_auth
    response = await self._send_handling_redirects(
  File "C:\Users\Administrator\AppData\Local\Programs\Python\Python314\Lib\site-packages\httpx\_client.py", line 1694, in _send_handling_redirects
    response = await self._send_single_request(request)
  File "C:\Users\Administrator\AppData\Local\Programs\Python\Python314\Lib\site-packages\httpx\_client.py", line 1730, in _send_single_request
    response = await transport.handle_async_request(request)
  File "C:\Users\Administrator\AppData\Local\Programs\Python\Python314\Lib\site-packages\httpx\_transports\asgi.py", line 170, in handle_async_request
    await self.app(scope, receive, send)
  File "C:\Users\Administrator\AppData\Local\Programs\Python\Python314\Lib\site-packages\fastapi\applications.py", line 1162, in __call__
    await super().__call__(scope, receive, send)
  File "C:\Users\Administrator\AppData\Local\Programs\Python\Python314\Lib\site-packages\starlette\applications.py", line 90, in __call__
    await self.middleware_stack(scope, receive, send)
  File "C:\Users\Administrator\AppData\Local\Programs\Python\Python314\Lib\site-packages\starlette\middleware\errors.py", line 164, in __call__
    await self.app(scope, receive, _send)
  File "C:\Users\Administrator\AppData\Local\Programs\Python\Python314\Lib\site-packages\starlette\middleware\cors.py", line 88, in __call__
    await self.app(scope, receive, send)
  File "C:\Users\Administrator\AppData\Local\Programs\Python\Python314\Lib\site-packages\starlette\middleware\exceptions.py", line 63, in __call__
    await wrap_app_handling_exceptions(self.app, conn)(scope, receive, send)
  File "C:\Users\Administrator\AppData\Local\Programs\Python\Python314\Lib\site-packages\starlette\_exception_handler.py", line 42, in wrapped_app
    await app(scope, receive, sender)
  File "C:\Users\Administrator\AppData\Local\Programs\Python\Python314\Lib\site-packages\fastapi\middleware\asyncexitstack.py", line 18, in __call__
    await self.app(scope, receive, send)
  File "C:\Users\Administrator\AppData\Local\Programs\Python\Python314\Lib\site-packages\starlette\routing.py", line 660, in __call__
    await self.middleware_stack(scope, receive, send)
  File "C:\Users\Administrator\AppData\Local\Programs\Python\Python314\Lib\site-packages\starlette\routing.py", line 680, in app
    await route.handle(scope, receive, send)
  File "C:\Users\Administrator\AppData\Local\Programs\Python\Python314\Lib\site-packages\fastapi\routing.py", line 1609, in handle
    await self.original_router.handle(scope, receive, send)
  File "C:\Users\Administrator\AppData\Local\Programs\Python\Python314\Lib\site-packages\fastapi\routing.py", line 2047, in handle
    await included_router._handle_selected(scope, receive, send)
  File "C:\Users\Administrator\AppData\Local\Programs\Python\Python314\Lib\site-packages\fastapi\routing.py", line 1629, in _handle_selected
    await original_route.handle(scope, receive, send)
  File "C:\Users\Administrator\AppData\Local\Programs\Python\Python314\Lib\site-packages\fastapi\routing.py", line 1218, in handle
    await app(scope, receive, send)
  File "C:\Users\Administrator\AppData\Local\Programs\Python\Python314\Lib\site-packages\fastapi\routing.py", line 143, in app
    await wrap_app_handling_exceptions(app, request)(scope, receive, send)
  File "C:\Users\Administrator\AppData\Local\Programs\Python\Python314\Lib\site-packages\starlette\_exception_handler.py", line 42, in wrapped_app
    await app(scope, receive, sender)
  File "C:\Users\Administrator\AppData\Local\Programs\Python\Python314\Lib\site-packages\fastapi\routing.py", line 129, in app
    response = await f(request)
  File "C:\Users\Administrator\AppData\Local\Programs\Python\Python314\Lib\site-packages\fastapi\routing.py", line 466, in app
    solved_result = await solve_dependencies(
  File "C:\Users\Administrator\AppData\Local\Programs\Python\Python314\Lib\site-packages\fastapi\dependencies\utils.py", line 678, in solve_dependencies
    solved = await call(**solved_result.values)
  File "D:\Project\ASTRA\backend\core\rbac.py", line 54, in enforce_deny_by_default
    log_unauthorized_access(request, user_id="system", role="unprotected_route")
  File "D:\Project\ASTRA\backend\core\rbac.py", line 16, in log_unauthorized_access
    logger.warning("Unauthorized access attempt", extra=log_data)
Message: 'Unauthorized access attempt'
Arguments: ()
--- Logging error ---
Traceback (most recent call last):
  File "C:\Users\Administrator\AppData\Local\Programs\Python\Python314\Lib\logging\__init__.py", line 1151, in emit
    msg = self.format(record)
  File "C:\Users\Administrator\AppData\Local\Programs\Python\Python314\Lib\logging\__init__.py", line 999, in format
    return fmt.format(record)
           ~~~~~~~~~~^^^^^^^^
  File "C:\Users\Administrator\AppData\Local\Programs\Python\Python314\Lib\site-packages\pythonjsonlogger\jsonlogger.py", line 243, in format
    self.add_fields(log_record, record, message_dict)
    ~~~~~~~~~~~~~~~^^^^^^^^^^^^^^^^^^^^^^^^^^^^^^^^^^
  File "C:\Users\Administrator\AppData\Local\Programs\Python\Python314\Lib\site-packages\pythonjsonlogger\jsonlogger.py", line 191, in add_fields
    self._perform_rename_log_fields(log_record)
    ~~~~~~~~~~~~~~~~~~~~~~~~~~~~~~~^^^^^^^^^^^^
  File "C:\Users\Administrator\AppData\Local\Programs\Python\Python314\Lib\site-packages\pythonjsonlogger\jsonlogger.py", line 195, in _perform_rename_log_fields
    log_record[new_field_name] = log_record[old_field_name]
                                 ~~~~~~~~~~^^^^^^^^^^^^^^^^
KeyError: 'levelname'
Call stack:
  File "<frozen runpy>", line 203, in _run_module_as_main
  File "<frozen runpy>", line 88, in _run_code
  File "C:\Users\Administrator\AppData\Local\Programs\Python\Python314\Scripts\pytest.exe\__main__.py", line 5, in <module>
    sys.exit(_console_main())
  File "C:\Users\Administrator\AppData\Local\Programs\Python\Python314\Lib\site-packages\_pytest\config\__init__.py", line 253, in _console_main
    code = _main(prog=_get_prog_name(sys.argv))
  File "C:\Users\Administrator\AppData\Local\Programs\Python\Python314\Lib\site-packages\_pytest\config\__init__.py", line 229, in _main
    ret: ExitCode | int = config.hook.pytest_cmdline_main(config=config)
  File "C:\Users\Administrator\AppData\Local\Programs\Python\Python314\Lib\site-packages\pluggy\_hooks.py", line 512, in __call__
    return self._hookexec(self.name, self._hookimpls.copy(), kwargs, firstresult)
  File "C:\Users\Administrator\AppData\Local\Programs\Python\Python314\Lib\site-packages\pluggy\_manager.py", line 120, in _hookexec
    return self._inner_hookexec(hook_name, methods, kwargs, firstresult)
  File "C:\Users\Administrator\AppData\Local\Programs\Python\Python314\Lib\site-packages\pluggy\_callers.py", line 121, in _multicall
    res = hook_impl.function(*args)
  File "C:\Users\Administrator\AppData\Local\Programs\Python\Python314\Lib\site-packages\_pytest\main.py", line 377, in pytest_cmdline_main
    return wrap_session(config, _main)
  File "C:\Users\Administrator\AppData\Local\Programs\Python\Python314\Lib\site-packages\_pytest\main.py", line 330, in wrap_session
    session.exitstatus = doit(config, session) or 0
  File "C:\Users\Administrator\AppData\Local\Programs\Python\Python314\Lib\site-packages\_pytest\main.py", line 384, in _main
    config.hook.pytest_runtestloop(session=session)
  File "C:\Users\Administrator\AppData\Local\Programs\Python\Python314\Lib\site-packages\pluggy\_hooks.py", line 512, in __call__
    return self._hookexec(self.name, self._hookimpls.copy(), kwargs, firstresult)
  File "C:\Users\Administrator\AppData\Local\Programs\Python\Python314\Lib\site-packages\pluggy\_manager.py", line 120, in _hookexec
    return self._inner_hookexec(hook_name, methods, kwargs, firstresult)
  File "C:\Users\Administrator\AppData\Local\Programs\Python\Python314\Lib\site-packages\pluggy\_callers.py", line 121, in _multicall
    res = hook_impl.function(*args)
  File "C:\Users\Administrator\AppData\Local\Programs\Python\Python314\Lib\site-packages\_pytest\main.py", line 408, in pytest_runtestloop
    item.config.hook.pytest_runtest_protocol(item=item, nextitem=nextitem)
  File "C:\Users\Administrator\AppData\Local\Programs\Python\Python314\Lib\site-packages\pluggy\_hooks.py", line 512, in __call__
    return self._hookexec(self.name, self._hookimpls.copy(), kwargs, firstresult)
  File "C:\Users\Administrator\AppData\Local\Programs\Python\Python314\Lib\site-packages\pluggy\_manager.py", line 120, in _hookexec
    return self._inner_hookexec(hook_name, methods, kwargs, firstresult)
  File "C:\Users\Administrator\AppData\Local\Programs\Python\Python314\Lib\site-packages\pluggy\_callers.py", line 121, in _multicall
    res = hook_impl.function(*args)
  File "C:\Users\Administrator\AppData\Local\Programs\Python\Python314\Lib\site-packages\_pytest\runner.py", line 118, in pytest_runtest_protocol
    runtestprotocol(item, nextitem=nextitem)
  File "C:\Users\Administrator\AppData\Local\Programs\Python\Python314\Lib\site-packages\_pytest\runner.py", line 139, in runtestprotocol
    reports.append(call_and_report(item, "call", log))
  File "C:\Users\Administrator\AppData\Local\Programs\Python\Python314\Lib\site-packages\_pytest\runner.py", line 249, in call_and_report
    call = CallInfo.from_call(
  File "C:\Users\Administrator\AppData\Local\Programs\Python\Python314\Lib\site-packages\_pytest\runner.py", line 361, in from_call
    result: TResult | None = func()
  File "C:\Users\Administrator\AppData\Local\Programs\Python\Python314\Lib\site-packages\_pytest\runner.py", line 250, in <lambda>
    lambda: runtest_hook(item=item, **kwds),
  File "C:\Users\Administrator\AppData\Local\Programs\Python\Python314\Lib\site-packages\pluggy\_hooks.py", line 512, in __call__
    return self._hookexec(self.name, self._hookimpls.copy(), kwargs, firstresult)
  File "C:\Users\Administrator\AppData\Local\Programs\Python\Python314\Lib\site-packages\pluggy\_manager.py", line 120, in _hookexec
    return self._inner_hookexec(hook_name, methods, kwargs, firstresult)
  File "C:\Users\Administrator\AppData\Local\Programs\Python\Python314\Lib\site-packages\pluggy\_callers.py", line 121, in _multicall
    res = hook_impl.function(*args)
  File "C:\Users\Administrator\AppData\Local\Programs\Python\Python314\Lib\site-packages\_pytest\runner.py", line 184, in pytest_runtest_call
    item.runtest()
  File "C:\Users\Administrator\AppData\Local\Programs\Python\Python314\Lib\site-packages\pytest_asyncio\plugin.py", line 569, in runtest
    super().runtest()
  File "C:\Users\Administrator\AppData\Local\Programs\Python\Python314\Lib\site-packages\_pytest\python.py", line 1707, in runtest
    self.ihook.pytest_pyfunc_call(pyfuncitem=self)
  File "C:\Users\Administrator\AppData\Local\Programs\Python\Python314\Lib\site-packages\pluggy\_hooks.py", line 512, in __call__
    return self._hookexec(self.name, self._hookimpls.copy(), kwargs, firstresult)
  File "C:\Users\Administrator\AppData\Local\Programs\Python\Python314\Lib\site-packages\pluggy\_manager.py", line 120, in _hookexec
    return self._inner_hookexec(hook_name, methods, kwargs, firstresult)
  File "C:\Users\Administrator\AppData\Local\Programs\Python\Python314\Lib\site-packages\pluggy\_callers.py", line 121, in _multicall
    res = hook_impl.function(*args)
  File "C:\Users\Administrator\AppData\Local\Programs\Python\Python314\Lib\site-packages\_pytest\python.py", line 167, in pytest_pyfunc_call
    result = testfunction(**testargs)
  File "C:\Users\Administrator\AppData\Local\Programs\Python\Python314\Lib\site-packages\pytest_asyncio\plugin.py", line 905, in inner
    runner.run(coro, context=context)
  File "C:\Users\Administrator\AppData\Local\Programs\Python\Python314\Lib\asyncio\runners.py", line 127, in run
    return self._loop.run_until_complete(task)
  File "C:\Users\Administrator\AppData\Local\Programs\Python\Python314\Lib\asyncio\base_events.py", line 706, in run_until_complete
    self.run_forever()
  File "C:\Users\Administrator\AppData\Local\Programs\Python\Python314\Lib\asyncio\base_events.py", line 677, in run_forever
    self._run_once()
  File "C:\Users\Administrator\AppData\Local\Programs\Python\Python314\Lib\asyncio\base_events.py", line 2057, in _run_once
    handle._run()
  File "C:\Users\Administrator\AppData\Local\Programs\Python\Python314\Lib\asyncio\events.py", line 94, in _run
    self._context.run(self._callback, *self._args)
  File "D:\Project\ASTRA\backend\tests\api\test_cases.py", line 244, in test_get_timeline
    response = await client.get(f"/api/v1/cases/{mock_case.id}/timeline", headers=admin_headers)
  File "C:\Users\Administrator\AppData\Local\Programs\Python\Python314\Lib\site-packages\httpx\_client.py", line 1768, in get
    return await self.request(
  File "C:\Users\Administrator\AppData\Local\Programs\Python\Python314\Lib\site-packages\httpx\_client.py", line 1540, in request
    return await self.send(request, auth=auth, follow_redirects=follow_redirects)
  File "C:\Users\Administrator\AppData\Local\Programs\Python\Python314\Lib\site-packages\httpx\_client.py", line 1629, in send
    response = await self._send_handling_auth(
  File "C:\Users\Administrator\AppData\Local\Programs\Python\Python314\Lib\site-packages\httpx\_client.py", line 1657, in _send_handling_auth
    response = await self._send_handling_redirects(
  File "C:\Users\Administrator\AppData\Local\Programs\Python\Python314\Lib\site-packages\httpx\_client.py", line 1694, in _send_handling_redirects
    response = await self._send_single_request(request)
  File "C:\Users\Administrator\AppData\Local\Programs\Python\Python314\Lib\site-packages\httpx\_client.py", line 1740, in _send_single_request
    logger.info(
Message: 'HTTP Request: %s %s "%s %d %s"'
Arguments: ('GET', URL('http://test/api/v1/cases/dca20742-2b73-4e5c-9f2e-9109679aab0b/timeline'), 'HTTP/1.1', 403, 'Forbidden')
------------------------------ Captured log call ------------------------------
WARNING  root:rbac.py:16 Unauthorized access attempt
INFO     httpx:_client.py:1740 HTTP Request: POST http://test/api/v1/cases/dca20742-2b73-4e5c-9f2e-9109679aab0b/status "HTTP/1.1 403 Forbidden"
WARNING  root:rbac.py:16 Unauthorized access attempt
INFO     httpx:_client.py:1740 HTTP Request: GET http://test/api/v1/cases/dca20742-2b73-4e5c-9f2e-9109679aab0b/timeline "HTTP/1.1 403 Forbidden"
________________________ test_create_and_get_evidence _________________________
C:\Users\Administrator\AppData\Local\Programs\Python\Python314\Lib\site-packages\sqlalchemy\dialects\postgresql\asyncpg.py:550: in _prepare_and_execute
    self._rows = deque(await prepared_stmt.fetch(*parameters))
                       ^^^^^^^^^^^^^^^^^^^^^^^^^^^^^^^^^^^^^^
C:\Users\Administrator\AppData\Local\Programs\Python\Python314\Lib\site-packages\asyncpg\prepared_stmt.py:177: in fetch
    data = await self.__bind_execute(args, 0, timeout)
           ^^^^^^^^^^^^^^^^^^^^^^^^^^^^^^^^^^^^^^^^^^^
C:\Users\Administrator\AppData\Local\Programs\Python\Python314\Lib\site-packages\asyncpg\prepared_stmt.py:268: in __bind_execute
    data, status, _ = await self.__do_execute(
C:\Users\Administrator\AppData\Local\Programs\Python\Python314\Lib\site-packages\asyncpg\prepared_stmt.py:257: in __do_execute
    return await executor(protocol)
           ^^^^^^^^^^^^^^^^^^^^^^^^
asyncpg/protocol/protocol.pyx:205: in bind_execute
    ???
E   asyncpg.exceptions.ForeignKeyViolationError: insert or update on table "evidence" violates foreign key constraint "evidence_observation_id_fkey"
E   DETAIL:  Key (observation_id)=(c7291332-b54e-49c4-af9e-58730d9634eb) is not present in table "observations".

The above exception was the direct cause of the following exception:
C:\Users\Administrator\AppData\Local\Programs\Python\Python314\Lib\site-packages\sqlalchemy\engine\base.py:1969: in _exec_single_context
    self.dialect.do_execute(
C:\Users\Administrator\AppData\Local\Programs\Python\Python314\Lib\site-packages\sqlalchemy\engine\default.py:952: in do_execute
    cursor.execute(statement, parameters)
C:\Users\Administrator\AppData\Local\Programs\Python\Python314\Lib\site-packages\sqlalchemy\dialects\postgresql\asyncpg.py:585: in execute
    self._adapt_connection.await_(
C:\Users\Administrator\AppData\Local\Programs\Python\Python314\Lib\site-packages\sqlalchemy\util\_concurrency_py3k.py:132: in await_only
    return current.parent.switch(awaitable)  # type: ignore[no-any-return,attr-defined] # noqa: E501
           ^^^^^^^^^^^^^^^^^^^^^^^^^^^^^^^^
C:\Users\Administrator\AppData\Local\Programs\Python\Python314\Lib\site-packages\sqlalchemy\util\_concurrency_py3k.py:196: in greenlet_spawn
    value = await result
            ^^^^^^^^^^^^
C:\Users\Administrator\AppData\Local\Programs\Python\Python314\Lib\site-packages\sqlalchemy\dialects\postgresql\asyncpg.py:563: in _prepare_and_execute
    self._handle_exception(error)
C:\Users\Administrator\AppData\Local\Programs\Python\Python314\Lib\site-packages\sqlalchemy\dialects\postgresql\asyncpg.py:513: in _handle_exception
    self._adapt_connection._handle_exception(error)
C:\Users\Administrator\AppData\Local\Programs\Python\Python314\Lib\site-packages\sqlalchemy\dialects\postgresql\asyncpg.py:797: in _handle_exception
    raise translated_error from error
E   sqlalchemy.dialects.postgresql.asyncpg.AsyncAdapt_asyncpg_dbapi.IntegrityError: <class 'asyncpg.exceptions.ForeignKeyViolationError'>: insert or update on table "evidence" violates foreign key constraint "evidence_observation_id_fkey"
E   DETAIL:  Key (observation_id)=(c7291332-b54e-49c4-af9e-58730d9634eb) is not present in table "observations".

The above exception was the direct cause of the following exception:
tests\crud\test_evidence.py:44: in test_create_and_get_evidence
    evidence = await repo.create_evidence(obj_in, "sysadmin")
               ^^^^^^^^^^^^^^^^^^^^^^^^^^^^^^^^^^^^^^^^^^^^^^
repositories\evidence.py:19: in create_evidence
    await self.session.commit()
C:\Users\Administrator\AppData\Local\Programs\Python\Python314\Lib\site-packages\sqlalchemy\ext\asyncio\session.py:999: in commit
    await greenlet_spawn(self.sync_session.commit)
C:\Users\Administrator\AppData\Local\Programs\Python\Python314\Lib\site-packages\sqlalchemy\util\_concurrency_py3k.py:203: in greenlet_spawn
    result = context.switch(value)
             ^^^^^^^^^^^^^^^^^^^^^
C:\Users\Administrator\AppData\Local\Programs\Python\Python314\Lib\site-packages\sqlalchemy\orm\session.py:2034: in commit
    trans.commit(_to_root=True)
<string>:2: in commit
    ???
C:\Users\Administrator\AppData\Local\Programs\Python\Python314\Lib\site-packages\sqlalchemy\orm\state_changes.py:137: in _go
    ret_value = fn(self, *arg, **kw)
                ^^^^^^^^^^^^^^^^^^^^
C:\Users\Administrator\AppData\Local\Programs\Python\Python314\Lib\site-packages\sqlalchemy\orm\session.py:1315: in commit
    self._prepare_impl()
<string>:2: in _prepare_impl
    ???
C:\Users\Administrator\AppData\Local\Programs\Python\Python314\Lib\site-packages\sqlalchemy\orm\state_changes.py:137: in _go
    ret_value = fn(self, *arg, **kw)
                ^^^^^^^^^^^^^^^^^^^^
C:\Users\Administrator\AppData\Local\Programs\Python\Python314\Lib\site-packages\sqlalchemy\orm\session.py:1290: in _prepare_impl
    self.session.flush()
C:\Users\Administrator\AppData\Local\Programs\Python\Python314\Lib\site-packages\sqlalchemy\orm\session.py:4352: in flush
    self._flush(objects)
C:\Users\Administrator\AppData\Local\Programs\Python\Python314\Lib\site-packages\sqlalchemy\orm\session.py:4487: in _flush
    with util.safe_reraise():
         ^^^^^^^^^^^^^^^^^^^
C:\Users\Administrator\AppData\Local\Programs\Python\Python314\Lib\site-packages\sqlalchemy\util\langhelpers.py:122: in __exit__
    raise exc_value.with_traceback(exc_tb)
C:\Users\Administrator\AppData\Local\Programs\Python\Python314\Lib\site-packages\sqlalchemy\orm\session.py:4448: in _flush
    flush_context.execute()
C:\Users\Administrator\AppData\Local\Programs\Python\Python314\Lib\site-packages\sqlalchemy\orm\unitofwork.py:465: in execute
    rec.execute(self)
C:\Users\Administrator\AppData\Local\Programs\Python\Python314\Lib\site-packages\sqlalchemy\orm\unitofwork.py:641: in execute
    util.preloaded.orm_persistence.save_obj(
C:\Users\Administrator\AppData\Local\Programs\Python\Python314\Lib\site-packages\sqlalchemy\orm\persistence.py:94: in save_obj
    _emit_insert_statements(
C:\Users\Administrator\AppData\Local\Programs\Python\Python314\Lib\site-packages\sqlalchemy\orm\persistence.py:1234: in _emit_insert_statements
    result = connection.execute(
C:\Users\Administrator\AppData\Local\Programs\Python\Python314\Lib\site-packages\sqlalchemy\engine\base.py:1421: in execute
    return meth(
C:\Users\Administrator\AppData\Local\Programs\Python\Python314\Lib\site-packages\sqlalchemy\sql\elements.py:526: in _execute_on_connection
    return connection._execute_clauseelement(
C:\Users\Administrator\AppData\Local\Programs\Python\Python314\Lib\site-packages\sqlalchemy\engine\base.py:1643: in _execute_clauseelement
    ret = self._execute_context(
C:\Users\Administrator\AppData\Local\Programs\Python\Python314\Lib\site-packages\sqlalchemy\engine\base.py:1848: in _execute_context
    return self._exec_single_context(
C:\Users\Administrator\AppData\Local\Programs\Python\Python314\Lib\site-packages\sqlalchemy\engine\base.py:1988: in _exec_single_context
    self._handle_dbapi_exception(
C:\Users\Administrator\AppData\Local\Programs\Python\Python314\Lib\site-packages\sqlalchemy\engine\base.py:2365: in _handle_dbapi_exception
    raise sqlalchemy_exception.with_traceback(exc_info[2]) from e
C:\Users\Administrator\AppData\Local\Programs\Python\Python314\Lib\site-packages\sqlalchemy\engine\base.py:1969: in _exec_single_context
    self.dialect.do_execute(
C:\Users\Administrator\AppData\Local\Programs\Python\Python314\Lib\site-packages\sqlalchemy\engine\default.py:952: in do_execute
    cursor.execute(statement, parameters)
C:\Users\Administrator\AppData\Local\Programs\Python\Python314\Lib\site-packages\sqlalchemy\dialects\postgresql\asyncpg.py:585: in execute
    self._adapt_connection.await_(
C:\Users\Administrator\AppData\Local\Programs\Python\Python314\Lib\site-packages\sqlalchemy\util\_concurrency_py3k.py:132: in await_only
    return current.parent.switch(awaitable)  # type: ignore[no-any-return,attr-defined] # noqa: E501
           ^^^^^^^^^^^^^^^^^^^^^^^^^^^^^^^^
C:\Users\Administrator\AppData\Local\Programs\Python\Python314\Lib\site-packages\sqlalchemy\util\_concurrency_py3k.py:196: in greenlet_spawn
    value = await result
            ^^^^^^^^^^^^
C:\Users\Administrator\AppData\Local\Programs\Python\Python314\Lib\site-packages\sqlalchemy\dialects\postgresql\asyncpg.py:563: in _prepare_and_execute
    self._handle_exception(error)
C:\Users\Administrator\AppData\Local\Programs\Python\Python314\Lib\site-packages\sqlalchemy\dialects\postgresql\asyncpg.py:513: in _handle_exception
    self._adapt_connection._handle_exception(error)
C:\Users\Administrator\AppData\Local\Programs\Python\Python314\Lib\site-packages\sqlalchemy\dialects\postgresql\asyncpg.py:797: in _handle_exception
    raise translated_error from error
E   sqlalchemy.exc.IntegrityError: (sqlalchemy.dialects.postgresql.asyncpg.IntegrityError) <class 'asyncpg.exceptions.ForeignKeyViolationError'>: insert or update on table "evidence" violates foreign key constraint "evidence_observation_id_fkey"
E   DETAIL:  Key (observation_id)=(c7291332-b54e-49c4-af9e-58730d9634eb) is not present in table "observations".
E   [SQL: INSERT INTO evidence (id, observation_id, evidence_type, source, content_reference, hash_value, created_by) VALUES ($1::UUID, $2::UUID, $3::evidencetype, $4::VARCHAR, $5::VARCHAR, $6::VARCHAR, $7::VARCHAR) RETURNING evidence.created_at]
E   [parameters: (UUID('9ac0ec7b-603e-4313-9b75-589339ed741f'), UUID('c7291332-b54e-49c4-af9e-58730d9634eb'), 'SYSTEM_EVENT', 'TestSystem', 's3://test/file.json', 'e3b0c44298fc1c149afbf4c8996fb92427ae41e4649b934ca495991b7852b855', 'sysadmin')]
E   (Background on this error at: https://sqlalche.me/e/20/gkpj)
__________________________ test_evidence_pagination ___________________________
C:\Users\Administrator\AppData\Local\Programs\Python\Python314\Lib\site-packages\sqlalchemy\dialects\postgresql\asyncpg.py:550: in _prepare_and_execute
    self._rows = deque(await prepared_stmt.fetch(*parameters))
                       ^^^^^^^^^^^^^^^^^^^^^^^^^^^^^^^^^^^^^^
C:\Users\Administrator\AppData\Local\Programs\Python\Python314\Lib\site-packages\asyncpg\prepared_stmt.py:177: in fetch
    data = await self.__bind_execute(args, 0, timeout)
           ^^^^^^^^^^^^^^^^^^^^^^^^^^^^^^^^^^^^^^^^^^^
C:\Users\Administrator\AppData\Local\Programs\Python\Python314\Lib\site-packages\asyncpg\prepared_stmt.py:268: in __bind_execute
    data, status, _ = await self.__do_execute(
C:\Users\Administrator\AppData\Local\Programs\Python\Python314\Lib\site-packages\asyncpg\prepared_stmt.py:257: in __do_execute
    return await executor(protocol)
           ^^^^^^^^^^^^^^^^^^^^^^^^
asyncpg/protocol/protocol.pyx:205: in bind_execute
    ???
E   asyncpg.exceptions.ForeignKeyViolationError: insert or update on table "evidence" violates foreign key constraint "evidence_observation_id_fkey"
E   DETAIL:  Key (observation_id)=(aa5d71da-b513-4f32-a88a-b113a8898b38) is not present in table "observations".

The above exception was the direct cause of the following exception:
C:\Users\Administrator\AppData\Local\Programs\Python\Python314\Lib\site-packages\sqlalchemy\engine\base.py:1969: in _exec_single_context
    self.dialect.do_execute(
C:\Users\Administrator\AppData\Local\Programs\Python\Python314\Lib\site-packages\sqlalchemy\engine\default.py:952: in do_execute
    cursor.execute(statement, parameters)
C:\Users\Administrator\AppData\Local\Programs\Python\Python314\Lib\site-packages\sqlalchemy\dialects\postgresql\asyncpg.py:585: in execute
    self._adapt_connection.await_(
C:\Users\Administrator\AppData\Local\Programs\Python\Python314\Lib\site-packages\sqlalchemy\util\_concurrency_py3k.py:132: in await_only
    return current.parent.switch(awaitable)  # type: ignore[no-any-return,attr-defined] # noqa: E501
           ^^^^^^^^^^^^^^^^^^^^^^^^^^^^^^^^
C:\Users\Administrator\AppData\Local\Programs\Python\Python314\Lib\site-packages\sqlalchemy\util\_concurrency_py3k.py:196: in greenlet_spawn
    value = await result
            ^^^^^^^^^^^^
C:\Users\Administrator\AppData\Local\Programs\Python\Python314\Lib\site-packages\sqlalchemy\dialects\postgresql\asyncpg.py:563: in _prepare_and_execute
    self._handle_exception(error)
C:\Users\Administrator\AppData\Local\Programs\Python\Python314\Lib\site-packages\sqlalchemy\dialects\postgresql\asyncpg.py:513: in _handle_exception
    self._adapt_connection._handle_exception(error)
C:\Users\Administrator\AppData\Local\Programs\Python\Python314\Lib\site-packages\sqlalchemy\dialects\postgresql\asyncpg.py:797: in _handle_exception
    raise translated_error from error
E   sqlalchemy.dialects.postgresql.asyncpg.AsyncAdapt_asyncpg_dbapi.IntegrityError: <class 'asyncpg.exceptions.ForeignKeyViolationError'>: insert or update on table "evidence" violates foreign key constraint "evidence_observation_id_fkey"
E   DETAIL:  Key (observation_id)=(aa5d71da-b513-4f32-a88a-b113a8898b38) is not present in table "observations".

The above exception was the direct cause of the following exception:
tests\crud\test_evidence.py:86: in test_evidence_pagination
    await repo.create_evidence(
repositories\evidence.py:19: in create_evidence
    await self.session.commit()
C:\Users\Administrator\AppData\Local\Programs\Python\Python314\Lib\site-packages\sqlalchemy\ext\asyncio\session.py:999: in commit
    await greenlet_spawn(self.sync_session.commit)
C:\Users\Administrator\AppData\Local\Programs\Python\Python314\Lib\site-packages\sqlalchemy\util\_concurrency_py3k.py:203: in greenlet_spawn
    result = context.switch(value)
             ^^^^^^^^^^^^^^^^^^^^^
C:\Users\Administrator\AppData\Local\Programs\Python\Python314\Lib\site-packages\sqlalchemy\orm\session.py:2034: in commit
    trans.commit(_to_root=True)
<string>:2: in commit
    ???
C:\Users\Administrator\AppData\Local\Programs\Python\Python314\Lib\site-packages\sqlalchemy\orm\state_changes.py:137: in _go
    ret_value = fn(self, *arg, **kw)
                ^^^^^^^^^^^^^^^^^^^^
C:\Users\Administrator\AppData\Local\Programs\Python\Python314\Lib\site-packages\sqlalchemy\orm\session.py:1315: in commit
    self._prepare_impl()
<string>:2: in _prepare_impl
    ???
C:\Users\Administrator\AppData\Local\Programs\Python\Python314\Lib\site-packages\sqlalchemy\orm\state_changes.py:137: in _go
    ret_value = fn(self, *arg, **kw)
                ^^^^^^^^^^^^^^^^^^^^
C:\Users\Administrator\AppData\Local\Programs\Python\Python314\Lib\site-packages\sqlalchemy\orm\session.py:1290: in _prepare_impl
    self.session.flush()
C:\Users\Administrator\AppData\Local\Programs\Python\Python314\Lib\site-packages\sqlalchemy\orm\session.py:4352: in flush
    self._flush(objects)
C:\Users\Administrator\AppData\Local\Programs\Python\Python314\Lib\site-packages\sqlalchemy\orm\session.py:4487: in _flush
    with util.safe_reraise():
         ^^^^^^^^^^^^^^^^^^^
C:\Users\Administrator\AppData\Local\Programs\Python\Python314\Lib\site-packages\sqlalchemy\util\langhelpers.py:122: in __exit__
    raise exc_value.with_traceback(exc_tb)
C:\Users\Administrator\AppData\Local\Programs\Python\Python314\Lib\site-packages\sqlalchemy\orm\session.py:4448: in _flush
    flush_context.execute()
C:\Users\Administrator\AppData\Local\Programs\Python\Python314\Lib\site-packages\sqlalchemy\orm\unitofwork.py:465: in execute
    rec.execute(self)
C:\Users\Administrator\AppData\Local\Programs\Python\Python314\Lib\site-packages\sqlalchemy\orm\unitofwork.py:641: in execute
    util.preloaded.orm_persistence.save_obj(
C:\Users\Administrator\AppData\Local\Programs\Python\Python314\Lib\site-packages\sqlalchemy\orm\persistence.py:94: in save_obj
    _emit_insert_statements(
C:\Users\Administrator\AppData\Local\Programs\Python\Python314\Lib\site-packages\sqlalchemy\orm\persistence.py:1234: in _emit_insert_statements
    result = connection.execute(
C:\Users\Administrator\AppData\Local\Programs\Python\Python314\Lib\site-packages\sqlalchemy\engine\base.py:1421: in execute
    return meth(
C:\Users\Administrator\AppData\Local\Programs\Python\Python314\Lib\site-packages\sqlalchemy\sql\elements.py:526: in _execute_on_connection
    return connection._execute_clauseelement(
C:\Users\Administrator\AppData\Local\Programs\Python\Python314\Lib\site-packages\sqlalchemy\engine\base.py:1643: in _execute_clauseelement
    ret = self._execute_context(
C:\Users\Administrator\AppData\Local\Programs\Python\Python314\Lib\site-packages\sqlalchemy\engine\base.py:1848: in _execute_context
    return self._exec_single_context(
C:\Users\Administrator\AppData\Local\Programs\Python\Python314\Lib\site-packages\sqlalchemy\engine\base.py:1988: in _exec_single_context
    self._handle_dbapi_exception(
C:\Users\Administrator\AppData\Local\Programs\Python\Python314\Lib\site-packages\sqlalchemy\engine\base.py:2365: in _handle_dbapi_exception
    raise sqlalchemy_exception.with_traceback(exc_info[2]) from e
C:\Users\Administrator\AppData\Local\Programs\Python\Python314\Lib\site-packages\sqlalchemy\engine\base.py:1969: in _exec_single_context
    self.dialect.do_execute(
C:\Users\Administrator\AppData\Local\Programs\Python\Python314\Lib\site-packages\sqlalchemy\engine\default.py:952: in do_execute
    cursor.execute(statement, parameters)
C:\Users\Administrator\AppData\Local\Programs\Python\Python314\Lib\site-packages\sqlalchemy\dialects\postgresql\asyncpg.py:585: in execute
    self._adapt_connection.await_(
C:\Users\Administrator\AppData\Local\Programs\Python\Python314\Lib\site-packages\sqlalchemy\util\_concurrency_py3k.py:132: in await_only
    return current.parent.switch(awaitable)  # type: ignore[no-any-return,attr-defined] # noqa: E501
           ^^^^^^^^^^^^^^^^^^^^^^^^^^^^^^^^
C:\Users\Administrator\AppData\Local\Programs\Python\Python314\Lib\site-packages\sqlalchemy\util\_concurrency_py3k.py:196: in greenlet_spawn
    value = await result
            ^^^^^^^^^^^^
C:\Users\Administrator\AppData\Local\Programs\Python\Python314\Lib\site-packages\sqlalchemy\dialects\postgresql\asyncpg.py:563: in _prepare_and_execute
    self._handle_exception(error)
C:\Users\Administrator\AppData\Local\Programs\Python\Python314\Lib\site-packages\sqlalchemy\dialects\postgresql\asyncpg.py:513: in _handle_exception
    self._adapt_connection._handle_exception(error)
C:\Users\Administrator\AppData\Local\Programs\Python\Python314\Lib\site-packages\sqlalchemy\dialects\postgresql\asyncpg.py:797: in _handle_exception
    raise translated_error from error
E   sqlalchemy.exc.IntegrityError: (sqlalchemy.dialects.postgresql.asyncpg.IntegrityError) <class 'asyncpg.exceptions.ForeignKeyViolationError'>: insert or update on table "evidence" violates foreign key constraint "evidence_observation_id_fkey"
E   DETAIL:  Key (observation_id)=(aa5d71da-b513-4f32-a88a-b113a8898b38) is not present in table "observations".
E   [SQL: INSERT INTO evidence (id, observation_id, evidence_type, source, content_reference, hash_value, created_by) VALUES ($1::UUID, $2::UUID, $3::evidencetype, $4::VARCHAR, $5::VARCHAR, $6::VARCHAR, $7::VARCHAR) RETURNING evidence.created_at]
E   [parameters: (UUID('181cd63a-1fc3-4cdf-a4d8-9b6c0fc43b22'), UUID('aa5d71da-b513-4f32-a88a-b113a8898b38'), 'MANUAL_NOTE', 'User', 'note_0', 'hash', 'tester')]
E   (Background on this error at: https://sqlalche.me/e/20/gkpj)
___________________________ test_record_evaluation ____________________________
C:\Users\Administrator\AppData\Local\Programs\Python\Python314\Lib\site-packages\sqlalchemy\dialects\postgresql\asyncpg.py:550: in _prepare_and_execute
    self._rows = deque(await prepared_stmt.fetch(*parameters))
                       ^^^^^^^^^^^^^^^^^^^^^^^^^^^^^^^^^^^^^^
C:\Users\Administrator\AppData\Local\Programs\Python\Python314\Lib\site-packages\asyncpg\prepared_stmt.py:177: in fetch
    data = await self.__bind_execute(args, 0, timeout)
           ^^^^^^^^^^^^^^^^^^^^^^^^^^^^^^^^^^^^^^^^^^^
C:\Users\Administrator\AppData\Local\Programs\Python\Python314\Lib\site-packages\asyncpg\prepared_stmt.py:268: in __bind_execute
    data, status, _ = await self.__do_execute(
C:\Users\Administrator\AppData\Local\Programs\Python\Python314\Lib\site-packages\asyncpg\prepared_stmt.py:257: in __do_execute
    return await executor(protocol)
           ^^^^^^^^^^^^^^^^^^^^^^^^
asyncpg/protocol/protocol.pyx:205: in bind_execute
    ???
E   asyncpg.exceptions.ForeignKeyViolationError: insert or update on table "policy_evaluations" violates foreign key constraint "policy_evaluations_observation_id_fkey"
E   DETAIL:  Key (observation_id)=(2b0b41f9-ad66-437f-ab42-2e3a63e40e6e) is not present in table "observations".

The above exception was the direct cause of the following exception:
C:\Users\Administrator\AppData\Local\Programs\Python\Python314\Lib\site-packages\sqlalchemy\engine\base.py:1969: in _exec_single_context
    self.dialect.do_execute(
C:\Users\Administrator\AppData\Local\Programs\Python\Python314\Lib\site-packages\sqlalchemy\engine\default.py:952: in do_execute
    cursor.execute(statement, parameters)
C:\Users\Administrator\AppData\Local\Programs\Python\Python314\Lib\site-packages\sqlalchemy\dialects\postgresql\asyncpg.py:585: in execute
    self._adapt_connection.await_(
C:\Users\Administrator\AppData\Local\Programs\Python\Python314\Lib\site-packages\sqlalchemy\util\_concurrency_py3k.py:132: in await_only
    return current.parent.switch(awaitable)  # type: ignore[no-any-return,attr-defined] # noqa: E501
           ^^^^^^^^^^^^^^^^^^^^^^^^^^^^^^^^
C:\Users\Administrator\AppData\Local\Programs\Python\Python314\Lib\site-packages\sqlalchemy\util\_concurrency_py3k.py:196: in greenlet_spawn
    value = await result
            ^^^^^^^^^^^^
C:\Users\Administrator\AppData\Local\Programs\Python\Python314\Lib\site-packages\sqlalchemy\dialects\postgresql\asyncpg.py:563: in _prepare_and_execute
    self._handle_exception(error)
C:\Users\Administrator\AppData\Local\Programs\Python\Python314\Lib\site-packages\sqlalchemy\dialects\postgresql\asyncpg.py:513: in _handle_exception
    self._adapt_connection._handle_exception(error)
C:\Users\Administrator\AppData\Local\Programs\Python\Python314\Lib\site-packages\sqlalchemy\dialects\postgresql\asyncpg.py:797: in _handle_exception
    raise translated_error from error
E   sqlalchemy.dialects.postgresql.asyncpg.AsyncAdapt_asyncpg_dbapi.IntegrityError: <class 'asyncpg.exceptions.ForeignKeyViolationError'>: insert or update on table "policy_evaluations" violates foreign key constraint "policy_evaluations_observation_id_fkey"
E   DETAIL:  Key (observation_id)=(2b0b41f9-ad66-437f-ab42-2e3a63e40e6e) is not present in table "observations".

The above exception was the direct cause of the following exception:
tests\crud\test_policy.py:98: in test_record_evaluation
    record = await repo.record_evaluation(eval_in)
             ^^^^^^^^^^^^^^^^^^^^^^^^^^^^^^^^^^^^^
repositories\policy.py:59: in record_evaluation
    await self.session.commit()
C:\Users\Administrator\AppData\Local\Programs\Python\Python314\Lib\site-packages\sqlalchemy\ext\asyncio\session.py:999: in commit
    await greenlet_spawn(self.sync_session.commit)
C:\Users\Administrator\AppData\Local\Programs\Python\Python314\Lib\site-packages\sqlalchemy\util\_concurrency_py3k.py:203: in greenlet_spawn
    result = context.switch(value)
             ^^^^^^^^^^^^^^^^^^^^^
C:\Users\Administrator\AppData\Local\Programs\Python\Python314\Lib\site-packages\sqlalchemy\orm\session.py:2034: in commit
    trans.commit(_to_root=True)
<string>:2: in commit
    ???
C:\Users\Administrator\AppData\Local\Programs\Python\Python314\Lib\site-packages\sqlalchemy\orm\state_changes.py:137: in _go
    ret_value = fn(self, *arg, **kw)
                ^^^^^^^^^^^^^^^^^^^^
C:\Users\Administrator\AppData\Local\Programs\Python\Python314\Lib\site-packages\sqlalchemy\orm\session.py:1315: in commit
    self._prepare_impl()
<string>:2: in _prepare_impl
    ???
C:\Users\Administrator\AppData\Local\Programs\Python\Python314\Lib\site-packages\sqlalchemy\orm\state_changes.py:137: in _go
    ret_value = fn(self, *arg, **kw)
                ^^^^^^^^^^^^^^^^^^^^
C:\Users\Administrator\AppData\Local\Programs\Python\Python314\Lib\site-packages\sqlalchemy\orm\session.py:1290: in _prepare_impl
    self.session.flush()
C:\Users\Administrator\AppData\Local\Programs\Python\Python314\Lib\site-packages\sqlalchemy\orm\session.py:4352: in flush
    self._flush(objects)
C:\Users\Administrator\AppData\Local\Programs\Python\Python314\Lib\site-packages\sqlalchemy\orm\session.py:4487: in _flush
    with util.safe_reraise():
         ^^^^^^^^^^^^^^^^^^^
C:\Users\Administrator\AppData\Local\Programs\Python\Python314\Lib\site-packages\sqlalchemy\util\langhelpers.py:122: in __exit__
    raise exc_value.with_traceback(exc_tb)
C:\Users\Administrator\AppData\Local\Programs\Python\Python314\Lib\site-packages\sqlalchemy\orm\session.py:4448: in _flush
    flush_context.execute()
C:\Users\Administrator\AppData\Local\Programs\Python\Python314\Lib\site-packages\sqlalchemy\orm\unitofwork.py:465: in execute
    rec.execute(self)
C:\Users\Administrator\AppData\Local\Programs\Python\Python314\Lib\site-packages\sqlalchemy\orm\unitofwork.py:641: in execute
    util.preloaded.orm_persistence.save_obj(
C:\Users\Administrator\AppData\Local\Programs\Python\Python314\Lib\site-packages\sqlalchemy\orm\persistence.py:94: in save_obj
    _emit_insert_statements(
C:\Users\Administrator\AppData\Local\Programs\Python\Python314\Lib\site-packages\sqlalchemy\orm\persistence.py:1234: in _emit_insert_statements
    result = connection.execute(
C:\Users\Administrator\AppData\Local\Programs\Python\Python314\Lib\site-packages\sqlalchemy\engine\base.py:1421: in execute
    return meth(
C:\Users\Administrator\AppData\Local\Programs\Python\Python314\Lib\site-packages\sqlalchemy\sql\elements.py:526: in _execute_on_connection
    return connection._execute_clauseelement(
C:\Users\Administrator\AppData\Local\Programs\Python\Python314\Lib\site-packages\sqlalchemy\engine\base.py:1643: in _execute_clauseelement
    ret = self._execute_context(
C:\Users\Administrator\AppData\Local\Programs\Python\Python314\Lib\site-packages\sqlalchemy\engine\base.py:1848: in _execute_context
    return self._exec_single_context(
C:\Users\Administrator\AppData\Local\Programs\Python\Python314\Lib\site-packages\sqlalchemy\engine\base.py:1988: in _exec_single_context
    self._handle_dbapi_exception(
C:\Users\Administrator\AppData\Local\Programs\Python\Python314\Lib\site-packages\sqlalchemy\engine\base.py:2365: in _handle_dbapi_exception
    raise sqlalchemy_exception.with_traceback(exc_info[2]) from e
C:\Users\Administrator\AppData\Local\Programs\Python\Python314\Lib\site-packages\sqlalchemy\engine\base.py:1969: in _exec_single_context
    self.dialect.do_execute(
C:\Users\Administrator\AppData\Local\Programs\Python\Python314\Lib\site-packages\sqlalchemy\engine\default.py:952: in do_execute
    cursor.execute(statement, parameters)
C:\Users\Administrator\AppData\Local\Programs\Python\Python314\Lib\site-packages\sqlalchemy\dialects\postgresql\asyncpg.py:585: in execute
    self._adapt_connection.await_(
C:\Users\Administrator\AppData\Local\Programs\Python\Python314\Lib\site-packages\sqlalchemy\util\_concurrency_py3k.py:132: in await_only
    return current.parent.switch(awaitable)  # type: ignore[no-any-return,attr-defined] # noqa: E501
           ^^^^^^^^^^^^^^^^^^^^^^^^^^^^^^^^
C:\Users\Administrator\AppData\Local\Programs\Python\Python314\Lib\site-packages\sqlalchemy\util\_concurrency_py3k.py:196: in greenlet_spawn
    value = await result
            ^^^^^^^^^^^^
C:\Users\Administrator\AppData\Local\Programs\Python\Python314\Lib\site-packages\sqlalchemy\dialects\postgresql\asyncpg.py:563: in _prepare_and_execute
    self._handle_exception(error)
C:\Users\Administrator\AppData\Local\Programs\Python\Python314\Lib\site-packages\sqlalchemy\dialects\postgresql\asyncpg.py:513: in _handle_exception
    self._adapt_connection._handle_exception(error)
C:\Users\Administrator\AppData\Local\Programs\Python\Python314\Lib\site-packages\sqlalchemy\dialects\postgresql\asyncpg.py:797: in _handle_exception
    raise translated_error from error
E   sqlalchemy.exc.IntegrityError: (sqlalchemy.dialects.postgresql.asyncpg.IntegrityError) <class 'asyncpg.exceptions.ForeignKeyViolationError'>: insert or update on table "policy_evaluations" violates foreign key constraint "policy_evaluations_observation_id_fkey"
E   DETAIL:  Key (observation_id)=(2b0b41f9-ad66-437f-ab42-2e3a63e40e6e) is not present in table "observations".
E   [SQL: INSERT INTO policy_evaluations (id, policy_id, observation_id, decision_reason, action) VALUES ($1::UUID, $2::UUID, $3::UUID, $4::VARCHAR, $5::policyaction) RETURNING policy_evaluations.evaluation_time]
E   [parameters: (UUID('ba2d048d-7f8d-4879-b3ea-99558aba85e0'), None, UUID('2b0b41f9-ad66-437f-ab42-2e3a63e40e6e'), 'Test reason', 'NOTIFY')]
E   (Background on this error at: https://sqlalche.me/e/20/gkpj)
__________________________ test_decision_provenance ___________________________
C:\Users\Administrator\AppData\Local\Programs\Python\Python314\Lib\site-packages\sqlalchemy\dialects\postgresql\asyncpg.py:550: in _prepare_and_execute
    self._rows = deque(await prepared_stmt.fetch(*parameters))
                       ^^^^^^^^^^^^^^^^^^^^^^^^^^^^^^^^^^^^^^
C:\Users\Administrator\AppData\Local\Programs\Python\Python314\Lib\site-packages\asyncpg\prepared_stmt.py:177: in fetch
    data = await self.__bind_execute(args, 0, timeout)
           ^^^^^^^^^^^^^^^^^^^^^^^^^^^^^^^^^^^^^^^^^^^
C:\Users\Administrator\AppData\Local\Programs\Python\Python314\Lib\site-packages\asyncpg\prepared_stmt.py:268: in __bind_execute
    data, status, _ = await self.__do_execute(
C:\Users\Administrator\AppData\Local\Programs\Python\Python314\Lib\site-packages\asyncpg\prepared_stmt.py:257: in __do_execute
    return await executor(protocol)
           ^^^^^^^^^^^^^^^^^^^^^^^^
asyncpg/protocol/protocol.pyx:205: in bind_execute
    ???
E   asyncpg.exceptions.ForeignKeyViolationError: insert or update on table "evidence" violates foreign key constraint "evidence_observation_id_fkey"
E   DETAIL:  Key (observation_id)=(26fb27d1-1d78-4d54-ae8c-a9e722035321) is not present in table "observations".

The above exception was the direct cause of the following exception:
C:\Users\Administrator\AppData\Local\Programs\Python\Python314\Lib\site-packages\sqlalchemy\engine\base.py:1969: in _exec_single_context
    self.dialect.do_execute(
C:\Users\Administrator\AppData\Local\Programs\Python\Python314\Lib\site-packages\sqlalchemy\engine\default.py:952: in do_execute
    cursor.execute(statement, parameters)
C:\Users\Administrator\AppData\Local\Programs\Python\Python314\Lib\site-packages\sqlalchemy\dialects\postgresql\asyncpg.py:585: in execute
    self._adapt_connection.await_(
C:\Users\Administrator\AppData\Local\Programs\Python\Python314\Lib\site-packages\sqlalchemy\util\_concurrency_py3k.py:132: in await_only
    return current.parent.switch(awaitable)  # type: ignore[no-any-return,attr-defined] # noqa: E501
           ^^^^^^^^^^^^^^^^^^^^^^^^^^^^^^^^
C:\Users\Administrator\AppData\Local\Programs\Python\Python314\Lib\site-packages\sqlalchemy\util\_concurrency_py3k.py:196: in greenlet_spawn
    value = await result
            ^^^^^^^^^^^^
C:\Users\Administrator\AppData\Local\Programs\Python\Python314\Lib\site-packages\sqlalchemy\dialects\postgresql\asyncpg.py:563: in _prepare_and_execute
    self._handle_exception(error)
C:\Users\Administrator\AppData\Local\Programs\Python\Python314\Lib\site-packages\sqlalchemy\dialects\postgresql\asyncpg.py:513: in _handle_exception
    self._adapt_connection._handle_exception(error)
C:\Users\Administrator\AppData\Local\Programs\Python\Python314\Lib\site-packages\sqlalchemy\dialects\postgresql\asyncpg.py:797: in _handle_exception
    raise translated_error from error
E   sqlalchemy.dialects.postgresql.asyncpg.AsyncAdapt_asyncpg_dbapi.IntegrityError: <class 'asyncpg.exceptions.ForeignKeyViolationError'>: insert or update on table "evidence" violates foreign key constraint "evidence_observation_id_fkey"
E   DETAIL:  Key (observation_id)=(26fb27d1-1d78-4d54-ae8c-a9e722035321) is not present in table "observations".

The above exception was the direct cause of the following exception:
tests\services\test_audit_engine.py:71: in test_decision_provenance
    await db_session.commit()
C:\Users\Administrator\AppData\Local\Programs\Python\Python314\Lib\site-packages\sqlalchemy\ext\asyncio\session.py:999: in commit
    await greenlet_spawn(self.sync_session.commit)
C:\Users\Administrator\AppData\Local\Programs\Python\Python314\Lib\site-packages\sqlalchemy\util\_concurrency_py3k.py:203: in greenlet_spawn
    result = context.switch(value)
             ^^^^^^^^^^^^^^^^^^^^^
C:\Users\Administrator\AppData\Local\Programs\Python\Python314\Lib\site-packages\sqlalchemy\orm\session.py:2034: in commit
    trans.commit(_to_root=True)
<string>:2: in commit
    ???
C:\Users\Administrator\AppData\Local\Programs\Python\Python314\Lib\site-packages\sqlalchemy\orm\state_changes.py:137: in _go
    ret_value = fn(self, *arg, **kw)
                ^^^^^^^^^^^^^^^^^^^^
C:\Users\Administrator\AppData\Local\Programs\Python\Python314\Lib\site-packages\sqlalchemy\orm\session.py:1315: in commit
    self._prepare_impl()
<string>:2: in _prepare_impl
    ???
C:\Users\Administrator\AppData\Local\Programs\Python\Python314\Lib\site-packages\sqlalchemy\orm\state_changes.py:137: in _go
    ret_value = fn(self, *arg, **kw)
                ^^^^^^^^^^^^^^^^^^^^
C:\Users\Administrator\AppData\Local\Programs\Python\Python314\Lib\site-packages\sqlalchemy\orm\session.py:1290: in _prepare_impl
    self.session.flush()
C:\Users\Administrator\AppData\Local\Programs\Python\Python314\Lib\site-packages\sqlalchemy\orm\session.py:4352: in flush
    self._flush(objects)
C:\Users\Administrator\AppData\Local\Programs\Python\Python314\Lib\site-packages\sqlalchemy\orm\session.py:4487: in _flush
    with util.safe_reraise():
         ^^^^^^^^^^^^^^^^^^^
C:\Users\Administrator\AppData\Local\Programs\Python\Python314\Lib\site-packages\sqlalchemy\util\langhelpers.py:122: in __exit__
    raise exc_value.with_traceback(exc_tb)
C:\Users\Administrator\AppData\Local\Programs\Python\Python314\Lib\site-packages\sqlalchemy\orm\session.py:4448: in _flush
    flush_context.execute()
C:\Users\Administrator\AppData\Local\Programs\Python\Python314\Lib\site-packages\sqlalchemy\orm\unitofwork.py:465: in execute
    rec.execute(self)
C:\Users\Administrator\AppData\Local\Programs\Python\Python314\Lib\site-packages\sqlalchemy\orm\unitofwork.py:641: in execute
    util.preloaded.orm_persistence.save_obj(
C:\Users\Administrator\AppData\Local\Programs\Python\Python314\Lib\site-packages\sqlalchemy\orm\persistence.py:94: in save_obj
    _emit_insert_statements(
C:\Users\Administrator\AppData\Local\Programs\Python\Python314\Lib\site-packages\sqlalchemy\orm\persistence.py:1234: in _emit_insert_statements
    result = connection.execute(
C:\Users\Administrator\AppData\Local\Programs\Python\Python314\Lib\site-packages\sqlalchemy\engine\base.py:1421: in execute
    return meth(
C:\Users\Administrator\AppData\Local\Programs\Python\Python314\Lib\site-packages\sqlalchemy\sql\elements.py:526: in _execute_on_connection
    return connection._execute_clauseelement(
C:\Users\Administrator\AppData\Local\Programs\Python\Python314\Lib\site-packages\sqlalchemy\engine\base.py:1643: in _execute_clauseelement
    ret = self._execute_context(
C:\Users\Administrator\AppData\Local\Programs\Python\Python314\Lib\site-packages\sqlalchemy\engine\base.py:1848: in _execute_context
    return self._exec_single_context(
C:\Users\Administrator\AppData\Local\Programs\Python\Python314\Lib\site-packages\sqlalchemy\engine\base.py:1988: in _exec_single_context
    self._handle_dbapi_exception(
C:\Users\Administrator\AppData\Local\Programs\Python\Python314\Lib\site-packages\sqlalchemy\engine\base.py:2365: in _handle_dbapi_exception
    raise sqlalchemy_exception.with_traceback(exc_info[2]) from e
C:\Users\Administrator\AppData\Local\Programs\Python\Python314\Lib\site-packages\sqlalchemy\engine\base.py:1969: in _exec_single_context
    self.dialect.do_execute(
C:\Users\Administrator\AppData\Local\Programs\Python\Python314\Lib\site-packages\sqlalchemy\engine\default.py:952: in do_execute
    cursor.execute(statement, parameters)
C:\Users\Administrator\AppData\Local\Programs\Python\Python314\Lib\site-packages\sqlalchemy\dialects\postgresql\asyncpg.py:585: in execute
    self._adapt_connection.await_(
C:\Users\Administrator\AppData\Local\Programs\Python\Python314\Lib\site-packages\sqlalchemy\util\_concurrency_py3k.py:132: in await_only
    return current.parent.switch(awaitable)  # type: ignore[no-any-return,attr-defined] # noqa: E501
           ^^^^^^^^^^^^^^^^^^^^^^^^^^^^^^^^
C:\Users\Administrator\AppData\Local\Programs\Python\Python314\Lib\site-packages\sqlalchemy\util\_concurrency_py3k.py:196: in greenlet_spawn
    value = await result
            ^^^^^^^^^^^^
C:\Users\Administrator\AppData\Local\Programs\Python\Python314\Lib\site-packages\sqlalchemy\dialects\postgresql\asyncpg.py:563: in _prepare_and_execute
    self._handle_exception(error)
C:\Users\Administrator\AppData\Local\Programs\Python\Python314\Lib\site-packages\sqlalchemy\dialects\postgresql\asyncpg.py:513: in _handle_exception
    self._adapt_connection._handle_exception(error)
C:\Users\Administrator\AppData\Local\Programs\Python\Python314\Lib\site-packages\sqlalchemy\dialects\postgresql\asyncpg.py:797: in _handle_exception
    raise translated_error from error
E   sqlalchemy.exc.IntegrityError: (sqlalchemy.dialects.postgresql.asyncpg.IntegrityError) <class 'asyncpg.exceptions.ForeignKeyViolationError'>: insert or update on table "evidence" violates foreign key constraint "evidence_observation_id_fkey"
E   DETAIL:  Key (observation_id)=(26fb27d1-1d78-4d54-ae8c-a9e722035321) is not present in table "observations".
E   [SQL: INSERT INTO evidence (id, observation_id, evidence_type, source, content_reference, hash_value, created_by) VALUES ($1::UUID, $2::UUID, $3::evidencetype, $4::VARCHAR, $5::VARCHAR, $6::VARCHAR, $7::VARCHAR) RETURNING evidence.created_at]
E   [parameters: (UUID('426063ed-91a2-4194-92f0-f4343a7aaa98'), UUID('26fb27d1-1d78-4d54-ae8c-a9e722035321'), 'SYSTEM_EVENT', 'Engine', 'log_123', 'abc', 'system')]
E   (Background on this error at: https://sqlalche.me/e/20/gkpj)
_________________________ test_policy_engine_no_match _________________________
C:\Users\Administrator\AppData\Local\Programs\Python\Python314\Lib\site-packages\sqlalchemy\dialects\postgresql\asyncpg.py:550: in _prepare_and_execute
    self._rows = deque(await prepared_stmt.fetch(*parameters))
                       ^^^^^^^^^^^^^^^^^^^^^^^^^^^^^^^^^^^^^^
C:\Users\Administrator\AppData\Local\Programs\Python\Python314\Lib\site-packages\asyncpg\prepared_stmt.py:177: in fetch
    data = await self.__bind_execute(args, 0, timeout)
           ^^^^^^^^^^^^^^^^^^^^^^^^^^^^^^^^^^^^^^^^^^^
C:\Users\Administrator\AppData\Local\Programs\Python\Python314\Lib\site-packages\asyncpg\prepared_stmt.py:268: in __bind_execute
    data, status, _ = await self.__do_execute(
C:\Users\Administrator\AppData\Local\Programs\Python\Python314\Lib\site-packages\asyncpg\prepared_stmt.py:257: in __do_execute
    return await executor(protocol)
           ^^^^^^^^^^^^^^^^^^^^^^^^
asyncpg/protocol/protocol.pyx:205: in bind_execute
    ???
E   asyncpg.exceptions.ForeignKeyViolationError: insert or update on table "policy_evaluations" violates foreign key constraint "policy_evaluations_observation_id_fkey"
E   DETAIL:  Key (observation_id)=(8dd86aca-ab78-4395-9672-81ea0592afeb) is not present in table "observations".

The above exception was the direct cause of the following exception:
C:\Users\Administrator\AppData\Local\Programs\Python\Python314\Lib\site-packages\sqlalchemy\engine\base.py:1969: in _exec_single_context
    self.dialect.do_execute(
C:\Users\Administrator\AppData\Local\Programs\Python\Python314\Lib\site-packages\sqlalchemy\engine\default.py:952: in do_execute
    cursor.execute(statement, parameters)
C:\Users\Administrator\AppData\Local\Programs\Python\Python314\Lib\site-packages\sqlalchemy\dialects\postgresql\asyncpg.py:585: in execute
    self._adapt_connection.await_(
C:\Users\Administrator\AppData\Local\Programs\Python\Python314\Lib\site-packages\sqlalchemy\util\_concurrency_py3k.py:132: in await_only
    return current.parent.switch(awaitable)  # type: ignore[no-any-return,attr-defined] # noqa: E501
           ^^^^^^^^^^^^^^^^^^^^^^^^^^^^^^^^
C:\Users\Administrator\AppData\Local\Programs\Python\Python314\Lib\site-packages\sqlalchemy\util\_concurrency_py3k.py:196: in greenlet_spawn
    value = await result
            ^^^^^^^^^^^^
C:\Users\Administrator\AppData\Local\Programs\Python\Python314\Lib\site-packages\sqlalchemy\dialects\postgresql\asyncpg.py:563: in _prepare_and_execute
    self._handle_exception(error)
C:\Users\Administrator\AppData\Local\Programs\Python\Python314\Lib\site-packages\sqlalchemy\dialects\postgresql\asyncpg.py:513: in _handle_exception
    self._adapt_connection._handle_exception(error)
C:\Users\Administrator\AppData\Local\Programs\Python\Python314\Lib\site-packages\sqlalchemy\dialects\postgresql\asyncpg.py:797: in _handle_exception
    raise translated_error from error
E   sqlalchemy.dialects.postgresql.asyncpg.AsyncAdapt_asyncpg_dbapi.IntegrityError: <class 'asyncpg.exceptions.ForeignKeyViolationError'>: insert or update on table "policy_evaluations" violates foreign key constraint "policy_evaluations_observation_id_fkey"
E   DETAIL:  Key (observation_id)=(8dd86aca-ab78-4395-9672-81ea0592afeb) is not present in table "observations".

The above exception was the direct cause of the following exception:
tests\services\test_policy_engine.py:50: in test_policy_engine_no_match
    action = await engine_svc.evaluate_observation(obs)
             ^^^^^^^^^^^^^^^^^^^^^^^^^^^^^^^^^^^^^^^^^^
services\policy_engine.py:71: in evaluate_observation
    await self.policy_repo.record_evaluation(evaluation)
repositories\policy.py:59: in record_evaluation
    await self.session.commit()
C:\Users\Administrator\AppData\Local\Programs\Python\Python314\Lib\site-packages\sqlalchemy\ext\asyncio\session.py:999: in commit
    await greenlet_spawn(self.sync_session.commit)
C:\Users\Administrator\AppData\Local\Programs\Python\Python314\Lib\site-packages\sqlalchemy\util\_concurrency_py3k.py:203: in greenlet_spawn
    result = context.switch(value)
             ^^^^^^^^^^^^^^^^^^^^^
C:\Users\Administrator\AppData\Local\Programs\Python\Python314\Lib\site-packages\sqlalchemy\orm\session.py:2034: in commit
    trans.commit(_to_root=True)
<string>:2: in commit
    ???
C:\Users\Administrator\AppData\Local\Programs\Python\Python314\Lib\site-packages\sqlalchemy\orm\state_changes.py:137: in _go
    ret_value = fn(self, *arg, **kw)
                ^^^^^^^^^^^^^^^^^^^^
C:\Users\Administrator\AppData\Local\Programs\Python\Python314\Lib\site-packages\sqlalchemy\orm\session.py:1315: in commit
    self._prepare_impl()
<string>:2: in _prepare_impl
    ???
C:\Users\Administrator\AppData\Local\Programs\Python\Python314\Lib\site-packages\sqlalchemy\orm\state_changes.py:137: in _go
    ret_value = fn(self, *arg, **kw)
                ^^^^^^^^^^^^^^^^^^^^
C:\Users\Administrator\AppData\Local\Programs\Python\Python314\Lib\site-packages\sqlalchemy\orm\session.py:1290: in _prepare_impl
    self.session.flush()
C:\Users\Administrator\AppData\Local\Programs\Python\Python314\Lib\site-packages\sqlalchemy\orm\session.py:4352: in flush
    self._flush(objects)
C:\Users\Administrator\AppData\Local\Programs\Python\Python314\Lib\site-packages\sqlalchemy\orm\session.py:4487: in _flush
    with util.safe_reraise():
         ^^^^^^^^^^^^^^^^^^^
C:\Users\Administrator\AppData\Local\Programs\Python\Python314\Lib\site-packages\sqlalchemy\util\langhelpers.py:122: in __exit__
    raise exc_value.with_traceback(exc_tb)
C:\Users\Administrator\AppData\Local\Programs\Python\Python314\Lib\site-packages\sqlalchemy\orm\session.py:4448: in _flush
    flush_context.execute()
C:\Users\Administrator\AppData\Local\Programs\Python\Python314\Lib\site-packages\sqlalchemy\orm\unitofwork.py:465: in execute
    rec.execute(self)
C:\Users\Administrator\AppData\Local\Programs\Python\Python314\Lib\site-packages\sqlalchemy\orm\unitofwork.py:641: in execute
    util.preloaded.orm_persistence.save_obj(
C:\Users\Administrator\AppData\Local\Programs\Python\Python314\Lib\site-packages\sqlalchemy\orm\persistence.py:94: in save_obj
    _emit_insert_statements(
C:\Users\Administrator\AppData\Local\Programs\Python\Python314\Lib\site-packages\sqlalchemy\orm\persistence.py:1234: in _emit_insert_statements
    result = connection.execute(
C:\Users\Administrator\AppData\Local\Programs\Python\Python314\Lib\site-packages\sqlalchemy\engine\base.py:1421: in execute
    return meth(
C:\Users\Administrator\AppData\Local\Programs\Python\Python314\Lib\site-packages\sqlalchemy\sql\elements.py:526: in _execute_on_connection
    return connection._execute_clauseelement(
C:\Users\Administrator\AppData\Local\Programs\Python\Python314\Lib\site-packages\sqlalchemy\engine\base.py:1643: in _execute_clauseelement
    ret = self._execute_context(
C:\Users\Administrator\AppData\Local\Programs\Python\Python314\Lib\site-packages\sqlalchemy\engine\base.py:1848: in _execute_context
    return self._exec_single_context(
C:\Users\Administrator\AppData\Local\Programs\Python\Python314\Lib\site-packages\sqlalchemy\engine\base.py:1988: in _exec_single_context
    self._handle_dbapi_exception(
C:\Users\Administrator\AppData\Local\Programs\Python\Python314\Lib\site-packages\sqlalchemy\engine\base.py:2365: in _handle_dbapi_exception
    raise sqlalchemy_exception.with_traceback(exc_info[2]) from e
C:\Users\Administrator\AppData\Local\Programs\Python\Python314\Lib\site-packages\sqlalchemy\engine\base.py:1969: in _exec_single_context
    self.dialect.do_execute(
C:\Users\Administrator\AppData\Local\Programs\Python\Python314\Lib\site-packages\sqlalchemy\engine\default.py:952: in do_execute
    cursor.execute(statement, parameters)
C:\Users\Administrator\AppData\Local\Programs\Python\Python314\Lib\site-packages\sqlalchemy\dialects\postgresql\asyncpg.py:585: in execute
    self._adapt_connection.await_(
C:\Users\Administrator\AppData\Local\Programs\Python\Python314\Lib\site-packages\sqlalchemy\util\_concurrency_py3k.py:132: in await_only
    return current.parent.switch(awaitable)  # type: ignore[no-any-return,attr-defined] # noqa: E501
           ^^^^^^^^^^^^^^^^^^^^^^^^^^^^^^^^
C:\Users\Administrator\AppData\Local\Programs\Python\Python314\Lib\site-packages\sqlalchemy\util\_concurrency_py3k.py:196: in greenlet_spawn
    value = await result
            ^^^^^^^^^^^^
C:\Users\Administrator\AppData\Local\Programs\Python\Python314\Lib\site-packages\sqlalchemy\dialects\postgresql\asyncpg.py:563: in _prepare_and_execute
    self._handle_exception(error)
C:\Users\Administrator\AppData\Local\Programs\Python\Python314\Lib\site-packages\sqlalchemy\dialects\postgresql\asyncpg.py:513: in _handle_exception
    self._adapt_connection._handle_exception(error)
C:\Users\Administrator\AppData\Local\Programs\Python\Python314\Lib\site-packages\sqlalchemy\dialects\postgresql\asyncpg.py:797: in _handle_exception
    raise translated_error from error
E   sqlalchemy.exc.IntegrityError: (sqlalchemy.dialects.postgresql.asyncpg.IntegrityError) <class 'asyncpg.exceptions.ForeignKeyViolationError'>: insert or update on table "policy_evaluations" violates foreign key constraint "policy_evaluations_observation_id_fkey"
E   DETAIL:  Key (observation_id)=(8dd86aca-ab78-4395-9672-81ea0592afeb) is not present in table "observations".
E   [SQL: INSERT INTO policy_evaluations (id, policy_id, observation_id, decision_reason, action) VALUES ($1::UUID, $2::UUID, $3::UUID, $4::VARCHAR, $5::policyaction) RETURNING policy_evaluations.evaluation_time]
E   [parameters: (UUID('e298241c-5a2a-4226-b3e5-d1f385cc530e'), None, UUID('8dd86aca-ab78-4395-9672-81ea0592afeb'), 'Fallback to default action (OBSERVE)', 'OBSERVE')]
E   (Background on this error at: https://sqlalche.me/e/20/gkpj)
________________________ test_policy_engine_match_risk ________________________
C:\Users\Administrator\AppData\Local\Programs\Python\Python314\Lib\site-packages\sqlalchemy\dialects\postgresql\asyncpg.py:550: in _prepare_and_execute
    self._rows = deque(await prepared_stmt.fetch(*parameters))
                       ^^^^^^^^^^^^^^^^^^^^^^^^^^^^^^^^^^^^^^
C:\Users\Administrator\AppData\Local\Programs\Python\Python314\Lib\site-packages\asyncpg\prepared_stmt.py:177: in fetch
    data = await self.__bind_execute(args, 0, timeout)
           ^^^^^^^^^^^^^^^^^^^^^^^^^^^^^^^^^^^^^^^^^^^
C:\Users\Administrator\AppData\Local\Programs\Python\Python314\Lib\site-packages\asyncpg\prepared_stmt.py:268: in __bind_execute
    data, status, _ = await self.__do_execute(
C:\Users\Administrator\AppData\Local\Programs\Python\Python314\Lib\site-packages\asyncpg\prepared_stmt.py:257: in __do_execute
    return await executor(protocol)
           ^^^^^^^^^^^^^^^^^^^^^^^^
asyncpg/protocol/protocol.pyx:205: in bind_execute
    ???
E   asyncpg.exceptions.ForeignKeyViolationError: insert or update on table "policy_evaluations" violates foreign key constraint "policy_evaluations_observation_id_fkey"
E   DETAIL:  Key (observation_id)=(94e62247-99bd-4b25-aec7-4f38ff3530df) is not present in table "observations".

The above exception was the direct cause of the following exception:
C:\Users\Administrator\AppData\Local\Programs\Python\Python314\Lib\site-packages\sqlalchemy\engine\base.py:1969: in _exec_single_context
    self.dialect.do_execute(
C:\Users\Administrator\AppData\Local\Programs\Python\Python314\Lib\site-packages\sqlalchemy\engine\default.py:952: in do_execute
    cursor.execute(statement, parameters)
C:\Users\Administrator\AppData\Local\Programs\Python\Python314\Lib\site-packages\sqlalchemy\dialects\postgresql\asyncpg.py:585: in execute
    self._adapt_connection.await_(
C:\Users\Administrator\AppData\Local\Programs\Python\Python314\Lib\site-packages\sqlalchemy\util\_concurrency_py3k.py:132: in await_only
    return current.parent.switch(awaitable)  # type: ignore[no-any-return,attr-defined] # noqa: E501
           ^^^^^^^^^^^^^^^^^^^^^^^^^^^^^^^^
C:\Users\Administrator\AppData\Local\Programs\Python\Python314\Lib\site-packages\sqlalchemy\util\_concurrency_py3k.py:196: in greenlet_spawn
    value = await result
            ^^^^^^^^^^^^
C:\Users\Administrator\AppData\Local\Programs\Python\Python314\Lib\site-packages\sqlalchemy\dialects\postgresql\asyncpg.py:563: in _prepare_and_execute
    self._handle_exception(error)
C:\Users\Administrator\AppData\Local\Programs\Python\Python314\Lib\site-packages\sqlalchemy\dialects\postgresql\asyncpg.py:513: in _handle_exception
    self._adapt_connection._handle_exception(error)
C:\Users\Administrator\AppData\Local\Programs\Python\Python314\Lib\site-packages\sqlalchemy\dialects\postgresql\asyncpg.py:797: in _handle_exception
    raise translated_error from error
E   sqlalchemy.dialects.postgresql.asyncpg.AsyncAdapt_asyncpg_dbapi.IntegrityError: <class 'asyncpg.exceptions.ForeignKeyViolationError'>: insert or update on table "policy_evaluations" violates foreign key constraint "policy_evaluations_observation_id_fkey"
E   DETAIL:  Key (observation_id)=(94e62247-99bd-4b25-aec7-4f38ff3530df) is not present in table "observations".

The above exception was the direct cause of the following exception:
tests\services\test_policy_engine.py:74: in test_policy_engine_match_risk
    action_low = await engine_svc.evaluate_observation(obs_low)
                 ^^^^^^^^^^^^^^^^^^^^^^^^^^^^^^^^^^^^^^^^^^^^^^
services\policy_engine.py:71: in evaluate_observation
    await self.policy_repo.record_evaluation(evaluation)
repositories\policy.py:59: in record_evaluation
    await self.session.commit()
C:\Users\Administrator\AppData\Local\Programs\Python\Python314\Lib\site-packages\sqlalchemy\ext\asyncio\session.py:999: in commit
    await greenlet_spawn(self.sync_session.commit)
C:\Users\Administrator\AppData\Local\Programs\Python\Python314\Lib\site-packages\sqlalchemy\util\_concurrency_py3k.py:203: in greenlet_spawn
    result = context.switch(value)
             ^^^^^^^^^^^^^^^^^^^^^
C:\Users\Administrator\AppData\Local\Programs\Python\Python314\Lib\site-packages\sqlalchemy\orm\session.py:2034: in commit
    trans.commit(_to_root=True)
<string>:2: in commit
    ???
C:\Users\Administrator\AppData\Local\Programs\Python\Python314\Lib\site-packages\sqlalchemy\orm\state_changes.py:137: in _go
    ret_value = fn(self, *arg, **kw)
                ^^^^^^^^^^^^^^^^^^^^
C:\Users\Administrator\AppData\Local\Programs\Python\Python314\Lib\site-packages\sqlalchemy\orm\session.py:1315: in commit
    self._prepare_impl()
<string>:2: in _prepare_impl
    ???
C:\Users\Administrator\AppData\Local\Programs\Python\Python314\Lib\site-packages\sqlalchemy\orm\state_changes.py:137: in _go
    ret_value = fn(self, *arg, **kw)
                ^^^^^^^^^^^^^^^^^^^^
C:\Users\Administrator\AppData\Local\Programs\Python\Python314\Lib\site-packages\sqlalchemy\orm\session.py:1290: in _prepare_impl
    self.session.flush()
C:\Users\Administrator\AppData\Local\Programs\Python\Python314\Lib\site-packages\sqlalchemy\orm\session.py:4352: in flush
    self._flush(objects)
C:\Users\Administrator\AppData\Local\Programs\Python\Python314\Lib\site-packages\sqlalchemy\orm\session.py:4487: in _flush
    with util.safe_reraise():
         ^^^^^^^^^^^^^^^^^^^
C:\Users\Administrator\AppData\Local\Programs\Python\Python314\Lib\site-packages\sqlalchemy\util\langhelpers.py:122: in __exit__
    raise exc_value.with_traceback(exc_tb)
C:\Users\Administrator\AppData\Local\Programs\Python\Python314\Lib\site-packages\sqlalchemy\orm\session.py:4448: in _flush
    flush_context.execute()
C:\Users\Administrator\AppData\Local\Programs\Python\Python314\Lib\site-packages\sqlalchemy\orm\unitofwork.py:465: in execute
    rec.execute(self)
C:\Users\Administrator\AppData\Local\Programs\Python\Python314\Lib\site-packages\sqlalchemy\orm\unitofwork.py:641: in execute
    util.preloaded.orm_persistence.save_obj(
C:\Users\Administrator\AppData\Local\Programs\Python\Python314\Lib\site-packages\sqlalchemy\orm\persistence.py:94: in save_obj
    _emit_insert_statements(
C:\Users\Administrator\AppData\Local\Programs\Python\Python314\Lib\site-packages\sqlalchemy\orm\persistence.py:1234: in _emit_insert_statements
    result = connection.execute(
C:\Users\Administrator\AppData\Local\Programs\Python\Python314\Lib\site-packages\sqlalchemy\engine\base.py:1421: in execute
    return meth(
C:\Users\Administrator\AppData\Local\Programs\Python\Python314\Lib\site-packages\sqlalchemy\sql\elements.py:526: in _execute_on_connection
    return connection._execute_clauseelement(
C:\Users\Administrator\AppData\Local\Programs\Python\Python314\Lib\site-packages\sqlalchemy\engine\base.py:1643: in _execute_clauseelement
    ret = self._execute_context(
C:\Users\Administrator\AppData\Local\Programs\Python\Python314\Lib\site-packages\sqlalchemy\engine\base.py:1848: in _execute_context
    return self._exec_single_context(
C:\Users\Administrator\AppData\Local\Programs\Python\Python314\Lib\site-packages\sqlalchemy\engine\base.py:1988: in _exec_single_context
    self._handle_dbapi_exception(
C:\Users\Administrator\AppData\Local\Programs\Python\Python314\Lib\site-packages\sqlalchemy\engine\base.py:2365: in _handle_dbapi_exception
    raise sqlalchemy_exception.with_traceback(exc_info[2]) from e
C:\Users\Administrator\AppData\Local\Programs\Python\Python314\Lib\site-packages\sqlalchemy\engine\base.py:1969: in _exec_single_context
    self.dialect.do_execute(
C:\Users\Administrator\AppData\Local\Programs\Python\Python314\Lib\site-packages\sqlalchemy\engine\default.py:952: in do_execute
    cursor.execute(statement, parameters)
C:\Users\Administrator\AppData\Local\Programs\Python\Python314\Lib\site-packages\sqlalchemy\dialects\postgresql\asyncpg.py:585: in execute
    self._adapt_connection.await_(
C:\Users\Administrator\AppData\Local\Programs\Python\Python314\Lib\site-packages\sqlalchemy\util\_concurrency_py3k.py:132: in await_only
    return current.parent.switch(awaitable)  # type: ignore[no-any-return,attr-defined] # noqa: E501
           ^^^^^^^^^^^^^^^^^^^^^^^^^^^^^^^^
C:\Users\Administrator\AppData\Local\Programs\Python\Python314\Lib\site-packages\sqlalchemy\util\_concurrency_py3k.py:196: in greenlet_spawn
    value = await result
            ^^^^^^^^^^^^
C:\Users\Administrator\AppData\Local\Programs\Python\Python314\Lib\site-packages\sqlalchemy\dialects\postgresql\asyncpg.py:563: in _prepare_and_execute
    self._handle_exception(error)
C:\Users\Administrator\AppData\Local\Programs\Python\Python314\Lib\site-packages\sqlalchemy\dialects\postgresql\asyncpg.py:513: in _handle_exception
    self._adapt_connection._handle_exception(error)
C:\Users\Administrator\AppData\Local\Programs\Python\Python314\Lib\site-packages\sqlalchemy\dialects\postgresql\asyncpg.py:797: in _handle_exception
    raise translated_error from error
E   sqlalchemy.exc.IntegrityError: (sqlalchemy.dialects.postgresql.asyncpg.IntegrityError) <class 'asyncpg.exceptions.ForeignKeyViolationError'>: insert or update on table "policy_evaluations" violates foreign key constraint "policy_evaluations_observation_id_fkey"
E   DETAIL:  Key (observation_id)=(94e62247-99bd-4b25-aec7-4f38ff3530df) is not present in table "observations".
E   [SQL: INSERT INTO policy_evaluations (id, policy_id, observation_id, decision_reason, action) VALUES ($1::UUID, $2::UUID, $3::UUID, $4::VARCHAR, $5::policyaction) RETURNING policy_evaluations.evaluation_time]
E   [parameters: (UUID('502254f9-d38f-4a2b-bc17-131790bfcb5a'), None, UUID('94e62247-99bd-4b25-aec7-4f38ff3530df'), 'Fallback to default action (OBSERVE)', 'OBSERVE')]
E   (Background on this error at: https://sqlalche.me/e/20/gkpj)
_________________________ test_policy_engine_priority _________________________
C:\Users\Administrator\AppData\Local\Programs\Python\Python314\Lib\site-packages\sqlalchemy\dialects\postgresql\asyncpg.py:550: in _prepare_and_execute
    self._rows = deque(await prepared_stmt.fetch(*parameters))
                       ^^^^^^^^^^^^^^^^^^^^^^^^^^^^^^^^^^^^^^
C:\Users\Administrator\AppData\Local\Programs\Python\Python314\Lib\site-packages\asyncpg\prepared_stmt.py:177: in fetch
    data = await self.__bind_execute(args, 0, timeout)
           ^^^^^^^^^^^^^^^^^^^^^^^^^^^^^^^^^^^^^^^^^^^
C:\Users\Administrator\AppData\Local\Programs\Python\Python314\Lib\site-packages\asyncpg\prepared_stmt.py:268: in __bind_execute
    data, status, _ = await self.__do_execute(
C:\Users\Administrator\AppData\Local\Programs\Python\Python314\Lib\site-packages\asyncpg\prepared_stmt.py:257: in __do_execute
    return await executor(protocol)
           ^^^^^^^^^^^^^^^^^^^^^^^^
asyncpg/protocol/protocol.pyx:205: in bind_execute
    ???
E   asyncpg.exceptions.ForeignKeyViolationError: insert or update on table "policy_evaluations" violates foreign key constraint "policy_evaluations_observation_id_fkey"
E   DETAIL:  Key (observation_id)=(f1ee05c5-9961-42c3-ae21-1f167df315af) is not present in table "observations".

The above exception was the direct cause of the following exception:
C:\Users\Administrator\AppData\Local\Programs\Python\Python314\Lib\site-packages\sqlalchemy\engine\base.py:1969: in _exec_single_context
    self.dialect.do_execute(
C:\Users\Administrator\AppData\Local\Programs\Python\Python314\Lib\site-packages\sqlalchemy\engine\default.py:952: in do_execute
    cursor.execute(statement, parameters)
C:\Users\Administrator\AppData\Local\Programs\Python\Python314\Lib\site-packages\sqlalchemy\dialects\postgresql\asyncpg.py:585: in execute
    self._adapt_connection.await_(
C:\Users\Administrator\AppData\Local\Programs\Python\Python314\Lib\site-packages\sqlalchemy\util\_concurrency_py3k.py:132: in await_only
    return current.parent.switch(awaitable)  # type: ignore[no-any-return,attr-defined] # noqa: E501
           ^^^^^^^^^^^^^^^^^^^^^^^^^^^^^^^^
C:\Users\Administrator\AppData\Local\Programs\Python\Python314\Lib\site-packages\sqlalchemy\util\_concurrency_py3k.py:196: in greenlet_spawn
    value = await result
            ^^^^^^^^^^^^
C:\Users\Administrator\AppData\Local\Programs\Python\Python314\Lib\site-packages\sqlalchemy\dialects\postgresql\asyncpg.py:563: in _prepare_and_execute
    self._handle_exception(error)
C:\Users\Administrator\AppData\Local\Programs\Python\Python314\Lib\site-packages\sqlalchemy\dialects\postgresql\asyncpg.py:513: in _handle_exception
    self._adapt_connection._handle_exception(error)
C:\Users\Administrator\AppData\Local\Programs\Python\Python314\Lib\site-packages\sqlalchemy\dialects\postgresql\asyncpg.py:797: in _handle_exception
    raise translated_error from error
E   sqlalchemy.dialects.postgresql.asyncpg.AsyncAdapt_asyncpg_dbapi.IntegrityError: <class 'asyncpg.exceptions.ForeignKeyViolationError'>: insert or update on table "policy_evaluations" violates foreign key constraint "policy_evaluations_observation_id_fkey"
E   DETAIL:  Key (observation_id)=(f1ee05c5-9961-42c3-ae21-1f167df315af) is not present in table "observations".

The above exception was the direct cause of the following exception:
tests\services\test_policy_engine.py:104: in test_policy_engine_priority
    action = await engine_svc.evaluate_observation(obs)
             ^^^^^^^^^^^^^^^^^^^^^^^^^^^^^^^^^^^^^^^^^^
services\policy_engine.py:71: in evaluate_observation
    await self.policy_repo.record_evaluation(evaluation)
repositories\policy.py:59: in record_evaluation
    await self.session.commit()
C:\Users\Administrator\AppData\Local\Programs\Python\Python314\Lib\site-packages\sqlalchemy\ext\asyncio\session.py:999: in commit
    await greenlet_spawn(self.sync_session.commit)
C:\Users\Administrator\AppData\Local\Programs\Python\Python314\Lib\site-packages\sqlalchemy\util\_concurrency_py3k.py:203: in greenlet_spawn
    result = context.switch(value)
             ^^^^^^^^^^^^^^^^^^^^^
C:\Users\Administrator\AppData\Local\Programs\Python\Python314\Lib\site-packages\sqlalchemy\orm\session.py:2034: in commit
    trans.commit(_to_root=True)
<string>:2: in commit
    ???
C:\Users\Administrator\AppData\Local\Programs\Python\Python314\Lib\site-packages\sqlalchemy\orm\state_changes.py:137: in _go
    ret_value = fn(self, *arg, **kw)
                ^^^^^^^^^^^^^^^^^^^^
C:\Users\Administrator\AppData\Local\Programs\Python\Python314\Lib\site-packages\sqlalchemy\orm\session.py:1315: in commit
    self._prepare_impl()
<string>:2: in _prepare_impl
    ???
C:\Users\Administrator\AppData\Local\Programs\Python\Python314\Lib\site-packages\sqlalchemy\orm\state_changes.py:137: in _go
    ret_value = fn(self, *arg, **kw)
                ^^^^^^^^^^^^^^^^^^^^
C:\Users\Administrator\AppData\Local\Programs\Python\Python314\Lib\site-packages\sqlalchemy\orm\session.py:1290: in _prepare_impl
    self.session.flush()
C:\Users\Administrator\AppData\Local\Programs\Python\Python314\Lib\site-packages\sqlalchemy\orm\session.py:4352: in flush
    self._flush(objects)
C:\Users\Administrator\AppData\Local\Programs\Python\Python314\Lib\site-packages\sqlalchemy\orm\session.py:4487: in _flush
    with util.safe_reraise():
         ^^^^^^^^^^^^^^^^^^^
C:\Users\Administrator\AppData\Local\Programs\Python\Python314\Lib\site-packages\sqlalchemy\util\langhelpers.py:122: in __exit__
    raise exc_value.with_traceback(exc_tb)
C:\Users\Administrator\AppData\Local\Programs\Python\Python314\Lib\site-packages\sqlalchemy\orm\session.py:4448: in _flush
    flush_context.execute()
C:\Users\Administrator\AppData\Local\Programs\Python\Python314\Lib\site-packages\sqlalchemy\orm\unitofwork.py:465: in execute
    rec.execute(self)
C:\Users\Administrator\AppData\Local\Programs\Python\Python314\Lib\site-packages\sqlalchemy\orm\unitofwork.py:641: in execute
    util.preloaded.orm_persistence.save_obj(
C:\Users\Administrator\AppData\Local\Programs\Python\Python314\Lib\site-packages\sqlalchemy\orm\persistence.py:94: in save_obj
    _emit_insert_statements(
C:\Users\Administrator\AppData\Local\Programs\Python\Python314\Lib\site-packages\sqlalchemy\orm\persistence.py:1234: in _emit_insert_statements
    result = connection.execute(
C:\Users\Administrator\AppData\Local\Programs\Python\Python314\Lib\site-packages\sqlalchemy\engine\base.py:1421: in execute
    return meth(
C:\Users\Administrator\AppData\Local\Programs\Python\Python314\Lib\site-packages\sqlalchemy\sql\elements.py:526: in _execute_on_connection
    return connection._execute_clauseelement(
C:\Users\Administrator\AppData\Local\Programs\Python\Python314\Lib\site-packages\sqlalchemy\engine\base.py:1643: in _execute_clauseelement
    ret = self._execute_context(
C:\Users\Administrator\AppData\Local\Programs\Python\Python314\Lib\site-packages\sqlalchemy\engine\base.py:1848: in _execute_context
    return self._exec_single_context(
C:\Users\Administrator\AppData\Local\Programs\Python\Python314\Lib\site-packages\sqlalchemy\engine\base.py:1988: in _exec_single_context
    self._handle_dbapi_exception(
C:\Users\Administrator\AppData\Local\Programs\Python\Python314\Lib\site-packages\sqlalchemy\engine\base.py:2365: in _handle_dbapi_exception
    raise sqlalchemy_exception.with_traceback(exc_info[2]) from e
C:\Users\Administrator\AppData\Local\Programs\Python\Python314\Lib\site-packages\sqlalchemy\engine\base.py:1969: in _exec_single_context
    self.dialect.do_execute(
C:\Users\Administrator\AppData\Local\Programs\Python\Python314\Lib\site-packages\sqlalchemy\engine\default.py:952: in do_execute
    cursor.execute(statement, parameters)
C:\Users\Administrator\AppData\Local\Programs\Python\Python314\Lib\site-packages\sqlalchemy\dialects\postgresql\asyncpg.py:585: in execute
    self._adapt_connection.await_(
C:\Users\Administrator\AppData\Local\Programs\Python\Python314\Lib\site-packages\sqlalchemy\util\_concurrency_py3k.py:132: in await_only
    return current.parent.switch(awaitable)  # type: ignore[no-any-return,attr-defined] # noqa: E501
           ^^^^^^^^^^^^^^^^^^^^^^^^^^^^^^^^
C:\Users\Administrator\AppData\Local\Programs\Python\Python314\Lib\site-packages\sqlalchemy\util\_concurrency_py3k.py:196: in greenlet_spawn
    value = await result
            ^^^^^^^^^^^^
C:\Users\Administrator\AppData\Local\Programs\Python\Python314\Lib\site-packages\sqlalchemy\dialects\postgresql\asyncpg.py:563: in _prepare_and_execute
    self._handle_exception(error)
C:\Users\Administrator\AppData\Local\Programs\Python\Python314\Lib\site-packages\sqlalchemy\dialects\postgresql\asyncpg.py:513: in _handle_exception
    self._adapt_connection._handle_exception(error)
C:\Users\Administrator\AppData\Local\Programs\Python\Python314\Lib\site-packages\sqlalchemy\dialects\postgresql\asyncpg.py:797: in _handle_exception
    raise translated_error from error
E   sqlalchemy.exc.IntegrityError: (sqlalchemy.dialects.postgresql.asyncpg.IntegrityError) <class 'asyncpg.exceptions.ForeignKeyViolationError'>: insert or update on table "policy_evaluations" violates foreign key constraint "policy_evaluations_observation_id_fkey"
E   DETAIL:  Key (observation_id)=(f1ee05c5-9961-42c3-ae21-1f167df315af) is not present in table "observations".
E   [SQL: INSERT INTO policy_evaluations (id, policy_id, observation_id, decision_reason, action) VALUES ($1::UUID, $2::UUID, $3::UUID, $4::VARCHAR, $5::policyaction) RETURNING policy_evaluations.evaluation_time]
E   [parameters: (UUID('1342d262-d765-4a7b-a3c2-1bb987b3aa07'), UUID('da289657-7aca-4292-914f-bde1b46f6d5c'), UUID('f1ee05c5-9961-42c3-ae21-1f167df315af'), "Matched policy 'Auth Review' (Priority 200)", 'REVIEW_REQUIRED')]
E   (Background on this error at: https://sqlalche.me/e/20/gkpj)
---------------------------- Captured stderr call -----------------------------
--- Logging error ---
Traceback (most recent call last):
  File "C:\Users\Administrator\AppData\Local\Programs\Python\Python314\Lib\logging\__init__.py", line 1151, in emit
    msg = self.format(record)
  File "C:\Users\Administrator\AppData\Local\Programs\Python\Python314\Lib\logging\__init__.py", line 999, in format
    return fmt.format(record)
           ~~~~~~~~~~^^^^^^^^
  File "C:\Users\Administrator\AppData\Local\Programs\Python\Python314\Lib\site-packages\pythonjsonlogger\jsonlogger.py", line 243, in format
    self.add_fields(log_record, record, message_dict)
    ~~~~~~~~~~~~~~~^^^^^^^^^^^^^^^^^^^^^^^^^^^^^^^^^^
  File "C:\Users\Administrator\AppData\Local\Programs\Python\Python314\Lib\site-packages\pythonjsonlogger\jsonlogger.py", line 191, in add_fields
    self._perform_rename_log_fields(log_record)
    ~~~~~~~~~~~~~~~~~~~~~~~~~~~~~~~^^^^^^^^^^^^
  File "C:\Users\Administrator\AppData\Local\Programs\Python\Python314\Lib\site-packages\pythonjsonlogger\jsonlogger.py", line 195, in _perform_rename_log_fields
    log_record[new_field_name] = log_record[old_field_name]
                                 ~~~~~~~~~~^^^^^^^^^^^^^^^^
KeyError: 'levelname'
Call stack:
  File "<frozen runpy>", line 203, in _run_module_as_main
  File "<frozen runpy>", line 88, in _run_code
  File "C:\Users\Administrator\AppData\Local\Programs\Python\Python314\Scripts\pytest.exe\__main__.py", line 5, in <module>
    sys.exit(_console_main())
  File "C:\Users\Administrator\AppData\Local\Programs\Python\Python314\Lib\site-packages\_pytest\config\__init__.py", line 253, in _console_main
    code = _main(prog=_get_prog_name(sys.argv))
  File "C:\Users\Administrator\AppData\Local\Programs\Python\Python314\Lib\site-packages\_pytest\config\__init__.py", line 229, in _main
    ret: ExitCode | int = config.hook.pytest_cmdline_main(config=config)
  File "C:\Users\Administrator\AppData\Local\Programs\Python\Python314\Lib\site-packages\pluggy\_hooks.py", line 512, in __call__
    return self._hookexec(self.name, self._hookimpls.copy(), kwargs, firstresult)
  File "C:\Users\Administrator\AppData\Local\Programs\Python\Python314\Lib\site-packages\pluggy\_manager.py", line 120, in _hookexec
    return self._inner_hookexec(hook_name, methods, kwargs, firstresult)
  File "C:\Users\Administrator\AppData\Local\Programs\Python\Python314\Lib\site-packages\pluggy\_callers.py", line 121, in _multicall
    res = hook_impl.function(*args)
  File "C:\Users\Administrator\AppData\Local\Programs\Python\Python314\Lib\site-packages\_pytest\main.py", line 377, in pytest_cmdline_main
    return wrap_session(config, _main)
  File "C:\Users\Administrator\AppData\Local\Programs\Python\Python314\Lib\site-packages\_pytest\main.py", line 330, in wrap_session
    session.exitstatus = doit(config, session) or 0
  File "C:\Users\Administrator\AppData\Local\Programs\Python\Python314\Lib\site-packages\_pytest\main.py", line 384, in _main
    config.hook.pytest_runtestloop(session=session)
  File "C:\Users\Administrator\AppData\Local\Programs\Python\Python314\Lib\site-packages\pluggy\_hooks.py", line 512, in __call__
    return self._hookexec(self.name, self._hookimpls.copy(), kwargs, firstresult)
  File "C:\Users\Administrator\AppData\Local\Programs\Python\Python314\Lib\site-packages\pluggy\_manager.py", line 120, in _hookexec
    return self._inner_hookexec(hook_name, methods, kwargs, firstresult)
  File "C:\Users\Administrator\AppData\Local\Programs\Python\Python314\Lib\site-packages\pluggy\_callers.py", line 121, in _multicall
    res = hook_impl.function(*args)
  File "C:\Users\Administrator\AppData\Local\Programs\Python\Python314\Lib\site-packages\_pytest\main.py", line 408, in pytest_runtestloop
    item.config.hook.pytest_runtest_protocol(item=item, nextitem=nextitem)
  File "C:\Users\Administrator\AppData\Local\Programs\Python\Python314\Lib\site-packages\pluggy\_hooks.py", line 512, in __call__
    return self._hookexec(self.name, self._hookimpls.copy(), kwargs, firstresult)
  File "C:\Users\Administrator\AppData\Local\Programs\Python\Python314\Lib\site-packages\pluggy\_manager.py", line 120, in _hookexec
    return self._inner_hookexec(hook_name, methods, kwargs, firstresult)
  File "C:\Users\Administrator\AppData\Local\Programs\Python\Python314\Lib\site-packages\pluggy\_callers.py", line 121, in _multicall
    res = hook_impl.function(*args)
  File "C:\Users\Administrator\AppData\Local\Programs\Python\Python314\Lib\site-packages\_pytest\runner.py", line 118, in pytest_runtest_protocol
    runtestprotocol(item, nextitem=nextitem)
  File "C:\Users\Administrator\AppData\Local\Programs\Python\Python314\Lib\site-packages\_pytest\runner.py", line 139, in runtestprotocol
    reports.append(call_and_report(item, "call", log))
  File "C:\Users\Administrator\AppData\Local\Programs\Python\Python314\Lib\site-packages\_pytest\runner.py", line 249, in call_and_report
    call = CallInfo.from_call(
  File "C:\Users\Administrator\AppData\Local\Programs\Python\Python314\Lib\site-packages\_pytest\runner.py", line 361, in from_call
    result: TResult | None = func()
  File "C:\Users\Administrator\AppData\Local\Programs\Python\Python314\Lib\site-packages\_pytest\runner.py", line 250, in <lambda>
    lambda: runtest_hook(item=item, **kwds),
  File "C:\Users\Administrator\AppData\Local\Programs\Python\Python314\Lib\site-packages\pluggy\_hooks.py", line 512, in __call__
    return self._hookexec(self.name, self._hookimpls.copy(), kwargs, firstresult)
  File "C:\Users\Administrator\AppData\Local\Programs\Python\Python314\Lib\site-packages\pluggy\_manager.py", line 120, in _hookexec
    return self._inner_hookexec(hook_name, methods, kwargs, firstresult)
  File "C:\Users\Administrator\AppData\Local\Programs\Python\Python314\Lib\site-packages\pluggy\_callers.py", line 121, in _multicall
    res = hook_impl.function(*args)
  File "C:\Users\Administrator\AppData\Local\Programs\Python\Python314\Lib\site-packages\_pytest\runner.py", line 184, in pytest_runtest_call
    item.runtest()
  File "C:\Users\Administrator\AppData\Local\Programs\Python\Python314\Lib\site-packages\pytest_asyncio\plugin.py", line 569, in runtest
    super().runtest()
  File "C:\Users\Administrator\AppData\Local\Programs\Python\Python314\Lib\site-packages\_pytest\python.py", line 1707, in runtest
    self.ihook.pytest_pyfunc_call(pyfuncitem=self)
  File "C:\Users\Administrator\AppData\Local\Programs\Python\Python314\Lib\site-packages\pluggy\_hooks.py", line 512, in __call__
    return self._hookexec(self.name, self._hookimpls.copy(), kwargs, firstresult)
  File "C:\Users\Administrator\AppData\Local\Programs\Python\Python314\Lib\site-packages\pluggy\_manager.py", line 120, in _hookexec
    return self._inner_hookexec(hook_name, methods, kwargs, firstresult)
  File "C:\Users\Administrator\AppData\Local\Programs\Python\Python314\Lib\site-packages\pluggy\_callers.py", line 121, in _multicall
    res = hook_impl.function(*args)
  File "C:\Users\Administrator\AppData\Local\Programs\Python\Python314\Lib\site-packages\_pytest\python.py", line 167, in pytest_pyfunc_call
    result = testfunction(**testargs)
  File "C:\Users\Administrator\AppData\Local\Programs\Python\Python314\Lib\site-packages\pytest_asyncio\plugin.py", line 905, in inner
    runner.run(coro, context=context)
  File "C:\Users\Administrator\AppData\Local\Programs\Python\Python314\Lib\asyncio\runners.py", line 127, in run
    return self._loop.run_until_complete(task)
  File "C:\Users\Administrator\AppData\Local\Programs\Python\Python314\Lib\asyncio\base_events.py", line 706, in run_until_complete
    self.run_forever()
  File "C:\Users\Administrator\AppData\Local\Programs\Python\Python314\Lib\asyncio\base_events.py", line 677, in run_forever
    self._run_once()
  File "C:\Users\Administrator\AppData\Local\Programs\Python\Python314\Lib\asyncio\base_events.py", line 2057, in _run_once
    handle._run()
  File "C:\Users\Administrator\AppData\Local\Programs\Python\Python314\Lib\asyncio\events.py", line 94, in _run
    self._context.run(self._callback, *self._args)
  File "D:\Project\ASTRA\backend\tests\services\test_policy_engine.py", line 104, in test_policy_engine_priority
    action = await engine_svc.evaluate_observation(obs)
  File "D:\Project\ASTRA\backend\services\policy_engine.py", line 59, in evaluate_observation
    logger.info("metric", extra={"policy_matches": 1})
Message: 'metric'
Arguments: ()
------------------------------ Captured log call ------------------------------
INFO     root:policy_engine.py:59 metric
___________________ test_policy_engine_conflict_resolution ____________________
C:\Users\Administrator\AppData\Local\Programs\Python\Python314\Lib\site-packages\sqlalchemy\dialects\postgresql\asyncpg.py:550: in _prepare_and_execute
    self._rows = deque(await prepared_stmt.fetch(*parameters))
                       ^^^^^^^^^^^^^^^^^^^^^^^^^^^^^^^^^^^^^^
C:\Users\Administrator\AppData\Local\Programs\Python\Python314\Lib\site-packages\asyncpg\prepared_stmt.py:177: in fetch
    data = await self.__bind_execute(args, 0, timeout)
           ^^^^^^^^^^^^^^^^^^^^^^^^^^^^^^^^^^^^^^^^^^^
C:\Users\Administrator\AppData\Local\Programs\Python\Python314\Lib\site-packages\asyncpg\prepared_stmt.py:268: in __bind_execute
    data, status, _ = await self.__do_execute(
C:\Users\Administrator\AppData\Local\Programs\Python\Python314\Lib\site-packages\asyncpg\prepared_stmt.py:257: in __do_execute
    return await executor(protocol)
           ^^^^^^^^^^^^^^^^^^^^^^^^
asyncpg/protocol/protocol.pyx:205: in bind_execute
    ???
E   asyncpg.exceptions.ForeignKeyViolationError: insert or update on table "policy_evaluations" violates foreign key constraint "policy_evaluations_observation_id_fkey"
E   DETAIL:  Key (observation_id)=(fd30f934-a099-48c6-8f6f-28030d254459) is not present in table "observations".

The above exception was the direct cause of the following exception:
C:\Users\Administrator\AppData\Local\Programs\Python\Python314\Lib\site-packages\sqlalchemy\engine\base.py:1969: in _exec_single_context
    self.dialect.do_execute(
C:\Users\Administrator\AppData\Local\Programs\Python\Python314\Lib\site-packages\sqlalchemy\engine\default.py:952: in do_execute
    cursor.execute(statement, parameters)
C:\Users\Administrator\AppData\Local\Programs\Python\Python314\Lib\site-packages\sqlalchemy\dialects\postgresql\asyncpg.py:585: in execute
    self._adapt_connection.await_(
C:\Users\Administrator\AppData\Local\Programs\Python\Python314\Lib\site-packages\sqlalchemy\util\_concurrency_py3k.py:132: in await_only
    return current.parent.switch(awaitable)  # type: ignore[no-any-return,attr-defined] # noqa: E501
           ^^^^^^^^^^^^^^^^^^^^^^^^^^^^^^^^
C:\Users\Administrator\AppData\Local\Programs\Python\Python314\Lib\site-packages\sqlalchemy\util\_concurrency_py3k.py:196: in greenlet_spawn
    value = await result
            ^^^^^^^^^^^^
C:\Users\Administrator\AppData\Local\Programs\Python\Python314\Lib\site-packages\sqlalchemy\dialects\postgresql\asyncpg.py:563: in _prepare_and_execute
    self._handle_exception(error)
C:\Users\Administrator\AppData\Local\Programs\Python\Python314\Lib\site-packages\sqlalchemy\dialects\postgresql\asyncpg.py:513: in _handle_exception
    self._adapt_connection._handle_exception(error)
C:\Users\Administrator\AppData\Local\Programs\Python\Python314\Lib\site-packages\sqlalchemy\dialects\postgresql\asyncpg.py:797: in _handle_exception
    raise translated_error from error
E   sqlalchemy.dialects.postgresql.asyncpg.AsyncAdapt_asyncpg_dbapi.IntegrityError: <class 'asyncpg.exceptions.ForeignKeyViolationError'>: insert or update on table "policy_evaluations" violates foreign key constraint "policy_evaluations_observation_id_fkey"
E   DETAIL:  Key (observation_id)=(fd30f934-a099-48c6-8f6f-28030d254459) is not present in table "observations".

The above exception was the direct cause of the following exception:
tests\services\test_policy_engine.py:131: in test_policy_engine_conflict_resolution
    action = await engine_svc.evaluate_observation(obs)
             ^^^^^^^^^^^^^^^^^^^^^^^^^^^^^^^^^^^^^^^^^^
services\policy_engine.py:71: in evaluate_observation
    await self.policy_repo.record_evaluation(evaluation)
repositories\policy.py:59: in record_evaluation
    await self.session.commit()
C:\Users\Administrator\AppData\Local\Programs\Python\Python314\Lib\site-packages\sqlalchemy\ext\asyncio\session.py:999: in commit
    await greenlet_spawn(self.sync_session.commit)
C:\Users\Administrator\AppData\Local\Programs\Python\Python314\Lib\site-packages\sqlalchemy\util\_concurrency_py3k.py:203: in greenlet_spawn
    result = context.switch(value)
             ^^^^^^^^^^^^^^^^^^^^^
C:\Users\Administrator\AppData\Local\Programs\Python\Python314\Lib\site-packages\sqlalchemy\orm\session.py:2034: in commit
    trans.commit(_to_root=True)
<string>:2: in commit
    ???
C:\Users\Administrator\AppData\Local\Programs\Python\Python314\Lib\site-packages\sqlalchemy\orm\state_changes.py:137: in _go
    ret_value = fn(self, *arg, **kw)
                ^^^^^^^^^^^^^^^^^^^^
C:\Users\Administrator\AppData\Local\Programs\Python\Python314\Lib\site-packages\sqlalchemy\orm\session.py:1315: in commit
    self._prepare_impl()
<string>:2: in _prepare_impl
    ???
C:\Users\Administrator\AppData\Local\Programs\Python\Python314\Lib\site-packages\sqlalchemy\orm\state_changes.py:137: in _go
    ret_value = fn(self, *arg, **kw)
                ^^^^^^^^^^^^^^^^^^^^
C:\Users\Administrator\AppData\Local\Programs\Python\Python314\Lib\site-packages\sqlalchemy\orm\session.py:1290: in _prepare_impl
    self.session.flush()
C:\Users\Administrator\AppData\Local\Programs\Python\Python314\Lib\site-packages\sqlalchemy\orm\session.py:4352: in flush
    self._flush(objects)
C:\Users\Administrator\AppData\Local\Programs\Python\Python314\Lib\site-packages\sqlalchemy\orm\session.py:4487: in _flush
    with util.safe_reraise():
         ^^^^^^^^^^^^^^^^^^^
C:\Users\Administrator\AppData\Local\Programs\Python\Python314\Lib\site-packages\sqlalchemy\util\langhelpers.py:122: in __exit__
    raise exc_value.with_traceback(exc_tb)
C:\Users\Administrator\AppData\Local\Programs\Python\Python314\Lib\site-packages\sqlalchemy\orm\session.py:4448: in _flush
    flush_context.execute()
C:\Users\Administrator\AppData\Local\Programs\Python\Python314\Lib\site-packages\sqlalchemy\orm\unitofwork.py:465: in execute
    rec.execute(self)
C:\Users\Administrator\AppData\Local\Programs\Python\Python314\Lib\site-packages\sqlalchemy\orm\unitofwork.py:641: in execute
    util.preloaded.orm_persistence.save_obj(
C:\Users\Administrator\AppData\Local\Programs\Python\Python314\Lib\site-packages\sqlalchemy\orm\persistence.py:94: in save_obj
    _emit_insert_statements(
C:\Users\Administrator\AppData\Local\Programs\Python\Python314\Lib\site-packages\sqlalchemy\orm\persistence.py:1234: in _emit_insert_statements
    result = connection.execute(
C:\Users\Administrator\AppData\Local\Programs\Python\Python314\Lib\site-packages\sqlalchemy\engine\base.py:1421: in execute
    return meth(
C:\Users\Administrator\AppData\Local\Programs\Python\Python314\Lib\site-packages\sqlalchemy\sql\elements.py:526: in _execute_on_connection
    return connection._execute_clauseelement(
C:\Users\Administrator\AppData\Local\Programs\Python\Python314\Lib\site-packages\sqlalchemy\engine\base.py:1643: in _execute_clauseelement
    ret = self._execute_context(
C:\Users\Administrator\AppData\Local\Programs\Python\Python314\Lib\site-packages\sqlalchemy\engine\base.py:1848: in _execute_context
    return self._exec_single_context(
C:\Users\Administrator\AppData\Local\Programs\Python\Python314\Lib\site-packages\sqlalchemy\engine\base.py:1988: in _exec_single_context
    self._handle_dbapi_exception(
C:\Users\Administrator\AppData\Local\Programs\Python\Python314\Lib\site-packages\sqlalchemy\engine\base.py:2365: in _handle_dbapi_exception
    raise sqlalchemy_exception.with_traceback(exc_info[2]) from e
C:\Users\Administrator\AppData\Local\Programs\Python\Python314\Lib\site-packages\sqlalchemy\engine\base.py:1969: in _exec_single_context
    self.dialect.do_execute(
C:\Users\Administrator\AppData\Local\Programs\Python\Python314\Lib\site-packages\sqlalchemy\engine\default.py:952: in do_execute
    cursor.execute(statement, parameters)
C:\Users\Administrator\AppData\Local\Programs\Python\Python314\Lib\site-packages\sqlalchemy\dialects\postgresql\asyncpg.py:585: in execute
    self._adapt_connection.await_(
C:\Users\Administrator\AppData\Local\Programs\Python\Python314\Lib\site-packages\sqlalchemy\util\_concurrency_py3k.py:132: in await_only
    return current.parent.switch(awaitable)  # type: ignore[no-any-return,attr-defined] # noqa: E501
           ^^^^^^^^^^^^^^^^^^^^^^^^^^^^^^^^
C:\Users\Administrator\AppData\Local\Programs\Python\Python314\Lib\site-packages\sqlalchemy\util\_concurrency_py3k.py:196: in greenlet_spawn
    value = await result
            ^^^^^^^^^^^^
C:\Users\Administrator\AppData\Local\Programs\Python\Python314\Lib\site-packages\sqlalchemy\dialects\postgresql\asyncpg.py:563: in _prepare_and_execute
    self._handle_exception(error)
C:\Users\Administrator\AppData\Local\Programs\Python\Python314\Lib\site-packages\sqlalchemy\dialects\postgresql\asyncpg.py:513: in _handle_exception
    self._adapt_connection._handle_exception(error)
C:\Users\Administrator\AppData\Local\Programs\Python\Python314\Lib\site-packages\sqlalchemy\dialects\postgresql\asyncpg.py:797: in _handle_exception
    raise translated_error from error
E   sqlalchemy.exc.IntegrityError: (sqlalchemy.dialects.postgresql.asyncpg.IntegrityError) <class 'asyncpg.exceptions.ForeignKeyViolationError'>: insert or update on table "policy_evaluations" violates foreign key constraint "policy_evaluations_observation_id_fkey"
E   DETAIL:  Key (observation_id)=(fd30f934-a099-48c6-8f6f-28030d254459) is not present in table "observations".
E   [SQL: INSERT INTO policy_evaluations (id, policy_id, observation_id, decision_reason, action) VALUES ($1::UUID, $2::UUID, $3::UUID, $4::VARCHAR, $5::policyaction) RETURNING policy_evaluations.evaluation_time]
E   [parameters: (UUID('604446c2-0349-488e-88fa-883e09006f99'), UUID('264ad2c0-2309-42c4-8fdd-66ba77f5239c'), UUID('fd30f934-a099-48c6-8f6f-28030d254459'), "Matched policy 'Conflict 2' (Priority 50). Conflict resolved by ID order among 2 policies at priority 50.", 'FUTURE_MITIGATION')]
E   (Background on this error at: https://sqlalche.me/e/20/gkpj)
---------------------------- Captured stderr call -----------------------------
--- Logging error ---
Traceback (most recent call last):
  File "C:\Users\Administrator\AppData\Local\Programs\Python\Python314\Lib\logging\__init__.py", line 1151, in emit
    msg = self.format(record)
  File "C:\Users\Administrator\AppData\Local\Programs\Python\Python314\Lib\logging\__init__.py", line 999, in format
    return fmt.format(record)
           ~~~~~~~~~~^^^^^^^^
  File "C:\Users\Administrator\AppData\Local\Programs\Python\Python314\Lib\site-packages\pythonjsonlogger\jsonlogger.py", line 243, in format
    self.add_fields(log_record, record, message_dict)
    ~~~~~~~~~~~~~~~^^^^^^^^^^^^^^^^^^^^^^^^^^^^^^^^^^
  File "C:\Users\Administrator\AppData\Local\Programs\Python\Python314\Lib\site-packages\pythonjsonlogger\jsonlogger.py", line 191, in add_fields
    self._perform_rename_log_fields(log_record)
    ~~~~~~~~~~~~~~~~~~~~~~~~~~~~~~~^^^^^^^^^^^^
  File "C:\Users\Administrator\AppData\Local\Programs\Python\Python314\Lib\site-packages\pythonjsonlogger\jsonlogger.py", line 195, in _perform_rename_log_fields
    log_record[new_field_name] = log_record[old_field_name]
                                 ~~~~~~~~~~^^^^^^^^^^^^^^^^
KeyError: 'levelname'
Call stack:
  File "<frozen runpy>", line 203, in _run_module_as_main
  File "<frozen runpy>", line 88, in _run_code
  File "C:\Users\Administrator\AppData\Local\Programs\Python\Python314\Scripts\pytest.exe\__main__.py", line 5, in <module>
    sys.exit(_console_main())
  File "C:\Users\Administrator\AppData\Local\Programs\Python\Python314\Lib\site-packages\_pytest\config\__init__.py", line 253, in _console_main
    code = _main(prog=_get_prog_name(sys.argv))
  File "C:\Users\Administrator\AppData\Local\Programs\Python\Python314\Lib\site-packages\_pytest\config\__init__.py", line 229, in _main
    ret: ExitCode | int = config.hook.pytest_cmdline_main(config=config)
  File "C:\Users\Administrator\AppData\Local\Programs\Python\Python314\Lib\site-packages\pluggy\_hooks.py", line 512, in __call__
    return self._hookexec(self.name, self._hookimpls.copy(), kwargs, firstresult)
  File "C:\Users\Administrator\AppData\Local\Programs\Python\Python314\Lib\site-packages\pluggy\_manager.py", line 120, in _hookexec
    return self._inner_hookexec(hook_name, methods, kwargs, firstresult)
  File "C:\Users\Administrator\AppData\Local\Programs\Python\Python314\Lib\site-packages\pluggy\_callers.py", line 121, in _multicall
    res = hook_impl.function(*args)
  File "C:\Users\Administrator\AppData\Local\Programs\Python\Python314\Lib\site-packages\_pytest\main.py", line 377, in pytest_cmdline_main
    return wrap_session(config, _main)
  File "C:\Users\Administrator\AppData\Local\Programs\Python\Python314\Lib\site-packages\_pytest\main.py", line 330, in wrap_session
    session.exitstatus = doit(config, session) or 0
  File "C:\Users\Administrator\AppData\Local\Programs\Python\Python314\Lib\site-packages\_pytest\main.py", line 384, in _main
    config.hook.pytest_runtestloop(session=session)
  File "C:\Users\Administrator\AppData\Local\Programs\Python\Python314\Lib\site-packages\pluggy\_hooks.py", line 512, in __call__
    return self._hookexec(self.name, self._hookimpls.copy(), kwargs, firstresult)
  File "C:\Users\Administrator\AppData\Local\Programs\Python\Python314\Lib\site-packages\pluggy\_manager.py", line 120, in _hookexec
    return self._inner_hookexec(hook_name, methods, kwargs, firstresult)
  File "C:\Users\Administrator\AppData\Local\Programs\Python\Python314\Lib\site-packages\pluggy\_callers.py", line 121, in _multicall
    res = hook_impl.function(*args)
  File "C:\Users\Administrator\AppData\Local\Programs\Python\Python314\Lib\site-packages\_pytest\main.py", line 408, in pytest_runtestloop
    item.config.hook.pytest_runtest_protocol(item=item, nextitem=nextitem)
  File "C:\Users\Administrator\AppData\Local\Programs\Python\Python314\Lib\site-packages\pluggy\_hooks.py", line 512, in __call__
    return self._hookexec(self.name, self._hookimpls.copy(), kwargs, firstresult)
  File "C:\Users\Administrator\AppData\Local\Programs\Python\Python314\Lib\site-packages\pluggy\_manager.py", line 120, in _hookexec
    return self._inner_hookexec(hook_name, methods, kwargs, firstresult)
  File "C:\Users\Administrator\AppData\Local\Programs\Python\Python314\Lib\site-packages\pluggy\_callers.py", line 121, in _multicall
    res = hook_impl.function(*args)
  File "C:\Users\Administrator\AppData\Local\Programs\Python\Python314\Lib\site-packages\_pytest\runner.py", line 118, in pytest_runtest_protocol
    runtestprotocol(item, nextitem=nextitem)
  File "C:\Users\Administrator\AppData\Local\Programs\Python\Python314\Lib\site-packages\_pytest\runner.py", line 139, in runtestprotocol
    reports.append(call_and_report(item, "call", log))
  File "C:\Users\Administrator\AppData\Local\Programs\Python\Python314\Lib\site-packages\_pytest\runner.py", line 249, in call_and_report
    call = CallInfo.from_call(
  File "C:\Users\Administrator\AppData\Local\Programs\Python\Python314\Lib\site-packages\_pytest\runner.py", line 361, in from_call
    result: TResult | None = func()
  File "C:\Users\Administrator\AppData\Local\Programs\Python\Python314\Lib\site-packages\_pytest\runner.py", line 250, in <lambda>
    lambda: runtest_hook(item=item, **kwds),
  File "C:\Users\Administrator\AppData\Local\Programs\Python\Python314\Lib\site-packages\pluggy\_hooks.py", line 512, in __call__
    return self._hookexec(self.name, self._hookimpls.copy(), kwargs, firstresult)
  File "C:\Users\Administrator\AppData\Local\Programs\Python\Python314\Lib\site-packages\pluggy\_manager.py", line 120, in _hookexec
    return self._inner_hookexec(hook_name, methods, kwargs, firstresult)
  File "C:\Users\Administrator\AppData\Local\Programs\Python\Python314\Lib\site-packages\pluggy\_callers.py", line 121, in _multicall
    res = hook_impl.function(*args)
  File "C:\Users\Administrator\AppData\Local\Programs\Python\Python314\Lib\site-packages\_pytest\runner.py", line 184, in pytest_runtest_call
    item.runtest()
  File "C:\Users\Administrator\AppData\Local\Programs\Python\Python314\Lib\site-packages\pytest_asyncio\plugin.py", line 569, in runtest
    super().runtest()
  File "C:\Users\Administrator\AppData\Local\Programs\Python\Python314\Lib\site-packages\_pytest\python.py", line 1707, in runtest
    self.ihook.pytest_pyfunc_call(pyfuncitem=self)
  File "C:\Users\Administrator\AppData\Local\Programs\Python\Python314\Lib\site-packages\pluggy\_hooks.py", line 512, in __call__
    return self._hookexec(self.name, self._hookimpls.copy(), kwargs, firstresult)
  File "C:\Users\Administrator\AppData\Local\Programs\Python\Python314\Lib\site-packages\pluggy\_manager.py", line 120, in _hookexec
    return self._inner_hookexec(hook_name, methods, kwargs, firstresult)
  File "C:\Users\Administrator\AppData\Local\Programs\Python\Python314\Lib\site-packages\pluggy\_callers.py", line 121, in _multicall
    res = hook_impl.function(*args)
  File "C:\Users\Administrator\AppData\Local\Programs\Python\Python314\Lib\site-packages\_pytest\python.py", line 167, in pytest_pyfunc_call
    result = testfunction(**testargs)
  File "C:\Users\Administrator\AppData\Local\Programs\Python\Python314\Lib\site-packages\pytest_asyncio\plugin.py", line 905, in inner
    runner.run(coro, context=context)
  File "C:\Users\Administrator\AppData\Local\Programs\Python\Python314\Lib\asyncio\runners.py", line 127, in run
    return self._loop.run_until_complete(task)
  File "C:\Users\Administrator\AppData\Local\Programs\Python\Python314\Lib\asyncio\base_events.py", line 706, in run_until_complete
    self.run_forever()
  File "C:\Users\Administrator\AppData\Local\Programs\Python\Python314\Lib\asyncio\base_events.py", line 677, in run_forever
    self._run_once()
  File "C:\Users\Administrator\AppData\Local\Programs\Python\Python314\Lib\asyncio\base_events.py", line 2057, in _run_once
    handle._run()
  File "C:\Users\Administrator\AppData\Local\Programs\Python\Python314\Lib\asyncio\events.py", line 94, in _run
    self._context.run(self._callback, *self._args)
  File "D:\Project\ASTRA\backend\tests\services\test_policy_engine.py", line 131, in test_policy_engine_conflict_resolution
    action = await engine_svc.evaluate_observation(obs)
  File "D:\Project\ASTRA\backend\services\policy_engine.py", line 47, in evaluate_observation
    logger.warning(
Message: 'Policy conflict detected'
Arguments: ()
--- Logging error ---
Traceback (most recent call last):
  File "C:\Users\Administrator\AppData\Local\Programs\Python\Python314\Lib\logging\__init__.py", line 1151, in emit
    msg = self.format(record)
  File "C:\Users\Administrator\AppData\Local\Programs\Python\Python314\Lib\logging\__init__.py", line 999, in format
    return fmt.format(record)
           ~~~~~~~~~~^^^^^^^^
  File "C:\Users\Administrator\AppData\Local\Programs\Python\Python314\Lib\site-packages\pythonjsonlogger\jsonlogger.py", line 243, in format
    self.add_fields(log_record, record, message_dict)
    ~~~~~~~~~~~~~~~^^^^^^^^^^^^^^^^^^^^^^^^^^^^^^^^^^
  File "C:\Users\Administrator\AppData\Local\Programs\Python\Python314\Lib\site-packages\pythonjsonlogger\jsonlogger.py", line 191, in add_fields
    self._perform_rename_log_fields(log_record)
    ~~~~~~~~~~~~~~~~~~~~~~~~~~~~~~~^^^^^^^^^^^^
  File "C:\Users\Administrator\AppData\Local\Programs\Python\Python314\Lib\site-packages\pythonjsonlogger\jsonlogger.py", line 195, in _perform_rename_log_fields
    log_record[new_field_name] = log_record[old_field_name]
                                 ~~~~~~~~~~^^^^^^^^^^^^^^^^
KeyError: 'levelname'
Call stack:
  File "<frozen runpy>", line 203, in _run_module_as_main
  File "<frozen runpy>", line 88, in _run_code
  File "C:\Users\Administrator\AppData\Local\Programs\Python\Python314\Scripts\pytest.exe\__main__.py", line 5, in <module>
    sys.exit(_console_main())
  File "C:\Users\Administrator\AppData\Local\Programs\Python\Python314\Lib\site-packages\_pytest\config\__init__.py", line 253, in _console_main
    code = _main(prog=_get_prog_name(sys.argv))
  File "C:\Users\Administrator\AppData\Local\Programs\Python\Python314\Lib\site-packages\_pytest\config\__init__.py", line 229, in _main
    ret: ExitCode | int = config.hook.pytest_cmdline_main(config=config)
  File "C:\Users\Administrator\AppData\Local\Programs\Python\Python314\Lib\site-packages\pluggy\_hooks.py", line 512, in __call__
    return self._hookexec(self.name, self._hookimpls.copy(), kwargs, firstresult)
  File "C:\Users\Administrator\AppData\Local\Programs\Python\Python314\Lib\site-packages\pluggy\_manager.py", line 120, in _hookexec
    return self._inner_hookexec(hook_name, methods, kwargs, firstresult)
  File "C:\Users\Administrator\AppData\Local\Programs\Python\Python314\Lib\site-packages\pluggy\_callers.py", line 121, in _multicall
    res = hook_impl.function(*args)
  File "C:\Users\Administrator\AppData\Local\Programs\Python\Python314\Lib\site-packages\_pytest\main.py", line 377, in pytest_cmdline_main
    return wrap_session(config, _main)
  File "C:\Users\Administrator\AppData\Local\Programs\Python\Python314\Lib\site-packages\_pytest\main.py", line 330, in wrap_session
    session.exitstatus = doit(config, session) or 0
  File "C:\Users\Administrator\AppData\Local\Programs\Python\Python314\Lib\site-packages\_pytest\main.py", line 384, in _main
    config.hook.pytest_runtestloop(session=session)
  File "C:\Users\Administrator\AppData\Local\Programs\Python\Python314\Lib\site-packages\pluggy\_hooks.py", line 512, in __call__
    return self._hookexec(self.name, self._hookimpls.copy(), kwargs, firstresult)
  File "C:\Users\Administrator\AppData\Local\Programs\Python\Python314\Lib\site-packages\pluggy\_manager.py", line 120, in _hookexec
    return self._inner_hookexec(hook_name, methods, kwargs, firstresult)
  File "C:\Users\Administrator\AppData\Local\Programs\Python\Python314\Lib\site-packages\pluggy\_callers.py", line 121, in _multicall
    res = hook_impl.function(*args)
  File "C:\Users\Administrator\AppData\Local\Programs\Python\Python314\Lib\site-packages\_pytest\main.py", line 408, in pytest_runtestloop
    item.config.hook.pytest_runtest_protocol(item=item, nextitem=nextitem)
  File "C:\Users\Administrator\AppData\Local\Programs\Python\Python314\Lib\site-packages\pluggy\_hooks.py", line 512, in __call__
    return self._hookexec(self.name, self._hookimpls.copy(), kwargs, firstresult)
  File "C:\Users\Administrator\AppData\Local\Programs\Python\Python314\Lib\site-packages\pluggy\_manager.py", line 120, in _hookexec
    return self._inner_hookexec(hook_name, methods, kwargs, firstresult)
  File "C:\Users\Administrator\AppData\Local\Programs\Python\Python314\Lib\site-packages\pluggy\_callers.py", line 121, in _multicall
    res = hook_impl.function(*args)
  File "C:\Users\Administrator\AppData\Local\Programs\Python\Python314\Lib\site-packages\_pytest\runner.py", line 118, in pytest_runtest_protocol
    runtestprotocol(item, nextitem=nextitem)
  File "C:\Users\Administrator\AppData\Local\Programs\Python\Python314\Lib\site-packages\_pytest\runner.py", line 139, in runtestprotocol
    reports.append(call_and_report(item, "call", log))
  File "C:\Users\Administrator\AppData\Local\Programs\Python\Python314\Lib\site-packages\_pytest\runner.py", line 249, in call_and_report
    call = CallInfo.from_call(
  File "C:\Users\Administrator\AppData\Local\Programs\Python\Python314\Lib\site-packages\_pytest\runner.py", line 361, in from_call
    result: TResult | None = func()
  File "C:\Users\Administrator\AppData\Local\Programs\Python\Python314\Lib\site-packages\_pytest\runner.py", line 250, in <lambda>
    lambda: runtest_hook(item=item, **kwds),
  File "C:\Users\Administrator\AppData\Local\Programs\Python\Python314\Lib\site-packages\pluggy\_hooks.py", line 512, in __call__
    return self._hookexec(self.name, self._hookimpls.copy(), kwargs, firstresult)
  File "C:\Users\Administrator\AppData\Local\Programs\Python\Python314\Lib\site-packages\pluggy\_manager.py", line 120, in _hookexec
    return self._inner_hookexec(hook_name, methods, kwargs, firstresult)
  File "C:\Users\Administrator\AppData\Local\Programs\Python\Python314\Lib\site-packages\pluggy\_callers.py", line 121, in _multicall
    res = hook_impl.function(*args)
  File "C:\Users\Administrator\AppData\Local\Programs\Python\Python314\Lib\site-packages\_pytest\runner.py", line 184, in pytest_runtest_call
    item.runtest()
  File "C:\Users\Administrator\AppData\Local\Programs\Python\Python314\Lib\site-packages\pytest_asyncio\plugin.py", line 569, in runtest
    super().runtest()
  File "C:\Users\Administrator\AppData\Local\Programs\Python\Python314\Lib\site-packages\_pytest\python.py", line 1707, in runtest
    self.ihook.pytest_pyfunc_call(pyfuncitem=self)
  File "C:\Users\Administrator\AppData\Local\Programs\Python\Python314\Lib\site-packages\pluggy\_hooks.py", line 512, in __call__
    return self._hookexec(self.name, self._hookimpls.copy(), kwargs, firstresult)
  File "C:\Users\Administrator\AppData\Local\Programs\Python\Python314\Lib\site-packages\pluggy\_manager.py", line 120, in _hookexec
    return self._inner_hookexec(hook_name, methods, kwargs, firstresult)
  File "C:\Users\Administrator\AppData\Local\Programs\Python\Python314\Lib\site-packages\pluggy\_callers.py", line 121, in _multicall
    res = hook_impl.function(*args)
  File "C:\Users\Administrator\AppData\Local\Programs\Python\Python314\Lib\site-packages\_pytest\python.py", line 167, in pytest_pyfunc_call
    result = testfunction(**testargs)
  File "C:\Users\Administrator\AppData\Local\Programs\Python\Python314\Lib\site-packages\pytest_asyncio\plugin.py", line 905, in inner
    runner.run(coro, context=context)
  File "C:\Users\Administrator\AppData\Local\Programs\Python\Python314\Lib\asyncio\runners.py", line 127, in run
    return self._loop.run_until_complete(task)
  File "C:\Users\Administrator\AppData\Local\Programs\Python\Python314\Lib\asyncio\base_events.py", line 706, in run_until_complete
    self.run_forever()
  File "C:\Users\Administrator\AppData\Local\Programs\Python\Python314\Lib\asyncio\base_events.py", line 677, in run_forever
    self._run_once()
  File "C:\Users\Administrator\AppData\Local\Programs\Python\Python314\Lib\asyncio\base_events.py", line 2057, in _run_once
    handle._run()
  File "C:\Users\Administrator\AppData\Local\Programs\Python\Python314\Lib\asyncio\events.py", line 94, in _run
    self._context.run(self._callback, *self._args)
  File "D:\Project\ASTRA\backend\tests\services\test_policy_engine.py", line 131, in test_policy_engine_conflict_resolution
    action = await engine_svc.evaluate_observation(obs)
  File "D:\Project\ASTRA\backend\services\policy_engine.py", line 56, in evaluate_observation
    logger.info("metric", extra={"policy_conflicts": 1})
Message: 'metric'
Arguments: ()
--- Logging error ---
Traceback (most recent call last):
  File "C:\Users\Administrator\AppData\Local\Programs\Python\Python314\Lib\logging\__init__.py", line 1151, in emit
    msg = self.format(record)
  File "C:\Users\Administrator\AppData\Local\Programs\Python\Python314\Lib\logging\__init__.py", line 999, in format
    return fmt.format(record)
           ~~~~~~~~~~^^^^^^^^
  File "C:\Users\Administrator\AppData\Local\Programs\Python\Python314\Lib\site-packages\pythonjsonlogger\jsonlogger.py", line 243, in format
    self.add_fields(log_record, record, message_dict)
    ~~~~~~~~~~~~~~~^^^^^^^^^^^^^^^^^^^^^^^^^^^^^^^^^^
  File "C:\Users\Administrator\AppData\Local\Programs\Python\Python314\Lib\site-packages\pythonjsonlogger\jsonlogger.py", line 191, in add_fields
    self._perform_rename_log_fields(log_record)
    ~~~~~~~~~~~~~~~~~~~~~~~~~~~~~~~^^^^^^^^^^^^
  File "C:\Users\Administrator\AppData\Local\Programs\Python\Python314\Lib\site-packages\pythonjsonlogger\jsonlogger.py", line 195, in _perform_rename_log_fields
    log_record[new_field_name] = log_record[old_field_name]
                                 ~~~~~~~~~~^^^^^^^^^^^^^^^^
KeyError: 'levelname'
Call stack:
  File "<frozen runpy>", line 203, in _run_module_as_main
  File "<frozen runpy>", line 88, in _run_code
  File "C:\Users\Administrator\AppData\Local\Programs\Python\Python314\Scripts\pytest.exe\__main__.py", line 5, in <module>
    sys.exit(_console_main())
  File "C:\Users\Administrator\AppData\Local\Programs\Python\Python314\Lib\site-packages\_pytest\config\__init__.py", line 253, in _console_main
    code = _main(prog=_get_prog_name(sys.argv))
  File "C:\Users\Administrator\AppData\Local\Programs\Python\Python314\Lib\site-packages\_pytest\config\__init__.py", line 229, in _main
    ret: ExitCode | int = config.hook.pytest_cmdline_main(config=config)
  File "C:\Users\Administrator\AppData\Local\Programs\Python\Python314\Lib\site-packages\pluggy\_hooks.py", line 512, in __call__
    return self._hookexec(self.name, self._hookimpls.copy(), kwargs, firstresult)
  File "C:\Users\Administrator\AppData\Local\Programs\Python\Python314\Lib\site-packages\pluggy\_manager.py", line 120, in _hookexec
    return self._inner_hookexec(hook_name, methods, kwargs, firstresult)
  File "C:\Users\Administrator\AppData\Local\Programs\Python\Python314\Lib\site-packages\pluggy\_callers.py", line 121, in _multicall
    res = hook_impl.function(*args)
  File "C:\Users\Administrator\AppData\Local\Programs\Python\Python314\Lib\site-packages\_pytest\main.py", line 377, in pytest_cmdline_main
    return wrap_session(config, _main)
  File "C:\Users\Administrator\AppData\Local\Programs\Python\Python314\Lib\site-packages\_pytest\main.py", line 330, in wrap_session
    session.exitstatus = doit(config, session) or 0
  File "C:\Users\Administrator\AppData\Local\Programs\Python\Python314\Lib\site-packages\_pytest\main.py", line 384, in _main
    config.hook.pytest_runtestloop(session=session)
  File "C:\Users\Administrator\AppData\Local\Programs\Python\Python314\Lib\site-packages\pluggy\_hooks.py", line 512, in __call__
    return self._hookexec(self.name, self._hookimpls.copy(), kwargs, firstresult)
  File "C:\Users\Administrator\AppData\Local\Programs\Python\Python314\Lib\site-packages\pluggy\_manager.py", line 120, in _hookexec
    return self._inner_hookexec(hook_name, methods, kwargs, firstresult)
  File "C:\Users\Administrator\AppData\Local\Programs\Python\Python314\Lib\site-packages\pluggy\_callers.py", line 121, in _multicall
    res = hook_impl.function(*args)
  File "C:\Users\Administrator\AppData\Local\Programs\Python\Python314\Lib\site-packages\_pytest\main.py", line 408, in pytest_runtestloop
    item.config.hook.pytest_runtest_protocol(item=item, nextitem=nextitem)
  File "C:\Users\Administrator\AppData\Local\Programs\Python\Python314\Lib\site-packages\pluggy\_hooks.py", line 512, in __call__
    return self._hookexec(self.name, self._hookimpls.copy(), kwargs, firstresult)
  File "C:\Users\Administrator\AppData\Local\Programs\Python\Python314\Lib\site-packages\pluggy\_manager.py", line 120, in _hookexec
    return self._inner_hookexec(hook_name, methods, kwargs, firstresult)
  File "C:\Users\Administrator\AppData\Local\Programs\Python\Python314\Lib\site-packages\pluggy\_callers.py", line 121, in _multicall
    res = hook_impl.function(*args)
  File "C:\Users\Administrator\AppData\Local\Programs\Python\Python314\Lib\site-packages\_pytest\runner.py", line 118, in pytest_runtest_protocol
    runtestprotocol(item, nextitem=nextitem)
  File "C:\Users\Administrator\AppData\Local\Programs\Python\Python314\Lib\site-packages\_pytest\runner.py", line 139, in runtestprotocol
    reports.append(call_and_report(item, "call", log))
  File "C:\Users\Administrator\AppData\Local\Programs\Python\Python314\Lib\site-packages\_pytest\runner.py", line 249, in call_and_report
    call = CallInfo.from_call(
  File "C:\Users\Administrator\AppData\Local\Programs\Python\Python314\Lib\site-packages\_pytest\runner.py", line 361, in from_call
    result: TResult | None = func()
  File "C:\Users\Administrator\AppData\Local\Programs\Python\Python314\Lib\site-packages\_pytest\runner.py", line 250, in <lambda>
    lambda: runtest_hook(item=item, **kwds),
  File "C:\Users\Administrator\AppData\Local\Programs\Python\Python314\Lib\site-packages\pluggy\_hooks.py", line 512, in __call__
    return self._hookexec(self.name, self._hookimpls.copy(), kwargs, firstresult)
  File "C:\Users\Administrator\AppData\Local\Programs\Python\Python314\Lib\site-packages\pluggy\_manager.py", line 120, in _hookexec
    return self._inner_hookexec(hook_name, methods, kwargs, firstresult)
  File "C:\Users\Administrator\AppData\Local\Programs\Python\Python314\Lib\site-packages\pluggy\_callers.py", line 121, in _multicall
    res = hook_impl.function(*args)
  File "C:\Users\Administrator\AppData\Local\Programs\Python\Python314\Lib\site-packages\_pytest\runner.py", line 184, in pytest_runtest_call
    item.runtest()
  File "C:\Users\Administrator\AppData\Local\Programs\Python\Python314\Lib\site-packages\pytest_asyncio\plugin.py", line 569, in runtest
    super().runtest()
  File "C:\Users\Administrator\AppData\Local\Programs\Python\Python314\Lib\site-packages\_pytest\python.py", line 1707, in runtest
    self.ihook.pytest_pyfunc_call(pyfuncitem=self)
  File "C:\Users\Administrator\AppData\Local\Programs\Python\Python314\Lib\site-packages\pluggy\_hooks.py", line 512, in __call__
    return self._hookexec(self.name, self._hookimpls.copy(), kwargs, firstresult)
  File "C:\Users\Administrator\AppData\Local\Programs\Python\Python314\Lib\site-packages\pluggy\_manager.py", line 120, in _hookexec
    return self._inner_hookexec(hook_name, methods, kwargs, firstresult)
  File "C:\Users\Administrator\AppData\Local\Programs\Python\Python314\Lib\site-packages\pluggy\_callers.py", line 121, in _multicall
    res = hook_impl.function(*args)
  File "C:\Users\Administrator\AppData\Local\Programs\Python\Python314\Lib\site-packages\_pytest\python.py", line 167, in pytest_pyfunc_call
    result = testfunction(**testargs)
  File "C:\Users\Administrator\AppData\Local\Programs\Python\Python314\Lib\site-packages\pytest_asyncio\plugin.py", line 905, in inner
    runner.run(coro, context=context)
  File "C:\Users\Administrator\AppData\Local\Programs\Python\Python314\Lib\asyncio\runners.py", line 127, in run
    return self._loop.run_until_complete(task)
  File "C:\Users\Administrator\AppData\Local\Programs\Python\Python314\Lib\asyncio\base_events.py", line 706, in run_until_complete
    self.run_forever()
  File "C:\Users\Administrator\AppData\Local\Programs\Python\Python314\Lib\asyncio\base_events.py", line 677, in run_forever
    self._run_once()
  File "C:\Users\Administrator\AppData\Local\Programs\Python\Python314\Lib\asyncio\base_events.py", line 2057, in _run_once
    handle._run()
  File "C:\Users\Administrator\AppData\Local\Programs\Python\Python314\Lib\asyncio\events.py", line 94, in _run
    self._context.run(self._callback, *self._args)
  File "D:\Project\ASTRA\backend\tests\services\test_policy_engine.py", line 131, in test_policy_engine_conflict_resolution
    action = await engine_svc.evaluate_observation(obs)
  File "D:\Project\ASTRA\backend\services\policy_engine.py", line 59, in evaluate_observation
    logger.info("metric", extra={"policy_matches": 1})
Message: 'metric'
Arguments: ()
------------------------------ Captured log call ------------------------------
WARNING  root:policy_engine.py:47 Policy conflict detected
INFO     root:policy_engine.py:56 metric
INFO     root:policy_engine.py:59 metric
_____________________ test_policy_engine_performance_10k ______________________
C:\Users\Administrator\AppData\Local\Programs\Python\Python314\Lib\site-packages\sqlalchemy\dialects\postgresql\asyncpg.py:550: in _prepare_and_execute
    self._rows = deque(await prepared_stmt.fetch(*parameters))
                       ^^^^^^^^^^^^^^^^^^^^^^^^^^^^^^^^^^^^^^
C:\Users\Administrator\AppData\Local\Programs\Python\Python314\Lib\site-packages\asyncpg\prepared_stmt.py:177: in fetch
    data = await self.__bind_execute(args, 0, timeout)
           ^^^^^^^^^^^^^^^^^^^^^^^^^^^^^^^^^^^^^^^^^^^
C:\Users\Administrator\AppData\Local\Programs\Python\Python314\Lib\site-packages\asyncpg\prepared_stmt.py:268: in __bind_execute
    data, status, _ = await self.__do_execute(
C:\Users\Administrator\AppData\Local\Programs\Python\Python314\Lib\site-packages\asyncpg\prepared_stmt.py:257: in __do_execute
    return await executor(protocol)
           ^^^^^^^^^^^^^^^^^^^^^^^^
asyncpg/protocol/protocol.pyx:205: in bind_execute
    ???
E   asyncpg.exceptions.ForeignKeyViolationError: insert or update on table "policy_evaluations" violates foreign key constraint "policy_evaluations_observation_id_fkey"
E   DETAIL:  Key (observation_id)=(447c283a-e583-4726-b84c-33c7ad5d356e) is not present in table "observations".

The above exception was the direct cause of the following exception:
C:\Users\Administrator\AppData\Local\Programs\Python\Python314\Lib\site-packages\sqlalchemy\engine\base.py:1969: in _exec_single_context
    self.dialect.do_execute(
C:\Users\Administrator\AppData\Local\Programs\Python\Python314\Lib\site-packages\sqlalchemy\engine\default.py:952: in do_execute
    cursor.execute(statement, parameters)
C:\Users\Administrator\AppData\Local\Programs\Python\Python314\Lib\site-packages\sqlalchemy\dialects\postgresql\asyncpg.py:585: in execute
    self._adapt_connection.await_(
C:\Users\Administrator\AppData\Local\Programs\Python\Python314\Lib\site-packages\sqlalchemy\util\_concurrency_py3k.py:132: in await_only
    return current.parent.switch(awaitable)  # type: ignore[no-any-return,attr-defined] # noqa: E501
           ^^^^^^^^^^^^^^^^^^^^^^^^^^^^^^^^
C:\Users\Administrator\AppData\Local\Programs\Python\Python314\Lib\site-packages\sqlalchemy\util\_concurrency_py3k.py:196: in greenlet_spawn
    value = await result
            ^^^^^^^^^^^^
C:\Users\Administrator\AppData\Local\Programs\Python\Python314\Lib\site-packages\sqlalchemy\dialects\postgresql\asyncpg.py:563: in _prepare_and_execute
    self._handle_exception(error)
C:\Users\Administrator\AppData\Local\Programs\Python\Python314\Lib\site-packages\sqlalchemy\dialects\postgresql\asyncpg.py:513: in _handle_exception
    self._adapt_connection._handle_exception(error)
C:\Users\Administrator\AppData\Local\Programs\Python\Python314\Lib\site-packages\sqlalchemy\dialects\postgresql\asyncpg.py:797: in _handle_exception
    raise translated_error from error
E   sqlalchemy.dialects.postgresql.asyncpg.AsyncAdapt_asyncpg_dbapi.IntegrityError: <class 'asyncpg.exceptions.ForeignKeyViolationError'>: insert or update on table "policy_evaluations" violates foreign key constraint "policy_evaluations_observation_id_fkey"
E   DETAIL:  Key (observation_id)=(447c283a-e583-4726-b84c-33c7ad5d356e) is not present in table "observations".

The above exception was the direct cause of the following exception:
tests\services\test_policy_engine.py:157: in test_policy_engine_performance_10k
    await engine_svc.evaluate_observation(obs)
services\policy_engine.py:71: in evaluate_observation
    await self.policy_repo.record_evaluation(evaluation)
repositories\policy.py:59: in record_evaluation
    await self.session.commit()
C:\Users\Administrator\AppData\Local\Programs\Python\Python314\Lib\site-packages\sqlalchemy\ext\asyncio\session.py:999: in commit
    await greenlet_spawn(self.sync_session.commit)
C:\Users\Administrator\AppData\Local\Programs\Python\Python314\Lib\site-packages\sqlalchemy\util\_concurrency_py3k.py:203: in greenlet_spawn
    result = context.switch(value)
             ^^^^^^^^^^^^^^^^^^^^^
C:\Users\Administrator\AppData\Local\Programs\Python\Python314\Lib\site-packages\sqlalchemy\orm\session.py:2034: in commit
    trans.commit(_to_root=True)
<string>:2: in commit
    ???
C:\Users\Administrator\AppData\Local\Programs\Python\Python314\Lib\site-packages\sqlalchemy\orm\state_changes.py:137: in _go
    ret_value = fn(self, *arg, **kw)
                ^^^^^^^^^^^^^^^^^^^^
C:\Users\Administrator\AppData\Local\Programs\Python\Python314\Lib\site-packages\sqlalchemy\orm\session.py:1315: in commit
    self._prepare_impl()
<string>:2: in _prepare_impl
    ???
C:\Users\Administrator\AppData\Local\Programs\Python\Python314\Lib\site-packages\sqlalchemy\orm\state_changes.py:137: in _go
    ret_value = fn(self, *arg, **kw)
                ^^^^^^^^^^^^^^^^^^^^
C:\Users\Administrator\AppData\Local\Programs\Python\Python314\Lib\site-packages\sqlalchemy\orm\session.py:1290: in _prepare_impl
    self.session.flush()
C:\Users\Administrator\AppData\Local\Programs\Python\Python314\Lib\site-packages\sqlalchemy\orm\session.py:4352: in flush
    self._flush(objects)
C:\Users\Administrator\AppData\Local\Programs\Python\Python314\Lib\site-packages\sqlalchemy\orm\session.py:4487: in _flush
    with util.safe_reraise():
         ^^^^^^^^^^^^^^^^^^^
C:\Users\Administrator\AppData\Local\Programs\Python\Python314\Lib\site-packages\sqlalchemy\util\langhelpers.py:122: in __exit__
    raise exc_value.with_traceback(exc_tb)
C:\Users\Administrator\AppData\Local\Programs\Python\Python314\Lib\site-packages\sqlalchemy\orm\session.py:4448: in _flush
    flush_context.execute()
C:\Users\Administrator\AppData\Local\Programs\Python\Python314\Lib\site-packages\sqlalchemy\orm\unitofwork.py:465: in execute
    rec.execute(self)
C:\Users\Administrator\AppData\Local\Programs\Python\Python314\Lib\site-packages\sqlalchemy\orm\unitofwork.py:641: in execute
    util.preloaded.orm_persistence.save_obj(
C:\Users\Administrator\AppData\Local\Programs\Python\Python314\Lib\site-packages\sqlalchemy\orm\persistence.py:94: in save_obj
    _emit_insert_statements(
C:\Users\Administrator\AppData\Local\Programs\Python\Python314\Lib\site-packages\sqlalchemy\orm\persistence.py:1234: in _emit_insert_statements
    result = connection.execute(
C:\Users\Administrator\AppData\Local\Programs\Python\Python314\Lib\site-packages\sqlalchemy\engine\base.py:1421: in execute
    return meth(
C:\Users\Administrator\AppData\Local\Programs\Python\Python314\Lib\site-packages\sqlalchemy\sql\elements.py:526: in _execute_on_connection
    return connection._execute_clauseelement(
C:\Users\Administrator\AppData\Local\Programs\Python\Python314\Lib\site-packages\sqlalchemy\engine\base.py:1643: in _execute_clauseelement
    ret = self._execute_context(
C:\Users\Administrator\AppData\Local\Programs\Python\Python314\Lib\site-packages\sqlalchemy\engine\base.py:1848: in _execute_context
    return self._exec_single_context(
C:\Users\Administrator\AppData\Local\Programs\Python\Python314\Lib\site-packages\sqlalchemy\engine\base.py:1988: in _exec_single_context
    self._handle_dbapi_exception(
C:\Users\Administrator\AppData\Local\Programs\Python\Python314\Lib\site-packages\sqlalchemy\engine\base.py:2365: in _handle_dbapi_exception
    raise sqlalchemy_exception.with_traceback(exc_info[2]) from e
C:\Users\Administrator\AppData\Local\Programs\Python\Python314\Lib\site-packages\sqlalchemy\engine\base.py:1969: in _exec_single_context
    self.dialect.do_execute(
C:\Users\Administrator\AppData\Local\Programs\Python\Python314\Lib\site-packages\sqlalchemy\engine\default.py:952: in do_execute
    cursor.execute(statement, parameters)
C:\Users\Administrator\AppData\Local\Programs\Python\Python314\Lib\site-packages\sqlalchemy\dialects\postgresql\asyncpg.py:585: in execute
    self._adapt_connection.await_(
C:\Users\Administrator\AppData\Local\Programs\Python\Python314\Lib\site-packages\sqlalchemy\util\_concurrency_py3k.py:132: in await_only
    return current.parent.switch(awaitable)  # type: ignore[no-any-return,attr-defined] # noqa: E501
           ^^^^^^^^^^^^^^^^^^^^^^^^^^^^^^^^
C:\Users\Administrator\AppData\Local\Programs\Python\Python314\Lib\site-packages\sqlalchemy\util\_concurrency_py3k.py:196: in greenlet_spawn
    value = await result
            ^^^^^^^^^^^^
C:\Users\Administrator\AppData\Local\Programs\Python\Python314\Lib\site-packages\sqlalchemy\dialects\postgresql\asyncpg.py:563: in _prepare_and_execute
    self._handle_exception(error)
C:\Users\Administrator\AppData\Local\Programs\Python\Python314\Lib\site-packages\sqlalchemy\dialects\postgresql\asyncpg.py:513: in _handle_exception
    self._adapt_connection._handle_exception(error)
C:\Users\Administrator\AppData\Local\Programs\Python\Python314\Lib\site-packages\sqlalchemy\dialects\postgresql\asyncpg.py:797: in _handle_exception
    raise translated_error from error
E   sqlalchemy.exc.IntegrityError: (sqlalchemy.dialects.postgresql.asyncpg.IntegrityError) <class 'asyncpg.exceptions.ForeignKeyViolationError'>: insert or update on table "policy_evaluations" violates foreign key constraint "policy_evaluations_observation_id_fkey"
E   DETAIL:  Key (observation_id)=(447c283a-e583-4726-b84c-33c7ad5d356e) is not present in table "observations".
E   [SQL: INSERT INTO policy_evaluations (id, policy_id, observation_id, decision_reason, action) VALUES ($1::UUID, $2::UUID, $3::UUID, $4::VARCHAR, $5::policyaction) RETURNING policy_evaluations.evaluation_time]
E   [parameters: (UUID('52249d27-fdfd-4c28-8294-a57828b7ce62'), UUID('73f8d0c0-463e-4372-abe5-9613d129db99'), UUID('447c283a-e583-4726-b84c-33c7ad5d356e'), "Matched policy 'Perf 2' (Priority 200)", 'REVIEW_REQUIRED')]
E   (Background on this error at: https://sqlalche.me/e/20/gkpj)
---------------------------- Captured stderr call -----------------------------
--- Logging error ---
Traceback (most recent call last):
  File "C:\Users\Administrator\AppData\Local\Programs\Python\Python314\Lib\logging\__init__.py", line 1151, in emit
    msg = self.format(record)
  File "C:\Users\Administrator\AppData\Local\Programs\Python\Python314\Lib\logging\__init__.py", line 999, in format
    return fmt.format(record)
           ~~~~~~~~~~^^^^^^^^
  File "C:\Users\Administrator\AppData\Local\Programs\Python\Python314\Lib\site-packages\pythonjsonlogger\jsonlogger.py", line 243, in format
    self.add_fields(log_record, record, message_dict)
    ~~~~~~~~~~~~~~~^^^^^^^^^^^^^^^^^^^^^^^^^^^^^^^^^^
  File "C:\Users\Administrator\AppData\Local\Programs\Python\Python314\Lib\site-packages\pythonjsonlogger\jsonlogger.py", line 191, in add_fields
    self._perform_rename_log_fields(log_record)
    ~~~~~~~~~~~~~~~~~~~~~~~~~~~~~~~^^^^^^^^^^^^
  File "C:\Users\Administrator\AppData\Local\Programs\Python\Python314\Lib\site-packages\pythonjsonlogger\jsonlogger.py", line 195, in _perform_rename_log_fields
    log_record[new_field_name] = log_record[old_field_name]
                                 ~~~~~~~~~~^^^^^^^^^^^^^^^^
KeyError: 'levelname'
Call stack:
  File "<frozen runpy>", line 203, in _run_module_as_main
  File "<frozen runpy>", line 88, in _run_code
  File "C:\Users\Administrator\AppData\Local\Programs\Python\Python314\Scripts\pytest.exe\__main__.py", line 5, in <module>
    sys.exit(_console_main())
  File "C:\Users\Administrator\AppData\Local\Programs\Python\Python314\Lib\site-packages\_pytest\config\__init__.py", line 253, in _console_main
    code = _main(prog=_get_prog_name(sys.argv))
  File "C:\Users\Administrator\AppData\Local\Programs\Python\Python314\Lib\site-packages\_pytest\config\__init__.py", line 229, in _main
    ret: ExitCode | int = config.hook.pytest_cmdline_main(config=config)
  File "C:\Users\Administrator\AppData\Local\Programs\Python\Python314\Lib\site-packages\pluggy\_hooks.py", line 512, in __call__
    return self._hookexec(self.name, self._hookimpls.copy(), kwargs, firstresult)
  File "C:\Users\Administrator\AppData\Local\Programs\Python\Python314\Lib\site-packages\pluggy\_manager.py", line 120, in _hookexec
    return self._inner_hookexec(hook_name, methods, kwargs, firstresult)
  File "C:\Users\Administrator\AppData\Local\Programs\Python\Python314\Lib\site-packages\pluggy\_callers.py", line 121, in _multicall
    res = hook_impl.function(*args)
  File "C:\Users\Administrator\AppData\Local\Programs\Python\Python314\Lib\site-packages\_pytest\main.py", line 377, in pytest_cmdline_main
    return wrap_session(config, _main)
  File "C:\Users\Administrator\AppData\Local\Programs\Python\Python314\Lib\site-packages\_pytest\main.py", line 330, in wrap_session
    session.exitstatus = doit(config, session) or 0
  File "C:\Users\Administrator\AppData\Local\Programs\Python\Python314\Lib\site-packages\_pytest\main.py", line 384, in _main
    config.hook.pytest_runtestloop(session=session)
  File "C:\Users\Administrator\AppData\Local\Programs\Python\Python314\Lib\site-packages\pluggy\_hooks.py", line 512, in __call__
    return self._hookexec(self.name, self._hookimpls.copy(), kwargs, firstresult)
  File "C:\Users\Administrator\AppData\Local\Programs\Python\Python314\Lib\site-packages\pluggy\_manager.py", line 120, in _hookexec
    return self._inner_hookexec(hook_name, methods, kwargs, firstresult)
  File "C:\Users\Administrator\AppData\Local\Programs\Python\Python314\Lib\site-packages\pluggy\_callers.py", line 121, in _multicall
    res = hook_impl.function(*args)
  File "C:\Users\Administrator\AppData\Local\Programs\Python\Python314\Lib\site-packages\_pytest\main.py", line 408, in pytest_runtestloop
    item.config.hook.pytest_runtest_protocol(item=item, nextitem=nextitem)
  File "C:\Users\Administrator\AppData\Local\Programs\Python\Python314\Lib\site-packages\pluggy\_hooks.py", line 512, in __call__
    return self._hookexec(self.name, self._hookimpls.copy(), kwargs, firstresult)
  File "C:\Users\Administrator\AppData\Local\Programs\Python\Python314\Lib\site-packages\pluggy\_manager.py", line 120, in _hookexec
    return self._inner_hookexec(hook_name, methods, kwargs, firstresult)
  File "C:\Users\Administrator\AppData\Local\Programs\Python\Python314\Lib\site-packages\pluggy\_callers.py", line 121, in _multicall
    res = hook_impl.function(*args)
  File "C:\Users\Administrator\AppData\Local\Programs\Python\Python314\Lib\site-packages\_pytest\runner.py", line 118, in pytest_runtest_protocol
    runtestprotocol(item, nextitem=nextitem)
  File "C:\Users\Administrator\AppData\Local\Programs\Python\Python314\Lib\site-packages\_pytest\runner.py", line 139, in runtestprotocol
    reports.append(call_and_report(item, "call", log))
  File "C:\Users\Administrator\AppData\Local\Programs\Python\Python314\Lib\site-packages\_pytest\runner.py", line 249, in call_and_report
    call = CallInfo.from_call(
  File "C:\Users\Administrator\AppData\Local\Programs\Python\Python314\Lib\site-packages\_pytest\runner.py", line 361, in from_call
    result: TResult | None = func()
  File "C:\Users\Administrator\AppData\Local\Programs\Python\Python314\Lib\site-packages\_pytest\runner.py", line 250, in <lambda>
    lambda: runtest_hook(item=item, **kwds),
  File "C:\Users\Administrator\AppData\Local\Programs\Python\Python314\Lib\site-packages\pluggy\_hooks.py", line 512, in __call__
    return self._hookexec(self.name, self._hookimpls.copy(), kwargs, firstresult)
  File "C:\Users\Administrator\AppData\Local\Programs\Python\Python314\Lib\site-packages\pluggy\_manager.py", line 120, in _hookexec
    return self._inner_hookexec(hook_name, methods, kwargs, firstresult)
  File "C:\Users\Administrator\AppData\Local\Programs\Python\Python314\Lib\site-packages\pluggy\_callers.py", line 121, in _multicall
    res = hook_impl.function(*args)
  File "C:\Users\Administrator\AppData\Local\Programs\Python\Python314\Lib\site-packages\_pytest\runner.py", line 184, in pytest_runtest_call
    item.runtest()
  File "C:\Users\Administrator\AppData\Local\Programs\Python\Python314\Lib\site-packages\pytest_asyncio\plugin.py", line 569, in runtest
    super().runtest()
  File "C:\Users\Administrator\AppData\Local\Programs\Python\Python314\Lib\site-packages\_pytest\python.py", line 1707, in runtest
    self.ihook.pytest_pyfunc_call(pyfuncitem=self)
  File "C:\Users\Administrator\AppData\Local\Programs\Python\Python314\Lib\site-packages\pluggy\_hooks.py", line 512, in __call__
    return self._hookexec(self.name, self._hookimpls.copy(), kwargs, firstresult)
  File "C:\Users\Administrator\AppData\Local\Programs\Python\Python314\Lib\site-packages\pluggy\_manager.py", line 120, in _hookexec
    return self._inner_hookexec(hook_name, methods, kwargs, firstresult)
  File "C:\Users\Administrator\AppData\Local\Programs\Python\Python314\Lib\site-packages\pluggy\_callers.py", line 121, in _multicall
    res = hook_impl.function(*args)
  File "C:\Users\Administrator\AppData\Local\Programs\Python\Python314\Lib\site-packages\_pytest\python.py", line 167, in pytest_pyfunc_call
    result = testfunction(**testargs)
  File "C:\Users\Administrator\AppData\Local\Programs\Python\Python314\Lib\site-packages\pytest_asyncio\plugin.py", line 905, in inner
    runner.run(coro, context=context)
  File "C:\Users\Administrator\AppData\Local\Programs\Python\Python314\Lib\asyncio\runners.py", line 127, in run
    return self._loop.run_until_complete(task)
  File "C:\Users\Administrator\AppData\Local\Programs\Python\Python314\Lib\asyncio\base_events.py", line 706, in run_until_complete
    self.run_forever()
  File "C:\Users\Administrator\AppData\Local\Programs\Python\Python314\Lib\asyncio\base_events.py", line 677, in run_forever
    self._run_once()
  File "C:\Users\Administrator\AppData\Local\Programs\Python\Python314\Lib\asyncio\base_events.py", line 2057, in _run_once
    handle._run()
  File "C:\Users\Administrator\AppData\Local\Programs\Python\Python314\Lib\asyncio\events.py", line 94, in _run
    self._context.run(self._callback, *self._args)
  File "D:\Project\ASTRA\backend\tests\services\test_policy_engine.py", line 157, in test_policy_engine_performance_10k
    await engine_svc.evaluate_observation(obs)
  File "D:\Project\ASTRA\backend\services\policy_engine.py", line 59, in evaluate_observation
    logger.info("metric", extra={"policy_matches": 1})
Message: 'metric'
Arguments: ()
------------------------------ Captured log call ------------------------------
INFO     root:policy_engine.py:59 metric
_____________________ test_api_automation_and_users_gaps ______________________
C:\Users\Administrator\AppData\Local\Programs\Python\Python314\Lib\site-packages\sqlalchemy\dialects\postgresql\asyncpg.py:550: in _prepare_and_execute
    self._rows = deque(await prepared_stmt.fetch(*parameters))
                       ^^^^^^^^^^^^^^^^^^^^^^^^^^^^^^^^^^^^^^
C:\Users\Administrator\AppData\Local\Programs\Python\Python314\Lib\site-packages\asyncpg\prepared_stmt.py:177: in fetch
    data = await self.__bind_execute(args, 0, timeout)
           ^^^^^^^^^^^^^^^^^^^^^^^^^^^^^^^^^^^^^^^^^^^
C:\Users\Administrator\AppData\Local\Programs\Python\Python314\Lib\site-packages\asyncpg\prepared_stmt.py:268: in __bind_execute
    data, status, _ = await self.__do_execute(
C:\Users\Administrator\AppData\Local\Programs\Python\Python314\Lib\site-packages\asyncpg\prepared_stmt.py:257: in __do_execute
    return await executor(protocol)
           ^^^^^^^^^^^^^^^^^^^^^^^^
asyncpg/protocol/protocol.pyx:205: in bind_execute
    ???
E   asyncpg.exceptions.InvalidTextRepresentationError: invalid input value for enum policyaction: "ALLOW"

The above exception was the direct cause of the following exception:
C:\Users\Administrator\AppData\Local\Programs\Python\Python314\Lib\site-packages\sqlalchemy\engine\base.py:1969: in _exec_single_context
    self.dialect.do_execute(
C:\Users\Administrator\AppData\Local\Programs\Python\Python314\Lib\site-packages\sqlalchemy\engine\default.py:952: in do_execute
    cursor.execute(statement, parameters)
C:\Users\Administrator\AppData\Local\Programs\Python\Python314\Lib\site-packages\sqlalchemy\dialects\postgresql\asyncpg.py:585: in execute
    self._adapt_connection.await_(
C:\Users\Administrator\AppData\Local\Programs\Python\Python314\Lib\site-packages\sqlalchemy\util\_concurrency_py3k.py:132: in await_only
    return current.parent.switch(awaitable)  # type: ignore[no-any-return,attr-defined] # noqa: E501
           ^^^^^^^^^^^^^^^^^^^^^^^^^^^^^^^^
C:\Users\Administrator\AppData\Local\Programs\Python\Python314\Lib\site-packages\sqlalchemy\util\_concurrency_py3k.py:196: in greenlet_spawn
    value = await result
            ^^^^^^^^^^^^
C:\Users\Administrator\AppData\Local\Programs\Python\Python314\Lib\site-packages\sqlalchemy\dialects\postgresql\asyncpg.py:563: in _prepare_and_execute
    self._handle_exception(error)
C:\Users\Administrator\AppData\Local\Programs\Python\Python314\Lib\site-packages\sqlalchemy\dialects\postgresql\asyncpg.py:513: in _handle_exception
    self._adapt_connection._handle_exception(error)
C:\Users\Administrator\AppData\Local\Programs\Python\Python314\Lib\site-packages\sqlalchemy\dialects\postgresql\asyncpg.py:797: in _handle_exception
    raise translated_error from error
E   sqlalchemy.dialects.postgresql.asyncpg.AsyncAdapt_asyncpg_dbapi.Error: <class 'asyncpg.exceptions.InvalidTextRepresentationError'>: invalid input value for enum policyaction: "ALLOW"

The above exception was the direct cause of the following exception:
tests\test_coverage_gap_fill.py:518: in test_api_automation_and_users_gaps
    await db_session.commit()
C:\Users\Administrator\AppData\Local\Programs\Python\Python314\Lib\site-packages\sqlalchemy\ext\asyncio\session.py:999: in commit
    await greenlet_spawn(self.sync_session.commit)
C:\Users\Administrator\AppData\Local\Programs\Python\Python314\Lib\site-packages\sqlalchemy\util\_concurrency_py3k.py:203: in greenlet_spawn
    result = context.switch(value)
             ^^^^^^^^^^^^^^^^^^^^^
C:\Users\Administrator\AppData\Local\Programs\Python\Python314\Lib\site-packages\sqlalchemy\orm\session.py:2034: in commit
    trans.commit(_to_root=True)
<string>:2: in commit
    ???
C:\Users\Administrator\AppData\Local\Programs\Python\Python314\Lib\site-packages\sqlalchemy\orm\state_changes.py:137: in _go
    ret_value = fn(self, *arg, **kw)
                ^^^^^^^^^^^^^^^^^^^^
C:\Users\Administrator\AppData\Local\Programs\Python\Python314\Lib\site-packages\sqlalchemy\orm\session.py:1315: in commit
    self._prepare_impl()
<string>:2: in _prepare_impl
    ???
C:\Users\Administrator\AppData\Local\Programs\Python\Python314\Lib\site-packages\sqlalchemy\orm\state_changes.py:137: in _go
    ret_value = fn(self, *arg, **kw)
                ^^^^^^^^^^^^^^^^^^^^
C:\Users\Administrator\AppData\Local\Programs\Python\Python314\Lib\site-packages\sqlalchemy\orm\session.py:1290: in _prepare_impl
    self.session.flush()
C:\Users\Administrator\AppData\Local\Programs\Python\Python314\Lib\site-packages\sqlalchemy\orm\session.py:4352: in flush
    self._flush(objects)
C:\Users\Administrator\AppData\Local\Programs\Python\Python314\Lib\site-packages\sqlalchemy\orm\session.py:4487: in _flush
    with util.safe_reraise():
         ^^^^^^^^^^^^^^^^^^^
C:\Users\Administrator\AppData\Local\Programs\Python\Python314\Lib\site-packages\sqlalchemy\util\langhelpers.py:122: in __exit__
    raise exc_value.with_traceback(exc_tb)
C:\Users\Administrator\AppData\Local\Programs\Python\Python314\Lib\site-packages\sqlalchemy\orm\session.py:4448: in _flush
    flush_context.execute()
C:\Users\Administrator\AppData\Local\Programs\Python\Python314\Lib\site-packages\sqlalchemy\orm\unitofwork.py:465: in execute
    rec.execute(self)
C:\Users\Administrator\AppData\Local\Programs\Python\Python314\Lib\site-packages\sqlalchemy\orm\unitofwork.py:641: in execute
    util.preloaded.orm_persistence.save_obj(
C:\Users\Administrator\AppData\Local\Programs\Python\Python314\Lib\site-packages\sqlalchemy\orm\persistence.py:94: in save_obj
    _emit_insert_statements(
C:\Users\Administrator\AppData\Local\Programs\Python\Python314\Lib\site-packages\sqlalchemy\orm\persistence.py:1234: in _emit_insert_statements
    result = connection.execute(
C:\Users\Administrator\AppData\Local\Programs\Python\Python314\Lib\site-packages\sqlalchemy\engine\base.py:1421: in execute
    return meth(
C:\Users\Administrator\AppData\Local\Programs\Python\Python314\Lib\site-packages\sqlalchemy\sql\elements.py:526: in _execute_on_connection
    return connection._execute_clauseelement(
C:\Users\Administrator\AppData\Local\Programs\Python\Python314\Lib\site-packages\sqlalchemy\engine\base.py:1643: in _execute_clauseelement
    ret = self._execute_context(
C:\Users\Administrator\AppData\Local\Programs\Python\Python314\Lib\site-packages\sqlalchemy\engine\base.py:1848: in _execute_context
    return self._exec_single_context(
C:\Users\Administrator\AppData\Local\Programs\Python\Python314\Lib\site-packages\sqlalchemy\engine\base.py:1988: in _exec_single_context
    self._handle_dbapi_exception(
C:\Users\Administrator\AppData\Local\Programs\Python\Python314\Lib\site-packages\sqlalchemy\engine\base.py:2365: in _handle_dbapi_exception
    raise sqlalchemy_exception.with_traceback(exc_info[2]) from e
C:\Users\Administrator\AppData\Local\Programs\Python\Python314\Lib\site-packages\sqlalchemy\engine\base.py:1969: in _exec_single_context
    self.dialect.do_execute(
C:\Users\Administrator\AppData\Local\Programs\Python\Python314\Lib\site-packages\sqlalchemy\engine\default.py:952: in do_execute
    cursor.execute(statement, parameters)
C:\Users\Administrator\AppData\Local\Programs\Python\Python314\Lib\site-packages\sqlalchemy\dialects\postgresql\asyncpg.py:585: in execute
    self._adapt_connection.await_(
C:\Users\Administrator\AppData\Local\Programs\Python\Python314\Lib\site-packages\sqlalchemy\util\_concurrency_py3k.py:132: in await_only
    return current.parent.switch(awaitable)  # type: ignore[no-any-return,attr-defined] # noqa: E501
           ^^^^^^^^^^^^^^^^^^^^^^^^^^^^^^^^
C:\Users\Administrator\AppData\Local\Programs\Python\Python314\Lib\site-packages\sqlalchemy\util\_concurrency_py3k.py:196: in greenlet_spawn
    value = await result
            ^^^^^^^^^^^^
C:\Users\Administrator\AppData\Local\Programs\Python\Python314\Lib\site-packages\sqlalchemy\dialects\postgresql\asyncpg.py:563: in _prepare_and_execute
    self._handle_exception(error)
C:\Users\Administrator\AppData\Local\Programs\Python\Python314\Lib\site-packages\sqlalchemy\dialects\postgresql\asyncpg.py:513: in _handle_exception
    self._adapt_connection._handle_exception(error)
C:\Users\Administrator\AppData\Local\Programs\Python\Python314\Lib\site-packages\sqlalchemy\dialects\postgresql\asyncpg.py:797: in _handle_exception
    raise translated_error from error
E   sqlalchemy.exc.DBAPIError: (sqlalchemy.dialects.postgresql.asyncpg.Error) <class 'asyncpg.exceptions.InvalidTextRepresentationError'>: invalid input value for enum policyaction: "ALLOW"
E   [SQL: INSERT INTO policies (id, name, description, action, priority, is_active, condition_risk_min, condition_risk_max, condition_classification, condition_status, created_at, updated_at, created_by, updated_by) VALUES ($1::UUID, $2::VARCHAR, $3::VARCHAR, $4::policyaction, $5::INTEGER, $6::BOOLEAN, $7::INTEGER, $8::INTEGER, $9::VARCHAR, $10::observationstatus, $11::TIMESTAMP WITH TIME ZONE, $12::TIMESTAMP WITH TIME ZONE, $13::VARCHAR, $14::VARCHAR)]
E   [parameters: (UUID('dbc1e24c-7942-4461-a2ce-69d1f01208c1'), 'conflict_pol', None, 'ALLOW', 10, True, None, None, 'TEST', None, datetime.datetime(2026, 6, 16, 2, 32, 54, 720179, tzinfo=datetime.timezone.utc), datetime.datetime(2026, 6, 16, 2, 32, 54, 720182, tzinfo=datetime.timezone.utc), None, None)]
E   (Background on this error at: https://sqlalche.me/e/20/dbapi)
---------------------------- Captured stderr call -----------------------------
--- Logging error ---
Traceback (most recent call last):
  File "C:\Users\Administrator\AppData\Local\Programs\Python\Python314\Lib\logging\__init__.py", line 1151, in emit
    msg = self.format(record)
  File "C:\Users\Administrator\AppData\Local\Programs\Python\Python314\Lib\logging\__init__.py", line 999, in format
    return fmt.format(record)
           ~~~~~~~~~~^^^^^^^^
  File "C:\Users\Administrator\AppData\Local\Programs\Python\Python314\Lib\site-packages\pythonjsonlogger\jsonlogger.py", line 243, in format
    self.add_fields(log_record, record, message_dict)
    ~~~~~~~~~~~~~~~^^^^^^^^^^^^^^^^^^^^^^^^^^^^^^^^^^
  File "C:\Users\Administrator\AppData\Local\Programs\Python\Python314\Lib\site-packages\pythonjsonlogger\jsonlogger.py", line 191, in add_fields
    self._perform_rename_log_fields(log_record)
    ~~~~~~~~~~~~~~~~~~~~~~~~~~~~~~~^^^^^^^^^^^^
  File "C:\Users\Administrator\AppData\Local\Programs\Python\Python314\Lib\site-packages\pythonjsonlogger\jsonlogger.py", line 195, in _perform_rename_log_fields
    log_record[new_field_name] = log_record[old_field_name]
                                 ~~~~~~~~~~^^^^^^^^^^^^^^^^
KeyError: 'levelname'
Call stack:
  File "<frozen runpy>", line 203, in _run_module_as_main
  File "<frozen runpy>", line 88, in _run_code
  File "C:\Users\Administrator\AppData\Local\Programs\Python\Python314\Scripts\pytest.exe\__main__.py", line 5, in <module>
    sys.exit(_console_main())
  File "C:\Users\Administrator\AppData\Local\Programs\Python\Python314\Lib\site-packages\_pytest\config\__init__.py", line 253, in _console_main
    code = _main(prog=_get_prog_name(sys.argv))
  File "C:\Users\Administrator\AppData\Local\Programs\Python\Python314\Lib\site-packages\_pytest\config\__init__.py", line 229, in _main
    ret: ExitCode | int = config.hook.pytest_cmdline_main(config=config)
  File "C:\Users\Administrator\AppData\Local\Programs\Python\Python314\Lib\site-packages\pluggy\_hooks.py", line 512, in __call__
    return self._hookexec(self.name, self._hookimpls.copy(), kwargs, firstresult)
  File "C:\Users\Administrator\AppData\Local\Programs\Python\Python314\Lib\site-packages\pluggy\_manager.py", line 120, in _hookexec
    return self._inner_hookexec(hook_name, methods, kwargs, firstresult)
  File "C:\Users\Administrator\AppData\Local\Programs\Python\Python314\Lib\site-packages\pluggy\_callers.py", line 121, in _multicall
    res = hook_impl.function(*args)
  File "C:\Users\Administrator\AppData\Local\Programs\Python\Python314\Lib\site-packages\_pytest\main.py", line 377, in pytest_cmdline_main
    return wrap_session(config, _main)
  File "C:\Users\Administrator\AppData\Local\Programs\Python\Python314\Lib\site-packages\_pytest\main.py", line 330, in wrap_session
    session.exitstatus = doit(config, session) or 0
  File "C:\Users\Administrator\AppData\Local\Programs\Python\Python314\Lib\site-packages\_pytest\main.py", line 384, in _main
    config.hook.pytest_runtestloop(session=session)
  File "C:\Users\Administrator\AppData\Local\Programs\Python\Python314\Lib\site-packages\pluggy\_hooks.py", line 512, in __call__
    return self._hookexec(self.name, self._hookimpls.copy(), kwargs, firstresult)
  File "C:\Users\Administrator\AppData\Local\Programs\Python\Python314\Lib\site-packages\pluggy\_manager.py", line 120, in _hookexec
    return self._inner_hookexec(hook_name, methods, kwargs, firstresult)
  File "C:\Users\Administrator\AppData\Local\Programs\Python\Python314\Lib\site-packages\pluggy\_callers.py", line 121, in _multicall
    res = hook_impl.function(*args)
  File "C:\Users\Administrator\AppData\Local\Programs\Python\Python314\Lib\site-packages\_pytest\main.py", line 408, in pytest_runtestloop
    item.config.hook.pytest_runtest_protocol(item=item, nextitem=nextitem)
  File "C:\Users\Administrator\AppData\Local\Programs\Python\Python314\Lib\site-packages\pluggy\_hooks.py", line 512, in __call__
    return self._hookexec(self.name, self._hookimpls.copy(), kwargs, firstresult)
  File "C:\Users\Administrator\AppData\Local\Programs\Python\Python314\Lib\site-packages\pluggy\_manager.py", line 120, in _hookexec
    return self._inner_hookexec(hook_name, methods, kwargs, firstresult)
  File "C:\Users\Administrator\AppData\Local\Programs\Python\Python314\Lib\site-packages\pluggy\_callers.py", line 121, in _multicall
    res = hook_impl.function(*args)
  File "C:\Users\Administrator\AppData\Local\Programs\Python\Python314\Lib\site-packages\_pytest\runner.py", line 118, in pytest_runtest_protocol
    runtestprotocol(item, nextitem=nextitem)
  File "C:\Users\Administrator\AppData\Local\Programs\Python\Python314\Lib\site-packages\_pytest\runner.py", line 139, in runtestprotocol
    reports.append(call_and_report(item, "call", log))
  File "C:\Users\Administrator\AppData\Local\Programs\Python\Python314\Lib\site-packages\_pytest\runner.py", line 249, in call_and_report
    call = CallInfo.from_call(
  File "C:\Users\Administrator\AppData\Local\Programs\Python\Python314\Lib\site-packages\_pytest\runner.py", line 361, in from_call
    result: TResult | None = func()
  File "C:\Users\Administrator\AppData\Local\Programs\Python\Python314\Lib\site-packages\_pytest\runner.py", line 250, in <lambda>
    lambda: runtest_hook(item=item, **kwds),
  File "C:\Users\Administrator\AppData\Local\Programs\Python\Python314\Lib\site-packages\pluggy\_hooks.py", line 512, in __call__
    return self._hookexec(self.name, self._hookimpls.copy(), kwargs, firstresult)
  File "C:\Users\Administrator\AppData\Local\Programs\Python\Python314\Lib\site-packages\pluggy\_manager.py", line 120, in _hookexec
    return self._inner_hookexec(hook_name, methods, kwargs, firstresult)
  File "C:\Users\Administrator\AppData\Local\Programs\Python\Python314\Lib\site-packages\pluggy\_callers.py", line 121, in _multicall
    res = hook_impl.function(*args)
  File "C:\Users\Administrator\AppData\Local\Programs\Python\Python314\Lib\site-packages\_pytest\runner.py", line 184, in pytest_runtest_call
    item.runtest()
  File "C:\Users\Administrator\AppData\Local\Programs\Python\Python314\Lib\site-packages\pytest_asyncio\plugin.py", line 569, in runtest
    super().runtest()
  File "C:\Users\Administrator\AppData\Local\Programs\Python\Python314\Lib\site-packages\_pytest\python.py", line 1707, in runtest
    self.ihook.pytest_pyfunc_call(pyfuncitem=self)
  File "C:\Users\Administrator\AppData\Local\Programs\Python\Python314\Lib\site-packages\pluggy\_hooks.py", line 512, in __call__
    return self._hookexec(self.name, self._hookimpls.copy(), kwargs, firstresult)
  File "C:\Users\Administrator\AppData\Local\Programs\Python\Python314\Lib\site-packages\pluggy\_manager.py", line 120, in _hookexec
    return self._inner_hookexec(hook_name, methods, kwargs, firstresult)
  File "C:\Users\Administrator\AppData\Local\Programs\Python\Python314\Lib\site-packages\pluggy\_callers.py", line 121, in _multicall
    res = hook_impl.function(*args)
  File "C:\Users\Administrator\AppData\Local\Programs\Python\Python314\Lib\site-packages\_pytest\python.py", line 167, in pytest_pyfunc_call
    result = testfunction(**testargs)
  File "C:\Users\Administrator\AppData\Local\Programs\Python\Python314\Lib\site-packages\pytest_asyncio\plugin.py", line 905, in inner
    runner.run(coro, context=context)
  File "C:\Users\Administrator\AppData\Local\Programs\Python\Python314\Lib\asyncio\runners.py", line 127, in run
    return self._loop.run_until_complete(task)
  File "C:\Users\Administrator\AppData\Local\Programs\Python\Python314\Lib\asyncio\base_events.py", line 706, in run_until_complete
    self.run_forever()
  File "C:\Users\Administrator\AppData\Local\Programs\Python\Python314\Lib\asyncio\base_events.py", line 677, in run_forever
    self._run_once()
  File "C:\Users\Administrator\AppData\Local\Programs\Python\Python314\Lib\asyncio\base_events.py", line 2057, in _run_once
    handle._run()
  File "C:\Users\Administrator\AppData\Local\Programs\Python\Python314\Lib\asyncio\events.py", line 94, in _run
    self._context.run(self._callback, *self._args)
  File "D:\Project\ASTRA\backend\tests\test_coverage_gap_fill.py", line 405, in test_api_automation_and_users_gaps
    resp = await client.get(
  File "C:\Users\Administrator\AppData\Local\Programs\Python\Python314\Lib\site-packages\httpx\_client.py", line 1768, in get
    return await self.request(
  File "C:\Users\Administrator\AppData\Local\Programs\Python\Python314\Lib\site-packages\httpx\_client.py", line 1540, in request
    return await self.send(request, auth=auth, follow_redirects=follow_redirects)
  File "C:\Users\Administrator\AppData\Local\Programs\Python\Python314\Lib\site-packages\httpx\_client.py", line 1629, in send
    response = await self._send_handling_auth(
  File "C:\Users\Administrator\AppData\Local\Programs\Python\Python314\Lib\site-packages\httpx\_client.py", line 1657, in _send_handling_auth
    response = await self._send_handling_redirects(
  File "C:\Users\Administrator\AppData\Local\Programs\Python\Python314\Lib\site-packages\httpx\_client.py", line 1694, in _send_handling_redirects
    response = await self._send_single_request(request)
  File "C:\Users\Administrator\AppData\Local\Programs\Python\Python314\Lib\site-packages\httpx\_client.py", line 1740, in _send_single_request
    logger.info(
Message: 'HTTP Request: %s %s "%s %d %s"'
Arguments: ('GET', URL('http://test/api/v1/automation/history'), 'HTTP/1.1', 200, 'OK')
--- Logging error ---
Traceback (most recent call last):
  File "C:\Users\Administrator\AppData\Local\Programs\Python\Python314\Lib\logging\__init__.py", line 1151, in emit
    msg = self.format(record)
  File "C:\Users\Administrator\AppData\Local\Programs\Python\Python314\Lib\logging\__init__.py", line 999, in format
    return fmt.format(record)
           ~~~~~~~~~~^^^^^^^^
  File "C:\Users\Administrator\AppData\Local\Programs\Python\Python314\Lib\site-packages\pythonjsonlogger\jsonlogger.py", line 243, in format
    self.add_fields(log_record, record, message_dict)
    ~~~~~~~~~~~~~~~^^^^^^^^^^^^^^^^^^^^^^^^^^^^^^^^^^
  File "C:\Users\Administrator\AppData\Local\Programs\Python\Python314\Lib\site-packages\pythonjsonlogger\jsonlogger.py", line 191, in add_fields
    self._perform_rename_log_fields(log_record)
    ~~~~~~~~~~~~~~~~~~~~~~~~~~~~~~~^^^^^^^^^^^^
  File "C:\Users\Administrator\AppData\Local\Programs\Python\Python314\Lib\site-packages\pythonjsonlogger\jsonlogger.py", line 195, in _perform_rename_log_fields
    log_record[new_field_name] = log_record[old_field_name]
                                 ~~~~~~~~~~^^^^^^^^^^^^^^^^
KeyError: 'levelname'
Call stack:
  File "<frozen runpy>", line 203, in _run_module_as_main
  File "<frozen runpy>", line 88, in _run_code
  File "C:\Users\Administrator\AppData\Local\Programs\Python\Python314\Scripts\pytest.exe\__main__.py", line 5, in <module>
    sys.exit(_console_main())
  File "C:\Users\Administrator\AppData\Local\Programs\Python\Python314\Lib\site-packages\_pytest\config\__init__.py", line 253, in _console_main
    code = _main(prog=_get_prog_name(sys.argv))
  File "C:\Users\Administrator\AppData\Local\Programs\Python\Python314\Lib\site-packages\_pytest\config\__init__.py", line 229, in _main
    ret: ExitCode | int = config.hook.pytest_cmdline_main(config=config)
  File "C:\Users\Administrator\AppData\Local\Programs\Python\Python314\Lib\site-packages\pluggy\_hooks.py", line 512, in __call__
    return self._hookexec(self.name, self._hookimpls.copy(), kwargs, firstresult)
  File "C:\Users\Administrator\AppData\Local\Programs\Python\Python314\Lib\site-packages\pluggy\_manager.py", line 120, in _hookexec
    return self._inner_hookexec(hook_name, methods, kwargs, firstresult)
  File "C:\Users\Administrator\AppData\Local\Programs\Python\Python314\Lib\site-packages\pluggy\_callers.py", line 121, in _multicall
    res = hook_impl.function(*args)
  File "C:\Users\Administrator\AppData\Local\Programs\Python\Python314\Lib\site-packages\_pytest\main.py", line 377, in pytest_cmdline_main
    return wrap_session(config, _main)
  File "C:\Users\Administrator\AppData\Local\Programs\Python\Python314\Lib\site-packages\_pytest\main.py", line 330, in wrap_session
    session.exitstatus = doit(config, session) or 0
  File "C:\Users\Administrator\AppData\Local\Programs\Python\Python314\Lib\site-packages\_pytest\main.py", line 384, in _main
    config.hook.pytest_runtestloop(session=session)
  File "C:\Users\Administrator\AppData\Local\Programs\Python\Python314\Lib\site-packages\pluggy\_hooks.py", line 512, in __call__
    return self._hookexec(self.name, self._hookimpls.copy(), kwargs, firstresult)
  File "C:\Users\Administrator\AppData\Local\Programs\Python\Python314\Lib\site-packages\pluggy\_manager.py", line 120, in _hookexec
    return self._inner_hookexec(hook_name, methods, kwargs, firstresult)
  File "C:\Users\Administrator\AppData\Local\Programs\Python\Python314\Lib\site-packages\pluggy\_callers.py", line 121, in _multicall
    res = hook_impl.function(*args)
  File "C:\Users\Administrator\AppData\Local\Programs\Python\Python314\Lib\site-packages\_pytest\main.py", line 408, in pytest_runtestloop
    item.config.hook.pytest_runtest_protocol(item=item, nextitem=nextitem)
  File "C:\Users\Administrator\AppData\Local\Programs\Python\Python314\Lib\site-packages\pluggy\_hooks.py", line 512, in __call__
    return self._hookexec(self.name, self._hookimpls.copy(), kwargs, firstresult)
  File "C:\Users\Administrator\AppData\Local\Programs\Python\Python314\Lib\site-packages\pluggy\_manager.py", line 120, in _hookexec
    return self._inner_hookexec(hook_name, methods, kwargs, firstresult)
  File "C:\Users\Administrator\AppData\Local\Programs\Python\Python314\Lib\site-packages\pluggy\_callers.py", line 121, in _multicall
    res = hook_impl.function(*args)
  File "C:\Users\Administrator\AppData\Local\Programs\Python\Python314\Lib\site-packages\_pytest\runner.py", line 118, in pytest_runtest_protocol
    runtestprotocol(item, nextitem=nextitem)
  File "C:\Users\Administrator\AppData\Local\Programs\Python\Python314\Lib\site-packages\_pytest\runner.py", line 139, in runtestprotocol
    reports.append(call_and_report(item, "call", log))
  File "C:\Users\Administrator\AppData\Local\Programs\Python\Python314\Lib\site-packages\_pytest\runner.py", line 249, in call_and_report
    call = CallInfo.from_call(
  File "C:\Users\Administrator\AppData\Local\Programs\Python\Python314\Lib\site-packages\_pytest\runner.py", line 361, in from_call
    result: TResult | None = func()
  File "C:\Users\Administrator\AppData\Local\Programs\Python\Python314\Lib\site-packages\_pytest\runner.py", line 250, in <lambda>
    lambda: runtest_hook(item=item, **kwds),
  File "C:\Users\Administrator\AppData\Local\Programs\Python\Python314\Lib\site-packages\pluggy\_hooks.py", line 512, in __call__
    return self._hookexec(self.name, self._hookimpls.copy(), kwargs, firstresult)
  File "C:\Users\Administrator\AppData\Local\Programs\Python\Python314\Lib\site-packages\pluggy\_manager.py", line 120, in _hookexec
    return self._inner_hookexec(hook_name, methods, kwargs, firstresult)
  File "C:\Users\Administrator\AppData\Local\Programs\Python\Python314\Lib\site-packages\pluggy\_callers.py", line 121, in _multicall
    res = hook_impl.function(*args)
  File "C:\Users\Administrator\AppData\Local\Programs\Python\Python314\Lib\site-packages\_pytest\runner.py", line 184, in pytest_runtest_call
    item.runtest()
  File "C:\Users\Administrator\AppData\Local\Programs\Python\Python314\Lib\site-packages\pytest_asyncio\plugin.py", line 569, in runtest
    super().runtest()
  File "C:\Users\Administrator\AppData\Local\Programs\Python\Python314\Lib\site-packages\_pytest\python.py", line 1707, in runtest
    self.ihook.pytest_pyfunc_call(pyfuncitem=self)
  File "C:\Users\Administrator\AppData\Local\Programs\Python\Python314\Lib\site-packages\pluggy\_hooks.py", line 512, in __call__
    return self._hookexec(self.name, self._hookimpls.copy(), kwargs, firstresult)
  File "C:\Users\Administrator\AppData\Local\Programs\Python\Python314\Lib\site-packages\pluggy\_manager.py", line 120, in _hookexec
    return self._inner_hookexec(hook_name, methods, kwargs, firstresult)
  File "C:\Users\Administrator\AppData\Local\Programs\Python\Python314\Lib\site-packages\pluggy\_callers.py", line 121, in _multicall
    res = hook_impl.function(*args)
  File "C:\Users\Administrator\AppData\Local\Programs\Python\Python314\Lib\site-packages\_pytest\python.py", line 167, in pytest_pyfunc_call
    result = testfunction(**testargs)
  File "C:\Users\Administrator\AppData\Local\Programs\Python\Python314\Lib\site-packages\pytest_asyncio\plugin.py", line 905, in inner
    runner.run(coro, context=context)
  File "C:\Users\Administrator\AppData\Local\Programs\Python\Python314\Lib\asyncio\runners.py", line 127, in run
    return self._loop.run_until_complete(task)
  File "C:\Users\Administrator\AppData\Local\Programs\Python\Python314\Lib\asyncio\base_events.py", line 706, in run_until_complete
    self.run_forever()
  File "C:\Users\Administrator\AppData\Local\Programs\Python\Python314\Lib\asyncio\base_events.py", line 677, in run_forever
    self._run_once()
  File "C:\Users\Administrator\AppData\Local\Programs\Python\Python314\Lib\asyncio\base_events.py", line 2057, in _run_once
    handle._run()
  File "C:\Users\Administrator\AppData\Local\Programs\Python\Python314\Lib\asyncio\events.py", line 94, in _run
    self._context.run(self._callback, *self._args)
  File "D:\Project\ASTRA\backend\tests\test_coverage_gap_fill.py", line 412, in test_api_automation_and_users_gaps
    resp = await client.get(
  File "C:\Users\Administrator\AppData\Local\Programs\Python\Python314\Lib\site-packages\httpx\_client.py", line 1768, in get
    return await self.request(
  File "C:\Users\Administrator\AppData\Local\Programs\Python\Python314\Lib\site-packages\httpx\_client.py", line 1540, in request
    return await self.send(request, auth=auth, follow_redirects=follow_redirects)
  File "C:\Users\Administrator\AppData\Local\Programs\Python\Python314\Lib\site-packages\httpx\_client.py", line 1629, in send
    response = await self._send_handling_auth(
  File "C:\Users\Administrator\AppData\Local\Programs\Python\Python314\Lib\site-packages\httpx\_client.py", line 1657, in _send_handling_auth
    response = await self._send_handling_redirects(
  File "C:\Users\Administrator\AppData\Local\Programs\Python\Python314\Lib\site-packages\httpx\_client.py", line 1694, in _send_handling_redirects
    response = await self._send_single_request(request)
  File "C:\Users\Administrator\AppData\Local\Programs\Python\Python314\Lib\site-packages\httpx\_client.py", line 1740, in _send_single_request
    logger.info(
Message: 'HTTP Request: %s %s "%s %d %s"'
Arguments: ('GET', URL('http://test/api/v1/automation/b8721d37-f494-4f04-8da8-659051395d76'), 'HTTP/1.1', 404, 'Not Found')
--- Logging error ---
Traceback (most recent call last):
  File "C:\Users\Administrator\AppData\Local\Programs\Python\Python314\Lib\logging\__init__.py", line 1151, in emit
    msg = self.format(record)
  File "C:\Users\Administrator\AppData\Local\Programs\Python\Python314\Lib\logging\__init__.py", line 999, in format
    return fmt.format(record)
           ~~~~~~~~~~^^^^^^^^
  File "C:\Users\Administrator\AppData\Local\Programs\Python\Python314\Lib\site-packages\pythonjsonlogger\jsonlogger.py", line 243, in format
    self.add_fields(log_record, record, message_dict)
    ~~~~~~~~~~~~~~~^^^^^^^^^^^^^^^^^^^^^^^^^^^^^^^^^^
  File "C:\Users\Administrator\AppData\Local\Programs\Python\Python314\Lib\site-packages\pythonjsonlogger\jsonlogger.py", line 191, in add_fields
    self._perform_rename_log_fields(log_record)
    ~~~~~~~~~~~~~~~~~~~~~~~~~~~~~~~^^^^^^^^^^^^
  File "C:\Users\Administrator\AppData\Local\Programs\Python\Python314\Lib\site-packages\pythonjsonlogger\jsonlogger.py", line 195, in _perform_rename_log_fields
    log_record[new_field_name] = log_record[old_field_name]
                                 ~~~~~~~~~~^^^^^^^^^^^^^^^^
KeyError: 'levelname'
Call stack:
  File "<frozen runpy>", line 203, in _run_module_as_main
  File "<frozen runpy>", line 88, in _run_code
  File "C:\Users\Administrator\AppData\Local\Programs\Python\Python314\Scripts\pytest.exe\__main__.py", line 5, in <module>
    sys.exit(_console_main())
  File "C:\Users\Administrator\AppData\Local\Programs\Python\Python314\Lib\site-packages\_pytest\config\__init__.py", line 253, in _console_main
    code = _main(prog=_get_prog_name(sys.argv))
  File "C:\Users\Administrator\AppData\Local\Programs\Python\Python314\Lib\site-packages\_pytest\config\__init__.py", line 229, in _main
    ret: ExitCode | int = config.hook.pytest_cmdline_main(config=config)
  File "C:\Users\Administrator\AppData\Local\Programs\Python\Python314\Lib\site-packages\pluggy\_hooks.py", line 512, in __call__
    return self._hookexec(self.name, self._hookimpls.copy(), kwargs, firstresult)
  File "C:\Users\Administrator\AppData\Local\Programs\Python\Python314\Lib\site-packages\pluggy\_manager.py", line 120, in _hookexec
    return self._inner_hookexec(hook_name, methods, kwargs, firstresult)
  File "C:\Users\Administrator\AppData\Local\Programs\Python\Python314\Lib\site-packages\pluggy\_callers.py", line 121, in _multicall
    res = hook_impl.function(*args)
  File "C:\Users\Administrator\AppData\Local\Programs\Python\Python314\Lib\site-packages\_pytest\main.py", line 377, in pytest_cmdline_main
    return wrap_session(config, _main)
  File "C:\Users\Administrator\AppData\Local\Programs\Python\Python314\Lib\site-packages\_pytest\main.py", line 330, in wrap_session
    session.exitstatus = doit(config, session) or 0
  File "C:\Users\Administrator\AppData\Local\Programs\Python\Python314\Lib\site-packages\_pytest\main.py", line 384, in _main
    config.hook.pytest_runtestloop(session=session)
  File "C:\Users\Administrator\AppData\Local\Programs\Python\Python314\Lib\site-packages\pluggy\_hooks.py", line 512, in __call__
    return self._hookexec(self.name, self._hookimpls.copy(), kwargs, firstresult)
  File "C:\Users\Administrator\AppData\Local\Programs\Python\Python314\Lib\site-packages\pluggy\_manager.py", line 120, in _hookexec
    return self._inner_hookexec(hook_name, methods, kwargs, firstresult)
  File "C:\Users\Administrator\AppData\Local\Programs\Python\Python314\Lib\site-packages\pluggy\_callers.py", line 121, in _multicall
    res = hook_impl.function(*args)
  File "C:\Users\Administrator\AppData\Local\Programs\Python\Python314\Lib\site-packages\_pytest\main.py", line 408, in pytest_runtestloop
    item.config.hook.pytest_runtest_protocol(item=item, nextitem=nextitem)
  File "C:\Users\Administrator\AppData\Local\Programs\Python\Python314\Lib\site-packages\pluggy\_hooks.py", line 512, in __call__
    return self._hookexec(self.name, self._hookimpls.copy(), kwargs, firstresult)
  File "C:\Users\Administrator\AppData\Local\Programs\Python\Python314\Lib\site-packages\pluggy\_manager.py", line 120, in _hookexec
    return self._inner_hookexec(hook_name, methods, kwargs, firstresult)
  File "C:\Users\Administrator\AppData\Local\Programs\Python\Python314\Lib\site-packages\pluggy\_callers.py", line 121, in _multicall
    res = hook_impl.function(*args)
  File "C:\Users\Administrator\AppData\Local\Programs\Python\Python314\Lib\site-packages\_pytest\runner.py", line 118, in pytest_runtest_protocol
    runtestprotocol(item, nextitem=nextitem)
  File "C:\Users\Administrator\AppData\Local\Programs\Python\Python314\Lib\site-packages\_pytest\runner.py", line 139, in runtestprotocol
    reports.append(call_and_report(item, "call", log))
  File "C:\Users\Administrator\AppData\Local\Programs\Python\Python314\Lib\site-packages\_pytest\runner.py", line 249, in call_and_report
    call = CallInfo.from_call(
  File "C:\Users\Administrator\AppData\Local\Programs\Python\Python314\Lib\site-packages\_pytest\runner.py", line 361, in from_call
    result: TResult | None = func()
  File "C:\Users\Administrator\AppData\Local\Programs\Python\Python314\Lib\site-packages\_pytest\runner.py", line 250, in <lambda>
    lambda: runtest_hook(item=item, **kwds),
  File "C:\Users\Administrator\AppData\Local\Programs\Python\Python314\Lib\site-packages\pluggy\_hooks.py", line 512, in __call__
    return self._hookexec(self.name, self._hookimpls.copy(), kwargs, firstresult)
  File "C:\Users\Administrator\AppData\Local\Programs\Python\Python314\Lib\site-packages\pluggy\_manager.py", line 120, in _hookexec
    return self._inner_hookexec(hook_name, methods, kwargs, firstresult)
  File "C:\Users\Administrator\AppData\Local\Programs\Python\Python314\Lib\site-packages\pluggy\_callers.py", line 121, in _multicall
    res = hook_impl.function(*args)
  File "C:\Users\Administrator\AppData\Local\Programs\Python\Python314\Lib\site-packages\_pytest\runner.py", line 184, in pytest_runtest_call
    item.runtest()
  File "C:\Users\Administrator\AppData\Local\Programs\Python\Python314\Lib\site-packages\pytest_asyncio\plugin.py", line 569, in runtest
    super().runtest()
  File "C:\Users\Administrator\AppData\Local\Programs\Python\Python314\Lib\site-packages\_pytest\python.py", line 1707, in runtest
    self.ihook.pytest_pyfunc_call(pyfuncitem=self)
  File "C:\Users\Administrator\AppData\Local\Programs\Python\Python314\Lib\site-packages\pluggy\_hooks.py", line 512, in __call__
    return self._hookexec(self.name, self._hookimpls.copy(), kwargs, firstresult)
  File "C:\Users\Administrator\AppData\Local\Programs\Python\Python314\Lib\site-packages\pluggy\_manager.py", line 120, in _hookexec
    return self._inner_hookexec(hook_name, methods, kwargs, firstresult)
  File "C:\Users\Administrator\AppData\Local\Programs\Python\Python314\Lib\site-packages\pluggy\_callers.py", line 121, in _multicall
    res = hook_impl.function(*args)
  File "C:\Users\Administrator\AppData\Local\Programs\Python\Python314\Lib\site-packages\_pytest\python.py", line 167, in pytest_pyfunc_call
    result = testfunction(**testargs)
  File "C:\Users\Administrator\AppData\Local\Programs\Python\Python314\Lib\site-packages\pytest_asyncio\plugin.py", line 905, in inner
    runner.run(coro, context=context)
  File "C:\Users\Administrator\AppData\Local\Programs\Python\Python314\Lib\asyncio\runners.py", line 127, in run
    return self._loop.run_until_complete(task)
  File "C:\Users\Administrator\AppData\Local\Programs\Python\Python314\Lib\asyncio\base_events.py", line 706, in run_until_complete
    self.run_forever()
  File "C:\Users\Administrator\AppData\Local\Programs\Python\Python314\Lib\asyncio\base_events.py", line 677, in run_forever
    self._run_once()
  File "C:\Users\Administrator\AppData\Local\Programs\Python\Python314\Lib\asyncio\base_events.py", line 2057, in _run_once
    handle._run()
  File "C:\Users\Administrator\AppData\Local\Programs\Python\Python314\Lib\asyncio\events.py", line 94, in _run
    self._context.run(self._callback, *self._args)
  File "D:\Project\ASTRA\backend\tests\test_coverage_gap_fill.py", line 419, in test_api_automation_and_users_gaps
    resp = await client.get(
  File "C:\Users\Administrator\AppData\Local\Programs\Python\Python314\Lib\site-packages\httpx\_client.py", line 1768, in get
    return await self.request(
  File "C:\Users\Administrator\AppData\Local\Programs\Python\Python314\Lib\site-packages\httpx\_client.py", line 1540, in request
    return await self.send(request, auth=auth, follow_redirects=follow_redirects)
  File "C:\Users\Administrator\AppData\Local\Programs\Python\Python314\Lib\site-packages\httpx\_client.py", line 1629, in send
    response = await self._send_handling_auth(
  File "C:\Users\Administrator\AppData\Local\Programs\Python\Python314\Lib\site-packages\httpx\_client.py", line 1657, in _send_handling_auth
    response = await self._send_handling_redirects(
  File "C:\Users\Administrator\AppData\Local\Programs\Python\Python314\Lib\site-packages\httpx\_client.py", line 1694, in _send_handling_redirects
    response = await self._send_single_request(request)
  File "C:\Users\Administrator\AppData\Local\Programs\Python\Python314\Lib\site-packages\httpx\_client.py", line 1740, in _send_single_request
    logger.info(
Message: 'HTTP Request: %s %s "%s %d %s"'
Arguments: ('GET', URL('http://test/api/v1/automation'), 'HTTP/1.1', 200, 'OK')
--- Logging error ---
Traceback (most recent call last):
  File "C:\Users\Administrator\AppData\Local\Programs\Python\Python314\Lib\logging\__init__.py", line 1151, in emit
    msg = self.format(record)
  File "C:\Users\Administrator\AppData\Local\Programs\Python\Python314\Lib\logging\__init__.py", line 999, in format
    return fmt.format(record)
           ~~~~~~~~~~^^^^^^^^
  File "C:\Users\Administrator\AppData\Local\Programs\Python\Python314\Lib\site-packages\pythonjsonlogger\jsonlogger.py", line 243, in format
    self.add_fields(log_record, record, message_dict)
    ~~~~~~~~~~~~~~~^^^^^^^^^^^^^^^^^^^^^^^^^^^^^^^^^^
  File "C:\Users\Administrator\AppData\Local\Programs\Python\Python314\Lib\site-packages\pythonjsonlogger\jsonlogger.py", line 191, in add_fields
    self._perform_rename_log_fields(log_record)
    ~~~~~~~~~~~~~~~~~~~~~~~~~~~~~~~^^^^^^^^^^^^
  File "C:\Users\Administrator\AppData\Local\Programs\Python\Python314\Lib\site-packages\pythonjsonlogger\jsonlogger.py", line 195, in _perform_rename_log_fields
    log_record[new_field_name] = log_record[old_field_name]
                                 ~~~~~~~~~~^^^^^^^^^^^^^^^^
KeyError: 'levelname'
Call stack:
  File "<frozen runpy>", line 203, in _run_module_as_main
  File "<frozen runpy>", line 88, in _run_code
  File "C:\Users\Administrator\AppData\Local\Programs\Python\Python314\Scripts\pytest.exe\__main__.py", line 5, in <module>
    sys.exit(_console_main())
  File "C:\Users\Administrator\AppData\Local\Programs\Python\Python314\Lib\site-packages\_pytest\config\__init__.py", line 253, in _console_main
    code = _main(prog=_get_prog_name(sys.argv))
  File "C:\Users\Administrator\AppData\Local\Programs\Python\Python314\Lib\site-packages\_pytest\config\__init__.py", line 229, in _main
    ret: ExitCode | int = config.hook.pytest_cmdline_main(config=config)
  File "C:\Users\Administrator\AppData\Local\Programs\Python\Python314\Lib\site-packages\pluggy\_hooks.py", line 512, in __call__
    return self._hookexec(self.name, self._hookimpls.copy(), kwargs, firstresult)
  File "C:\Users\Administrator\AppData\Local\Programs\Python\Python314\Lib\site-packages\pluggy\_manager.py", line 120, in _hookexec
    return self._inner_hookexec(hook_name, methods, kwargs, firstresult)
  File "C:\Users\Administrator\AppData\Local\Programs\Python\Python314\Lib\site-packages\pluggy\_callers.py", line 121, in _multicall
    res = hook_impl.function(*args)
  File "C:\Users\Administrator\AppData\Local\Programs\Python\Python314\Lib\site-packages\_pytest\main.py", line 377, in pytest_cmdline_main
    return wrap_session(config, _main)
  File "C:\Users\Administrator\AppData\Local\Programs\Python\Python314\Lib\site-packages\_pytest\main.py", line 330, in wrap_session
    session.exitstatus = doit(config, session) or 0
  File "C:\Users\Administrator\AppData\Local\Programs\Python\Python314\Lib\site-packages\_pytest\main.py", line 384, in _main
    config.hook.pytest_runtestloop(session=session)
  File "C:\Users\Administrator\AppData\Local\Programs\Python\Python314\Lib\site-packages\pluggy\_hooks.py", line 512, in __call__
    return self._hookexec(self.name, self._hookimpls.copy(), kwargs, firstresult)
  File "C:\Users\Administrator\AppData\Local\Programs\Python\Python314\Lib\site-packages\pluggy\_manager.py", line 120, in _hookexec
    return self._inner_hookexec(hook_name, methods, kwargs, firstresult)
  File "C:\Users\Administrator\AppData\Local\Programs\Python\Python314\Lib\site-packages\pluggy\_callers.py", line 121, in _multicall
    res = hook_impl.function(*args)
  File "C:\Users\Administrator\AppData\Local\Programs\Python\Python314\Lib\site-packages\_pytest\main.py", line 408, in pytest_runtestloop
    item.config.hook.pytest_runtest_protocol(item=item, nextitem=nextitem)
  File "C:\Users\Administrator\AppData\Local\Programs\Python\Python314\Lib\site-packages\pluggy\_hooks.py", line 512, in __call__
    return self._hookexec(self.name, self._hookimpls.copy(), kwargs, firstresult)
  File "C:\Users\Administrator\AppData\Local\Programs\Python\Python314\Lib\site-packages\pluggy\_manager.py", line 120, in _hookexec
    return self._inner_hookexec(hook_name, methods, kwargs, firstresult)
  File "C:\Users\Administrator\AppData\Local\Programs\Python\Python314\Lib\site-packages\pluggy\_callers.py", line 121, in _multicall
    res = hook_impl.function(*args)
  File "C:\Users\Administrator\AppData\Local\Programs\Python\Python314\Lib\site-packages\_pytest\runner.py", line 118, in pytest_runtest_protocol
    runtestprotocol(item, nextitem=nextitem)
  File "C:\Users\Administrator\AppData\Local\Programs\Python\Python314\Lib\site-packages\_pytest\runner.py", line 139, in runtestprotocol
    reports.append(call_and_report(item, "call", log))
  File "C:\Users\Administrator\AppData\Local\Programs\Python\Python314\Lib\site-packages\_pytest\runner.py", line 249, in call_and_report
    call = CallInfo.from_call(
  File "C:\Users\Administrator\AppData\Local\Programs\Python\Python314\Lib\site-packages\_pytest\runner.py", line 361, in from_call
    result: TResult | None = func()
  File "C:\Users\Administrator\AppData\Local\Programs\Python\Python314\Lib\site-packages\_pytest\runner.py", line 250, in <lambda>
    lambda: runtest_hook(item=item, **kwds),
  File "C:\Users\Administrator\AppData\Local\Programs\Python\Python314\Lib\site-packages\pluggy\_hooks.py", line 512, in __call__
    return self._hookexec(self.name, self._hookimpls.copy(), kwargs, firstresult)
  File "C:\Users\Administrator\AppData\Local\Programs\Python\Python314\Lib\site-packages\pluggy\_manager.py", line 120, in _hookexec
    return self._inner_hookexec(hook_name, methods, kwargs, firstresult)
  File "C:\Users\Administrator\AppData\Local\Programs\Python\Python314\Lib\site-packages\pluggy\_callers.py", line 121, in _multicall
    res = hook_impl.function(*args)
  File "C:\Users\Administrator\AppData\Local\Programs\Python\Python314\Lib\site-packages\_pytest\runner.py", line 184, in pytest_runtest_call
    item.runtest()
  File "C:\Users\Administrator\AppData\Local\Programs\Python\Python314\Lib\site-packages\pytest_asyncio\plugin.py", line 569, in runtest
    super().runtest()
  File "C:\Users\Administrator\AppData\Local\Programs\Python\Python314\Lib\site-packages\_pytest\python.py", line 1707, in runtest
    self.ihook.pytest_pyfunc_call(pyfuncitem=self)
  File "C:\Users\Administrator\AppData\Local\Programs\Python\Python314\Lib\site-packages\pluggy\_hooks.py", line 512, in __call__
    return self._hookexec(self.name, self._hookimpls.copy(), kwargs, firstresult)
  File "C:\Users\Administrator\AppData\Local\Programs\Python\Python314\Lib\site-packages\pluggy\_manager.py", line 120, in _hookexec
    return self._inner_hookexec(hook_name, methods, kwargs, firstresult)
  File "C:\Users\Administrator\AppData\Local\Programs\Python\Python314\Lib\site-packages\pluggy\_callers.py", line 121, in _multicall
    res = hook_impl.function(*args)
  File "C:\Users\Administrator\AppData\Local\Programs\Python\Python314\Lib\site-packages\_pytest\python.py", line 167, in pytest_pyfunc_call
    result = testfunction(**testargs)
  File "C:\Users\Administrator\AppData\Local\Programs\Python\Python314\Lib\site-packages\pytest_asyncio\plugin.py", line 905, in inner
    runner.run(coro, context=context)
  File "C:\Users\Administrator\AppData\Local\Programs\Python\Python314\Lib\asyncio\runners.py", line 127, in run
    return self._loop.run_until_complete(task)
  File "C:\Users\Administrator\AppData\Local\Programs\Python\Python314\Lib\asyncio\base_events.py", line 706, in run_until_complete
    self.run_forever()
  File "C:\Users\Administrator\AppData\Local\Programs\Python\Python314\Lib\asyncio\base_events.py", line 677, in run_forever
    self._run_once()
  File "C:\Users\Administrator\AppData\Local\Programs\Python\Python314\Lib\asyncio\base_events.py", line 2057, in _run_once
    handle._run()
  File "C:\Users\Administrator\AppData\Local\Programs\Python\Python314\Lib\asyncio\events.py", line 94, in _run
    self._context.run(self._callback, *self._args)
  File "D:\Project\ASTRA\backend\tests\test_coverage_gap_fill.py", line 434, in test_api_automation_and_users_gaps
    resp = await client.post(
  File "C:\Users\Administrator\AppData\Local\Programs\Python\Python314\Lib\site-packages\httpx\_client.py", line 1859, in post
    return await self.request(
  File "C:\Users\Administrator\AppData\Local\Programs\Python\Python314\Lib\site-packages\httpx\_client.py", line 1540, in request
    return await self.send(request, auth=auth, follow_redirects=follow_redirects)
  File "C:\Users\Administrator\AppData\Local\Programs\Python\Python314\Lib\site-packages\httpx\_client.py", line 1629, in send
    response = await self._send_handling_auth(
  File "C:\Users\Administrator\AppData\Local\Programs\Python\Python314\Lib\site-packages\httpx\_client.py", line 1657, in _send_handling_auth
    response = await self._send_handling_redirects(
  File "C:\Users\Administrator\AppData\Local\Programs\Python\Python314\Lib\site-packages\httpx\_client.py", line 1694, in _send_handling_redirects
    response = await self._send_single_request(request)
  File "C:\Users\Administrator\AppData\Local\Programs\Python\Python314\Lib\site-packages\httpx\_client.py", line 1740, in _send_single_request
    logger.info(
Message: 'HTTP Request: %s %s "%s %d %s"'
Arguments: ('POST', URL('http://test/api/v1/users'), 'HTTP/1.1', 400, 'Bad Request')
--- Logging error ---
Traceback (most recent call last):
  File "C:\Users\Administrator\AppData\Local\Programs\Python\Python314\Lib\logging\__init__.py", line 1151, in emit
    msg = self.format(record)
  File "C:\Users\Administrator\AppData\Local\Programs\Python\Python314\Lib\logging\__init__.py", line 999, in format
    return fmt.format(record)
           ~~~~~~~~~~^^^^^^^^
  File "C:\Users\Administrator\AppData\Local\Programs\Python\Python314\Lib\site-packages\pythonjsonlogger\jsonlogger.py", line 243, in format
    self.add_fields(log_record, record, message_dict)
    ~~~~~~~~~~~~~~~^^^^^^^^^^^^^^^^^^^^^^^^^^^^^^^^^^
  File "C:\Users\Administrator\AppData\Local\Programs\Python\Python314\Lib\site-packages\pythonjsonlogger\jsonlogger.py", line 191, in add_fields
    self._perform_rename_log_fields(log_record)
    ~~~~~~~~~~~~~~~~~~~~~~~~~~~~~~~^^^^^^^^^^^^
  File "C:\Users\Administrator\AppData\Local\Programs\Python\Python314\Lib\site-packages\pythonjsonlogger\jsonlogger.py", line 195, in _perform_rename_log_fields
    log_record[new_field_name] = log_record[old_field_name]
                                 ~~~~~~~~~~^^^^^^^^^^^^^^^^
KeyError: 'levelname'
Call stack:
  File "<frozen runpy>", line 203, in _run_module_as_main
  File "<frozen runpy>", line 88, in _run_code
  File "C:\Users\Administrator\AppData\Local\Programs\Python\Python314\Scripts\pytest.exe\__main__.py", line 5, in <module>
    sys.exit(_console_main())
  File "C:\Users\Administrator\AppData\Local\Programs\Python\Python314\Lib\site-packages\_pytest\config\__init__.py", line 253, in _console_main
    code = _main(prog=_get_prog_name(sys.argv))
  File "C:\Users\Administrator\AppData\Local\Programs\Python\Python314\Lib\site-packages\_pytest\config\__init__.py", line 229, in _main
    ret: ExitCode | int = config.hook.pytest_cmdline_main(config=config)
  File "C:\Users\Administrator\AppData\Local\Programs\Python\Python314\Lib\site-packages\pluggy\_hooks.py", line 512, in __call__
    return self._hookexec(self.name, self._hookimpls.copy(), kwargs, firstresult)
  File "C:\Users\Administrator\AppData\Local\Programs\Python\Python314\Lib\site-packages\pluggy\_manager.py", line 120, in _hookexec
    return self._inner_hookexec(hook_name, methods, kwargs, firstresult)
  File "C:\Users\Administrator\AppData\Local\Programs\Python\Python314\Lib\site-packages\pluggy\_callers.py", line 121, in _multicall
    res = hook_impl.function(*args)
  File "C:\Users\Administrator\AppData\Local\Programs\Python\Python314\Lib\site-packages\_pytest\main.py", line 377, in pytest_cmdline_main
    return wrap_session(config, _main)
  File "C:\Users\Administrator\AppData\Local\Programs\Python\Python314\Lib\site-packages\_pytest\main.py", line 330, in wrap_session
    session.exitstatus = doit(config, session) or 0
  File "C:\Users\Administrator\AppData\Local\Programs\Python\Python314\Lib\site-packages\_pytest\main.py", line 384, in _main
    config.hook.pytest_runtestloop(session=session)
  File "C:\Users\Administrator\AppData\Local\Programs\Python\Python314\Lib\site-packages\pluggy\_hooks.py", line 512, in __call__
    return self._hookexec(self.name, self._hookimpls.copy(), kwargs, firstresult)
  File "C:\Users\Administrator\AppData\Local\Programs\Python\Python314\Lib\site-packages\pluggy\_manager.py", line 120, in _hookexec
    return self._inner_hookexec(hook_name, methods, kwargs, firstresult)
  File "C:\Users\Administrator\AppData\Local\Programs\Python\Python314\Lib\site-packages\pluggy\_callers.py", line 121, in _multicall
    res = hook_impl.function(*args)
  File "C:\Users\Administrator\AppData\Local\Programs\Python\Python314\Lib\site-packages\_pytest\main.py", line 408, in pytest_runtestloop
    item.config.hook.pytest_runtest_protocol(item=item, nextitem=nextitem)
  File "C:\Users\Administrator\AppData\Local\Programs\Python\Python314\Lib\site-packages\pluggy\_hooks.py", line 512, in __call__
    return self._hookexec(self.name, self._hookimpls.copy(), kwargs, firstresult)
  File "C:\Users\Administrator\AppData\Local\Programs\Python\Python314\Lib\site-packages\pluggy\_manager.py", line 120, in _hookexec
    return self._inner_hookexec(hook_name, methods, kwargs, firstresult)
  File "C:\Users\Administrator\AppData\Local\Programs\Python\Python314\Lib\site-packages\pluggy\_callers.py", line 121, in _multicall
    res = hook_impl.function(*args)
  File "C:\Users\Administrator\AppData\Local\Programs\Python\Python314\Lib\site-packages\_pytest\runner.py", line 118, in pytest_runtest_protocol
    runtestprotocol(item, nextitem=nextitem)
  File "C:\Users\Administrator\AppData\Local\Programs\Python\Python314\Lib\site-packages\_pytest\runner.py", line 139, in runtestprotocol
    reports.append(call_and_report(item, "call", log))
  File "C:\Users\Administrator\AppData\Local\Programs\Python\Python314\Lib\site-packages\_pytest\runner.py", line 249, in call_and_report
    call = CallInfo.from_call(
  File "C:\Users\Administrator\AppData\Local\Programs\Python\Python314\Lib\site-packages\_pytest\runner.py", line 361, in from_call
    result: TResult | None = func()
  File "C:\Users\Administrator\AppData\Local\Programs\Python\Python314\Lib\site-packages\_pytest\runner.py", line 250, in <lambda>
    lambda: runtest_hook(item=item, **kwds),
  File "C:\Users\Administrator\AppData\Local\Programs\Python\Python314\Lib\site-packages\pluggy\_hooks.py", line 512, in __call__
    return self._hookexec(self.name, self._hookimpls.copy(), kwargs, firstresult)
  File "C:\Users\Administrator\AppData\Local\Programs\Python\Python314\Lib\site-packages\pluggy\_manager.py", line 120, in _hookexec
    return self._inner_hookexec(hook_name, methods, kwargs, firstresult)
  File "C:\Users\Administrator\AppData\Local\Programs\Python\Python314\Lib\site-packages\pluggy\_callers.py", line 121, in _multicall
    res = hook_impl.function(*args)
  File "C:\Users\Administrator\AppData\Local\Programs\Python\Python314\Lib\site-packages\_pytest\runner.py", line 184, in pytest_runtest_call
    item.runtest()
  File "C:\Users\Administrator\AppData\Local\Programs\Python\Python314\Lib\site-packages\pytest_asyncio\plugin.py", line 569, in runtest
    super().runtest()
  File "C:\Users\Administrator\AppData\Local\Programs\Python\Python314\Lib\site-packages\_pytest\python.py", line 1707, in runtest
    self.ihook.pytest_pyfunc_call(pyfuncitem=self)
  File "C:\Users\Administrator\AppData\Local\Programs\Python\Python314\Lib\site-packages\pluggy\_hooks.py", line 512, in __call__
    return self._hookexec(self.name, self._hookimpls.copy(), kwargs, firstresult)
  File "C:\Users\Administrator\AppData\Local\Programs\Python\Python314\Lib\site-packages\pluggy\_manager.py", line 120, in _hookexec
    return self._inner_hookexec(hook_name, methods, kwargs, firstresult)
  File "C:\Users\Administrator\AppData\Local\Programs\Python\Python314\Lib\site-packages\pluggy\_callers.py", line 121, in _multicall
    res = hook_impl.function(*args)
  File "C:\Users\Administrator\AppData\Local\Programs\Python\Python314\Lib\site-packages\_pytest\python.py", line 167, in pytest_pyfunc_call
    result = testfunction(**testargs)
  File "C:\Users\Administrator\AppData\Local\Programs\Python\Python314\Lib\site-packages\pytest_asyncio\plugin.py", line 905, in inner
    runner.run(coro, context=context)
  File "C:\Users\Administrator\AppData\Local\Programs\Python\Python314\Lib\asyncio\runners.py", line 127, in run
    return self._loop.run_until_complete(task)
  File "C:\Users\Administrator\AppData\Local\Programs\Python\Python314\Lib\asyncio\base_events.py", line 706, in run_until_complete
    self.run_forever()
  File "C:\Users\Administrator\AppData\Local\Programs\Python\Python314\Lib\asyncio\base_events.py", line 677, in run_forever
    self._run_once()
  File "C:\Users\Administrator\AppData\Local\Programs\Python\Python314\Lib\asyncio\base_events.py", line 2057, in _run_once
    handle._run()
  File "C:\Users\Administrator\AppData\Local\Programs\Python\Python314\Lib\asyncio\events.py", line 94, in _run
    self._context.run(self._callback, *self._args)
  File "D:\Project\ASTRA\backend\tests\test_coverage_gap_fill.py", line 442, in test_api_automation_and_users_gaps
    resp = await client.get(
  File "C:\Users\Administrator\AppData\Local\Programs\Python\Python314\Lib\site-packages\httpx\_client.py", line 1768, in get
    return await self.request(
  File "C:\Users\Administrator\AppData\Local\Programs\Python\Python314\Lib\site-packages\httpx\_client.py", line 1540, in request
    return await self.send(request, auth=auth, follow_redirects=follow_redirects)
  File "C:\Users\Administrator\AppData\Local\Programs\Python\Python314\Lib\site-packages\httpx\_client.py", line 1629, in send
    response = await self._send_handling_auth(
  File "C:\Users\Administrator\AppData\Local\Programs\Python\Python314\Lib\site-packages\httpx\_client.py", line 1657, in _send_handling_auth
    response = await self._send_handling_redirects(
  File "C:\Users\Administrator\AppData\Local\Programs\Python\Python314\Lib\site-packages\httpx\_client.py", line 1694, in _send_handling_redirects
    response = await self._send_single_request(request)
  File "C:\Users\Administrator\AppData\Local\Programs\Python\Python314\Lib\site-packages\httpx\_client.py", line 1740, in _send_single_request
    logger.info(
Message: 'HTTP Request: %s %s "%s %d %s"'
Arguments: ('GET', URL('http://test/api/v1/users/b37401a4-ac00-4732-9408-f5036cc78d62'), 'HTTP/1.1', 404, 'Not Found')
--- Logging error ---
Traceback (most recent call last):
  File "C:\Users\Administrator\AppData\Local\Programs\Python\Python314\Lib\logging\__init__.py", line 1151, in emit
    msg = self.format(record)
  File "C:\Users\Administrator\AppData\Local\Programs\Python\Python314\Lib\logging\__init__.py", line 999, in format
    return fmt.format(record)
           ~~~~~~~~~~^^^^^^^^
  File "C:\Users\Administrator\AppData\Local\Programs\Python\Python314\Lib\site-packages\pythonjsonlogger\jsonlogger.py", line 243, in format
    self.add_fields(log_record, record, message_dict)
    ~~~~~~~~~~~~~~~^^^^^^^^^^^^^^^^^^^^^^^^^^^^^^^^^^
  File "C:\Users\Administrator\AppData\Local\Programs\Python\Python314\Lib\site-packages\pythonjsonlogger\jsonlogger.py", line 191, in add_fields
    self._perform_rename_log_fields(log_record)
    ~~~~~~~~~~~~~~~~~~~~~~~~~~~~~~~^^^^^^^^^^^^
  File "C:\Users\Administrator\AppData\Local\Programs\Python\Python314\Lib\site-packages\pythonjsonlogger\jsonlogger.py", line 195, in _perform_rename_log_fields
    log_record[new_field_name] = log_record[old_field_name]
                                 ~~~~~~~~~~^^^^^^^^^^^^^^^^
KeyError: 'levelname'
Call stack:
  File "<frozen runpy>", line 203, in _run_module_as_main
  File "<frozen runpy>", line 88, in _run_code
  File "C:\Users\Administrator\AppData\Local\Programs\Python\Python314\Scripts\pytest.exe\__main__.py", line 5, in <module>
    sys.exit(_console_main())
  File "C:\Users\Administrator\AppData\Local\Programs\Python\Python314\Lib\site-packages\_pytest\config\__init__.py", line 253, in _console_main
    code = _main(prog=_get_prog_name(sys.argv))
  File "C:\Users\Administrator\AppData\Local\Programs\Python\Python314\Lib\site-packages\_pytest\config\__init__.py", line 229, in _main
    ret: ExitCode | int = config.hook.pytest_cmdline_main(config=config)
  File "C:\Users\Administrator\AppData\Local\Programs\Python\Python314\Lib\site-packages\pluggy\_hooks.py", line 512, in __call__
    return self._hookexec(self.name, self._hookimpls.copy(), kwargs, firstresult)
  File "C:\Users\Administrator\AppData\Local\Programs\Python\Python314\Lib\site-packages\pluggy\_manager.py", line 120, in _hookexec
    return self._inner_hookexec(hook_name, methods, kwargs, firstresult)
  File "C:\Users\Administrator\AppData\Local\Programs\Python\Python314\Lib\site-packages\pluggy\_callers.py", line 121, in _multicall
    res = hook_impl.function(*args)
  File "C:\Users\Administrator\AppData\Local\Programs\Python\Python314\Lib\site-packages\_pytest\main.py", line 377, in pytest_cmdline_main
    return wrap_session(config, _main)
  File "C:\Users\Administrator\AppData\Local\Programs\Python\Python314\Lib\site-packages\_pytest\main.py", line 330, in wrap_session
    session.exitstatus = doit(config, session) or 0
  File "C:\Users\Administrator\AppData\Local\Programs\Python\Python314\Lib\site-packages\_pytest\main.py", line 384, in _main
    config.hook.pytest_runtestloop(session=session)
  File "C:\Users\Administrator\AppData\Local\Programs\Python\Python314\Lib\site-packages\pluggy\_hooks.py", line 512, in __call__
    return self._hookexec(self.name, self._hookimpls.copy(), kwargs, firstresult)
  File "C:\Users\Administrator\AppData\Local\Programs\Python\Python314\Lib\site-packages\pluggy\_manager.py", line 120, in _hookexec
    return self._inner_hookexec(hook_name, methods, kwargs, firstresult)
  File "C:\Users\Administrator\AppData\Local\Programs\Python\Python314\Lib\site-packages\pluggy\_callers.py", line 121, in _multicall
    res = hook_impl.function(*args)
  File "C:\Users\Administrator\AppData\Local\Programs\Python\Python314\Lib\site-packages\_pytest\main.py", line 408, in pytest_runtestloop
    item.config.hook.pytest_runtest_protocol(item=item, nextitem=nextitem)
  File "C:\Users\Administrator\AppData\Local\Programs\Python\Python314\Lib\site-packages\pluggy\_hooks.py", line 512, in __call__
    return self._hookexec(self.name, self._hookimpls.copy(), kwargs, firstresult)
  File "C:\Users\Administrator\AppData\Local\Programs\Python\Python314\Lib\site-packages\pluggy\_manager.py", line 120, in _hookexec
    return self._inner_hookexec(hook_name, methods, kwargs, firstresult)
  File "C:\Users\Administrator\AppData\Local\Programs\Python\Python314\Lib\site-packages\pluggy\_callers.py", line 121, in _multicall
    res = hook_impl.function(*args)
  File "C:\Users\Administrator\AppData\Local\Programs\Python\Python314\Lib\site-packages\_pytest\runner.py", line 118, in pytest_runtest_protocol
    runtestprotocol(item, nextitem=nextitem)
  File "C:\Users\Administrator\AppData\Local\Programs\Python\Python314\Lib\site-packages\_pytest\runner.py", line 139, in runtestprotocol
    reports.append(call_and_report(item, "call", log))
  File "C:\Users\Administrator\AppData\Local\Programs\Python\Python314\Lib\site-packages\_pytest\runner.py", line 249, in call_and_report
    call = CallInfo.from_call(
  File "C:\Users\Administrator\AppData\Local\Programs\Python\Python314\Lib\site-packages\_pytest\runner.py", line 361, in from_call
    result: TResult | None = func()
  File "C:\Users\Administrator\AppData\Local\Programs\Python\Python314\Lib\site-packages\_pytest\runner.py", line 250, in <lambda>
    lambda: runtest_hook(item=item, **kwds),
  File "C:\Users\Administrator\AppData\Local\Programs\Python\Python314\Lib\site-packages\pluggy\_hooks.py", line 512, in __call__
    return self._hookexec(self.name, self._hookimpls.copy(), kwargs, firstresult)
  File "C:\Users\Administrator\AppData\Local\Programs\Python\Python314\Lib\site-packages\pluggy\_manager.py", line 120, in _hookexec
    return self._inner_hookexec(hook_name, methods, kwargs, firstresult)
  File "C:\Users\Administrator\AppData\Local\Programs\Python\Python314\Lib\site-packages\pluggy\_callers.py", line 121, in _multicall
    res = hook_impl.function(*args)
  File "C:\Users\Administrator\AppData\Local\Programs\Python\Python314\Lib\site-packages\_pytest\runner.py", line 184, in pytest_runtest_call
    item.runtest()
  File "C:\Users\Administrator\AppData\Local\Programs\Python\Python314\Lib\site-packages\pytest_asyncio\plugin.py", line 569, in runtest
    super().runtest()
  File "C:\Users\Administrator\AppData\Local\Programs\Python\Python314\Lib\site-packages\_pytest\python.py", line 1707, in runtest
    self.ihook.pytest_pyfunc_call(pyfuncitem=self)
  File "C:\Users\Administrator\AppData\Local\Programs\Python\Python314\Lib\site-packages\pluggy\_hooks.py", line 512, in __call__
    return self._hookexec(self.name, self._hookimpls.copy(), kwargs, firstresult)
  File "C:\Users\Administrator\AppData\Local\Programs\Python\Python314\Lib\site-packages\pluggy\_manager.py", line 120, in _hookexec
    return self._inner_hookexec(hook_name, methods, kwargs, firstresult)
  File "C:\Users\Administrator\AppData\Local\Programs\Python\Python314\Lib\site-packages\pluggy\_callers.py", line 121, in _multicall
    res = hook_impl.function(*args)
  File "C:\Users\Administrator\AppData\Local\Programs\Python\Python314\Lib\site-packages\_pytest\python.py", line 167, in pytest_pyfunc_call
    result = testfunction(**testargs)
  File "C:\Users\Administrator\AppData\Local\Programs\Python\Python314\Lib\site-packages\pytest_asyncio\plugin.py", line 905, in inner
    runner.run(coro, context=context)
  File "C:\Users\Administrator\AppData\Local\Programs\Python\Python314\Lib\asyncio\runners.py", line 127, in run
    return self._loop.run_until_complete(task)
  File "C:\Users\Administrator\AppData\Local\Programs\Python\Python314\Lib\asyncio\base_events.py", line 706, in run_until_complete
    self.run_forever()
  File "C:\Users\Administrator\AppData\Local\Programs\Python\Python314\Lib\asyncio\base_events.py", line 677, in run_forever
    self._run_once()
  File "C:\Users\Administrator\AppData\Local\Programs\Python\Python314\Lib\asyncio\base_events.py", line 2057, in _run_once
    handle._run()
  File "C:\Users\Administrator\AppData\Local\Programs\Python\Python314\Lib\asyncio\events.py", line 94, in _run
    self._context.run(self._callback, *self._args)
  File "D:\Project\ASTRA\backend\tests\test_coverage_gap_fill.py", line 449, in test_api_automation_and_users_gaps
    resp = await client.put(
  File "C:\Users\Administrator\AppData\Local\Programs\Python\Python314\Lib\site-packages\httpx\_client.py", line 1896, in put
    return await self.request(
  File "C:\Users\Administrator\AppData\Local\Programs\Python\Python314\Lib\site-packages\httpx\_client.py", line 1540, in request
    return await self.send(request, auth=auth, follow_redirects=follow_redirects)
  File "C:\Users\Administrator\AppData\Local\Programs\Python\Python314\Lib\site-packages\httpx\_client.py", line 1629, in send
    response = await self._send_handling_auth(
  File "C:\Users\Administrator\AppData\Local\Programs\Python\Python314\Lib\site-packages\httpx\_client.py", line 1657, in _send_handling_auth
    response = await self._send_handling_redirects(
  File "C:\Users\Administrator\AppData\Local\Programs\Python\Python314\Lib\site-packages\httpx\_client.py", line 1694, in _send_handling_redirects
    response = await self._send_single_request(request)
  File "C:\Users\Administrator\AppData\Local\Programs\Python\Python314\Lib\site-packages\httpx\_client.py", line 1740, in _send_single_request
    logger.info(
Message: 'HTTP Request: %s %s "%s %d %s"'
Arguments: ('PUT', URL('http://test/api/v1/users/83301ae6-3b12-4373-a027-3c376b2efe30'), 'HTTP/1.1', 404, 'Not Found')
--- Logging error ---
Traceback (most recent call last):
  File "C:\Users\Administrator\AppData\Local\Programs\Python\Python314\Lib\logging\__init__.py", line 1151, in emit
    msg = self.format(record)
  File "C:\Users\Administrator\AppData\Local\Programs\Python\Python314\Lib\logging\__init__.py", line 999, in format
    return fmt.format(record)
           ~~~~~~~~~~^^^^^^^^
  File "C:\Users\Administrator\AppData\Local\Programs\Python\Python314\Lib\site-packages\pythonjsonlogger\jsonlogger.py", line 243, in format
    self.add_fields(log_record, record, message_dict)
    ~~~~~~~~~~~~~~~^^^^^^^^^^^^^^^^^^^^^^^^^^^^^^^^^^
  File "C:\Users\Administrator\AppData\Local\Programs\Python\Python314\Lib\site-packages\pythonjsonlogger\jsonlogger.py", line 191, in add_fields
    self._perform_rename_log_fields(log_record)
    ~~~~~~~~~~~~~~~~~~~~~~~~~~~~~~~^^^^^^^^^^^^
  File "C:\Users\Administrator\AppData\Local\Programs\Python\Python314\Lib\site-packages\pythonjsonlogger\jsonlogger.py", line 195, in _perform_rename_log_fields
    log_record[new_field_name] = log_record[old_field_name]
                                 ~~~~~~~~~~^^^^^^^^^^^^^^^^
KeyError: 'levelname'
Call stack:
  File "<frozen runpy>", line 203, in _run_module_as_main
  File "<frozen runpy>", line 88, in _run_code
  File "C:\Users\Administrator\AppData\Local\Programs\Python\Python314\Scripts\pytest.exe\__main__.py", line 5, in <module>
    sys.exit(_console_main())
  File "C:\Users\Administrator\AppData\Local\Programs\Python\Python314\Lib\site-packages\_pytest\config\__init__.py", line 253, in _console_main
    code = _main(prog=_get_prog_name(sys.argv))
  File "C:\Users\Administrator\AppData\Local\Programs\Python\Python314\Lib\site-packages\_pytest\config\__init__.py", line 229, in _main
    ret: ExitCode | int = config.hook.pytest_cmdline_main(config=config)
  File "C:\Users\Administrator\AppData\Local\Programs\Python\Python314\Lib\site-packages\pluggy\_hooks.py", line 512, in __call__
    return self._hookexec(self.name, self._hookimpls.copy(), kwargs, firstresult)
  File "C:\Users\Administrator\AppData\Local\Programs\Python\Python314\Lib\site-packages\pluggy\_manager.py", line 120, in _hookexec
    return self._inner_hookexec(hook_name, methods, kwargs, firstresult)
  File "C:\Users\Administrator\AppData\Local\Programs\Python\Python314\Lib\site-packages\pluggy\_callers.py", line 121, in _multicall
    res = hook_impl.function(*args)
  File "C:\Users\Administrator\AppData\Local\Programs\Python\Python314\Lib\site-packages\_pytest\main.py", line 377, in pytest_cmdline_main
    return wrap_session(config, _main)
  File "C:\Users\Administrator\AppData\Local\Programs\Python\Python314\Lib\site-packages\_pytest\main.py", line 330, in wrap_session
    session.exitstatus = doit(config, session) or 0
  File "C:\Users\Administrator\AppData\Local\Programs\Python\Python314\Lib\site-packages\_pytest\main.py", line 384, in _main
    config.hook.pytest_runtestloop(session=session)
  File "C:\Users\Administrator\AppData\Local\Programs\Python\Python314\Lib\site-packages\pluggy\_hooks.py", line 512, in __call__
    return self._hookexec(self.name, self._hookimpls.copy(), kwargs, firstresult)
  File "C:\Users\Administrator\AppData\Local\Programs\Python\Python314\Lib\site-packages\pluggy\_manager.py", line 120, in _hookexec
    return self._inner_hookexec(hook_name, methods, kwargs, firstresult)
  File "C:\Users\Administrator\AppData\Local\Programs\Python\Python314\Lib\site-packages\pluggy\_callers.py", line 121, in _multicall
    res = hook_impl.function(*args)
  File "C:\Users\Administrator\AppData\Local\Programs\Python\Python314\Lib\site-packages\_pytest\main.py", line 408, in pytest_runtestloop
    item.config.hook.pytest_runtest_protocol(item=item, nextitem=nextitem)
  File "C:\Users\Administrator\AppData\Local\Programs\Python\Python314\Lib\site-packages\pluggy\_hooks.py", line 512, in __call__
    return self._hookexec(self.name, self._hookimpls.copy(), kwargs, firstresult)
  File "C:\Users\Administrator\AppData\Local\Programs\Python\Python314\Lib\site-packages\pluggy\_manager.py", line 120, in _hookexec
    return self._inner_hookexec(hook_name, methods, kwargs, firstresult)
  File "C:\Users\Administrator\AppData\Local\Programs\Python\Python314\Lib\site-packages\pluggy\_callers.py", line 121, in _multicall
    res = hook_impl.function(*args)
  File "C:\Users\Administrator\AppData\Local\Programs\Python\Python314\Lib\site-packages\_pytest\runner.py", line 118, in pytest_runtest_protocol
    runtestprotocol(item, nextitem=nextitem)
  File "C:\Users\Administrator\AppData\Local\Programs\Python\Python314\Lib\site-packages\_pytest\runner.py", line 139, in runtestprotocol
    reports.append(call_and_report(item, "call", log))
  File "C:\Users\Administrator\AppData\Local\Programs\Python\Python314\Lib\site-packages\_pytest\runner.py", line 249, in call_and_report
    call = CallInfo.from_call(
  File "C:\Users\Administrator\AppData\Local\Programs\Python\Python314\Lib\site-packages\_pytest\runner.py", line 361, in from_call
    result: TResult | None = func()
  File "C:\Users\Administrator\AppData\Local\Programs\Python\Python314\Lib\site-packages\_pytest\runner.py", line 250, in <lambda>
    lambda: runtest_hook(item=item, **kwds),
  File "C:\Users\Administrator\AppData\Local\Programs\Python\Python314\Lib\site-packages\pluggy\_hooks.py", line 512, in __call__
    return self._hookexec(self.name, self._hookimpls.copy(), kwargs, firstresult)
  File "C:\Users\Administrator\AppData\Local\Programs\Python\Python314\Lib\site-packages\pluggy\_manager.py", line 120, in _hookexec
    return self._inner_hookexec(hook_name, methods, kwargs, firstresult)
  File "C:\Users\Administrator\AppData\Local\Programs\Python\Python314\Lib\site-packages\pluggy\_callers.py", line 121, in _multicall
    res = hook_impl.function(*args)
  File "C:\Users\Administrator\AppData\Local\Programs\Python\Python314\Lib\site-packages\_pytest\runner.py", line 184, in pytest_runtest_call
    item.runtest()
  File "C:\Users\Administrator\AppData\Local\Programs\Python\Python314\Lib\site-packages\pytest_asyncio\plugin.py", line 569, in runtest
    super().runtest()
  File "C:\Users\Administrator\AppData\Local\Programs\Python\Python314\Lib\site-packages\_pytest\python.py", line 1707, in runtest
    self.ihook.pytest_pyfunc_call(pyfuncitem=self)
  File "C:\Users\Administrator\AppData\Local\Programs\Python\Python314\Lib\site-packages\pluggy\_hooks.py", line 512, in __call__
    return self._hookexec(self.name, self._hookimpls.copy(), kwargs, firstresult)
  File "C:\Users\Administrator\AppData\Local\Programs\Python\Python314\Lib\site-packages\pluggy\_manager.py", line 120, in _hookexec
    return self._inner_hookexec(hook_name, methods, kwargs, firstresult)
  File "C:\Users\Administrator\AppData\Local\Programs\Python\Python314\Lib\site-packages\pluggy\_callers.py", line 121, in _multicall
    res = hook_impl.function(*args)
  File "C:\Users\Administrator\AppData\Local\Programs\Python\Python314\Lib\site-packages\_pytest\python.py", line 167, in pytest_pyfunc_call
    result = testfunction(**testargs)
  File "C:\Users\Administrator\AppData\Local\Programs\Python\Python314\Lib\site-packages\pytest_asyncio\plugin.py", line 905, in inner
    runner.run(coro, context=context)
  File "C:\Users\Administrator\AppData\Local\Programs\Python\Python314\Lib\asyncio\runners.py", line 127, in run
    return self._loop.run_until_complete(task)
  File "C:\Users\Administrator\AppData\Local\Programs\Python\Python314\Lib\asyncio\base_events.py", line 706, in run_until_complete
    self.run_forever()
  File "C:\Users\Administrator\AppData\Local\Programs\Python\Python314\Lib\asyncio\base_events.py", line 677, in run_forever
    self._run_once()
  File "C:\Users\Administrator\AppData\Local\Programs\Python\Python314\Lib\asyncio\base_events.py", line 2057, in _run_once
    handle._run()
  File "C:\Users\Administrator\AppData\Local\Programs\Python\Python314\Lib\asyncio\events.py", line 94, in _run
    self._context.run(self._callback, *self._args)
  File "D:\Project\ASTRA\backend\tests\test_coverage_gap_fill.py", line 462, in test_api_automation_and_users_gaps
    resp = await client.put(
  File "C:\Users\Administrator\AppData\Local\Programs\Python\Python314\Lib\site-packages\httpx\_client.py", line 1896, in put
    return await self.request(
  File "C:\Users\Administrator\AppData\Local\Programs\Python\Python314\Lib\site-packages\httpx\_client.py", line 1540, in request
    return await self.send(request, auth=auth, follow_redirects=follow_redirects)
  File "C:\Users\Administrator\AppData\Local\Programs\Python\Python314\Lib\site-packages\httpx\_client.py", line 1629, in send
    response = await self._send_handling_auth(
  File "C:\Users\Administrator\AppData\Local\Programs\Python\Python314\Lib\site-packages\httpx\_client.py", line 1657, in _send_handling_auth
    response = await self._send_handling_redirects(
  File "C:\Users\Administrator\AppData\Local\Programs\Python\Python314\Lib\site-packages\httpx\_client.py", line 1694, in _send_handling_redirects
    response = await self._send_single_request(request)
  File "C:\Users\Administrator\AppData\Local\Programs\Python\Python314\Lib\site-packages\httpx\_client.py", line 1740, in _send_single_request
    logger.info(
Message: 'HTTP Request: %s %s "%s %d %s"'
Arguments: ('PUT', URL('http://test/api/v1/users/4c7b3fe1-14ea-4106-b644-dc4f6baa84ea'), 'HTTP/1.1', 400, 'Bad Request')
--- Logging error ---
Traceback (most recent call last):
  File "C:\Users\Administrator\AppData\Local\Programs\Python\Python314\Lib\logging\__init__.py", line 1151, in emit
    msg = self.format(record)
  File "C:\Users\Administrator\AppData\Local\Programs\Python\Python314\Lib\logging\__init__.py", line 999, in format
    return fmt.format(record)
           ~~~~~~~~~~^^^^^^^^
  File "C:\Users\Administrator\AppData\Local\Programs\Python\Python314\Lib\site-packages\pythonjsonlogger\jsonlogger.py", line 243, in format
    self.add_fields(log_record, record, message_dict)
    ~~~~~~~~~~~~~~~^^^^^^^^^^^^^^^^^^^^^^^^^^^^^^^^^^
  File "C:\Users\Administrator\AppData\Local\Programs\Python\Python314\Lib\site-packages\pythonjsonlogger\jsonlogger.py", line 191, in add_fields
    self._perform_rename_log_fields(log_record)
    ~~~~~~~~~~~~~~~~~~~~~~~~~~~~~~~^^^^^^^^^^^^
  File "C:\Users\Administrator\AppData\Local\Programs\Python\Python314\Lib\site-packages\pythonjsonlogger\jsonlogger.py", line 195, in _perform_rename_log_fields
    log_record[new_field_name] = log_record[old_field_name]
                                 ~~~~~~~~~~^^^^^^^^^^^^^^^^
KeyError: 'levelname'
Call stack:
  File "<frozen runpy>", line 203, in _run_module_as_main
  File "<frozen runpy>", line 88, in _run_code
  File "C:\Users\Administrator\AppData\Local\Programs\Python\Python314\Scripts\pytest.exe\__main__.py", line 5, in <module>
    sys.exit(_console_main())
  File "C:\Users\Administrator\AppData\Local\Programs\Python\Python314\Lib\site-packages\_pytest\config\__init__.py", line 253, in _console_main
    code = _main(prog=_get_prog_name(sys.argv))
  File "C:\Users\Administrator\AppData\Local\Programs\Python\Python314\Lib\site-packages\_pytest\config\__init__.py", line 229, in _main
    ret: ExitCode | int = config.hook.pytest_cmdline_main(config=config)
  File "C:\Users\Administrator\AppData\Local\Programs\Python\Python314\Lib\site-packages\pluggy\_hooks.py", line 512, in __call__
    return self._hookexec(self.name, self._hookimpls.copy(), kwargs, firstresult)
  File "C:\Users\Administrator\AppData\Local\Programs\Python\Python314\Lib\site-packages\pluggy\_manager.py", line 120, in _hookexec
    return self._inner_hookexec(hook_name, methods, kwargs, firstresult)
  File "C:\Users\Administrator\AppData\Local\Programs\Python\Python314\Lib\site-packages\pluggy\_callers.py", line 121, in _multicall
    res = hook_impl.function(*args)
  File "C:\Users\Administrator\AppData\Local\Programs\Python\Python314\Lib\site-packages\_pytest\main.py", line 377, in pytest_cmdline_main
    return wrap_session(config, _main)
  File "C:\Users\Administrator\AppData\Local\Programs\Python\Python314\Lib\site-packages\_pytest\main.py", line 330, in wrap_session
    session.exitstatus = doit(config, session) or 0
  File "C:\Users\Administrator\AppData\Local\Programs\Python\Python314\Lib\site-packages\_pytest\main.py", line 384, in _main
    config.hook.pytest_runtestloop(session=session)
  File "C:\Users\Administrator\AppData\Local\Programs\Python\Python314\Lib\site-packages\pluggy\_hooks.py", line 512, in __call__
    return self._hookexec(self.name, self._hookimpls.copy(), kwargs, firstresult)
  File "C:\Users\Administrator\AppData\Local\Programs\Python\Python314\Lib\site-packages\pluggy\_manager.py", line 120, in _hookexec
    return self._inner_hookexec(hook_name, methods, kwargs, firstresult)
  File "C:\Users\Administrator\AppData\Local\Programs\Python\Python314\Lib\site-packages\pluggy\_callers.py", line 121, in _multicall
    res = hook_impl.function(*args)
  File "C:\Users\Administrator\AppData\Local\Programs\Python\Python314\Lib\site-packages\_pytest\main.py", line 408, in pytest_runtestloop
    item.config.hook.pytest_runtest_protocol(item=item, nextitem=nextitem)
  File "C:\Users\Administrator\AppData\Local\Programs\Python\Python314\Lib\site-packages\pluggy\_hooks.py", line 512, in __call__
    return self._hookexec(self.name, self._hookimpls.copy(), kwargs, firstresult)
  File "C:\Users\Administrator\AppData\Local\Programs\Python\Python314\Lib\site-packages\pluggy\_manager.py", line 120, in _hookexec
    return self._inner_hookexec(hook_name, methods, kwargs, firstresult)
  File "C:\Users\Administrator\AppData\Local\Programs\Python\Python314\Lib\site-packages\pluggy\_callers.py", line 121, in _multicall
    res = hook_impl.function(*args)
  File "C:\Users\Administrator\AppData\Local\Programs\Python\Python314\Lib\site-packages\_pytest\runner.py", line 118, in pytest_runtest_protocol
    runtestprotocol(item, nextitem=nextitem)
  File "C:\Users\Administrator\AppData\Local\Programs\Python\Python314\Lib\site-packages\_pytest\runner.py", line 139, in runtestprotocol
    reports.append(call_and_report(item, "call", log))
  File "C:\Users\Administrator\AppData\Local\Programs\Python\Python314\Lib\site-packages\_pytest\runner.py", line 249, in call_and_report
    call = CallInfo.from_call(
  File "C:\Users\Administrator\AppData\Local\Programs\Python\Python314\Lib\site-packages\_pytest\runner.py", line 361, in from_call
    result: TResult | None = func()
  File "C:\Users\Administrator\AppData\Local\Programs\Python\Python314\Lib\site-packages\_pytest\runner.py", line 250, in <lambda>
    lambda: runtest_hook(item=item, **kwds),
  File "C:\Users\Administrator\AppData\Local\Programs\Python\Python314\Lib\site-packages\pluggy\_hooks.py", line 512, in __call__
    return self._hookexec(self.name, self._hookimpls.copy(), kwargs, firstresult)
  File "C:\Users\Administrator\AppData\Local\Programs\Python\Python314\Lib\site-packages\pluggy\_manager.py", line 120, in _hookexec
    return self._inner_hookexec(hook_name, methods, kwargs, firstresult)
  File "C:\Users\Administrator\AppData\Local\Programs\Python\Python314\Lib\site-packages\pluggy\_callers.py", line 121, in _multicall
    res = hook_impl.function(*args)
  File "C:\Users\Administrator\AppData\Local\Programs\Python\Python314\Lib\site-packages\_pytest\runner.py", line 184, in pytest_runtest_call
    item.runtest()
  File "C:\Users\Administrator\AppData\Local\Programs\Python\Python314\Lib\site-packages\pytest_asyncio\plugin.py", line 569, in runtest
    super().runtest()
  File "C:\Users\Administrator\AppData\Local\Programs\Python\Python314\Lib\site-packages\_pytest\python.py", line 1707, in runtest
    self.ihook.pytest_pyfunc_call(pyfuncitem=self)
  File "C:\Users\Administrator\AppData\Local\Programs\Python\Python314\Lib\site-packages\pluggy\_hooks.py", line 512, in __call__
    return self._hookexec(self.name, self._hookimpls.copy(), kwargs, firstresult)
  File "C:\Users\Administrator\AppData\Local\Programs\Python\Python314\Lib\site-packages\pluggy\_manager.py", line 120, in _hookexec
    return self._inner_hookexec(hook_name, methods, kwargs, firstresult)
  File "C:\Users\Administrator\AppData\Local\Programs\Python\Python314\Lib\site-packages\pluggy\_callers.py", line 121, in _multicall
    res = hook_impl.function(*args)
  File "C:\Users\Administrator\AppData\Local\Programs\Python\Python314\Lib\site-packages\_pytest\python.py", line 167, in pytest_pyfunc_call
    result = testfunction(**testargs)
  File "C:\Users\Administrator\AppData\Local\Programs\Python\Python314\Lib\site-packages\pytest_asyncio\plugin.py", line 905, in inner
    runner.run(coro, context=context)
  File "C:\Users\Administrator\AppData\Local\Programs\Python\Python314\Lib\asyncio\runners.py", line 127, in run
    return self._loop.run_until_complete(task)
  File "C:\Users\Administrator\AppData\Local\Programs\Python\Python314\Lib\asyncio\base_events.py", line 706, in run_until_complete
    self.run_forever()
  File "C:\Users\Administrator\AppData\Local\Programs\Python\Python314\Lib\asyncio\base_events.py", line 677, in run_forever
    self._run_once()
  File "C:\Users\Administrator\AppData\Local\Programs\Python\Python314\Lib\asyncio\base_events.py", line 2057, in _run_once
    handle._run()
  File "C:\Users\Administrator\AppData\Local\Programs\Python\Python314\Lib\asyncio\events.py", line 94, in _run
    self._context.run(self._callback, *self._args)
  File "D:\Project\ASTRA\backend\tests\test_coverage_gap_fill.py", line 470, in test_api_automation_and_users_gaps
    resp = await client.put(
  File "C:\Users\Administrator\AppData\Local\Programs\Python\Python314\Lib\site-packages\httpx\_client.py", line 1896, in put
    return await self.request(
  File "C:\Users\Administrator\AppData\Local\Programs\Python\Python314\Lib\site-packages\httpx\_client.py", line 1540, in request
    return await self.send(request, auth=auth, follow_redirects=follow_redirects)
  File "C:\Users\Administrator\AppData\Local\Programs\Python\Python314\Lib\site-packages\httpx\_client.py", line 1629, in send
    response = await self._send_handling_auth(
  File "C:\Users\Administrator\AppData\Local\Programs\Python\Python314\Lib\site-packages\httpx\_client.py", line 1657, in _send_handling_auth
    response = await self._send_handling_redirects(
  File "C:\Users\Administrator\AppData\Local\Programs\Python\Python314\Lib\site-packages\httpx\_client.py", line 1694, in _send_handling_redirects
    response = await self._send_single_request(request)
  File "C:\Users\Administrator\AppData\Local\Programs\Python\Python314\Lib\site-packages\httpx\_client.py", line 1740, in _send_single_request
    logger.info(
Message: 'HTTP Request: %s %s "%s %d %s"'
Arguments: ('PUT', URL('http://test/api/v1/users/4c7b3fe1-14ea-4106-b644-dc4f6baa84ea'), 'HTTP/1.1', 400, 'Bad Request')
--- Logging error ---
Traceback (most recent call last):
  File "C:\Users\Administrator\AppData\Local\Programs\Python\Python314\Lib\logging\__init__.py", line 1151, in emit
    msg = self.format(record)
  File "C:\Users\Administrator\AppData\Local\Programs\Python\Python314\Lib\logging\__init__.py", line 999, in format
    return fmt.format(record)
           ~~~~~~~~~~^^^^^^^^
  File "C:\Users\Administrator\AppData\Local\Programs\Python\Python314\Lib\site-packages\pythonjsonlogger\jsonlogger.py", line 243, in format
    self.add_fields(log_record, record, message_dict)
    ~~~~~~~~~~~~~~~^^^^^^^^^^^^^^^^^^^^^^^^^^^^^^^^^^
  File "C:\Users\Administrator\AppData\Local\Programs\Python\Python314\Lib\site-packages\pythonjsonlogger\jsonlogger.py", line 191, in add_fields
    self._perform_rename_log_fields(log_record)
    ~~~~~~~~~~~~~~~~~~~~~~~~~~~~~~~^^^^^^^^^^^^
  File "C:\Users\Administrator\AppData\Local\Programs\Python\Python314\Lib\site-packages\pythonjsonlogger\jsonlogger.py", line 195, in _perform_rename_log_fields
    log_record[new_field_name] = log_record[old_field_name]
                                 ~~~~~~~~~~^^^^^^^^^^^^^^^^
KeyError: 'levelname'
Call stack:
  File "<frozen runpy>", line 203, in _run_module_as_main
  File "<frozen runpy>", line 88, in _run_code
  File "C:\Users\Administrator\AppData\Local\Programs\Python\Python314\Scripts\pytest.exe\__main__.py", line 5, in <module>
    sys.exit(_console_main())
  File "C:\Users\Administrator\AppData\Local\Programs\Python\Python314\Lib\site-packages\_pytest\config\__init__.py", line 253, in _console_main
    code = _main(prog=_get_prog_name(sys.argv))
  File "C:\Users\Administrator\AppData\Local\Programs\Python\Python314\Lib\site-packages\_pytest\config\__init__.py", line 229, in _main
    ret: ExitCode | int = config.hook.pytest_cmdline_main(config=config)
  File "C:\Users\Administrator\AppData\Local\Programs\Python\Python314\Lib\site-packages\pluggy\_hooks.py", line 512, in __call__
    return self._hookexec(self.name, self._hookimpls.copy(), kwargs, firstresult)
  File "C:\Users\Administrator\AppData\Local\Programs\Python\Python314\Lib\site-packages\pluggy\_manager.py", line 120, in _hookexec
    return self._inner_hookexec(hook_name, methods, kwargs, firstresult)
  File "C:\Users\Administrator\AppData\Local\Programs\Python\Python314\Lib\site-packages\pluggy\_callers.py", line 121, in _multicall
    res = hook_impl.function(*args)
  File "C:\Users\Administrator\AppData\Local\Programs\Python\Python314\Lib\site-packages\_pytest\main.py", line 377, in pytest_cmdline_main
    return wrap_session(config, _main)
  File "C:\Users\Administrator\AppData\Local\Programs\Python\Python314\Lib\site-packages\_pytest\main.py", line 330, in wrap_session
    session.exitstatus = doit(config, session) or 0
  File "C:\Users\Administrator\AppData\Local\Programs\Python\Python314\Lib\site-packages\_pytest\main.py", line 384, in _main
    config.hook.pytest_runtestloop(session=session)
  File "C:\Users\Administrator\AppData\Local\Programs\Python\Python314\Lib\site-packages\pluggy\_hooks.py", line 512, in __call__
    return self._hookexec(self.name, self._hookimpls.copy(), kwargs, firstresult)
  File "C:\Users\Administrator\AppData\Local\Programs\Python\Python314\Lib\site-packages\pluggy\_manager.py", line 120, in _hookexec
    return self._inner_hookexec(hook_name, methods, kwargs, firstresult)
  File "C:\Users\Administrator\AppData\Local\Programs\Python\Python314\Lib\site-packages\pluggy\_callers.py", line 121, in _multicall
    res = hook_impl.function(*args)
  File "C:\Users\Administrator\AppData\Local\Programs\Python\Python314\Lib\site-packages\_pytest\main.py", line 408, in pytest_runtestloop
    item.config.hook.pytest_runtest_protocol(item=item, nextitem=nextitem)
  File "C:\Users\Administrator\AppData\Local\Programs\Python\Python314\Lib\site-packages\pluggy\_hooks.py", line 512, in __call__
    return self._hookexec(self.name, self._hookimpls.copy(), kwargs, firstresult)
  File "C:\Users\Administrator\AppData\Local\Programs\Python\Python314\Lib\site-packages\pluggy\_manager.py", line 120, in _hookexec
    return self._inner_hookexec(hook_name, methods, kwargs, firstresult)
  File "C:\Users\Administrator\AppData\Local\Programs\Python\Python314\Lib\site-packages\pluggy\_callers.py", line 121, in _multicall
    res = hook_impl.function(*args)
  File "C:\Users\Administrator\AppData\Local\Programs\Python\Python314\Lib\site-packages\_pytest\runner.py", line 118, in pytest_runtest_protocol
    runtestprotocol(item, nextitem=nextitem)
  File "C:\Users\Administrator\AppData\Local\Programs\Python\Python314\Lib\site-packages\_pytest\runner.py", line 139, in runtestprotocol
    reports.append(call_and_report(item, "call", log))
  File "C:\Users\Administrator\AppData\Local\Programs\Python\Python314\Lib\site-packages\_pytest\runner.py", line 249, in call_and_report
    call = CallInfo.from_call(
  File "C:\Users\Administrator\AppData\Local\Programs\Python\Python314\Lib\site-packages\_pytest\runner.py", line 361, in from_call
    result: TResult | None = func()
  File "C:\Users\Administrator\AppData\Local\Programs\Python\Python314\Lib\site-packages\_pytest\runner.py", line 250, in <lambda>
    lambda: runtest_hook(item=item, **kwds),
  File "C:\Users\Administrator\AppData\Local\Programs\Python\Python314\Lib\site-packages\pluggy\_hooks.py", line 512, in __call__
    return self._hookexec(self.name, self._hookimpls.copy(), kwargs, firstresult)
  File "C:\Users\Administrator\AppData\Local\Programs\Python\Python314\Lib\site-packages\pluggy\_manager.py", line 120, in _hookexec
    return self._inner_hookexec(hook_name, methods, kwargs, firstresult)
  File "C:\Users\Administrator\AppData\Local\Programs\Python\Python314\Lib\site-packages\pluggy\_callers.py", line 121, in _multicall
    res = hook_impl.function(*args)
  File "C:\Users\Administrator\AppData\Local\Programs\Python\Python314\Lib\site-packages\_pytest\runner.py", line 184, in pytest_runtest_call
    item.runtest()
  File "C:\Users\Administrator\AppData\Local\Programs\Python\Python314\Lib\site-packages\pytest_asyncio\plugin.py", line 569, in runtest
    super().runtest()
  File "C:\Users\Administrator\AppData\Local\Programs\Python\Python314\Lib\site-packages\_pytest\python.py", line 1707, in runtest
    self.ihook.pytest_pyfunc_call(pyfuncitem=self)
  File "C:\Users\Administrator\AppData\Local\Programs\Python\Python314\Lib\site-packages\pluggy\_hooks.py", line 512, in __call__
    return self._hookexec(self.name, self._hookimpls.copy(), kwargs, firstresult)
  File "C:\Users\Administrator\AppData\Local\Programs\Python\Python314\Lib\site-packages\pluggy\_manager.py", line 120, in _hookexec
    return self._inner_hookexec(hook_name, methods, kwargs, firstresult)
  File "C:\Users\Administrator\AppData\Local\Programs\Python\Python314\Lib\site-packages\pluggy\_callers.py", line 121, in _multicall
    res = hook_impl.function(*args)
  File "C:\Users\Administrator\AppData\Local\Programs\Python\Python314\Lib\site-packages\_pytest\python.py", line 167, in pytest_pyfunc_call
    result = testfunction(**testargs)
  File "C:\Users\Administrator\AppData\Local\Programs\Python\Python314\Lib\site-packages\pytest_asyncio\plugin.py", line 905, in inner
    runner.run(coro, context=context)
  File "C:\Users\Administrator\AppData\Local\Programs\Python\Python314\Lib\asyncio\runners.py", line 127, in run
    return self._loop.run_until_complete(task)
  File "C:\Users\Administrator\AppData\Local\Programs\Python\Python314\Lib\asyncio\base_events.py", line 706, in run_until_complete
    self.run_forever()
  File "C:\Users\Administrator\AppData\Local\Programs\Python\Python314\Lib\asyncio\base_events.py", line 677, in run_forever
    self._run_once()
  File "C:\Users\Administrator\AppData\Local\Programs\Python\Python314\Lib\asyncio\base_events.py", line 2057, in _run_once
    handle._run()
  File "C:\Users\Administrator\AppData\Local\Programs\Python\Python314\Lib\asyncio\events.py", line 94, in _run
    self._context.run(self._callback, *self._args)
  File "D:\Project\ASTRA\backend\tests\test_coverage_gap_fill.py", line 478, in test_api_automation_and_users_gaps
    resp = await client.patch(
  File "C:\Users\Administrator\AppData\Local\Programs\Python\Python314\Lib\site-packages\httpx\_client.py", line 1933, in patch
    return await self.request(
  File "C:\Users\Administrator\AppData\Local\Programs\Python\Python314\Lib\site-packages\httpx\_client.py", line 1540, in request
    return await self.send(request, auth=auth, follow_redirects=follow_redirects)
  File "C:\Users\Administrator\AppData\Local\Programs\Python\Python314\Lib\site-packages\httpx\_client.py", line 1629, in send
    response = await self._send_handling_auth(
  File "C:\Users\Administrator\AppData\Local\Programs\Python\Python314\Lib\site-packages\httpx\_client.py", line 1657, in _send_handling_auth
    response = await self._send_handling_redirects(
  File "C:\Users\Administrator\AppData\Local\Programs\Python\Python314\Lib\site-packages\httpx\_client.py", line 1694, in _send_handling_redirects
    response = await self._send_single_request(request)
  File "C:\Users\Administrator\AppData\Local\Programs\Python\Python314\Lib\site-packages\httpx\_client.py", line 1740, in _send_single_request
    logger.info(
Message: 'HTTP Request: %s %s "%s %d %s"'
Arguments: ('PATCH', URL('http://test/api/v1/users/ed7fd047-1088-4e38-9fd7-99565889a366/role'), 'HTTP/1.1', 404, 'Not Found')
--- Logging error ---
Traceback (most recent call last):
  File "C:\Users\Administrator\AppData\Local\Programs\Python\Python314\Lib\logging\__init__.py", line 1151, in emit
    msg = self.format(record)
  File "C:\Users\Administrator\AppData\Local\Programs\Python\Python314\Lib\logging\__init__.py", line 999, in format
    return fmt.format(record)
           ~~~~~~~~~~^^^^^^^^
  File "C:\Users\Administrator\AppData\Local\Programs\Python\Python314\Lib\site-packages\pythonjsonlogger\jsonlogger.py", line 243, in format
    self.add_fields(log_record, record, message_dict)
    ~~~~~~~~~~~~~~~^^^^^^^^^^^^^^^^^^^^^^^^^^^^^^^^^^
  File "C:\Users\Administrator\AppData\Local\Programs\Python\Python314\Lib\site-packages\pythonjsonlogger\jsonlogger.py", line 191, in add_fields
    self._perform_rename_log_fields(log_record)
    ~~~~~~~~~~~~~~~~~~~~~~~~~~~~~~~^^^^^^^^^^^^
  File "C:\Users\Administrator\AppData\Local\Programs\Python\Python314\Lib\site-packages\pythonjsonlogger\jsonlogger.py", line 195, in _perform_rename_log_fields
    log_record[new_field_name] = log_record[old_field_name]
                                 ~~~~~~~~~~^^^^^^^^^^^^^^^^
KeyError: 'levelname'
Call stack:
  File "<frozen runpy>", line 203, in _run_module_as_main
  File "<frozen runpy>", line 88, in _run_code
  File "C:\Users\Administrator\AppData\Local\Programs\Python\Python314\Scripts\pytest.exe\__main__.py", line 5, in <module>
    sys.exit(_console_main())
  File "C:\Users\Administrator\AppData\Local\Programs\Python\Python314\Lib\site-packages\_pytest\config\__init__.py", line 253, in _console_main
    code = _main(prog=_get_prog_name(sys.argv))
  File "C:\Users\Administrator\AppData\Local\Programs\Python\Python314\Lib\site-packages\_pytest\config\__init__.py", line 229, in _main
    ret: ExitCode | int = config.hook.pytest_cmdline_main(config=config)
  File "C:\Users\Administrator\AppData\Local\Programs\Python\Python314\Lib\site-packages\pluggy\_hooks.py", line 512, in __call__
    return self._hookexec(self.name, self._hookimpls.copy(), kwargs, firstresult)
  File "C:\Users\Administrator\AppData\Local\Programs\Python\Python314\Lib\site-packages\pluggy\_manager.py", line 120, in _hookexec
    return self._inner_hookexec(hook_name, methods, kwargs, firstresult)
  File "C:\Users\Administrator\AppData\Local\Programs\Python\Python314\Lib\site-packages\pluggy\_callers.py", line 121, in _multicall
    res = hook_impl.function(*args)
  File "C:\Users\Administrator\AppData\Local\Programs\Python\Python314\Lib\site-packages\_pytest\main.py", line 377, in pytest_cmdline_main
    return wrap_session(config, _main)
  File "C:\Users\Administrator\AppData\Local\Programs\Python\Python314\Lib\site-packages\_pytest\main.py", line 330, in wrap_session
    session.exitstatus = doit(config, session) or 0
  File "C:\Users\Administrator\AppData\Local\Programs\Python\Python314\Lib\site-packages\_pytest\main.py", line 384, in _main
    config.hook.pytest_runtestloop(session=session)
  File "C:\Users\Administrator\AppData\Local\Programs\Python\Python314\Lib\site-packages\pluggy\_hooks.py", line 512, in __call__
    return self._hookexec(self.name, self._hookimpls.copy(), kwargs, firstresult)
  File "C:\Users\Administrator\AppData\Local\Programs\Python\Python314\Lib\site-packages\pluggy\_manager.py", line 120, in _hookexec
    return self._inner_hookexec(hook_name, methods, kwargs, firstresult)
  File "C:\Users\Administrator\AppData\Local\Programs\Python\Python314\Lib\site-packages\pluggy\_callers.py", line 121, in _multicall
    res = hook_impl.function(*args)
  File "C:\Users\Administrator\AppData\Local\Programs\Python\Python314\Lib\site-packages\_pytest\main.py", line 408, in pytest_runtestloop
    item.config.hook.pytest_runtest_protocol(item=item, nextitem=nextitem)
  File "C:\Users\Administrator\AppData\Local\Programs\Python\Python314\Lib\site-packages\pluggy\_hooks.py", line 512, in __call__
    return self._hookexec(self.name, self._hookimpls.copy(), kwargs, firstresult)
  File "C:\Users\Administrator\AppData\Local\Programs\Python\Python314\Lib\site-packages\pluggy\_manager.py", line 120, in _hookexec
    return self._inner_hookexec(hook_name, methods, kwargs, firstresult)
  File "C:\Users\Administrator\AppData\Local\Programs\Python\Python314\Lib\site-packages\pluggy\_callers.py", line 121, in _multicall
    res = hook_impl.function(*args)
  File "C:\Users\Administrator\AppData\Local\Programs\Python\Python314\Lib\site-packages\_pytest\runner.py", line 118, in pytest_runtest_protocol
    runtestprotocol(item, nextitem=nextitem)
  File "C:\Users\Administrator\AppData\Local\Programs\Python\Python314\Lib\site-packages\_pytest\runner.py", line 139, in runtestprotocol
    reports.append(call_and_report(item, "call", log))
  File "C:\Users\Administrator\AppData\Local\Programs\Python\Python314\Lib\site-packages\_pytest\runner.py", line 249, in call_and_report
    call = CallInfo.from_call(
  File "C:\Users\Administrator\AppData\Local\Programs\Python\Python314\Lib\site-packages\_pytest\runner.py", line 361, in from_call
    result: TResult | None = func()
  File "C:\Users\Administrator\AppData\Local\Programs\Python\Python314\Lib\site-packages\_pytest\runner.py", line 250, in <lambda>
    lambda: runtest_hook(item=item, **kwds),
  File "C:\Users\Administrator\AppData\Local\Programs\Python\Python314\Lib\site-packages\pluggy\_hooks.py", line 512, in __call__
    return self._hookexec(self.name, self._hookimpls.copy(), kwargs, firstresult)
  File "C:\Users\Administrator\AppData\Local\Programs\Python\Python314\Lib\site-packages\pluggy\_manager.py", line 120, in _hookexec
    return self._inner_hookexec(hook_name, methods, kwargs, firstresult)
  File "C:\Users\Administrator\AppData\Local\Programs\Python\Python314\Lib\site-packages\pluggy\_callers.py", line 121, in _multicall
    res = hook_impl.function(*args)
  File "C:\Users\Administrator\AppData\Local\Programs\Python\Python314\Lib\site-packages\_pytest\runner.py", line 184, in pytest_runtest_call
    item.runtest()
  File "C:\Users\Administrator\AppData\Local\Programs\Python\Python314\Lib\site-packages\pytest_asyncio\plugin.py", line 569, in runtest
    super().runtest()
  File "C:\Users\Administrator\AppData\Local\Programs\Python\Python314\Lib\site-packages\_pytest\python.py", line 1707, in runtest
    self.ihook.pytest_pyfunc_call(pyfuncitem=self)
  File "C:\Users\Administrator\AppData\Local\Programs\Python\Python314\Lib\site-packages\pluggy\_hooks.py", line 512, in __call__
    return self._hookexec(self.name, self._hookimpls.copy(), kwargs, firstresult)
  File "C:\Users\Administrator\AppData\Local\Programs\Python\Python314\Lib\site-packages\pluggy\_manager.py", line 120, in _hookexec
    return self._inner_hookexec(hook_name, methods, kwargs, firstresult)
  File "C:\Users\Administrator\AppData\Local\Programs\Python\Python314\Lib\site-packages\pluggy\_callers.py", line 121, in _multicall
    res = hook_impl.function(*args)
  File "C:\Users\Administrator\AppData\Local\Programs\Python\Python314\Lib\site-packages\_pytest\python.py", line 167, in pytest_pyfunc_call
    result = testfunction(**testargs)
  File "C:\Users\Administrator\AppData\Local\Programs\Python\Python314\Lib\site-packages\pytest_asyncio\plugin.py", line 905, in inner
    runner.run(coro, context=context)
  File "C:\Users\Administrator\AppData\Local\Programs\Python\Python314\Lib\asyncio\runners.py", line 127, in run
    return self._loop.run_until_complete(task)
  File "C:\Users\Administrator\AppData\Local\Programs\Python\Python314\Lib\asyncio\base_events.py", line 706, in run_until_complete
    self.run_forever()
  File "C:\Users\Administrator\AppData\Local\Programs\Python\Python314\Lib\asyncio\base_events.py", line 677, in run_forever
    self._run_once()
  File "C:\Users\Administrator\AppData\Local\Programs\Python\Python314\Lib\asyncio\base_events.py", line 2057, in _run_once
    handle._run()
  File "C:\Users\Administrator\AppData\Local\Programs\Python\Python314\Lib\asyncio\events.py", line 94, in _run
    self._context.run(self._callback, *self._args)
  File "D:\Project\ASTRA\backend\tests\test_coverage_gap_fill.py", line 486, in test_api_automation_and_users_gaps
    resp = await client.get(
  File "C:\Users\Administrator\AppData\Local\Programs\Python\Python314\Lib\site-packages\httpx\_client.py", line 1768, in get
    return await self.request(
  File "C:\Users\Administrator\AppData\Local\Programs\Python\Python314\Lib\site-packages\httpx\_client.py", line 1540, in request
    return await self.send(request, auth=auth, follow_redirects=follow_redirects)
  File "C:\Users\Administrator\AppData\Local\Programs\Python\Python314\Lib\site-packages\httpx\_client.py", line 1629, in send
    response = await self._send_handling_auth(
  File "C:\Users\Administrator\AppData\Local\Programs\Python\Python314\Lib\site-packages\httpx\_client.py", line 1657, in _send_handling_auth
    response = await self._send_handling_redirects(
  File "C:\Users\Administrator\AppData\Local\Programs\Python\Python314\Lib\site-packages\httpx\_client.py", line 1694, in _send_handling_redirects
    response = await self._send_single_request(request)
  File "C:\Users\Administrator\AppData\Local\Programs\Python\Python314\Lib\site-packages\httpx\_client.py", line 1730, in _send_single_request
    response = await transport.handle_async_request(request)
  File "C:\Users\Administrator\AppData\Local\Programs\Python\Python314\Lib\site-packages\httpx\_transports\asgi.py", line 170, in handle_async_request
    await self.app(scope, receive, send)
  File "C:\Users\Administrator\AppData\Local\Programs\Python\Python314\Lib\site-packages\fastapi\applications.py", line 1162, in __call__
    await super().__call__(scope, receive, send)
  File "C:\Users\Administrator\AppData\Local\Programs\Python\Python314\Lib\site-packages\starlette\applications.py", line 90, in __call__
    await self.middleware_stack(scope, receive, send)
  File "C:\Users\Administrator\AppData\Local\Programs\Python\Python314\Lib\site-packages\starlette\middleware\errors.py", line 164, in __call__
    await self.app(scope, receive, _send)
  File "C:\Users\Administrator\AppData\Local\Programs\Python\Python314\Lib\site-packages\starlette\middleware\cors.py", line 88, in __call__
    await self.app(scope, receive, send)
  File "C:\Users\Administrator\AppData\Local\Programs\Python\Python314\Lib\site-packages\starlette\middleware\exceptions.py", line 63, in __call__
    await wrap_app_handling_exceptions(self.app, conn)(scope, receive, send)
  File "C:\Users\Administrator\AppData\Local\Programs\Python\Python314\Lib\site-packages\starlette\_exception_handler.py", line 42, in wrapped_app
    await app(scope, receive, sender)
  File "C:\Users\Administrator\AppData\Local\Programs\Python\Python314\Lib\site-packages\fastapi\middleware\asyncexitstack.py", line 18, in __call__
    await self.app(scope, receive, send)
  File "C:\Users\Administrator\AppData\Local\Programs\Python\Python314\Lib\site-packages\starlette\routing.py", line 660, in __call__
    await self.middleware_stack(scope, receive, send)
  File "C:\Users\Administrator\AppData\Local\Programs\Python\Python314\Lib\site-packages\starlette\routing.py", line 680, in app
    await route.handle(scope, receive, send)
  File "C:\Users\Administrator\AppData\Local\Programs\Python\Python314\Lib\site-packages\fastapi\routing.py", line 1609, in handle
    await self.original_router.handle(scope, receive, send)
  File "C:\Users\Administrator\AppData\Local\Programs\Python\Python314\Lib\site-packages\fastapi\routing.py", line 2047, in handle
    await included_router._handle_selected(scope, receive, send)
  File "C:\Users\Administrator\AppData\Local\Programs\Python\Python314\Lib\site-packages\fastapi\routing.py", line 1629, in _handle_selected
    await original_route.handle(scope, receive, send)
  File "C:\Users\Administrator\AppData\Local\Programs\Python\Python314\Lib\site-packages\fastapi\routing.py", line 1218, in handle
    await app(scope, receive, send)
  File "C:\Users\Administrator\AppData\Local\Programs\Python\Python314\Lib\site-packages\fastapi\routing.py", line 143, in app
    await wrap_app_handling_exceptions(app, request)(scope, receive, send)
  File "C:\Users\Administrator\AppData\Local\Programs\Python\Python314\Lib\site-packages\starlette\_exception_handler.py", line 42, in wrapped_app
    await app(scope, receive, sender)
  File "C:\Users\Administrator\AppData\Local\Programs\Python\Python314\Lib\site-packages\fastapi\routing.py", line 129, in app
    response = await f(request)
  File "C:\Users\Administrator\AppData\Local\Programs\Python\Python314\Lib\site-packages\fastapi\routing.py", line 683, in app
    raw_response = await run_endpoint_function(
  File "C:\Users\Administrator\AppData\Local\Programs\Python\Python314\Lib\site-packages\fastapi\routing.py", line 337, in run_endpoint_function
    return await dependant.call(**values)
  File "D:\Project\ASTRA\backend\api\v1\audit.py", line 47, in get_audit_by_entity
    logger.info("metric", extra={"audit_queries": 1})
Message: 'metric'
Arguments: ()
--- Logging error ---
Traceback (most recent call last):
  File "C:\Users\Administrator\AppData\Local\Programs\Python\Python314\Lib\logging\__init__.py", line 1151, in emit
    msg = self.format(record)
  File "C:\Users\Administrator\AppData\Local\Programs\Python\Python314\Lib\logging\__init__.py", line 999, in format
    return fmt.format(record)
           ~~~~~~~~~~^^^^^^^^
  File "C:\Users\Administrator\AppData\Local\Programs\Python\Python314\Lib\site-packages\pythonjsonlogger\jsonlogger.py", line 243, in format
    self.add_fields(log_record, record, message_dict)
    ~~~~~~~~~~~~~~~^^^^^^^^^^^^^^^^^^^^^^^^^^^^^^^^^^
  File "C:\Users\Administrator\AppData\Local\Programs\Python\Python314\Lib\site-packages\pythonjsonlogger\jsonlogger.py", line 191, in add_fields
    self._perform_rename_log_fields(log_record)
    ~~~~~~~~~~~~~~~~~~~~~~~~~~~~~~~^^^^^^^^^^^^
  File "C:\Users\Administrator\AppData\Local\Programs\Python\Python314\Lib\site-packages\pythonjsonlogger\jsonlogger.py", line 195, in _perform_rename_log_fields
    log_record[new_field_name] = log_record[old_field_name]
                                 ~~~~~~~~~~^^^^^^^^^^^^^^^^
KeyError: 'levelname'
Call stack:
  File "<frozen runpy>", line 203, in _run_module_as_main
  File "<frozen runpy>", line 88, in _run_code
  File "C:\Users\Administrator\AppData\Local\Programs\Python\Python314\Scripts\pytest.exe\__main__.py", line 5, in <module>
    sys.exit(_console_main())
  File "C:\Users\Administrator\AppData\Local\Programs\Python\Python314\Lib\site-packages\_pytest\config\__init__.py", line 253, in _console_main
    code = _main(prog=_get_prog_name(sys.argv))
  File "C:\Users\Administrator\AppData\Local\Programs\Python\Python314\Lib\site-packages\_pytest\config\__init__.py", line 229, in _main
    ret: ExitCode | int = config.hook.pytest_cmdline_main(config=config)
  File "C:\Users\Administrator\AppData\Local\Programs\Python\Python314\Lib\site-packages\pluggy\_hooks.py", line 512, in __call__
    return self._hookexec(self.name, self._hookimpls.copy(), kwargs, firstresult)
  File "C:\Users\Administrator\AppData\Local\Programs\Python\Python314\Lib\site-packages\pluggy\_manager.py", line 120, in _hookexec
    return self._inner_hookexec(hook_name, methods, kwargs, firstresult)
  File "C:\Users\Administrator\AppData\Local\Programs\Python\Python314\Lib\site-packages\pluggy\_callers.py", line 121, in _multicall
    res = hook_impl.function(*args)
  File "C:\Users\Administrator\AppData\Local\Programs\Python\Python314\Lib\site-packages\_pytest\main.py", line 377, in pytest_cmdline_main
    return wrap_session(config, _main)
  File "C:\Users\Administrator\AppData\Local\Programs\Python\Python314\Lib\site-packages\_pytest\main.py", line 330, in wrap_session
    session.exitstatus = doit(config, session) or 0
  File "C:\Users\Administrator\AppData\Local\Programs\Python\Python314\Lib\site-packages\_pytest\main.py", line 384, in _main
    config.hook.pytest_runtestloop(session=session)
  File "C:\Users\Administrator\AppData\Local\Programs\Python\Python314\Lib\site-packages\pluggy\_hooks.py", line 512, in __call__
    return self._hookexec(self.name, self._hookimpls.copy(), kwargs, firstresult)
  File "C:\Users\Administrator\AppData\Local\Programs\Python\Python314\Lib\site-packages\pluggy\_manager.py", line 120, in _hookexec
    return self._inner_hookexec(hook_name, methods, kwargs, firstresult)
  File "C:\Users\Administrator\AppData\Local\Programs\Python\Python314\Lib\site-packages\pluggy\_callers.py", line 121, in _multicall
    res = hook_impl.function(*args)
  File "C:\Users\Administrator\AppData\Local\Programs\Python\Python314\Lib\site-packages\_pytest\main.py", line 408, in pytest_runtestloop
    item.config.hook.pytest_runtest_protocol(item=item, nextitem=nextitem)
  File "C:\Users\Administrator\AppData\Local\Programs\Python\Python314\Lib\site-packages\pluggy\_hooks.py", line 512, in __call__
    return self._hookexec(self.name, self._hookimpls.copy(), kwargs, firstresult)
  File "C:\Users\Administrator\AppData\Local\Programs\Python\Python314\Lib\site-packages\pluggy\_manager.py", line 120, in _hookexec
    return self._inner_hookexec(hook_name, methods, kwargs, firstresult)
  File "C:\Users\Administrator\AppData\Local\Programs\Python\Python314\Lib\site-packages\pluggy\_callers.py", line 121, in _multicall
    res = hook_impl.function(*args)
  File "C:\Users\Administrator\AppData\Local\Programs\Python\Python314\Lib\site-packages\_pytest\runner.py", line 118, in pytest_runtest_protocol
    runtestprotocol(item, nextitem=nextitem)
  File "C:\Users\Administrator\AppData\Local\Programs\Python\Python314\Lib\site-packages\_pytest\runner.py", line 139, in runtestprotocol
    reports.append(call_and_report(item, "call", log))
  File "C:\Users\Administrator\AppData\Local\Programs\Python\Python314\Lib\site-packages\_pytest\runner.py", line 249, in call_and_report
    call = CallInfo.from_call(
  File "C:\Users\Administrator\AppData\Local\Programs\Python\Python314\Lib\site-packages\_pytest\runner.py", line 361, in from_call
    result: TResult | None = func()
  File "C:\Users\Administrator\AppData\Local\Programs\Python\Python314\Lib\site-packages\_pytest\runner.py", line 250, in <lambda>
    lambda: runtest_hook(item=item, **kwds),
  File "C:\Users\Administrator\AppData\Local\Programs\Python\Python314\Lib\site-packages\pluggy\_hooks.py", line 512, in __call__
    return self._hookexec(self.name, self._hookimpls.copy(), kwargs, firstresult)
  File "C:\Users\Administrator\AppData\Local\Programs\Python\Python314\Lib\site-packages\pluggy\_manager.py", line 120, in _hookexec
    return self._inner_hookexec(hook_name, methods, kwargs, firstresult)
  File "C:\Users\Administrator\AppData\Local\Programs\Python\Python314\Lib\site-packages\pluggy\_callers.py", line 121, in _multicall
    res = hook_impl.function(*args)
  File "C:\Users\Administrator\AppData\Local\Programs\Python\Python314\Lib\site-packages\_pytest\runner.py", line 184, in pytest_runtest_call
    item.runtest()
  File "C:\Users\Administrator\AppData\Local\Programs\Python\Python314\Lib\site-packages\pytest_asyncio\plugin.py", line 569, in runtest
    super().runtest()
  File "C:\Users\Administrator\AppData\Local\Programs\Python\Python314\Lib\site-packages\_pytest\python.py", line 1707, in runtest
    self.ihook.pytest_pyfunc_call(pyfuncitem=self)
  File "C:\Users\Administrator\AppData\Local\Programs\Python\Python314\Lib\site-packages\pluggy\_hooks.py", line 512, in __call__
    return self._hookexec(self.name, self._hookimpls.copy(), kwargs, firstresult)
  File "C:\Users\Administrator\AppData\Local\Programs\Python\Python314\Lib\site-packages\pluggy\_manager.py", line 120, in _hookexec
    return self._inner_hookexec(hook_name, methods, kwargs, firstresult)
  File "C:\Users\Administrator\AppData\Local\Programs\Python\Python314\Lib\site-packages\pluggy\_callers.py", line 121, in _multicall
    res = hook_impl.function(*args)
  File "C:\Users\Administrator\AppData\Local\Programs\Python\Python314\Lib\site-packages\_pytest\python.py", line 167, in pytest_pyfunc_call
    result = testfunction(**testargs)
  File "C:\Users\Administrator\AppData\Local\Programs\Python\Python314\Lib\site-packages\pytest_asyncio\plugin.py", line 905, in inner
    runner.run(coro, context=context)
  File "C:\Users\Administrator\AppData\Local\Programs\Python\Python314\Lib\asyncio\runners.py", line 127, in run
    return self._loop.run_until_complete(task)
  File "C:\Users\Administrator\AppData\Local\Programs\Python\Python314\Lib\asyncio\base_events.py", line 706, in run_until_complete
    self.run_forever()
  File "C:\Users\Administrator\AppData\Local\Programs\Python\Python314\Lib\asyncio\base_events.py", line 677, in run_forever
    self._run_once()
  File "C:\Users\Administrator\AppData\Local\Programs\Python\Python314\Lib\asyncio\base_events.py", line 2057, in _run_once
    handle._run()
  File "C:\Users\Administrator\AppData\Local\Programs\Python\Python314\Lib\asyncio\events.py", line 94, in _run
    self._context.run(self._callback, *self._args)
  File "D:\Project\ASTRA\backend\tests\test_coverage_gap_fill.py", line 486, in test_api_automation_and_users_gaps
    resp = await client.get(
  File "C:\Users\Administrator\AppData\Local\Programs\Python\Python314\Lib\site-packages\httpx\_client.py", line 1768, in get
    return await self.request(
  File "C:\Users\Administrator\AppData\Local\Programs\Python\Python314\Lib\site-packages\httpx\_client.py", line 1540, in request
    return await self.send(request, auth=auth, follow_redirects=follow_redirects)
  File "C:\Users\Administrator\AppData\Local\Programs\Python\Python314\Lib\site-packages\httpx\_client.py", line 1629, in send
    response = await self._send_handling_auth(
  File "C:\Users\Administrator\AppData\Local\Programs\Python\Python314\Lib\site-packages\httpx\_client.py", line 1657, in _send_handling_auth
    response = await self._send_handling_redirects(
  File "C:\Users\Administrator\AppData\Local\Programs\Python\Python314\Lib\site-packages\httpx\_client.py", line 1694, in _send_handling_redirects
    response = await self._send_single_request(request)
  File "C:\Users\Administrator\AppData\Local\Programs\Python\Python314\Lib\site-packages\httpx\_client.py", line 1740, in _send_single_request
    logger.info(
Message: 'HTTP Request: %s %s "%s %d %s"'
Arguments: ('GET', URL('http://test/api/v1/audit/305f9633-b2cf-4836-b2d6-b92bd874b0ce?entity_type=user'), 'HTTP/1.1', 200, 'OK')
--- Logging error ---
Traceback (most recent call last):
  File "C:\Users\Administrator\AppData\Local\Programs\Python\Python314\Lib\logging\__init__.py", line 1151, in emit
    msg = self.format(record)
  File "C:\Users\Administrator\AppData\Local\Programs\Python\Python314\Lib\logging\__init__.py", line 999, in format
    return fmt.format(record)
           ~~~~~~~~~~^^^^^^^^
  File "C:\Users\Administrator\AppData\Local\Programs\Python\Python314\Lib\site-packages\pythonjsonlogger\jsonlogger.py", line 243, in format
    self.add_fields(log_record, record, message_dict)
    ~~~~~~~~~~~~~~~^^^^^^^^^^^^^^^^^^^^^^^^^^^^^^^^^^
  File "C:\Users\Administrator\AppData\Local\Programs\Python\Python314\Lib\site-packages\pythonjsonlogger\jsonlogger.py", line 191, in add_fields
    self._perform_rename_log_fields(log_record)
    ~~~~~~~~~~~~~~~~~~~~~~~~~~~~~~~^^^^^^^^^^^^
  File "C:\Users\Administrator\AppData\Local\Programs\Python\Python314\Lib\site-packages\pythonjsonlogger\jsonlogger.py", line 195, in _perform_rename_log_fields
    log_record[new_field_name] = log_record[old_field_name]
                                 ~~~~~~~~~~^^^^^^^^^^^^^^^^
KeyError: 'levelname'
Call stack:
  File "<frozen runpy>", line 203, in _run_module_as_main
  File "<frozen runpy>", line 88, in _run_code
  File "C:\Users\Administrator\AppData\Local\Programs\Python\Python314\Scripts\pytest.exe\__main__.py", line 5, in <module>
    sys.exit(_console_main())
  File "C:\Users\Administrator\AppData\Local\Programs\Python\Python314\Lib\site-packages\_pytest\config\__init__.py", line 253, in _console_main
    code = _main(prog=_get_prog_name(sys.argv))
  File "C:\Users\Administrator\AppData\Local\Programs\Python\Python314\Lib\site-packages\_pytest\config\__init__.py", line 229, in _main
    ret: ExitCode | int = config.hook.pytest_cmdline_main(config=config)
  File "C:\Users\Administrator\AppData\Local\Programs\Python\Python314\Lib\site-packages\pluggy\_hooks.py", line 512, in __call__
    return self._hookexec(self.name, self._hookimpls.copy(), kwargs, firstresult)
  File "C:\Users\Administrator\AppData\Local\Programs\Python\Python314\Lib\site-packages\pluggy\_manager.py", line 120, in _hookexec
    return self._inner_hookexec(hook_name, methods, kwargs, firstresult)
  File "C:\Users\Administrator\AppData\Local\Programs\Python\Python314\Lib\site-packages\pluggy\_callers.py", line 121, in _multicall
    res = hook_impl.function(*args)
  File "C:\Users\Administrator\AppData\Local\Programs\Python\Python314\Lib\site-packages\_pytest\main.py", line 377, in pytest_cmdline_main
    return wrap_session(config, _main)
  File "C:\Users\Administrator\AppData\Local\Programs\Python\Python314\Lib\site-packages\_pytest\main.py", line 330, in wrap_session
    session.exitstatus = doit(config, session) or 0
  File "C:\Users\Administrator\AppData\Local\Programs\Python\Python314\Lib\site-packages\_pytest\main.py", line 384, in _main
    config.hook.pytest_runtestloop(session=session)
  File "C:\Users\Administrator\AppData\Local\Programs\Python\Python314\Lib\site-packages\pluggy\_hooks.py", line 512, in __call__
    return self._hookexec(self.name, self._hookimpls.copy(), kwargs, firstresult)
  File "C:\Users\Administrator\AppData\Local\Programs\Python\Python314\Lib\site-packages\pluggy\_manager.py", line 120, in _hookexec
    return self._inner_hookexec(hook_name, methods, kwargs, firstresult)
  File "C:\Users\Administrator\AppData\Local\Programs\Python\Python314\Lib\site-packages\pluggy\_callers.py", line 121, in _multicall
    res = hook_impl.function(*args)
  File "C:\Users\Administrator\AppData\Local\Programs\Python\Python314\Lib\site-packages\_pytest\main.py", line 408, in pytest_runtestloop
    item.config.hook.pytest_runtest_protocol(item=item, nextitem=nextitem)
  File "C:\Users\Administrator\AppData\Local\Programs\Python\Python314\Lib\site-packages\pluggy\_hooks.py", line 512, in __call__
    return self._hookexec(self.name, self._hookimpls.copy(), kwargs, firstresult)
  File "C:\Users\Administrator\AppData\Local\Programs\Python\Python314\Lib\site-packages\pluggy\_manager.py", line 120, in _hookexec
    return self._inner_hookexec(hook_name, methods, kwargs, firstresult)
  File "C:\Users\Administrator\AppData\Local\Programs\Python\Python314\Lib\site-packages\pluggy\_callers.py", line 121, in _multicall
    res = hook_impl.function(*args)
  File "C:\Users\Administrator\AppData\Local\Programs\Python\Python314\Lib\site-packages\_pytest\runner.py", line 118, in pytest_runtest_protocol
    runtestprotocol(item, nextitem=nextitem)
  File "C:\Users\Administrator\AppData\Local\Programs\Python\Python314\Lib\site-packages\_pytest\runner.py", line 139, in runtestprotocol
    reports.append(call_and_report(item, "call", log))
  File "C:\Users\Administrator\AppData\Local\Programs\Python\Python314\Lib\site-packages\_pytest\runner.py", line 249, in call_and_report
    call = CallInfo.from_call(
  File "C:\Users\Administrator\AppData\Local\Programs\Python\Python314\Lib\site-packages\_pytest\runner.py", line 361, in from_call
    result: TResult | None = func()
  File "C:\Users\Administrator\AppData\Local\Programs\Python\Python314\Lib\site-packages\_pytest\runner.py", line 250, in <lambda>
    lambda: runtest_hook(item=item, **kwds),
  File "C:\Users\Administrator\AppData\Local\Programs\Python\Python314\Lib\site-packages\pluggy\_hooks.py", line 512, in __call__
    return self._hookexec(self.name, self._hookimpls.copy(), kwargs, firstresult)
  File "C:\Users\Administrator\AppData\Local\Programs\Python\Python314\Lib\site-packages\pluggy\_manager.py", line 120, in _hookexec
    return self._inner_hookexec(hook_name, methods, kwargs, firstresult)
  File "C:\Users\Administrator\AppData\Local\Programs\Python\Python314\Lib\site-packages\pluggy\_callers.py", line 121, in _multicall
    res = hook_impl.function(*args)
  File "C:\Users\Administrator\AppData\Local\Programs\Python\Python314\Lib\site-packages\_pytest\runner.py", line 184, in pytest_runtest_call
    item.runtest()
  File "C:\Users\Administrator\AppData\Local\Programs\Python\Python314\Lib\site-packages\pytest_asyncio\plugin.py", line 569, in runtest
    super().runtest()
  File "C:\Users\Administrator\AppData\Local\Programs\Python\Python314\Lib\site-packages\_pytest\python.py", line 1707, in runtest
    self.ihook.pytest_pyfunc_call(pyfuncitem=self)
  File "C:\Users\Administrator\AppData\Local\Programs\Python\Python314\Lib\site-packages\pluggy\_hooks.py", line 512, in __call__
    return self._hookexec(self.name, self._hookimpls.copy(), kwargs, firstresult)
  File "C:\Users\Administrator\AppData\Local\Programs\Python\Python314\Lib\site-packages\pluggy\_manager.py", line 120, in _hookexec
    return self._inner_hookexec(hook_name, methods, kwargs, firstresult)
  File "C:\Users\Administrator\AppData\Local\Programs\Python\Python314\Lib\site-packages\pluggy\_callers.py", line 121, in _multicall
    res = hook_impl.function(*args)
  File "C:\Users\Administrator\AppData\Local\Programs\Python\Python314\Lib\site-packages\_pytest\python.py", line 167, in pytest_pyfunc_call
    result = testfunction(**testargs)
  File "C:\Users\Administrator\AppData\Local\Programs\Python\Python314\Lib\site-packages\pytest_asyncio\plugin.py", line 905, in inner
    runner.run(coro, context=context)
  File "C:\Users\Administrator\AppData\Local\Programs\Python\Python314\Lib\asyncio\runners.py", line 127, in run
    return self._loop.run_until_complete(task)
  File "C:\Users\Administrator\AppData\Local\Programs\Python\Python314\Lib\asyncio\base_events.py", line 706, in run_until_complete
    self.run_forever()
  File "C:\Users\Administrator\AppData\Local\Programs\Python\Python314\Lib\asyncio\base_events.py", line 677, in run_forever
    self._run_once()
  File "C:\Users\Administrator\AppData\Local\Programs\Python\Python314\Lib\asyncio\base_events.py", line 2057, in _run_once
    handle._run()
  File "C:\Users\Administrator\AppData\Local\Programs\Python\Python314\Lib\asyncio\events.py", line 94, in _run
    self._context.run(self._callback, *self._args)
  File "D:\Project\ASTRA\backend\tests\test_coverage_gap_fill.py", line 493, in test_api_automation_and_users_gaps
    resp = await client.get(
  File "C:\Users\Administrator\AppData\Local\Programs\Python\Python314\Lib\site-packages\httpx\_client.py", line 1768, in get
    return await self.request(
  File "C:\Users\Administrator\AppData\Local\Programs\Python\Python314\Lib\site-packages\httpx\_client.py", line 1540, in request
    return await self.send(request, auth=auth, follow_redirects=follow_redirects)
  File "C:\Users\Administrator\AppData\Local\Programs\Python\Python314\Lib\site-packages\httpx\_client.py", line 1629, in send
    response = await self._send_handling_auth(
  File "C:\Users\Administrator\AppData\Local\Programs\Python\Python314\Lib\site-packages\httpx\_client.py", line 1657, in _send_handling_auth
    response = await self._send_handling_redirects(
  File "C:\Users\Administrator\AppData\Local\Programs\Python\Python314\Lib\site-packages\httpx\_client.py", line 1694, in _send_handling_redirects
    response = await self._send_single_request(request)
  File "C:\Users\Administrator\AppData\Local\Programs\Python\Python314\Lib\site-packages\httpx\_client.py", line 1740, in _send_single_request
    logger.info(
Message: 'HTTP Request: %s %s "%s %d %s"'
Arguments: ('GET', URL('http://test/api/v1/correlations/rules/df071af0-80ae-4aa7-aded-d949e0d0ff30'), 'HTTP/1.1', 404, 'Not Found')
--- Logging error ---
Traceback (most recent call last):
  File "C:\Users\Administrator\AppData\Local\Programs\Python\Python314\Lib\logging\__init__.py", line 1151, in emit
    msg = self.format(record)
  File "C:\Users\Administrator\AppData\Local\Programs\Python\Python314\Lib\logging\__init__.py", line 999, in format
    return fmt.format(record)
           ~~~~~~~~~~^^^^^^^^
  File "C:\Users\Administrator\AppData\Local\Programs\Python\Python314\Lib\site-packages\pythonjsonlogger\jsonlogger.py", line 243, in format
    self.add_fields(log_record, record, message_dict)
    ~~~~~~~~~~~~~~~^^^^^^^^^^^^^^^^^^^^^^^^^^^^^^^^^^
  File "C:\Users\Administrator\AppData\Local\Programs\Python\Python314\Lib\site-packages\pythonjsonlogger\jsonlogger.py", line 191, in add_fields
    self._perform_rename_log_fields(log_record)
    ~~~~~~~~~~~~~~~~~~~~~~~~~~~~~~~^^^^^^^^^^^^
  File "C:\Users\Administrator\AppData\Local\Programs\Python\Python314\Lib\site-packages\pythonjsonlogger\jsonlogger.py", line 195, in _perform_rename_log_fields
    log_record[new_field_name] = log_record[old_field_name]
                                 ~~~~~~~~~~^^^^^^^^^^^^^^^^
KeyError: 'levelname'
Call stack:
  File "<frozen runpy>", line 203, in _run_module_as_main
  File "<frozen runpy>", line 88, in _run_code
  File "C:\Users\Administrator\AppData\Local\Programs\Python\Python314\Scripts\pytest.exe\__main__.py", line 5, in <module>
    sys.exit(_console_main())
  File "C:\Users\Administrator\AppData\Local\Programs\Python\Python314\Lib\site-packages\_pytest\config\__init__.py", line 253, in _console_main
    code = _main(prog=_get_prog_name(sys.argv))
  File "C:\Users\Administrator\AppData\Local\Programs\Python\Python314\Lib\site-packages\_pytest\config\__init__.py", line 229, in _main
    ret: ExitCode | int = config.hook.pytest_cmdline_main(config=config)
  File "C:\Users\Administrator\AppData\Local\Programs\Python\Python314\Lib\site-packages\pluggy\_hooks.py", line 512, in __call__
    return self._hookexec(self.name, self._hookimpls.copy(), kwargs, firstresult)
  File "C:\Users\Administrator\AppData\Local\Programs\Python\Python314\Lib\site-packages\pluggy\_manager.py", line 120, in _hookexec
    return self._inner_hookexec(hook_name, methods, kwargs, firstresult)
  File "C:\Users\Administrator\AppData\Local\Programs\Python\Python314\Lib\site-packages\pluggy\_callers.py", line 121, in _multicall
    res = hook_impl.function(*args)
  File "C:\Users\Administrator\AppData\Local\Programs\Python\Python314\Lib\site-packages\_pytest\main.py", line 377, in pytest_cmdline_main
    return wrap_session(config, _main)
  File "C:\Users\Administrator\AppData\Local\Programs\Python\Python314\Lib\site-packages\_pytest\main.py", line 330, in wrap_session
    session.exitstatus = doit(config, session) or 0
  File "C:\Users\Administrator\AppData\Local\Programs\Python\Python314\Lib\site-packages\_pytest\main.py", line 384, in _main
    config.hook.pytest_runtestloop(session=session)
  File "C:\Users\Administrator\AppData\Local\Programs\Python\Python314\Lib\site-packages\pluggy\_hooks.py", line 512, in __call__
    return self._hookexec(self.name, self._hookimpls.copy(), kwargs, firstresult)
  File "C:\Users\Administrator\AppData\Local\Programs\Python\Python314\Lib\site-packages\pluggy\_manager.py", line 120, in _hookexec
    return self._inner_hookexec(hook_name, methods, kwargs, firstresult)
  File "C:\Users\Administrator\AppData\Local\Programs\Python\Python314\Lib\site-packages\pluggy\_callers.py", line 121, in _multicall
    res = hook_impl.function(*args)
  File "C:\Users\Administrator\AppData\Local\Programs\Python\Python314\Lib\site-packages\_pytest\main.py", line 408, in pytest_runtestloop
    item.config.hook.pytest_runtest_protocol(item=item, nextitem=nextitem)
  File "C:\Users\Administrator\AppData\Local\Programs\Python\Python314\Lib\site-packages\pluggy\_hooks.py", line 512, in __call__
    return self._hookexec(self.name, self._hookimpls.copy(), kwargs, firstresult)
  File "C:\Users\Administrator\AppData\Local\Programs\Python\Python314\Lib\site-packages\pluggy\_manager.py", line 120, in _hookexec
    return self._inner_hookexec(hook_name, methods, kwargs, firstresult)
  File "C:\Users\Administrator\AppData\Local\Programs\Python\Python314\Lib\site-packages\pluggy\_callers.py", line 121, in _multicall
    res = hook_impl.function(*args)
  File "C:\Users\Administrator\AppData\Local\Programs\Python\Python314\Lib\site-packages\_pytest\runner.py", line 118, in pytest_runtest_protocol
    runtestprotocol(item, nextitem=nextitem)
  File "C:\Users\Administrator\AppData\Local\Programs\Python\Python314\Lib\site-packages\_pytest\runner.py", line 139, in runtestprotocol
    reports.append(call_and_report(item, "call", log))
  File "C:\Users\Administrator\AppData\Local\Programs\Python\Python314\Lib\site-packages\_pytest\runner.py", line 249, in call_and_report
    call = CallInfo.from_call(
  File "C:\Users\Administrator\AppData\Local\Programs\Python\Python314\Lib\site-packages\_pytest\runner.py", line 361, in from_call
    result: TResult | None = func()
  File "C:\Users\Administrator\AppData\Local\Programs\Python\Python314\Lib\site-packages\_pytest\runner.py", line 250, in <lambda>
    lambda: runtest_hook(item=item, **kwds),
  File "C:\Users\Administrator\AppData\Local\Programs\Python\Python314\Lib\site-packages\pluggy\_hooks.py", line 512, in __call__
    return self._hookexec(self.name, self._hookimpls.copy(), kwargs, firstresult)
  File "C:\Users\Administrator\AppData\Local\Programs\Python\Python314\Lib\site-packages\pluggy\_manager.py", line 120, in _hookexec
    return self._inner_hookexec(hook_name, methods, kwargs, firstresult)
  File "C:\Users\Administrator\AppData\Local\Programs\Python\Python314\Lib\site-packages\pluggy\_callers.py", line 121, in _multicall
    res = hook_impl.function(*args)
  File "C:\Users\Administrator\AppData\Local\Programs\Python\Python314\Lib\site-packages\_pytest\runner.py", line 184, in pytest_runtest_call
    item.runtest()
  File "C:\Users\Administrator\AppData\Local\Programs\Python\Python314\Lib\site-packages\pytest_asyncio\plugin.py", line 569, in runtest
    super().runtest()
  File "C:\Users\Administrator\AppData\Local\Programs\Python\Python314\Lib\site-packages\_pytest\python.py", line 1707, in runtest
    self.ihook.pytest_pyfunc_call(pyfuncitem=self)
  File "C:\Users\Administrator\AppData\Local\Programs\Python\Python314\Lib\site-packages\pluggy\_hooks.py", line 512, in __call__
    return self._hookexec(self.name, self._hookimpls.copy(), kwargs, firstresult)
  File "C:\Users\Administrator\AppData\Local\Programs\Python\Python314\Lib\site-packages\pluggy\_manager.py", line 120, in _hookexec
    return self._inner_hookexec(hook_name, methods, kwargs, firstresult)
  File "C:\Users\Administrator\AppData\Local\Programs\Python\Python314\Lib\site-packages\pluggy\_callers.py", line 121, in _multicall
    res = hook_impl.function(*args)
  File "C:\Users\Administrator\AppData\Local\Programs\Python\Python314\Lib\site-packages\_pytest\python.py", line 167, in pytest_pyfunc_call
    result = testfunction(**testargs)
  File "C:\Users\Administrator\AppData\Local\Programs\Python\Python314\Lib\site-packages\pytest_asyncio\plugin.py", line 905, in inner
    runner.run(coro, context=context)
  File "C:\Users\Administrator\AppData\Local\Programs\Python\Python314\Lib\asyncio\runners.py", line 127, in run
    return self._loop.run_until_complete(task)
  File "C:\Users\Administrator\AppData\Local\Programs\Python\Python314\Lib\asyncio\base_events.py", line 706, in run_until_complete
    self.run_forever()
  File "C:\Users\Administrator\AppData\Local\Programs\Python\Python314\Lib\asyncio\base_events.py", line 677, in run_forever
    self._run_once()
  File "C:\Users\Administrator\AppData\Local\Programs\Python\Python314\Lib\asyncio\base_events.py", line 2057, in _run_once
    handle._run()
  File "C:\Users\Administrator\AppData\Local\Programs\Python\Python314\Lib\asyncio\events.py", line 94, in _run
    self._context.run(self._callback, *self._args)
  File "D:\Project\ASTRA\backend\tests\test_coverage_gap_fill.py", line 500, in test_api_automation_and_users_gaps
    resp = await client.get(
  File "C:\Users\Administrator\AppData\Local\Programs\Python\Python314\Lib\site-packages\httpx\_client.py", line 1768, in get
    return await self.request(
  File "C:\Users\Administrator\AppData\Local\Programs\Python\Python314\Lib\site-packages\httpx\_client.py", line 1540, in request
    return await self.send(request, auth=auth, follow_redirects=follow_redirects)
  File "C:\Users\Administrator\AppData\Local\Programs\Python\Python314\Lib\site-packages\httpx\_client.py", line 1629, in send
    response = await self._send_handling_auth(
  File "C:\Users\Administrator\AppData\Local\Programs\Python\Python314\Lib\site-packages\httpx\_client.py", line 1657, in _send_handling_auth
    response = await self._send_handling_redirects(
  File "C:\Users\Administrator\AppData\Local\Programs\Python\Python314\Lib\site-packages\httpx\_client.py", line 1694, in _send_handling_redirects
    response = await self._send_single_request(request)
  File "C:\Users\Administrator\AppData\Local\Programs\Python\Python314\Lib\site-packages\httpx\_client.py", line 1740, in _send_single_request
    logger.info(
Message: 'HTTP Request: %s %s "%s %d %s"'
Arguments: ('GET', URL('http://test/api/v1/evidence/c9ff30da-5f31-405e-bb19-769f8d599a26'), 'HTTP/1.1', 404, 'Not Found')
--- Logging error ---
Traceback (most recent call last):
  File "C:\Users\Administrator\AppData\Local\Programs\Python\Python314\Lib\logging\__init__.py", line 1151, in emit
    msg = self.format(record)
  File "C:\Users\Administrator\AppData\Local\Programs\Python\Python314\Lib\logging\__init__.py", line 999, in format
    return fmt.format(record)
           ~~~~~~~~~~^^^^^^^^
  File "C:\Users\Administrator\AppData\Local\Programs\Python\Python314\Lib\site-packages\pythonjsonlogger\jsonlogger.py", line 243, in format
    self.add_fields(log_record, record, message_dict)
    ~~~~~~~~~~~~~~~^^^^^^^^^^^^^^^^^^^^^^^^^^^^^^^^^^
  File "C:\Users\Administrator\AppData\Local\Programs\Python\Python314\Lib\site-packages\pythonjsonlogger\jsonlogger.py", line 191, in add_fields
    self._perform_rename_log_fields(log_record)
    ~~~~~~~~~~~~~~~~~~~~~~~~~~~~~~~^^^^^^^^^^^^
  File "C:\Users\Administrator\AppData\Local\Programs\Python\Python314\Lib\site-packages\pythonjsonlogger\jsonlogger.py", line 195, in _perform_rename_log_fields
    log_record[new_field_name] = log_record[old_field_name]
                                 ~~~~~~~~~~^^^^^^^^^^^^^^^^
KeyError: 'levelname'
Call stack:
  File "<frozen runpy>", line 203, in _run_module_as_main
  File "<frozen runpy>", line 88, in _run_code
  File "C:\Users\Administrator\AppData\Local\Programs\Python\Python314\Scripts\pytest.exe\__main__.py", line 5, in <module>
    sys.exit(_console_main())
  File "C:\Users\Administrator\AppData\Local\Programs\Python\Python314\Lib\site-packages\_pytest\config\__init__.py", line 253, in _console_main
    code = _main(prog=_get_prog_name(sys.argv))
  File "C:\Users\Administrator\AppData\Local\Programs\Python\Python314\Lib\site-packages\_pytest\config\__init__.py", line 229, in _main
    ret: ExitCode | int = config.hook.pytest_cmdline_main(config=config)
  File "C:\Users\Administrator\AppData\Local\Programs\Python\Python314\Lib\site-packages\pluggy\_hooks.py", line 512, in __call__
    return self._hookexec(self.name, self._hookimpls.copy(), kwargs, firstresult)
  File "C:\Users\Administrator\AppData\Local\Programs\Python\Python314\Lib\site-packages\pluggy\_manager.py", line 120, in _hookexec
    return self._inner_hookexec(hook_name, methods, kwargs, firstresult)
  File "C:\Users\Administrator\AppData\Local\Programs\Python\Python314\Lib\site-packages\pluggy\_callers.py", line 121, in _multicall
    res = hook_impl.function(*args)
  File "C:\Users\Administrator\AppData\Local\Programs\Python\Python314\Lib\site-packages\_pytest\main.py", line 377, in pytest_cmdline_main
    return wrap_session(config, _main)
  File "C:\Users\Administrator\AppData\Local\Programs\Python\Python314\Lib\site-packages\_pytest\main.py", line 330, in wrap_session
    session.exitstatus = doit(config, session) or 0
  File "C:\Users\Administrator\AppData\Local\Programs\Python\Python314\Lib\site-packages\_pytest\main.py", line 384, in _main
    config.hook.pytest_runtestloop(session=session)
  File "C:\Users\Administrator\AppData\Local\Programs\Python\Python314\Lib\site-packages\pluggy\_hooks.py", line 512, in __call__
    return self._hookexec(self.name, self._hookimpls.copy(), kwargs, firstresult)
  File "C:\Users\Administrator\AppData\Local\Programs\Python\Python314\Lib\site-packages\pluggy\_manager.py", line 120, in _hookexec
    return self._inner_hookexec(hook_name, methods, kwargs, firstresult)
  File "C:\Users\Administrator\AppData\Local\Programs\Python\Python314\Lib\site-packages\pluggy\_callers.py", line 121, in _multicall
    res = hook_impl.function(*args)
  File "C:\Users\Administrator\AppData\Local\Programs\Python\Python314\Lib\site-packages\_pytest\main.py", line 408, in pytest_runtestloop
    item.config.hook.pytest_runtest_protocol(item=item, nextitem=nextitem)
  File "C:\Users\Administrator\AppData\Local\Programs\Python\Python314\Lib\site-packages\pluggy\_hooks.py", line 512, in __call__
    return self._hookexec(self.name, self._hookimpls.copy(), kwargs, firstresult)
  File "C:\Users\Administrator\AppData\Local\Programs\Python\Python314\Lib\site-packages\pluggy\_manager.py", line 120, in _hookexec
    return self._inner_hookexec(hook_name, methods, kwargs, firstresult)
  File "C:\Users\Administrator\AppData\Local\Programs\Python\Python314\Lib\site-packages\pluggy\_callers.py", line 121, in _multicall
    res = hook_impl.function(*args)
  File "C:\Users\Administrator\AppData\Local\Programs\Python\Python314\Lib\site-packages\_pytest\runner.py", line 118, in pytest_runtest_protocol
    runtestprotocol(item, nextitem=nextitem)
  File "C:\Users\Administrator\AppData\Local\Programs\Python\Python314\Lib\site-packages\_pytest\runner.py", line 139, in runtestprotocol
    reports.append(call_and_report(item, "call", log))
  File "C:\Users\Administrator\AppData\Local\Programs\Python\Python314\Lib\site-packages\_pytest\runner.py", line 249, in call_and_report
    call = CallInfo.from_call(
  File "C:\Users\Administrator\AppData\Local\Programs\Python\Python314\Lib\site-packages\_pytest\runner.py", line 361, in from_call
    result: TResult | None = func()
  File "C:\Users\Administrator\AppData\Local\Programs\Python\Python314\Lib\site-packages\_pytest\runner.py", line 250, in <lambda>
    lambda: runtest_hook(item=item, **kwds),
  File "C:\Users\Administrator\AppData\Local\Programs\Python\Python314\Lib\site-packages\pluggy\_hooks.py", line 512, in __call__
    return self._hookexec(self.name, self._hookimpls.copy(), kwargs, firstresult)
  File "C:\Users\Administrator\AppData\Local\Programs\Python\Python314\Lib\site-packages\pluggy\_manager.py", line 120, in _hookexec
    return self._inner_hookexec(hook_name, methods, kwargs, firstresult)
  File "C:\Users\Administrator\AppData\Local\Programs\Python\Python314\Lib\site-packages\pluggy\_callers.py", line 121, in _multicall
    res = hook_impl.function(*args)
  File "C:\Users\Administrator\AppData\Local\Programs\Python\Python314\Lib\site-packages\_pytest\runner.py", line 184, in pytest_runtest_call
    item.runtest()
  File "C:\Users\Administrator\AppData\Local\Programs\Python\Python314\Lib\site-packages\pytest_asyncio\plugin.py", line 569, in runtest
    super().runtest()
  File "C:\Users\Administrator\AppData\Local\Programs\Python\Python314\Lib\site-packages\_pytest\python.py", line 1707, in runtest
    self.ihook.pytest_pyfunc_call(pyfuncitem=self)
  File "C:\Users\Administrator\AppData\Local\Programs\Python\Python314\Lib\site-packages\pluggy\_hooks.py", line 512, in __call__
    return self._hookexec(self.name, self._hookimpls.copy(), kwargs, firstresult)
  File "C:\Users\Administrator\AppData\Local\Programs\Python\Python314\Lib\site-packages\pluggy\_manager.py", line 120, in _hookexec
    return self._inner_hookexec(hook_name, methods, kwargs, firstresult)
  File "C:\Users\Administrator\AppData\Local\Programs\Python\Python314\Lib\site-packages\pluggy\_callers.py", line 121, in _multicall
    res = hook_impl.function(*args)
  File "C:\Users\Administrator\AppData\Local\Programs\Python\Python314\Lib\site-packages\_pytest\python.py", line 167, in pytest_pyfunc_call
    result = testfunction(**testargs)
  File "C:\Users\Administrator\AppData\Local\Programs\Python\Python314\Lib\site-packages\pytest_asyncio\plugin.py", line 905, in inner
    runner.run(coro, context=context)
  File "C:\Users\Administrator\AppData\Local\Programs\Python\Python314\Lib\asyncio\runners.py", line 127, in run
    return self._loop.run_until_complete(task)
  File "C:\Users\Administrator\AppData\Local\Programs\Python\Python314\Lib\asyncio\base_events.py", line 706, in run_until_complete
    self.run_forever()
  File "C:\Users\Administrator\AppData\Local\Programs\Python\Python314\Lib\asyncio\base_events.py", line 677, in run_forever
    self._run_once()
  File "C:\Users\Administrator\AppData\Local\Programs\Python\Python314\Lib\asyncio\base_events.py", line 2057, in _run_once
    handle._run()
  File "C:\Users\Administrator\AppData\Local\Programs\Python\Python314\Lib\asyncio\events.py", line 94, in _run
    self._context.run(self._callback, *self._args)
  File "D:\Project\ASTRA\backend\tests\test_coverage_gap_fill.py", line 507, in test_api_automation_and_users_gaps
    resp = await client.put(
  File "C:\Users\Administrator\AppData\Local\Programs\Python\Python314\Lib\site-packages\httpx\_client.py", line 1896, in put
    return await self.request(
  File "C:\Users\Administrator\AppData\Local\Programs\Python\Python314\Lib\site-packages\httpx\_client.py", line 1540, in request
    return await self.send(request, auth=auth, follow_redirects=follow_redirects)
  File "C:\Users\Administrator\AppData\Local\Programs\Python\Python314\Lib\site-packages\httpx\_client.py", line 1629, in send
    response = await self._send_handling_auth(
  File "C:\Users\Administrator\AppData\Local\Programs\Python\Python314\Lib\site-packages\httpx\_client.py", line 1657, in _send_handling_auth
    response = await self._send_handling_redirects(
  File "C:\Users\Administrator\AppData\Local\Programs\Python\Python314\Lib\site-packages\httpx\_client.py", line 1694, in _send_handling_redirects
    response = await self._send_single_request(request)
  File "C:\Users\Administrator\AppData\Local\Programs\Python\Python314\Lib\site-packages\httpx\_client.py", line 1740, in _send_single_request
    logger.info(
Message: 'HTTP Request: %s %s "%s %d %s"'
Arguments: ('PUT', URL('http://test/api/v1/observations/e382f69a-0b80-448a-9efa-af84f0a69c94'), 'HTTP/1.1', 404, 'Not Found')
------------------------------ Captured log call ------------------------------
INFO     httpx:_client.py:1740 HTTP Request: GET http://test/api/v1/automation/history "HTTP/1.1 200 OK"
INFO     httpx:_client.py:1740 HTTP Request: GET http://test/api/v1/automation/b8721d37-f494-4f04-8da8-659051395d76 "HTTP/1.1 404 Not Found"
INFO     httpx:_client.py:1740 HTTP Request: GET http://test/api/v1/automation "HTTP/1.1 200 OK"
INFO     httpx:_client.py:1740 HTTP Request: POST http://test/api/v1/users "HTTP/1.1 400 Bad Request"
INFO     httpx:_client.py:1740 HTTP Request: GET http://test/api/v1/users/b37401a4-ac00-4732-9408-f5036cc78d62 "HTTP/1.1 404 Not Found"
INFO     httpx:_client.py:1740 HTTP Request: PUT http://test/api/v1/users/83301ae6-3b12-4373-a027-3c376b2efe30 "HTTP/1.1 404 Not Found"
INFO     httpx:_client.py:1740 HTTP Request: PUT http://test/api/v1/users/4c7b3fe1-14ea-4106-b644-dc4f6baa84ea "HTTP/1.1 400 Bad Request"
INFO     httpx:_client.py:1740 HTTP Request: PUT http://test/api/v1/users/4c7b3fe1-14ea-4106-b644-dc4f6baa84ea "HTTP/1.1 400 Bad Request"
INFO     httpx:_client.py:1740 HTTP Request: PATCH http://test/api/v1/users/ed7fd047-1088-4e38-9fd7-99565889a366/role "HTTP/1.1 404 Not Found"
INFO     root:audit.py:47 metric
INFO     httpx:_client.py:1740 HTTP Request: GET http://test/api/v1/audit/305f9633-b2cf-4836-b2d6-b92bd874b0ce?entity_type=user "HTTP/1.1 200 OK"
INFO     httpx:_client.py:1740 HTTP Request: GET http://test/api/v1/correlations/rules/df071af0-80ae-4aa7-aded-d949e0d0ff30 "HTTP/1.1 404 Not Found"
INFO     httpx:_client.py:1740 HTTP Request: GET http://test/api/v1/evidence/c9ff30da-5f31-405e-bb19-769f8d599a26 "HTTP/1.1 404 Not Found"
INFO     httpx:_client.py:1740 HTTP Request: PUT http://test/api/v1/observations/e382f69a-0b80-448a-9efa-af84f0a69c94 "HTTP/1.1 404 Not Found"
============================== warnings summary ===============================
C:\Users\Administrator\AppData\Local\Programs\Python\Python314\Lib\site-packages\fastapi\testclient.py:1
  C:\Users\Administrator\AppData\Local\Programs\Python\Python314\Lib\site-packages\fastapi\testclient.py:1: StarletteDeprecationWarning: Using `httpx` with `starlette.testclient` is deprecated; install `httpx2` instead.
    from starlette.testclient import TestClient as TestClient  # noqa

-- Docs: https://docs.pytest.org/en/stable/how-to/capture-warnings.html
=============================== tests coverage ================================
_______________ coverage: platform win32, python 3.14.5-final-0 _______________

Name                                      Stmts   Miss  Cover   Missing
-----------------------------------------------------------------------
app\__init__.py                               0      0   100%
app\core\__init__.py                          0      0   100%
app\core\versioning.py                       26      3    88%   41, 48-49
app\main.py                                  44      0   100%
app\parsers\__init__.py                       0      0   100%
app\parsers\base\__init__.py                  0      0   100%
app\parsers\base\base_parser.py              22      0   100%
app\parsers\base\transformer_config.py       58      0   100%
app\parsers\batch\__init__.py                 4      0   100%
app\parsers\batch\batch_processor.py         48      0   100%
app\parsers\batch\batch_result.py            26      0   100%
app\parsers\batch\exceptions.py               8      0   100%
app\parsers\fallback\__init__.py              4      0   100%
app\parsers\fallback\exceptions.py            8      0   100%
app\parsers\fallback\fallback_event.py        6      0   100%
app\parsers\fallback\fallback_mapper.py      45      0   100%
app\parsers\firewall\__init__.py              4      0   100%
app\parsers\firewall\config.py                3      0   100%
app\parsers\firewall\firewall_parser.py      87      0   100%
app\parsers\firewall\mappings.py              4      0   100%
app\parsers\registry\__init__.py              3      0   100%
app\parsers\registry\exceptions.py            8      0   100%
app\parsers\registry\registry.py             68      0   100%
app\parsers\vpn\__init__.py                   4      0   100%
app\parsers\vpn\config.py                     3      0   100%
app\parsers\vpn\mappings.py                   4      0   100%
app\parsers\vpn\vpn_parser.py                68      0   100%
app\parsers\windows\__init__.py               4      0   100%
app\parsers\windows\config.py                 3      0   100%
app\parsers\windows\mappings.py               4      0   100%
app\parsers\windows\windows_parser.py        75      0   100%
app\schemas\__init__.py                       0      0   100%
app\schemas\ces.py                          114      1    99%   134
app\schemas\parser.py                         5      0   100%
app\transformers\__init__.py                  0      0   100%
app\transformers\base.py                     20      0   100%
app\transformers\exceptions.py                9      0   100%
models\__init__.py                            9      0   100%
models\automation.py                         45      0   100%
models\case.py                               73      0   100%
models\correlation.py                        29      0   100%
models\evidence.py                           37      0   100%
models\mixins.py                              8      0   100%
models\observation.py                        31      0   100%
models\policy.py                             31      0   100%
models\report.py                             40      0   100%
models\user.py                               20      0   100%
repositories\automation.py                   49      9    82%   27-36, 90-92
repositories\case.py                         82      0   100%
repositories\case_assignment.py              18      8    56%   20-28, 31-37
repositories\case_timeline.py                23     12    48%   25-34, 42-50
repositories\evidence.py                     52      5    90%   20-21, 28-30
repositories\observation.py                  56     24    57%   15-23, 30-31, 34-37, 53, 56-66, 69
repositories\policy.py                       52      2    96%   60-61
repositories\report.py                       40      3    92%   55-57
services\audit_engine.py                     29     11    62%   30-67
services\automation.py                       15      4    73%   18-28
services\case.py                            110      0   100%
services\case_state_machine.py               17      0   100%
services\case_timeline.py                    20      0   100%
services\correlation.py                      78      0   100%
services\observation.py                      46      0   100%
services\policy_engine.py                    49      3    94%   74-85
services\report.py                           61      0   100%
-----------------------------------------------------------------------
TOTAL                                      1909     85    96%
=========================== short test summary info ===========================
FAILED tests/api/test_automation.py::test_create_automation_request_admin - s...
FAILED tests/api/test_automation.py::test_automation_worker_processing - sqla...
FAILED tests/api/test_automation.py::test_performance_no_blocking - sqlalchem...
FAILED tests/api/test_cases.py::test_create_case - assert 403 == 201
FAILED tests/api/test_cases.py::test_list_cases - assert 403 == 200
FAILED tests/api/test_cases.py::test_get_case - assert 403 == 200
FAILED tests/api/test_cases.py::test_update_case - assert 403 == 200
FAILED tests/api/test_cases.py::test_assign_case - assert 403 == 200
FAILED tests/api/test_cases.py::test_assign_case_soc_restriction - assert 403...
FAILED tests/api/test_cases.py::test_change_status - assert 403 == 200
FAILED tests/api/test_cases.py::test_get_timeline - assert 403 == 200
FAILED tests/crud/test_evidence.py::test_create_and_get_evidence - sqlalchemy...
FAILED tests/crud/test_evidence.py::test_evidence_pagination - sqlalchemy.exc...
FAILED tests/crud/test_policy.py::test_record_evaluation - sqlalchemy.exc.Int...
FAILED tests/services/test_audit_engine.py::test_decision_provenance - sqlalc...
FAILED tests/services/test_policy_engine.py::test_policy_engine_no_match - sq...
FAILED tests/services/test_policy_engine.py::test_policy_engine_match_risk - ...
FAILED tests/services/test_policy_engine.py::test_policy_engine_priority - sq...
FAILED tests/services/test_policy_engine.py::test_policy_engine_conflict_resolution
FAILED tests/services/test_policy_engine.py::test_policy_engine_performance_10k
FAILED tests/test_coverage_gap_fill.py::test_api_automation_and_users_gaps - ...
ERROR tests/api/test_cases.py::test_evidence_linking - sqlalchemy.exc.Integri...
ERROR tests/api/test_observations.py::test_get_observations - sqlalchemy.exc....
ERROR tests/api/test_observations.py::test_get_observations_filters - sqlalch...
ERROR tests/api/test_observations.py::test_get_observation_by_id - sqlalchemy...
ERROR tests/api/test_observations.py::test_update_observation_status_admin - ...
ERROR tests/api/test_observations.py::test_update_observation_status_soc_denied
======= 21 failed, 318 passed, 1 warning, 6 errors in 62.57s (0:01:02) ========
